ARM GAS  C:\Users\ikui753\AppData\Local\Temp\ccZtfbce.s 			page 1


   1              		.syntax unified
   2              		.cpu cortex-m3
   3              		.fpu softvfp
   4              		.eabi_attribute 20, 1
   5              		.eabi_attribute 21, 1
   6              		.eabi_attribute 23, 3
   7              		.eabi_attribute 24, 1
   8              		.eabi_attribute 25, 1
   9              		.eabi_attribute 26, 1
  10              		.eabi_attribute 30, 6
  11              		.eabi_attribute 34, 1
  12              		.eabi_attribute 18, 4
  13              		.thumb
  14              		.syntax unified
  15              		.file	"Cm3Start.c"
  16              		.text
  17              	.Ltext0:
  18              		.cfi_sections	.debug_frame
  19              		.section	.noinit,"aw",%progbits
  20              		.align	2
  21              		.type	cySysNoInitDataValid, %object
  22              		.size	cySysNoInitDataValid, 4
  23              	cySysNoInitDataValid:
  24 0000 00000000 		.space	4
  25              		.global	CyRamVectors
  26              		.section	.ramvectors,"aw",%progbits
  27              		.align	8
  28              		.type	CyRamVectors, %object
  29              		.size	CyRamVectors, 192
  30              	CyRamVectors:
  31 0000 00000000 		.space	192
  31      00000000 
  31      00000000 
  31      00000000 
  31      00000000 
  32              		.section	.text.IntDefaultHandler,"ax",%progbits
  33              		.align	2
  34              		.global	IntDefaultHandler
  35              		.thumb
  36              		.thumb_func
  37              		.type	IntDefaultHandler, %function
  38              	IntDefaultHandler:
  39              	.LFB0:
  40              		.file 1 "Generated_Source\\PSoC5\\Cm3Start.c"
   1:Generated_Source\PSoC5/Cm3Start.c **** /***************************************************************************//**
   2:Generated_Source\PSoC5/Cm3Start.c **** * \file Cm3Start.c
   3:Generated_Source\PSoC5/Cm3Start.c **** * \version 5.82
   4:Generated_Source\PSoC5/Cm3Start.c **** *
   5:Generated_Source\PSoC5/Cm3Start.c **** *  \brief
   6:Generated_Source\PSoC5/Cm3Start.c **** *  Startup code for the ARM CM3.
   7:Generated_Source\PSoC5/Cm3Start.c **** *
   8:Generated_Source\PSoC5/Cm3Start.c **** ********************************************************************************
   9:Generated_Source\PSoC5/Cm3Start.c **** * \copyright
  10:Generated_Source\PSoC5/Cm3Start.c **** * Copyright 2008-2021, Cypress Semiconductor Corporation. All rights reserved.
  11:Generated_Source\PSoC5/Cm3Start.c **** * You may use this file only in accordance with the license, terms, conditions,
  12:Generated_Source\PSoC5/Cm3Start.c **** * disclaimers, and limitations in the end user license agreement accompanying
  13:Generated_Source\PSoC5/Cm3Start.c **** * the software package with which this file was provided.
ARM GAS  C:\Users\ikui753\AppData\Local\Temp\ccZtfbce.s 			page 2


  14:Generated_Source\PSoC5/Cm3Start.c **** *******************************************************************************/
  15:Generated_Source\PSoC5/Cm3Start.c **** 
  16:Generated_Source\PSoC5/Cm3Start.c **** #include <limits.h>
  17:Generated_Source\PSoC5/Cm3Start.c **** #include "cydevice_trm.h"
  18:Generated_Source\PSoC5/Cm3Start.c **** #include "cytypes.h"
  19:Generated_Source\PSoC5/Cm3Start.c **** #include "cyfitter_cfg.h"
  20:Generated_Source\PSoC5/Cm3Start.c **** #include "CyLib.h"
  21:Generated_Source\PSoC5/Cm3Start.c **** #include "CyDmac.h"
  22:Generated_Source\PSoC5/Cm3Start.c **** #include "cyfitter.h"
  23:Generated_Source\PSoC5/Cm3Start.c **** 
  24:Generated_Source\PSoC5/Cm3Start.c **** 
  25:Generated_Source\PSoC5/Cm3Start.c **** #define CY_NUM_INTERRUPTS           (32u)
  26:Generated_Source\PSoC5/Cm3Start.c **** #define CY_NUM_VECTORS              (CYINT_IRQ_BASE + CY_NUM_INTERRUPTS)
  27:Generated_Source\PSoC5/Cm3Start.c **** #define CY_NUM_ROM_VECTORS          (4u)
  28:Generated_Source\PSoC5/Cm3Start.c **** #define CY_NVIC_APINT_PTR           ((reg32 *) CYREG_NVIC_APPLN_INTR)
  29:Generated_Source\PSoC5/Cm3Start.c **** #define CY_NVIC_CFG_CTRL_PTR        ((reg32 *) CYREG_NVIC_CFG_CONTROL)
  30:Generated_Source\PSoC5/Cm3Start.c **** #define CY_NVIC_APINT_PRIGROUP_3_5  (0x00000400u)  /* Priority group 3.5 split */
  31:Generated_Source\PSoC5/Cm3Start.c **** #define CY_NVIC_APINT_VECTKEY       (0x05FA0000u)  /* This key is required in order to write the NV
  32:Generated_Source\PSoC5/Cm3Start.c **** #define CY_NVIC_CFG_STACKALIGN      (0x00000200u)  /* This specifies that the exception stack must 
  33:Generated_Source\PSoC5/Cm3Start.c **** 
  34:Generated_Source\PSoC5/Cm3Start.c **** #if defined(__ARMCC_VERSION)
  35:Generated_Source\PSoC5/Cm3Start.c ****     #define INITIAL_STACK_POINTER ((cyisraddress)(uint32)&Image$$ARM_LIB_STACK$$ZI$$Limit)
  36:Generated_Source\PSoC5/Cm3Start.c **** #elif defined (__GNUC__)
  37:Generated_Source\PSoC5/Cm3Start.c ****     #define INITIAL_STACK_POINTER (&__cy_stack)
  38:Generated_Source\PSoC5/Cm3Start.c **** #elif defined (__ICCARM__)
  39:Generated_Source\PSoC5/Cm3Start.c ****     #pragma language=extended
  40:Generated_Source\PSoC5/Cm3Start.c ****     #pragma segment="CSTACK"
  41:Generated_Source\PSoC5/Cm3Start.c ****     #define INITIAL_STACK_POINTER  { .__ptr = __sfe( "CSTACK" ) }
  42:Generated_Source\PSoC5/Cm3Start.c **** 
  43:Generated_Source\PSoC5/Cm3Start.c ****     extern void __iar_program_start( void );
  44:Generated_Source\PSoC5/Cm3Start.c ****     extern void __iar_data_init3 (void);
  45:Generated_Source\PSoC5/Cm3Start.c **** #endif  /* (__ARMCC_VERSION) */
  46:Generated_Source\PSoC5/Cm3Start.c **** 
  47:Generated_Source\PSoC5/Cm3Start.c **** #if defined(__GNUC__)
  48:Generated_Source\PSoC5/Cm3Start.c ****     #include <errno.h>
  49:Generated_Source\PSoC5/Cm3Start.c ****     extern int  end;
  50:Generated_Source\PSoC5/Cm3Start.c **** #endif  /* defined(__GNUC__) */
  51:Generated_Source\PSoC5/Cm3Start.c **** 
  52:Generated_Source\PSoC5/Cm3Start.c **** /* Extern functions */
  53:Generated_Source\PSoC5/Cm3Start.c **** extern void CyBtldr_CheckLaunch(void);
  54:Generated_Source\PSoC5/Cm3Start.c **** 
  55:Generated_Source\PSoC5/Cm3Start.c **** /* Function prototypes */
  56:Generated_Source\PSoC5/Cm3Start.c **** void initialize_psoc(void);
  57:Generated_Source\PSoC5/Cm3Start.c **** CY_ISR(IntDefaultHandler);
  58:Generated_Source\PSoC5/Cm3Start.c **** void Reset(void);
  59:Generated_Source\PSoC5/Cm3Start.c **** 
  60:Generated_Source\PSoC5/Cm3Start.c **** /* Global variables */
  61:Generated_Source\PSoC5/Cm3Start.c **** #if !defined (__ICCARM__)
  62:Generated_Source\PSoC5/Cm3Start.c ****     CY_NOINIT static uint32 cySysNoInitDataValid;
  63:Generated_Source\PSoC5/Cm3Start.c **** #endif  /* !defined (__ICCARM__) */
  64:Generated_Source\PSoC5/Cm3Start.c **** 
  65:Generated_Source\PSoC5/Cm3Start.c **** 
  66:Generated_Source\PSoC5/Cm3Start.c **** /*******************************************************************************
  67:Generated_Source\PSoC5/Cm3Start.c **** * Default Ram Interrupt Vector table storage area. Must be 256-byte aligned.
  68:Generated_Source\PSoC5/Cm3Start.c **** *******************************************************************************/
  69:Generated_Source\PSoC5/Cm3Start.c **** #if defined (__ICCARM__)
  70:Generated_Source\PSoC5/Cm3Start.c ****     #pragma location=".ramvectors"
ARM GAS  C:\Users\ikui753\AppData\Local\Temp\ccZtfbce.s 			page 3


  71:Generated_Source\PSoC5/Cm3Start.c ****     #pragma data_alignment=256
  72:Generated_Source\PSoC5/Cm3Start.c **** #else
  73:Generated_Source\PSoC5/Cm3Start.c ****     CY_SECTION(".ramvectors")
  74:Generated_Source\PSoC5/Cm3Start.c ****     CY_ALIGN(256)
  75:Generated_Source\PSoC5/Cm3Start.c **** #endif  /* defined (__ICCARM__) */
  76:Generated_Source\PSoC5/Cm3Start.c **** cyisraddress CyRamVectors[CY_NUM_VECTORS];
  77:Generated_Source\PSoC5/Cm3Start.c **** 
  78:Generated_Source\PSoC5/Cm3Start.c **** 
  79:Generated_Source\PSoC5/Cm3Start.c **** /*******************************************************************************
  80:Generated_Source\PSoC5/Cm3Start.c **** * Function Name: IntDefaultHandler
  81:Generated_Source\PSoC5/Cm3Start.c **** ****************************************************************************//**
  82:Generated_Source\PSoC5/Cm3Start.c **** *
  83:Generated_Source\PSoC5/Cm3Start.c **** *  This function is called for all interrupts, other than a reset that gets
  84:Generated_Source\PSoC5/Cm3Start.c **** *  called before the system is setup.
  85:Generated_Source\PSoC5/Cm3Start.c **** *
  86:Generated_Source\PSoC5/Cm3Start.c **** * Theory:
  87:Generated_Source\PSoC5/Cm3Start.c **** *  Any value other than zero is acceptable.
  88:Generated_Source\PSoC5/Cm3Start.c **** *
  89:Generated_Source\PSoC5/Cm3Start.c **** *******************************************************************************/
  90:Generated_Source\PSoC5/Cm3Start.c **** CY_ISR(IntDefaultHandler)
  91:Generated_Source\PSoC5/Cm3Start.c **** {
  41              		.loc 1 91 0
  42              		.cfi_startproc
  43              		@ args = 0, pretend = 0, frame = 0
  44              		@ frame_needed = 1, uses_anonymous_args = 0
  45 0000 80B5     		push	{r7, lr}
  46              		.cfi_def_cfa_offset 8
  47              		.cfi_offset 7, -8
  48              		.cfi_offset 14, -4
  49 0002 00AF     		add	r7, sp, #0
  50              		.cfi_def_cfa_register 7
  92:Generated_Source\PSoC5/Cm3Start.c ****     /***************************************************************************
  93:Generated_Source\PSoC5/Cm3Start.c ****     * We must not get here. If we do, a serious problem occurs, so go into
  94:Generated_Source\PSoC5/Cm3Start.c ****     * an infinite loop.
  95:Generated_Source\PSoC5/Cm3Start.c ****     ***************************************************************************/
  96:Generated_Source\PSoC5/Cm3Start.c **** 
  97:Generated_Source\PSoC5/Cm3Start.c ****     #if defined(__GNUC__)
  98:Generated_Source\PSoC5/Cm3Start.c ****         if (errno == ENOMEM)
  51              		.loc 1 98 0
  52 0004 FFF7FEFF 		bl	__errno
  53 0008 0346     		mov	r3, r0
  54 000a 1B68     		ldr	r3, [r3]
  55 000c 0C2B     		cmp	r3, #12
  56 000e 00D1     		bne	.L2
  57              	.L3:
  99:Generated_Source\PSoC5/Cm3Start.c ****         {
 100:Generated_Source\PSoC5/Cm3Start.c ****             #ifdef CY_BOOT_INT_DEFAULT_HANDLER_ENOMEM_EXCEPTION_CALLBACK
 101:Generated_Source\PSoC5/Cm3Start.c ****                 CyBoot_IntDefaultHandler_Enomem_Exception_Callback();
 102:Generated_Source\PSoC5/Cm3Start.c ****             #endif /* CY_BOOT_INT_DEFAULT_HANDLER_ENOMEM_EXCEPTION_CALLBACK */
 103:Generated_Source\PSoC5/Cm3Start.c ****             
 104:Generated_Source\PSoC5/Cm3Start.c ****             while(1)
 105:Generated_Source\PSoC5/Cm3Start.c ****             {
 106:Generated_Source\PSoC5/Cm3Start.c ****                 /* Out Of Heap Space
 107:Generated_Source\PSoC5/Cm3Start.c ****                  * This can be increased in the System tab of the Design Wide Resources.
 108:Generated_Source\PSoC5/Cm3Start.c ****                  */
 109:Generated_Source\PSoC5/Cm3Start.c ****             }
  58              		.loc 1 109 0 discriminator 1
ARM GAS  C:\Users\ikui753\AppData\Local\Temp\ccZtfbce.s 			page 4


  59 0010 FEE7     		b	.L3
  60              	.L2:
 110:Generated_Source\PSoC5/Cm3Start.c ****         }
 111:Generated_Source\PSoC5/Cm3Start.c ****         else
 112:Generated_Source\PSoC5/Cm3Start.c ****     #endif
 113:Generated_Source\PSoC5/Cm3Start.c ****         {
 114:Generated_Source\PSoC5/Cm3Start.c ****             #ifdef CY_BOOT_INT_DEFAULT_HANDLER_EXCEPTION_ENTRY_CALLBACK
 115:Generated_Source\PSoC5/Cm3Start.c ****                 CyBoot_IntDefaultHandler_Exception_EntryCallback();
 116:Generated_Source\PSoC5/Cm3Start.c ****             #endif /* CY_BOOT_INT_DEFAULT_HANDLER_EXCEPTION_ENTRY_CALLBACK */
 117:Generated_Source\PSoC5/Cm3Start.c **** 
 118:Generated_Source\PSoC5/Cm3Start.c ****             while(1)
 119:Generated_Source\PSoC5/Cm3Start.c ****             {
 120:Generated_Source\PSoC5/Cm3Start.c **** 
 121:Generated_Source\PSoC5/Cm3Start.c ****             }
  61              		.loc 1 121 0 discriminator 2
  62 0012 FEE7     		b	.L2
  63              		.cfi_endproc
  64              	.LFE0:
  65              		.size	IntDefaultHandler, .-IntDefaultHandler
  66              		.section	.text._exit,"ax",%progbits
  67              		.align	2
  68              		.weak	_exit
  69              		.thumb
  70              		.thumb_func
  71              		.type	_exit, %function
  72              	_exit:
  73              	.LFB1:
 122:Generated_Source\PSoC5/Cm3Start.c ****         }
 123:Generated_Source\PSoC5/Cm3Start.c **** }
 124:Generated_Source\PSoC5/Cm3Start.c **** 
 125:Generated_Source\PSoC5/Cm3Start.c **** 
 126:Generated_Source\PSoC5/Cm3Start.c **** #if defined(__ARMCC_VERSION)
 127:Generated_Source\PSoC5/Cm3Start.c **** 
 128:Generated_Source\PSoC5/Cm3Start.c **** /* Local function for device reset. */
 129:Generated_Source\PSoC5/Cm3Start.c **** extern void Reset(void);
 130:Generated_Source\PSoC5/Cm3Start.c **** 
 131:Generated_Source\PSoC5/Cm3Start.c **** /* Application entry point. */
 132:Generated_Source\PSoC5/Cm3Start.c **** extern void $Super$$main(void);
 133:Generated_Source\PSoC5/Cm3Start.c **** 
 134:Generated_Source\PSoC5/Cm3Start.c **** /* Linker-generated Stack Base addresses, Two Region and One Region */
 135:Generated_Source\PSoC5/Cm3Start.c **** extern uint32 Image$$ARM_LIB_STACK$$ZI$$Limit;
 136:Generated_Source\PSoC5/Cm3Start.c **** 
 137:Generated_Source\PSoC5/Cm3Start.c **** /* RealView C Library initialization. */
 138:Generated_Source\PSoC5/Cm3Start.c **** extern int __main(void);
 139:Generated_Source\PSoC5/Cm3Start.c **** 
 140:Generated_Source\PSoC5/Cm3Start.c **** 
 141:Generated_Source\PSoC5/Cm3Start.c **** /*******************************************************************************
 142:Generated_Source\PSoC5/Cm3Start.c **** * Function Name: Reset
 143:Generated_Source\PSoC5/Cm3Start.c **** ****************************************************************************//**
 144:Generated_Source\PSoC5/Cm3Start.c **** *
 145:Generated_Source\PSoC5/Cm3Start.c **** *  This function handles the reset interrupt for the RVDS/MDK toolchains.
 146:Generated_Source\PSoC5/Cm3Start.c **** *  This is the first bit of code that is executed at startup.
 147:Generated_Source\PSoC5/Cm3Start.c **** *
 148:Generated_Source\PSoC5/Cm3Start.c **** *******************************************************************************/
 149:Generated_Source\PSoC5/Cm3Start.c **** void Reset(void)
 150:Generated_Source\PSoC5/Cm3Start.c **** {
 151:Generated_Source\PSoC5/Cm3Start.c ****     #if(CYDEV_PROJ_TYPE != CYDEV_PROJ_TYPE_LOADABLE && CYDEV_PROJ_TYPE != CYDEV_PROJ_TYPE_LOADABLEA
ARM GAS  C:\Users\ikui753\AppData\Local\Temp\ccZtfbce.s 			page 5


 152:Generated_Source\PSoC5/Cm3Start.c **** 
 153:Generated_Source\PSoC5/Cm3Start.c ****         /* For PSoC 5LP, debugging is enabled by default */
 154:Generated_Source\PSoC5/Cm3Start.c ****         #if(CYDEV_DEBUGGING_ENABLE == 0)
 155:Generated_Source\PSoC5/Cm3Start.c ****             *(reg32 *)(CYDEV_DEBUG_ENABLE_REGISTER) |= CYDEV_DEBUG_ENABLE_MASK;
 156:Generated_Source\PSoC5/Cm3Start.c ****         #endif /* (CYDEV_DEBUGGING_ENABLE) */
 157:Generated_Source\PSoC5/Cm3Start.c **** 
 158:Generated_Source\PSoC5/Cm3Start.c ****         /* Reset Status Register has Read-to-clear SW access mode.
 159:Generated_Source\PSoC5/Cm3Start.c ****         * Preserve current RESET_SR0 state to make it available for next reading.
 160:Generated_Source\PSoC5/Cm3Start.c ****         */
 161:Generated_Source\PSoC5/Cm3Start.c ****         *(reg32 *)(CYREG_PHUB_CFGMEM23_CFG1) = *(reg32 *)(CYREG_RESET_SR0);
 162:Generated_Source\PSoC5/Cm3Start.c **** 
 163:Generated_Source\PSoC5/Cm3Start.c ****     #endif  /* (CYDEV_PROJ_TYPE != CYDEV_PROJ_TYPE_LOADABLE && CYDEV_PROJ_TYPE != CYDEV_PROJ_TYPE_L
 164:Generated_Source\PSoC5/Cm3Start.c **** 
 165:Generated_Source\PSoC5/Cm3Start.c ****     #if ((CYDEV_BOOTLOADER_ENABLE) && (CYDEV_PROJ_TYPE != CYDEV_PROJ_TYPE_LOADABLEANDBOOTLOADER))
 166:Generated_Source\PSoC5/Cm3Start.c ****         CyBtldr_CheckLaunch();
 167:Generated_Source\PSoC5/Cm3Start.c ****     #endif /* ((CYDEV_BOOTLOADER_ENABLE) && (CYDEV_PROJ_TYPE != CYDEV_PROJ_TYPE_LOADABLEANDBOOTLOAD
 168:Generated_Source\PSoC5/Cm3Start.c **** 
 169:Generated_Source\PSoC5/Cm3Start.c ****     __main();
 170:Generated_Source\PSoC5/Cm3Start.c **** }
 171:Generated_Source\PSoC5/Cm3Start.c **** 
 172:Generated_Source\PSoC5/Cm3Start.c **** 
 173:Generated_Source\PSoC5/Cm3Start.c **** /*******************************************************************************
 174:Generated_Source\PSoC5/Cm3Start.c **** * Function Name: $Sub$$main
 175:Generated_Source\PSoC5/Cm3Start.c **** ****************************************************************************//**
 176:Generated_Source\PSoC5/Cm3Start.c **** *
 177:Generated_Source\PSoC5/Cm3Start.c **** *  This function is called immediately before the users main
 178:Generated_Source\PSoC5/Cm3Start.c **** *
 179:Generated_Source\PSoC5/Cm3Start.c **** *******************************************************************************/
 180:Generated_Source\PSoC5/Cm3Start.c **** void $Sub$$main(void)
 181:Generated_Source\PSoC5/Cm3Start.c **** {
 182:Generated_Source\PSoC5/Cm3Start.c ****     initialize_psoc();
 183:Generated_Source\PSoC5/Cm3Start.c **** 
 184:Generated_Source\PSoC5/Cm3Start.c ****     /* Call original main */
 185:Generated_Source\PSoC5/Cm3Start.c ****     $Super$$main();
 186:Generated_Source\PSoC5/Cm3Start.c **** 
 187:Generated_Source\PSoC5/Cm3Start.c ****     while (1)
 188:Generated_Source\PSoC5/Cm3Start.c ****     {
 189:Generated_Source\PSoC5/Cm3Start.c ****         /* If main returns, it is undefined what we should do. */
 190:Generated_Source\PSoC5/Cm3Start.c ****     }
 191:Generated_Source\PSoC5/Cm3Start.c **** }
 192:Generated_Source\PSoC5/Cm3Start.c **** 
 193:Generated_Source\PSoC5/Cm3Start.c **** #elif defined(__GNUC__)
 194:Generated_Source\PSoC5/Cm3Start.c **** 
 195:Generated_Source\PSoC5/Cm3Start.c **** void Start_c(void);
 196:Generated_Source\PSoC5/Cm3Start.c **** 
 197:Generated_Source\PSoC5/Cm3Start.c **** /* Stack Base address */
 198:Generated_Source\PSoC5/Cm3Start.c **** extern void __cy_stack(void);
 199:Generated_Source\PSoC5/Cm3Start.c **** 
 200:Generated_Source\PSoC5/Cm3Start.c **** /* Application entry point. */
 201:Generated_Source\PSoC5/Cm3Start.c **** extern int main(void);
 202:Generated_Source\PSoC5/Cm3Start.c **** 
 203:Generated_Source\PSoC5/Cm3Start.c **** /* Static objects constructors initializer */
 204:Generated_Source\PSoC5/Cm3Start.c **** extern void __libc_init_array(void);
 205:Generated_Source\PSoC5/Cm3Start.c **** 
 206:Generated_Source\PSoC5/Cm3Start.c **** typedef unsigned char __cy_byte_align8 __attribute ((aligned (8)));
 207:Generated_Source\PSoC5/Cm3Start.c **** 
 208:Generated_Source\PSoC5/Cm3Start.c **** struct __cy_region
ARM GAS  C:\Users\ikui753\AppData\Local\Temp\ccZtfbce.s 			page 6


 209:Generated_Source\PSoC5/Cm3Start.c **** {
 210:Generated_Source\PSoC5/Cm3Start.c ****     __cy_byte_align8 *init; /* Initial contents of this region.  */
 211:Generated_Source\PSoC5/Cm3Start.c ****     __cy_byte_align8 *data; /* Start address of region.  */
 212:Generated_Source\PSoC5/Cm3Start.c ****     size_t init_size;       /* Size of initial data.  */
 213:Generated_Source\PSoC5/Cm3Start.c ****     size_t zero_size;       /* Additional size to be zeroed.  */
 214:Generated_Source\PSoC5/Cm3Start.c **** };
 215:Generated_Source\PSoC5/Cm3Start.c **** 
 216:Generated_Source\PSoC5/Cm3Start.c **** extern const struct __cy_region __cy_regions[];
 217:Generated_Source\PSoC5/Cm3Start.c **** extern const char __cy_region_num __attribute__((weak));
 218:Generated_Source\PSoC5/Cm3Start.c **** #define __cy_region_num ((size_t)&__cy_region_num)
 219:Generated_Source\PSoC5/Cm3Start.c **** 
 220:Generated_Source\PSoC5/Cm3Start.c **** 
 221:Generated_Source\PSoC5/Cm3Start.c **** /*******************************************************************************
 222:Generated_Source\PSoC5/Cm3Start.c **** * System Calls of the Red Hat newlib C Library
 223:Generated_Source\PSoC5/Cm3Start.c **** *******************************************************************************/
 224:Generated_Source\PSoC5/Cm3Start.c **** 
 225:Generated_Source\PSoC5/Cm3Start.c **** 
 226:Generated_Source\PSoC5/Cm3Start.c **** /*******************************************************************************
 227:Generated_Source\PSoC5/Cm3Start.c **** * Function Name: _exit
 228:Generated_Source\PSoC5/Cm3Start.c **** ****************************************************************************//**
 229:Generated_Source\PSoC5/Cm3Start.c **** *
 230:Generated_Source\PSoC5/Cm3Start.c **** *  Exit a program without cleaning up files. If your system doesn't provide
 231:Generated_Source\PSoC5/Cm3Start.c **** *  this, it is best to avoid linking with subroutines that require it (exit,
 232:Generated_Source\PSoC5/Cm3Start.c **** *  system).
 233:Generated_Source\PSoC5/Cm3Start.c **** *
 234:Generated_Source\PSoC5/Cm3Start.c **** *  \param status: Status caused program exit.
 235:Generated_Source\PSoC5/Cm3Start.c **** *
 236:Generated_Source\PSoC5/Cm3Start.c **** *******************************************************************************/
 237:Generated_Source\PSoC5/Cm3Start.c **** __attribute__((weak))
 238:Generated_Source\PSoC5/Cm3Start.c **** void _exit(int status)
 239:Generated_Source\PSoC5/Cm3Start.c **** {
  74              		.loc 1 239 0
  75              		.cfi_startproc
  76              		@ args = 0, pretend = 0, frame = 8
  77              		@ frame_needed = 1, uses_anonymous_args = 0
  78 0000 80B5     		push	{r7, lr}
  79              		.cfi_def_cfa_offset 8
  80              		.cfi_offset 7, -8
  81              		.cfi_offset 14, -4
  82 0002 82B0     		sub	sp, sp, #8
  83              		.cfi_def_cfa_offset 16
  84 0004 00AF     		add	r7, sp, #0
  85              		.cfi_def_cfa_register 7
  86 0006 7860     		str	r0, [r7, #4]
 240:Generated_Source\PSoC5/Cm3Start.c ****     CyHalt((uint8) status);
  87              		.loc 1 240 0
  88 0008 7B68     		ldr	r3, [r7, #4]
  89 000a DBB2     		uxtb	r3, r3
  90 000c 1846     		mov	r0, r3
  91 000e FFF7FEFF 		bl	CyHalt
  92              	.L5:
 241:Generated_Source\PSoC5/Cm3Start.c ****     while(1)
 242:Generated_Source\PSoC5/Cm3Start.c ****     {
 243:Generated_Source\PSoC5/Cm3Start.c **** 
 244:Generated_Source\PSoC5/Cm3Start.c ****     }
  93              		.loc 1 244 0 discriminator 1
  94 0012 FEE7     		b	.L5
ARM GAS  C:\Users\ikui753\AppData\Local\Temp\ccZtfbce.s 			page 7


  95              		.cfi_endproc
  96              	.LFE1:
  97              		.size	_exit, .-_exit
  98              		.section	.text._sbrk,"ax",%progbits
  99              		.align	2
 100              		.weak	_sbrk
 101              		.thumb
 102              		.thumb_func
 103              		.type	_sbrk, %function
 104              	_sbrk:
 105              	.LFB2:
 245:Generated_Source\PSoC5/Cm3Start.c **** }
 246:Generated_Source\PSoC5/Cm3Start.c **** 
 247:Generated_Source\PSoC5/Cm3Start.c **** 
 248:Generated_Source\PSoC5/Cm3Start.c **** /*******************************************************************************
 249:Generated_Source\PSoC5/Cm3Start.c **** * Function Name: _sbrk
 250:Generated_Source\PSoC5/Cm3Start.c **** ****************************************************************************//**
 251:Generated_Source\PSoC5/Cm3Start.c **** *
 252:Generated_Source\PSoC5/Cm3Start.c **** *  Increase program data space. As malloc and related functions depend on this,
 253:Generated_Source\PSoC5/Cm3Start.c **** *  it is useful to have a working implementation. The following suffices for a
 254:Generated_Source\PSoC5/Cm3Start.c **** *  standalone system; it exploits the symbol end automatically defined by the
 255:Generated_Source\PSoC5/Cm3Start.c **** *  GNU linker.
 256:Generated_Source\PSoC5/Cm3Start.c **** *
 257:Generated_Source\PSoC5/Cm3Start.c **** *  \param nbytes: The number of bytes requested (if the parameter value is positive)
 258:Generated_Source\PSoC5/Cm3Start.c **** *  from the heap or returned back to the heap (if the parameter value is
 259:Generated_Source\PSoC5/Cm3Start.c **** *  negative).
 260:Generated_Source\PSoC5/Cm3Start.c **** *
 261:Generated_Source\PSoC5/Cm3Start.c **** *******************************************************************************/
 262:Generated_Source\PSoC5/Cm3Start.c **** __attribute__((weak))
 263:Generated_Source\PSoC5/Cm3Start.c **** void * _sbrk (int nbytes)
 264:Generated_Source\PSoC5/Cm3Start.c **** {
 106              		.loc 1 264 0
 107              		.cfi_startproc
 108              		@ args = 0, pretend = 0, frame = 16
 109              		@ frame_needed = 1, uses_anonymous_args = 0
 110 0000 80B5     		push	{r7, lr}
 111              		.cfi_def_cfa_offset 8
 112              		.cfi_offset 7, -8
 113              		.cfi_offset 14, -4
 114 0002 84B0     		sub	sp, sp, #16
 115              		.cfi_def_cfa_offset 24
 116 0004 00AF     		add	r7, sp, #0
 117              		.cfi_def_cfa_register 7
 118 0006 7860     		str	r0, [r7, #4]
 265:Generated_Source\PSoC5/Cm3Start.c ****     extern int  end;            /* Symbol defined by linker map. Start of free memory (as symbol). 
 266:Generated_Source\PSoC5/Cm3Start.c ****     void *      returnValue;
 267:Generated_Source\PSoC5/Cm3Start.c **** 
 268:Generated_Source\PSoC5/Cm3Start.c ****     /* The statically held previous end of the heap, with its initialization. */
 269:Generated_Source\PSoC5/Cm3Start.c ****     static uint8 *heapPointer = (uint8 *) &end;                 /* Previous end */
 270:Generated_Source\PSoC5/Cm3Start.c **** 
 271:Generated_Source\PSoC5/Cm3Start.c ****     if (((heapPointer + nbytes) - (uint8 *) &end) <= CYDEV_HEAP_SIZE)
 119              		.loc 1 271 0
 120 0008 0F4B     		ldr	r3, .L10
 121 000a 1A68     		ldr	r2, [r3]
 122 000c 7B68     		ldr	r3, [r7, #4]
 123 000e 1344     		add	r3, r3, r2
 124 0010 1A46     		mov	r2, r3
ARM GAS  C:\Users\ikui753\AppData\Local\Temp\ccZtfbce.s 			page 8


 125 0012 0E4B     		ldr	r3, .L10+4
 126 0014 D31A     		subs	r3, r2, r3
 127 0016 802B     		cmp	r3, #128
 128 0018 09DC     		bgt	.L7
 272:Generated_Source\PSoC5/Cm3Start.c ****     {
 273:Generated_Source\PSoC5/Cm3Start.c ****         returnValue  = (void *) heapPointer;
 129              		.loc 1 273 0
 130 001a 0B4B     		ldr	r3, .L10
 131 001c 1B68     		ldr	r3, [r3]
 132 001e FB60     		str	r3, [r7, #12]
 274:Generated_Source\PSoC5/Cm3Start.c ****         heapPointer += nbytes;
 133              		.loc 1 274 0
 134 0020 094B     		ldr	r3, .L10
 135 0022 1A68     		ldr	r2, [r3]
 136 0024 7B68     		ldr	r3, [r7, #4]
 137 0026 1344     		add	r3, r3, r2
 138 0028 074A     		ldr	r2, .L10
 139 002a 1360     		str	r3, [r2]
 140 002c 07E0     		b	.L8
 141              	.L7:
 275:Generated_Source\PSoC5/Cm3Start.c ****     }
 276:Generated_Source\PSoC5/Cm3Start.c ****     else
 277:Generated_Source\PSoC5/Cm3Start.c ****     {
 278:Generated_Source\PSoC5/Cm3Start.c ****         errno = ENOMEM;
 142              		.loc 1 278 0
 143 002e FFF7FEFF 		bl	__errno
 144 0032 0246     		mov	r2, r0
 145 0034 0C23     		movs	r3, #12
 146 0036 1360     		str	r3, [r2]
 279:Generated_Source\PSoC5/Cm3Start.c ****         returnValue = (void *) -1;
 147              		.loc 1 279 0
 148 0038 4FF0FF33 		mov	r3, #-1
 149 003c FB60     		str	r3, [r7, #12]
 150              	.L8:
 280:Generated_Source\PSoC5/Cm3Start.c ****     }
 281:Generated_Source\PSoC5/Cm3Start.c **** 
 282:Generated_Source\PSoC5/Cm3Start.c ****     return (returnValue);
 151              		.loc 1 282 0
 152 003e FB68     		ldr	r3, [r7, #12]
 283:Generated_Source\PSoC5/Cm3Start.c **** }
 153              		.loc 1 283 0
 154 0040 1846     		mov	r0, r3
 155 0042 1037     		adds	r7, r7, #16
 156              		.cfi_def_cfa_offset 8
 157 0044 BD46     		mov	sp, r7
 158              		.cfi_def_cfa_register 13
 159              		@ sp needed
 160 0046 80BD     		pop	{r7, pc}
 161              	.L11:
 162              		.align	2
 163              	.L10:
 164 0048 00000000 		.word	heapPointer.4853
 165 004c 00000000 		.word	end
 166              		.cfi_endproc
 167              	.LFE2:
 168              		.size	_sbrk, .-_sbrk
 169              		.section	.text.Reset,"ax",%progbits
ARM GAS  C:\Users\ikui753\AppData\Local\Temp\ccZtfbce.s 			page 9


 170              		.align	2
 171              		.global	Reset
 172              		.thumb
 173              		.thumb_func
 174              		.type	Reset, %function
 175              	Reset:
 176              	.LFB3:
 284:Generated_Source\PSoC5/Cm3Start.c **** 
 285:Generated_Source\PSoC5/Cm3Start.c **** 
 286:Generated_Source\PSoC5/Cm3Start.c **** /*******************************************************************************
 287:Generated_Source\PSoC5/Cm3Start.c **** * Function Name: Reset
 288:Generated_Source\PSoC5/Cm3Start.c **** ****************************************************************************//**
 289:Generated_Source\PSoC5/Cm3Start.c **** *
 290:Generated_Source\PSoC5/Cm3Start.c **** *  This function handles the reset interrupt for the GCC toolchain. This is the
 291:Generated_Source\PSoC5/Cm3Start.c **** *  first bit of code that is executed at startup.
 292:Generated_Source\PSoC5/Cm3Start.c **** *
 293:Generated_Source\PSoC5/Cm3Start.c **** *******************************************************************************/
 294:Generated_Source\PSoC5/Cm3Start.c **** void Reset(void)
 295:Generated_Source\PSoC5/Cm3Start.c **** {
 177              		.loc 1 295 0
 178              		.cfi_startproc
 179              		@ args = 0, pretend = 0, frame = 0
 180              		@ frame_needed = 1, uses_anonymous_args = 0
 181 0000 80B5     		push	{r7, lr}
 182              		.cfi_def_cfa_offset 8
 183              		.cfi_offset 7, -8
 184              		.cfi_offset 14, -4
 185 0002 00AF     		add	r7, sp, #0
 186              		.cfi_def_cfa_register 7
 296:Generated_Source\PSoC5/Cm3Start.c ****     #if(CYDEV_PROJ_TYPE != CYDEV_PROJ_TYPE_LOADABLE && CYDEV_PROJ_TYPE != CYDEV_PROJ_TYPE_LOADABLEA
 297:Generated_Source\PSoC5/Cm3Start.c **** 
 298:Generated_Source\PSoC5/Cm3Start.c ****         /* For PSoC 5LP, debugging is enabled by default */
 299:Generated_Source\PSoC5/Cm3Start.c ****         #if(CYDEV_DEBUGGING_ENABLE == 0)
 300:Generated_Source\PSoC5/Cm3Start.c ****             *(reg32 *)(CYDEV_DEBUG_ENABLE_REGISTER) |= CYDEV_DEBUG_ENABLE_MASK;
 301:Generated_Source\PSoC5/Cm3Start.c ****         #endif /* (CYDEV_DEBUGGING_ENABLE) */
 302:Generated_Source\PSoC5/Cm3Start.c **** 
 303:Generated_Source\PSoC5/Cm3Start.c ****         /* Reset Status Register has Read-to-clear SW access mode.
 304:Generated_Source\PSoC5/Cm3Start.c ****         * Preserve current RESET_SR0 state to make it available for next reading.
 305:Generated_Source\PSoC5/Cm3Start.c ****         */
 306:Generated_Source\PSoC5/Cm3Start.c ****         *(reg32 *)(CYREG_PHUB_CFGMEM23_CFG1) = *(reg32 *)(CYREG_RESET_SR0);
 187              		.loc 1 306 0
 188 0004 024A     		ldr	r2, .L13
 189 0006 034B     		ldr	r3, .L13+4
 190 0008 1B68     		ldr	r3, [r3]
 191 000a 1360     		str	r3, [r2]
 307:Generated_Source\PSoC5/Cm3Start.c **** 
 308:Generated_Source\PSoC5/Cm3Start.c ****     #endif  /* (CYDEV_PROJ_TYPE != CYDEV_PROJ_TYPE_LOADABLE && CYDEV_PROJ_TYPE != CYDEV_PROJ_TYPE_L
 309:Generated_Source\PSoC5/Cm3Start.c **** 
 310:Generated_Source\PSoC5/Cm3Start.c ****     #if ((CYDEV_BOOTLOADER_ENABLE) && (CYDEV_PROJ_TYPE != CYDEV_PROJ_TYPE_LOADABLEANDBOOTLOADER))
 311:Generated_Source\PSoC5/Cm3Start.c ****         CyBtldr_CheckLaunch();
 312:Generated_Source\PSoC5/Cm3Start.c ****     #endif /* ((CYDEV_BOOTLOADER_ENABLE) && (CYDEV_PROJ_TYPE != CYDEV_PROJ_TYPE_LOADABLEANDBOOTLOAD
 313:Generated_Source\PSoC5/Cm3Start.c **** 
 314:Generated_Source\PSoC5/Cm3Start.c ****     Start_c();
 192              		.loc 1 314 0
 193 000c FFF7FEFF 		bl	Start_c
 194              	.L14:
 195              		.align	2
ARM GAS  C:\Users\ikui753\AppData\Local\Temp\ccZtfbce.s 			page 10


 196              	.L13:
 197 0010 BC760040 		.word	1073772220
 198 0014 FA460040 		.word	1073759994
 199              		.cfi_endproc
 200              	.LFE3:
 201              		.size	Reset, .-Reset
 202              		.section	.text.Start_c,"ax",%progbits
 203              		.align	2
 204              		.global	Start_c
 205              		.thumb
 206              		.thumb_func
 207              		.type	Start_c, %function
 208              	Start_c:
 209              	.LFB4:
 315:Generated_Source\PSoC5/Cm3Start.c **** }
 316:Generated_Source\PSoC5/Cm3Start.c **** 
 317:Generated_Source\PSoC5/Cm3Start.c **** 
 318:Generated_Source\PSoC5/Cm3Start.c **** /*******************************************************************************
 319:Generated_Source\PSoC5/Cm3Start.c **** * Function Name: Start_c
 320:Generated_Source\PSoC5/Cm3Start.c **** ****************************************************************************//**
 321:Generated_Source\PSoC5/Cm3Start.c **** *
 322:Generated_Source\PSoC5/Cm3Start.c **** *  This function handles initializing the .data and .bss sections in
 323:Generated_Source\PSoC5/Cm3Start.c **** *  preparation for running the standard C code.  Once initialization is complete
 324:Generated_Source\PSoC5/Cm3Start.c **** *  it will call main(). This function will never return.
 325:Generated_Source\PSoC5/Cm3Start.c **** *
 326:Generated_Source\PSoC5/Cm3Start.c **** *******************************************************************************/
 327:Generated_Source\PSoC5/Cm3Start.c **** void Start_c(void)  __attribute__ ((noreturn));
 328:Generated_Source\PSoC5/Cm3Start.c **** void Start_c(void)
 329:Generated_Source\PSoC5/Cm3Start.c **** {
 210              		.loc 1 329 0
 211              		.cfi_startproc
 212              		@ args = 0, pretend = 0, frame = 24
 213              		@ frame_needed = 1, uses_anonymous_args = 0
 214 0000 80B5     		push	{r7, lr}
 215              		.cfi_def_cfa_offset 8
 216              		.cfi_offset 7, -8
 217              		.cfi_offset 14, -4
 218 0002 86B0     		sub	sp, sp, #24
 219              		.cfi_def_cfa_offset 32
 220 0004 00AF     		add	r7, sp, #0
 221              		.cfi_def_cfa_register 7
 330:Generated_Source\PSoC5/Cm3Start.c ****     unsigned regions = __cy_region_num;
 222              		.loc 1 330 0
 223 0006 224B     		ldr	r3, .L23
 224 0008 7B61     		str	r3, [r7, #20]
 331:Generated_Source\PSoC5/Cm3Start.c ****     const struct __cy_region *rptr = __cy_regions;
 225              		.loc 1 331 0
 226 000a 224B     		ldr	r3, .L23+4
 227 000c 3B61     		str	r3, [r7, #16]
 332:Generated_Source\PSoC5/Cm3Start.c **** 
 333:Generated_Source\PSoC5/Cm3Start.c ****     /* Initialize memory */
 334:Generated_Source\PSoC5/Cm3Start.c ****     for (regions = __cy_region_num; regions != 0u; regions--)
 228              		.loc 1 334 0
 229 000e 204B     		ldr	r3, .L23
 230 0010 7B61     		str	r3, [r7, #20]
 231 0012 35E0     		b	.L16
 232              	.L21:
ARM GAS  C:\Users\ikui753\AppData\Local\Temp\ccZtfbce.s 			page 11


 233              	.LBB2:
 335:Generated_Source\PSoC5/Cm3Start.c ****     {
 336:Generated_Source\PSoC5/Cm3Start.c ****         uint32 *src = (uint32 *)rptr->init;
 234              		.loc 1 336 0
 235 0014 3B69     		ldr	r3, [r7, #16]
 236 0016 1B68     		ldr	r3, [r3]
 237 0018 FB60     		str	r3, [r7, #12]
 337:Generated_Source\PSoC5/Cm3Start.c ****         uint32 *dst = (uint32 *)rptr->data;
 238              		.loc 1 337 0
 239 001a 3B69     		ldr	r3, [r7, #16]
 240 001c 5B68     		ldr	r3, [r3, #4]
 241 001e BB60     		str	r3, [r7, #8]
 338:Generated_Source\PSoC5/Cm3Start.c ****         unsigned limit = rptr->init_size;
 242              		.loc 1 338 0
 243 0020 3B69     		ldr	r3, [r7, #16]
 244 0022 9B68     		ldr	r3, [r3, #8]
 245 0024 3B60     		str	r3, [r7]
 339:Generated_Source\PSoC5/Cm3Start.c ****         unsigned count;
 340:Generated_Source\PSoC5/Cm3Start.c **** 
 341:Generated_Source\PSoC5/Cm3Start.c ****         for (count = 0u; count != limit; count += sizeof (uint32))
 246              		.loc 1 341 0
 247 0026 0023     		movs	r3, #0
 248 0028 7B60     		str	r3, [r7, #4]
 249 002a 0CE0     		b	.L17
 250              	.L18:
 342:Generated_Source\PSoC5/Cm3Start.c ****         {
 343:Generated_Source\PSoC5/Cm3Start.c ****             *dst = *src;
 251              		.loc 1 343 0 discriminator 3
 252 002c FB68     		ldr	r3, [r7, #12]
 253 002e 1A68     		ldr	r2, [r3]
 254 0030 BB68     		ldr	r3, [r7, #8]
 255 0032 1A60     		str	r2, [r3]
 344:Generated_Source\PSoC5/Cm3Start.c ****             dst++;
 256              		.loc 1 344 0 discriminator 3
 257 0034 BB68     		ldr	r3, [r7, #8]
 258 0036 0433     		adds	r3, r3, #4
 259 0038 BB60     		str	r3, [r7, #8]
 345:Generated_Source\PSoC5/Cm3Start.c ****             src++;
 260              		.loc 1 345 0 discriminator 3
 261 003a FB68     		ldr	r3, [r7, #12]
 262 003c 0433     		adds	r3, r3, #4
 263 003e FB60     		str	r3, [r7, #12]
 341:Generated_Source\PSoC5/Cm3Start.c ****         {
 264              		.loc 1 341 0 discriminator 3
 265 0040 7B68     		ldr	r3, [r7, #4]
 266 0042 0433     		adds	r3, r3, #4
 267 0044 7B60     		str	r3, [r7, #4]
 268              	.L17:
 341:Generated_Source\PSoC5/Cm3Start.c ****         {
 269              		.loc 1 341 0 is_stmt 0 discriminator 1
 270 0046 7A68     		ldr	r2, [r7, #4]
 271 0048 3B68     		ldr	r3, [r7]
 272 004a 9A42     		cmp	r2, r3
 273 004c EED1     		bne	.L18
 346:Generated_Source\PSoC5/Cm3Start.c ****         }
 347:Generated_Source\PSoC5/Cm3Start.c ****         limit = rptr->zero_size;
 274              		.loc 1 347 0 is_stmt 1
ARM GAS  C:\Users\ikui753\AppData\Local\Temp\ccZtfbce.s 			page 12


 275 004e 3B69     		ldr	r3, [r7, #16]
 276 0050 DB68     		ldr	r3, [r3, #12]
 277 0052 3B60     		str	r3, [r7]
 348:Generated_Source\PSoC5/Cm3Start.c ****         for (count = 0u; count != limit; count += sizeof (uint32))
 278              		.loc 1 348 0
 279 0054 0023     		movs	r3, #0
 280 0056 7B60     		str	r3, [r7, #4]
 281 0058 08E0     		b	.L19
 282              	.L20:
 349:Generated_Source\PSoC5/Cm3Start.c ****         {
 350:Generated_Source\PSoC5/Cm3Start.c ****             *dst = 0u;
 283              		.loc 1 350 0 discriminator 3
 284 005a BB68     		ldr	r3, [r7, #8]
 285 005c 0022     		movs	r2, #0
 286 005e 1A60     		str	r2, [r3]
 351:Generated_Source\PSoC5/Cm3Start.c ****             dst++;
 287              		.loc 1 351 0 discriminator 3
 288 0060 BB68     		ldr	r3, [r7, #8]
 289 0062 0433     		adds	r3, r3, #4
 290 0064 BB60     		str	r3, [r7, #8]
 348:Generated_Source\PSoC5/Cm3Start.c ****         for (count = 0u; count != limit; count += sizeof (uint32))
 291              		.loc 1 348 0 discriminator 3
 292 0066 7B68     		ldr	r3, [r7, #4]
 293 0068 0433     		adds	r3, r3, #4
 294 006a 7B60     		str	r3, [r7, #4]
 295              	.L19:
 348:Generated_Source\PSoC5/Cm3Start.c ****         for (count = 0u; count != limit; count += sizeof (uint32))
 296              		.loc 1 348 0 is_stmt 0 discriminator 1
 297 006c 7A68     		ldr	r2, [r7, #4]
 298 006e 3B68     		ldr	r3, [r7]
 299 0070 9A42     		cmp	r2, r3
 300 0072 F2D1     		bne	.L20
 352:Generated_Source\PSoC5/Cm3Start.c ****         }
 353:Generated_Source\PSoC5/Cm3Start.c **** 
 354:Generated_Source\PSoC5/Cm3Start.c ****         rptr++;
 301              		.loc 1 354 0 is_stmt 1 discriminator 2
 302 0074 3B69     		ldr	r3, [r7, #16]
 303 0076 1033     		adds	r3, r3, #16
 304 0078 3B61     		str	r3, [r7, #16]
 305              	.LBE2:
 334:Generated_Source\PSoC5/Cm3Start.c ****     {
 306              		.loc 1 334 0 discriminator 2
 307 007a 7B69     		ldr	r3, [r7, #20]
 308 007c 013B     		subs	r3, r3, #1
 309 007e 7B61     		str	r3, [r7, #20]
 310              	.L16:
 334:Generated_Source\PSoC5/Cm3Start.c ****     {
 311              		.loc 1 334 0 is_stmt 0 discriminator 1
 312 0080 7B69     		ldr	r3, [r7, #20]
 313 0082 002B     		cmp	r3, #0
 314 0084 C6D1     		bne	.L21
 355:Generated_Source\PSoC5/Cm3Start.c ****     }
 356:Generated_Source\PSoC5/Cm3Start.c **** 
 357:Generated_Source\PSoC5/Cm3Start.c ****     /* Invoke static objects constructors */
 358:Generated_Source\PSoC5/Cm3Start.c ****     __libc_init_array();
 315              		.loc 1 358 0 is_stmt 1
 316 0086 FFF7FEFF 		bl	__libc_init_array
ARM GAS  C:\Users\ikui753\AppData\Local\Temp\ccZtfbce.s 			page 13


 359:Generated_Source\PSoC5/Cm3Start.c ****     (void) main();
 317              		.loc 1 359 0
 318 008a FFF7FEFF 		bl	main
 319              	.L22:
 360:Generated_Source\PSoC5/Cm3Start.c **** 
 361:Generated_Source\PSoC5/Cm3Start.c ****     while (1)
 362:Generated_Source\PSoC5/Cm3Start.c ****     {
 363:Generated_Source\PSoC5/Cm3Start.c ****         /* If main returns, make sure we don't return. */
 364:Generated_Source\PSoC5/Cm3Start.c ****     }
 320              		.loc 1 364 0 discriminator 1
 321 008e FEE7     		b	.L22
 322              	.L24:
 323              		.align	2
 324              	.L23:
 325 0090 00000000 		.word	__cy_region_num
 326 0094 00000000 		.word	__cy_regions
 327              		.cfi_endproc
 328              	.LFE4:
 329              		.size	Start_c, .-Start_c
 330              		.global	RomVectors
 331              		.section	.romvectors,"a",%progbits
 332              		.align	2
 333              		.type	RomVectors, %object
 334              		.size	RomVectors, 16
 335              	RomVectors:
 336 0000 00000000 		.word	__cy_stack
 337 0004 00000000 		.word	Reset
 338 0008 00000000 		.word	IntDefaultHandler
 339 000c 00000000 		.word	IntDefaultHandler
 340              		.section	.text.initialize_psoc,"ax",%progbits
 341              		.align	2
 342              		.global	initialize_psoc
 343              		.thumb
 344              		.thumb_func
 345              		.type	initialize_psoc, %function
 346              	initialize_psoc:
 347              	.LFB5:
 365:Generated_Source\PSoC5/Cm3Start.c **** }
 366:Generated_Source\PSoC5/Cm3Start.c **** 
 367:Generated_Source\PSoC5/Cm3Start.c **** 
 368:Generated_Source\PSoC5/Cm3Start.c **** #elif defined (__ICCARM__)
 369:Generated_Source\PSoC5/Cm3Start.c **** 
 370:Generated_Source\PSoC5/Cm3Start.c **** /*******************************************************************************
 371:Generated_Source\PSoC5/Cm3Start.c **** * Function Name: __low_level_init
 372:Generated_Source\PSoC5/Cm3Start.c **** ****************************************************************************//**
 373:Generated_Source\PSoC5/Cm3Start.c **** *
 374:Generated_Source\PSoC5/Cm3Start.c **** *  This function performs early initializations for the IAR Embedded
 375:Generated_Source\PSoC5/Cm3Start.c **** *  Workbench IDE. It is executed in the context of a reset interrupt handler
 376:Generated_Source\PSoC5/Cm3Start.c **** *  before the data sections are initialized.
 377:Generated_Source\PSoC5/Cm3Start.c **** *
 378:Generated_Source\PSoC5/Cm3Start.c **** * \return
 379:Generated_Source\PSoC5/Cm3Start.c **** *  The value that determines whether or not data sections should be initialized
 380:Generated_Source\PSoC5/Cm3Start.c **** *  by the system startup code:
 381:Generated_Source\PSoC5/Cm3Start.c **** *    0 - skip data sections initialization;
 382:Generated_Source\PSoC5/Cm3Start.c **** *    1 - initialize data sections;
 383:Generated_Source\PSoC5/Cm3Start.c **** *
 384:Generated_Source\PSoC5/Cm3Start.c **** *******************************************************************************/
ARM GAS  C:\Users\ikui753\AppData\Local\Temp\ccZtfbce.s 			page 14


 385:Generated_Source\PSoC5/Cm3Start.c **** int __low_level_init(void)
 386:Generated_Source\PSoC5/Cm3Start.c **** {
 387:Generated_Source\PSoC5/Cm3Start.c ****     #if (CYDEV_PROJ_TYPE != CYDEV_PROJ_TYPE_LOADABLE && CYDEV_PROJ_TYPE != CYDEV_PROJ_TYPE_LOADABLE
 388:Generated_Source\PSoC5/Cm3Start.c **** 
 389:Generated_Source\PSoC5/Cm3Start.c ****         /* For PSoC 5LP, debugging is enabled by default */
 390:Generated_Source\PSoC5/Cm3Start.c ****         #if(CYDEV_DEBUGGING_ENABLE == 0)
 391:Generated_Source\PSoC5/Cm3Start.c ****             *(reg32 *)(CYDEV_DEBUG_ENABLE_REGISTER) |= CYDEV_DEBUG_ENABLE_MASK;
 392:Generated_Source\PSoC5/Cm3Start.c ****         #endif /* (CYDEV_DEBUGGING_ENABLE) */
 393:Generated_Source\PSoC5/Cm3Start.c **** 
 394:Generated_Source\PSoC5/Cm3Start.c ****         /* Reset Status Register has Read-to-clear SW access mode.
 395:Generated_Source\PSoC5/Cm3Start.c ****         * Preserve current RESET_SR0 state to make it available for next reading.
 396:Generated_Source\PSoC5/Cm3Start.c ****         */
 397:Generated_Source\PSoC5/Cm3Start.c ****         *(reg32 *)(CYREG_PHUB_CFGMEM23_CFG1) = *(reg32 *)(CYREG_RESET_SR0);
 398:Generated_Source\PSoC5/Cm3Start.c **** 
 399:Generated_Source\PSoC5/Cm3Start.c ****     #endif  /* (CYDEV_PROJ_TYPE != CYDEV_PROJ_TYPE_LOADABLE && CYDEV_PROJ_TYPE != CYDEV_PROJ_TYPE_L
 400:Generated_Source\PSoC5/Cm3Start.c **** 
 401:Generated_Source\PSoC5/Cm3Start.c ****     #if ((CYDEV_BOOTLOADER_ENABLE) && (CYDEV_PROJ_TYPE != CYDEV_PROJ_TYPE_LOADABLEANDBOOTLOADER))
 402:Generated_Source\PSoC5/Cm3Start.c ****         CyBtldr_CheckLaunch();
 403:Generated_Source\PSoC5/Cm3Start.c ****     #endif /* ((CYDEV_BOOTLOADER_ENABLE) && (CYDEV_PROJ_TYPE != CYDEV_PROJ_TYPE_LOADABLEANDBOOTLOAD
 404:Generated_Source\PSoC5/Cm3Start.c **** 
 405:Generated_Source\PSoC5/Cm3Start.c ****     /* Initialize data sections */
 406:Generated_Source\PSoC5/Cm3Start.c ****     __iar_data_init3();
 407:Generated_Source\PSoC5/Cm3Start.c **** 
 408:Generated_Source\PSoC5/Cm3Start.c ****     initialize_psoc();
 409:Generated_Source\PSoC5/Cm3Start.c **** 
 410:Generated_Source\PSoC5/Cm3Start.c ****     return 0;
 411:Generated_Source\PSoC5/Cm3Start.c **** }
 412:Generated_Source\PSoC5/Cm3Start.c **** 
 413:Generated_Source\PSoC5/Cm3Start.c **** #endif /* __GNUC__ */
 414:Generated_Source\PSoC5/Cm3Start.c **** 
 415:Generated_Source\PSoC5/Cm3Start.c **** 
 416:Generated_Source\PSoC5/Cm3Start.c **** /*******************************************************************************
 417:Generated_Source\PSoC5/Cm3Start.c **** *
 418:Generated_Source\PSoC5/Cm3Start.c **** * Default Rom Interrupt Vector table.
 419:Generated_Source\PSoC5/Cm3Start.c **** *
 420:Generated_Source\PSoC5/Cm3Start.c **** *******************************************************************************/
 421:Generated_Source\PSoC5/Cm3Start.c **** #if defined(__ARMCC_VERSION)
 422:Generated_Source\PSoC5/Cm3Start.c ****     /* Suppress diagnostic message 1296-D: extended constant initialiser used */
 423:Generated_Source\PSoC5/Cm3Start.c ****     #pragma diag_suppress 1296
 424:Generated_Source\PSoC5/Cm3Start.c **** #endif  /* defined(__ARMCC_VERSION) */
 425:Generated_Source\PSoC5/Cm3Start.c **** 
 426:Generated_Source\PSoC5/Cm3Start.c **** #if defined (__ICCARM__)
 427:Generated_Source\PSoC5/Cm3Start.c ****     #pragma location=".romvectors"
 428:Generated_Source\PSoC5/Cm3Start.c ****     const intvec_elem __vector_table[CY_NUM_ROM_VECTORS] =
 429:Generated_Source\PSoC5/Cm3Start.c **** #else
 430:Generated_Source\PSoC5/Cm3Start.c ****     CY_SECTION(".romvectors")
 431:Generated_Source\PSoC5/Cm3Start.c ****     const cyisraddress RomVectors[CY_NUM_ROM_VECTORS] =
 432:Generated_Source\PSoC5/Cm3Start.c **** #endif  /* defined (__ICCARM__) */
 433:Generated_Source\PSoC5/Cm3Start.c **** {
 434:Generated_Source\PSoC5/Cm3Start.c ****     INITIAL_STACK_POINTER,   /* Initial stack pointer  0 */
 435:Generated_Source\PSoC5/Cm3Start.c ****     #if defined (__ICCARM__) /* Reset handler          1 */
 436:Generated_Source\PSoC5/Cm3Start.c ****         __iar_program_start,
 437:Generated_Source\PSoC5/Cm3Start.c ****     #else
 438:Generated_Source\PSoC5/Cm3Start.c ****         (cyisraddress)&Reset,
 439:Generated_Source\PSoC5/Cm3Start.c ****     #endif  /* defined (__ICCARM__) */
 440:Generated_Source\PSoC5/Cm3Start.c ****     &IntDefaultHandler,      /* NMI handler            2 */
 441:Generated_Source\PSoC5/Cm3Start.c ****     &IntDefaultHandler,      /* Hard fault handler     3 */
ARM GAS  C:\Users\ikui753\AppData\Local\Temp\ccZtfbce.s 			page 15


 442:Generated_Source\PSoC5/Cm3Start.c **** };
 443:Generated_Source\PSoC5/Cm3Start.c **** 
 444:Generated_Source\PSoC5/Cm3Start.c **** #if defined(__ARMCC_VERSION)
 445:Generated_Source\PSoC5/Cm3Start.c ****     #pragma diag_default 1296
 446:Generated_Source\PSoC5/Cm3Start.c **** #endif  /* defined(__ARMCC_VERSION) */
 447:Generated_Source\PSoC5/Cm3Start.c **** 
 448:Generated_Source\PSoC5/Cm3Start.c **** 
 449:Generated_Source\PSoC5/Cm3Start.c **** /*******************************************************************************
 450:Generated_Source\PSoC5/Cm3Start.c **** * Function Name: initialize_psoc
 451:Generated_Source\PSoC5/Cm3Start.c **** ****************************************************************************//**
 452:Generated_Source\PSoC5/Cm3Start.c **** *
 453:Generated_Source\PSoC5/Cm3Start.c **** *  This function used to initialize the PSoC chip before calling main.
 454:Generated_Source\PSoC5/Cm3Start.c **** *
 455:Generated_Source\PSoC5/Cm3Start.c **** *******************************************************************************/
 456:Generated_Source\PSoC5/Cm3Start.c **** #if (defined(__GNUC__) && !defined(__ARMCC_VERSION))
 457:Generated_Source\PSoC5/Cm3Start.c **** __attribute__ ((constructor(101)))
 458:Generated_Source\PSoC5/Cm3Start.c **** #endif
 459:Generated_Source\PSoC5/Cm3Start.c **** void initialize_psoc(void)
 460:Generated_Source\PSoC5/Cm3Start.c **** {
 348              		.loc 1 460 0
 349              		.cfi_startproc
 350              		@ args = 0, pretend = 0, frame = 8
 351              		@ frame_needed = 1, uses_anonymous_args = 0
 352 0000 80B5     		push	{r7, lr}
 353              		.cfi_def_cfa_offset 8
 354              		.cfi_offset 7, -8
 355              		.cfi_offset 14, -4
 356 0002 82B0     		sub	sp, sp, #8
 357              		.cfi_def_cfa_offset 16
 358 0004 00AF     		add	r7, sp, #0
 359              		.cfi_def_cfa_register 7
 461:Generated_Source\PSoC5/Cm3Start.c ****     uint32 i;
 462:Generated_Source\PSoC5/Cm3Start.c **** 
 463:Generated_Source\PSoC5/Cm3Start.c ****     /* Set Priority group 5. */
 464:Generated_Source\PSoC5/Cm3Start.c **** 
 465:Generated_Source\PSoC5/Cm3Start.c ****     /* Writes to NVIC_APINT register require the VECTKEY in the upper half */
 466:Generated_Source\PSoC5/Cm3Start.c ****     *CY_NVIC_APINT_PTR = CY_NVIC_APINT_VECTKEY | CY_NVIC_APINT_PRIGROUP_3_5;
 360              		.loc 1 466 0
 361 0006 184B     		ldr	r3, .L30
 362 0008 184A     		ldr	r2, .L30+4
 363 000a 1A60     		str	r2, [r3]
 467:Generated_Source\PSoC5/Cm3Start.c ****     *CY_NVIC_CFG_CTRL_PTR |= CY_NVIC_CFG_STACKALIGN;
 364              		.loc 1 467 0
 365 000c 184A     		ldr	r2, .L30+8
 366 000e 184B     		ldr	r3, .L30+8
 367 0010 1B68     		ldr	r3, [r3]
 368 0012 43F40073 		orr	r3, r3, #512
 369 0016 1360     		str	r3, [r2]
 468:Generated_Source\PSoC5/Cm3Start.c **** 
 469:Generated_Source\PSoC5/Cm3Start.c ****     /* Set Ram interrupt vectors to default functions. */
 470:Generated_Source\PSoC5/Cm3Start.c ****     for (i = 0u; i < CY_NUM_VECTORS; i++)
 370              		.loc 1 470 0
 371 0018 0023     		movs	r3, #0
 372 001a 7B60     		str	r3, [r7, #4]
 373 001c 0FE0     		b	.L26
 374              	.L29:
 471:Generated_Source\PSoC5/Cm3Start.c ****     {
ARM GAS  C:\Users\ikui753\AppData\Local\Temp\ccZtfbce.s 			page 16


 472:Generated_Source\PSoC5/Cm3Start.c ****         #if defined (__ICCARM__)
 473:Generated_Source\PSoC5/Cm3Start.c ****             CyRamVectors[i] = (i < CY_NUM_ROM_VECTORS) ? __vector_table[i].__fun : &IntDefaultHandl
 474:Generated_Source\PSoC5/Cm3Start.c ****         #else
 475:Generated_Source\PSoC5/Cm3Start.c ****             CyRamVectors[i] = (i < CY_NUM_ROM_VECTORS) ? RomVectors[i] : &IntDefaultHandler;
 375              		.loc 1 475 0
 376 001e 7B68     		ldr	r3, [r7, #4]
 377 0020 032B     		cmp	r3, #3
 378 0022 04D8     		bhi	.L27
 379              		.loc 1 475 0 is_stmt 0 discriminator 1
 380 0024 134A     		ldr	r2, .L30+12
 381 0026 7B68     		ldr	r3, [r7, #4]
 382 0028 52F82330 		ldr	r3, [r2, r3, lsl #2]
 383 002c 00E0     		b	.L28
 384              	.L27:
 385              		.loc 1 475 0 discriminator 2
 386 002e 124B     		ldr	r3, .L30+16
 387              	.L28:
 388              		.loc 1 475 0 discriminator 4
 389 0030 1249     		ldr	r1, .L30+20
 390 0032 7A68     		ldr	r2, [r7, #4]
 391 0034 41F82230 		str	r3, [r1, r2, lsl #2]
 470:Generated_Source\PSoC5/Cm3Start.c ****     {
 392              		.loc 1 470 0 is_stmt 1 discriminator 4
 393 0038 7B68     		ldr	r3, [r7, #4]
 394 003a 0133     		adds	r3, r3, #1
 395 003c 7B60     		str	r3, [r7, #4]
 396              	.L26:
 470:Generated_Source\PSoC5/Cm3Start.c ****     {
 397              		.loc 1 470 0 is_stmt 0 discriminator 2
 398 003e 7B68     		ldr	r3, [r7, #4]
 399 0040 2F2B     		cmp	r3, #47
 400 0042 ECD9     		bls	.L29
 476:Generated_Source\PSoC5/Cm3Start.c ****         #endif  /* defined (__ICCARM__) */
 477:Generated_Source\PSoC5/Cm3Start.c ****     }
 478:Generated_Source\PSoC5/Cm3Start.c **** 
 479:Generated_Source\PSoC5/Cm3Start.c ****     /* Was stored in CFGMEM to avoid being cleared while SRAM gets cleared */
 480:Generated_Source\PSoC5/Cm3Start.c ****     CyResetStatus = CY_GET_REG8(CYREG_PHUB_CFGMEM23_CFG1);
 401              		.loc 1 480 0 is_stmt 1
 402 0044 0E4B     		ldr	r3, .L30+24
 403 0046 1B78     		ldrb	r3, [r3]
 404 0048 DAB2     		uxtb	r2, r3
 405 004a 0E4B     		ldr	r3, .L30+28
 406 004c 1A70     		strb	r2, [r3]
 481:Generated_Source\PSoC5/Cm3Start.c **** 
 482:Generated_Source\PSoC5/Cm3Start.c ****     /* Point NVIC at RAM vector table. */
 483:Generated_Source\PSoC5/Cm3Start.c ****     *CYINT_VECT_TABLE = CyRamVectors;
 407              		.loc 1 483 0
 408 004e 0E4B     		ldr	r3, .L30+32
 409 0050 0A4A     		ldr	r2, .L30+20
 410 0052 1A60     		str	r2, [r3]
 484:Generated_Source\PSoC5/Cm3Start.c **** 
 485:Generated_Source\PSoC5/Cm3Start.c ****     /* Initialize the configuration registers. */
 486:Generated_Source\PSoC5/Cm3Start.c ****     cyfitter_cfg();
 411              		.loc 1 486 0
 412 0054 FFF7FEFF 		bl	cyfitter_cfg
 487:Generated_Source\PSoC5/Cm3Start.c **** 
 488:Generated_Source\PSoC5/Cm3Start.c ****     #if(0u != DMA_CHANNELS_USED__MASK0)
ARM GAS  C:\Users\ikui753\AppData\Local\Temp\ccZtfbce.s 			page 17


 489:Generated_Source\PSoC5/Cm3Start.c **** 
 490:Generated_Source\PSoC5/Cm3Start.c ****         /* Setup DMA - only necessary if design contains DMA component. */
 491:Generated_Source\PSoC5/Cm3Start.c ****         CyDmacConfigure();
 492:Generated_Source\PSoC5/Cm3Start.c **** 
 493:Generated_Source\PSoC5/Cm3Start.c ****     #endif  /* (0u != DMA_CHANNELS_USED__MASK0) */
 494:Generated_Source\PSoC5/Cm3Start.c **** 
 495:Generated_Source\PSoC5/Cm3Start.c ****     #if !defined (__ICCARM__)
 496:Generated_Source\PSoC5/Cm3Start.c ****         /* Actually, no need to clean this variable, just to make compiler happy. */
 497:Generated_Source\PSoC5/Cm3Start.c ****         cySysNoInitDataValid = 0u;
 413              		.loc 1 497 0
 414 0058 0C4B     		ldr	r3, .L30+36
 415 005a 0022     		movs	r2, #0
 416 005c 1A60     		str	r2, [r3]
 498:Generated_Source\PSoC5/Cm3Start.c ****     #endif  /* !defined (__ICCARM__) */
 499:Generated_Source\PSoC5/Cm3Start.c **** }
 417              		.loc 1 499 0
 418 005e 00BF     		nop
 419 0060 0837     		adds	r7, r7, #8
 420              		.cfi_def_cfa_offset 8
 421 0062 BD46     		mov	sp, r7
 422              		.cfi_def_cfa_register 13
 423              		@ sp needed
 424 0064 80BD     		pop	{r7, pc}
 425              	.L31:
 426 0066 00BF     		.align	2
 427              	.L30:
 428 0068 0CED00E0 		.word	-536810228
 429 006c 0004FA05 		.word	100271104
 430 0070 14ED00E0 		.word	-536810220
 431 0074 00000000 		.word	RomVectors
 432 0078 00000000 		.word	IntDefaultHandler
 433 007c 00000000 		.word	CyRamVectors
 434 0080 BC760040 		.word	1073772220
 435 0084 00000000 		.word	CyResetStatus
 436 0088 08ED00E0 		.word	-536810232
 437 008c 00000000 		.word	cySysNoInitDataValid
 438              		.cfi_endproc
 439              	.LFE5:
 440              		.size	initialize_psoc, .-initialize_psoc
 441              		.section	.init_array,"aw",%init_array
 442              		.align	2
 443 0000 00000000 		.word	initialize_psoc(target1)
 444              		.data
 445              		.align	2
 446              		.type	heapPointer.4853, %object
 447              		.size	heapPointer.4853, 4
 448              	heapPointer.4853:
 449 0000 00000000 		.word	end
 450              		.weak	__cy_region_num
 451              		.text
 452              	.Letext0:
 453              		.file 2 "c:\\program files (x86)\\cypress\\psoc creator\\4.2\\psoc creator\\import\\gnu\\arm\\5.4.
 454              		.file 3 "Generated_Source\\PSoC5\\cytypes.h"
 455              		.file 4 "Generated_Source\\PSoC5\\CyLib.h"
 456              		.section	.debug_info,"",%progbits
 457              	.Ldebug_info0:
 458 0000 20030000 		.4byte	0x320
ARM GAS  C:\Users\ikui753\AppData\Local\Temp\ccZtfbce.s 			page 18


 459 0004 0400     		.2byte	0x4
 460 0006 00000000 		.4byte	.Ldebug_abbrev0
 461 000a 04       		.byte	0x4
 462 000b 01       		.uleb128 0x1
 463 000c 1A000000 		.4byte	.LASF44
 464 0010 0C       		.byte	0xc
 465 0011 72010000 		.4byte	.LASF45
 466 0015 A1010000 		.4byte	.LASF46
 467 0019 00000000 		.4byte	.Ldebug_ranges0+0
 468 001d 00000000 		.4byte	0
 469 0021 00000000 		.4byte	.Ldebug_line0
 470 0025 02       		.uleb128 0x2
 471 0026 01       		.byte	0x1
 472 0027 06       		.byte	0x6
 473 0028 9D020000 		.4byte	.LASF0
 474 002c 02       		.uleb128 0x2
 475 002d 01       		.byte	0x1
 476 002e 08       		.byte	0x8
 477 002f 14010000 		.4byte	.LASF1
 478 0033 02       		.uleb128 0x2
 479 0034 02       		.byte	0x2
 480 0035 05       		.byte	0x5
 481 0036 7C020000 		.4byte	.LASF2
 482 003a 02       		.uleb128 0x2
 483 003b 02       		.byte	0x2
 484 003c 07       		.byte	0x7
 485 003d CB000000 		.4byte	.LASF3
 486 0041 02       		.uleb128 0x2
 487 0042 04       		.byte	0x4
 488 0043 05       		.byte	0x5
 489 0044 86020000 		.4byte	.LASF4
 490 0048 02       		.uleb128 0x2
 491 0049 04       		.byte	0x4
 492 004a 07       		.byte	0x7
 493 004b 39010000 		.4byte	.LASF5
 494 004f 02       		.uleb128 0x2
 495 0050 08       		.byte	0x8
 496 0051 05       		.byte	0x5
 497 0052 69020000 		.4byte	.LASF6
 498 0056 02       		.uleb128 0x2
 499 0057 08       		.byte	0x8
 500 0058 07       		.byte	0x7
 501 0059 16020000 		.4byte	.LASF7
 502 005d 03       		.uleb128 0x3
 503 005e 04       		.byte	0x4
 504 005f 05       		.byte	0x5
 505 0060 696E7400 		.ascii	"int\000"
 506 0064 02       		.uleb128 0x2
 507 0065 04       		.byte	0x4
 508 0066 07       		.byte	0x7
 509 0067 09020000 		.4byte	.LASF8
 510 006b 04       		.uleb128 0x4
 511 006c 06000000 		.4byte	.LASF9
 512 0070 02       		.byte	0x2
 513 0071 D8       		.byte	0xd8
 514 0072 64000000 		.4byte	0x64
 515 0076 05       		.uleb128 0x5
ARM GAS  C:\Users\ikui753\AppData\Local\Temp\ccZtfbce.s 			page 19


 516 0077 60010000 		.4byte	.LASF10
 517 007b 03       		.byte	0x3
 518 007c E701     		.2byte	0x1e7
 519 007e 2C000000 		.4byte	0x2c
 520 0082 05       		.uleb128 0x5
 521 0083 02020000 		.4byte	.LASF11
 522 0087 03       		.byte	0x3
 523 0088 E901     		.2byte	0x1e9
 524 008a 48000000 		.4byte	0x48
 525 008e 02       		.uleb128 0x2
 526 008f 04       		.byte	0x4
 527 0090 04       		.byte	0x4
 528 0091 09010000 		.4byte	.LASF12
 529 0095 02       		.uleb128 0x2
 530 0096 08       		.byte	0x8
 531 0097 04       		.byte	0x4
 532 0098 9A010000 		.4byte	.LASF13
 533 009c 02       		.uleb128 0x2
 534 009d 01       		.byte	0x1
 535 009e 08       		.byte	0x8
 536 009f 77020000 		.4byte	.LASF14
 537 00a3 05       		.uleb128 0x5
 538 00a4 5B020000 		.4byte	.LASF15
 539 00a8 03       		.byte	0x3
 540 00a9 9102     		.2byte	0x291
 541 00ab AF000000 		.4byte	0xaf
 542 00af 06       		.uleb128 0x6
 543 00b0 76000000 		.4byte	0x76
 544 00b4 05       		.uleb128 0x5
 545 00b5 00000000 		.4byte	.LASF16
 546 00b9 03       		.byte	0x3
 547 00ba 9302     		.2byte	0x293
 548 00bc C0000000 		.4byte	0xc0
 549 00c0 06       		.uleb128 0x6
 550 00c1 82000000 		.4byte	0x82
 551 00c5 05       		.uleb128 0x5
 552 00c6 33020000 		.4byte	.LASF17
 553 00ca 03       		.byte	0x3
 554 00cb A302     		.2byte	0x2a3
 555 00cd D1000000 		.4byte	0xd1
 556 00d1 07       		.uleb128 0x7
 557 00d2 04       		.byte	0x4
 558 00d3 D7000000 		.4byte	0xd7
 559 00d7 08       		.uleb128 0x8
 560 00d8 02       		.uleb128 0x2
 561 00d9 04       		.byte	0x4
 562 00da 07       		.byte	0x7
 563 00db 60020000 		.4byte	.LASF18
 564 00df 09       		.uleb128 0x9
 565 00e0 04       		.byte	0x4
 566 00e1 0A       		.uleb128 0xa
 567 00e2 9C000000 		.4byte	0x9c
 568 00e6 04       		.uleb128 0x4
 569 00e7 4A020000 		.4byte	.LASF19
 570 00eb 01       		.byte	0x1
 571 00ec CE       		.byte	0xce
 572 00ed 2C000000 		.4byte	0x2c
ARM GAS  C:\Users\ikui753\AppData\Local\Temp\ccZtfbce.s 			page 20


 573 00f1 0B       		.uleb128 0xb
 574 00f2 D7020000 		.4byte	.LASF47
 575 00f6 10       		.byte	0x10
 576 00f7 01       		.byte	0x1
 577 00f8 D0       		.byte	0xd0
 578 00f9 2E010000 		.4byte	0x12e
 579 00fd 0C       		.uleb128 0xc
 580 00fe EE000000 		.4byte	.LASF20
 581 0102 01       		.byte	0x1
 582 0103 D2       		.byte	0xd2
 583 0104 2E010000 		.4byte	0x12e
 584 0108 00       		.byte	0
 585 0109 0C       		.uleb128 0xc
 586 010a 0F010000 		.4byte	.LASF21
 587 010e 01       		.byte	0x1
 588 010f D3       		.byte	0xd3
 589 0110 2E010000 		.4byte	0x12e
 590 0114 04       		.byte	0x4
 591 0115 0C       		.uleb128 0xc
 592 0116 40020000 		.4byte	.LASF22
 593 011a 01       		.byte	0x1
 594 011b D4       		.byte	0xd4
 595 011c 6B000000 		.4byte	0x6b
 596 0120 08       		.byte	0x8
 597 0121 0C       		.uleb128 0xc
 598 0122 FA000000 		.4byte	.LASF23
 599 0126 01       		.byte	0x1
 600 0127 D5       		.byte	0xd5
 601 0128 6B000000 		.4byte	0x6b
 602 012c 0C       		.byte	0xc
 603 012d 00       		.byte	0
 604 012e 07       		.uleb128 0x7
 605 012f 04       		.byte	0x4
 606 0130 E6000000 		.4byte	0xe6
 607 0134 0D       		.uleb128 0xd
 608 0135 A9020000 		.4byte	.LASF28
 609 0139 01       		.byte	0x1
 610 013a 5A       		.byte	0x5a
 611 013b 00000000 		.4byte	.LFB0
 612 013f 14000000 		.4byte	.LFE0-.LFB0
 613 0143 01       		.uleb128 0x1
 614 0144 9C       		.byte	0x9c
 615 0145 0E       		.uleb128 0xe
 616 0146 6C010000 		.4byte	.LASF36
 617 014a 01       		.byte	0x1
 618 014b EE       		.byte	0xee
 619 014c 00000000 		.4byte	.LFB1
 620 0150 14000000 		.4byte	.LFE1-.LFB1
 621 0154 01       		.uleb128 0x1
 622 0155 9C       		.byte	0x9c
 623 0156 69010000 		.4byte	0x169
 624 015a 0F       		.uleb128 0xf
 625 015b F3000000 		.4byte	.LASF24
 626 015f 01       		.byte	0x1
 627 0160 EE       		.byte	0xee
 628 0161 5D000000 		.4byte	0x5d
 629 0165 02       		.uleb128 0x2
ARM GAS  C:\Users\ikui753\AppData\Local\Temp\ccZtfbce.s 			page 21


 630 0166 91       		.byte	0x91
 631 0167 74       		.sleb128 -12
 632 0168 00       		.byte	0
 633 0169 10       		.uleb128 0x10
 634 016a 94010000 		.4byte	.LASF30
 635 016e 01       		.byte	0x1
 636 016f 0701     		.2byte	0x107
 637 0171 DF000000 		.4byte	0xdf
 638 0175 00000000 		.4byte	.LFB2
 639 0179 50000000 		.4byte	.LFE2-.LFB2
 640 017d 01       		.uleb128 0x1
 641 017e 9C       		.byte	0x9c
 642 017f C0010000 		.4byte	0x1c0
 643 0183 11       		.uleb128 0x11
 644 0184 D0020000 		.4byte	.LASF25
 645 0188 01       		.byte	0x1
 646 0189 0701     		.2byte	0x107
 647 018b 5D000000 		.4byte	0x5d
 648 018f 02       		.uleb128 0x2
 649 0190 91       		.byte	0x91
 650 0191 6C       		.sleb128 -20
 651 0192 12       		.uleb128 0x12
 652 0193 656E6400 		.ascii	"end\000"
 653 0197 01       		.byte	0x1
 654 0198 0901     		.2byte	0x109
 655 019a 5D000000 		.4byte	0x5d
 656 019e 13       		.uleb128 0x13
 657 019f 22010000 		.4byte	.LASF26
 658 01a3 01       		.byte	0x1
 659 01a4 0A01     		.2byte	0x10a
 660 01a6 DF000000 		.4byte	0xdf
 661 01aa 02       		.uleb128 0x2
 662 01ab 91       		.byte	0x91
 663 01ac 74       		.sleb128 -12
 664 01ad 13       		.uleb128 0x13
 665 01ae BF000000 		.4byte	.LASF27
 666 01b2 01       		.byte	0x1
 667 01b3 0D01     		.2byte	0x10d
 668 01b5 C0010000 		.4byte	0x1c0
 669 01b9 05       		.uleb128 0x5
 670 01ba 03       		.byte	0x3
 671 01bb 00000000 		.4byte	heapPointer.4853
 672 01bf 00       		.byte	0
 673 01c0 07       		.uleb128 0x7
 674 01c1 04       		.byte	0x4
 675 01c2 76000000 		.4byte	0x76
 676 01c6 14       		.uleb128 0x14
 677 01c7 66010000 		.4byte	.LASF29
 678 01cb 01       		.byte	0x1
 679 01cc 2601     		.2byte	0x126
 680 01ce 00000000 		.4byte	.LFB3
 681 01d2 18000000 		.4byte	.LFE3-.LFB3
 682 01d6 01       		.uleb128 0x1
 683 01d7 9C       		.byte	0x9c
 684 01d8 15       		.uleb128 0x15
 685 01d9 B1000000 		.4byte	.LASF31
 686 01dd 01       		.byte	0x1
ARM GAS  C:\Users\ikui753\AppData\Local\Temp\ccZtfbce.s 			page 22


 687 01de 4801     		.2byte	0x148
 688 01e0 00000000 		.4byte	.LFB4
 689 01e4 98000000 		.4byte	.LFE4-.LFB4
 690 01e8 01       		.uleb128 0x1
 691 01e9 9C       		.byte	0x9c
 692 01ea 53020000 		.4byte	0x253
 693 01ee 13       		.uleb128 0x13
 694 01ef C8020000 		.4byte	.LASF32
 695 01f3 01       		.byte	0x1
 696 01f4 4A01     		.2byte	0x14a
 697 01f6 64000000 		.4byte	0x64
 698 01fa 02       		.uleb128 0x2
 699 01fb 91       		.byte	0x91
 700 01fc 74       		.sleb128 -12
 701 01fd 13       		.uleb128 0x13
 702 01fe 04010000 		.4byte	.LASF33
 703 0202 01       		.byte	0x1
 704 0203 4B01     		.2byte	0x14b
 705 0205 53020000 		.4byte	0x253
 706 0209 02       		.uleb128 0x2
 707 020a 91       		.byte	0x91
 708 020b 70       		.sleb128 -16
 709 020c 16       		.uleb128 0x16
 710 020d 14000000 		.4byte	.LBB2
 711 0211 66000000 		.4byte	.LBE2-.LBB2
 712 0215 17       		.uleb128 0x17
 713 0216 73726300 		.ascii	"src\000"
 714 021a 01       		.byte	0x1
 715 021b 5001     		.2byte	0x150
 716 021d 5E020000 		.4byte	0x25e
 717 0221 02       		.uleb128 0x2
 718 0222 91       		.byte	0x91
 719 0223 6C       		.sleb128 -20
 720 0224 17       		.uleb128 0x17
 721 0225 64737400 		.ascii	"dst\000"
 722 0229 01       		.byte	0x1
 723 022a 5101     		.2byte	0x151
 724 022c 5E020000 		.4byte	0x25e
 725 0230 02       		.uleb128 0x2
 726 0231 91       		.byte	0x91
 727 0232 68       		.sleb128 -24
 728 0233 13       		.uleb128 0x13
 729 0234 2D020000 		.4byte	.LASF34
 730 0238 01       		.byte	0x1
 731 0239 5201     		.2byte	0x152
 732 023b 64000000 		.4byte	0x64
 733 023f 02       		.uleb128 0x2
 734 0240 91       		.byte	0x91
 735 0241 60       		.sleb128 -32
 736 0242 13       		.uleb128 0x13
 737 0243 B9000000 		.4byte	.LASF35
 738 0247 01       		.byte	0x1
 739 0248 5301     		.2byte	0x153
 740 024a 64000000 		.4byte	0x64
 741 024e 02       		.uleb128 0x2
 742 024f 91       		.byte	0x91
 743 0250 64       		.sleb128 -28
ARM GAS  C:\Users\ikui753\AppData\Local\Temp\ccZtfbce.s 			page 23


 744 0251 00       		.byte	0
 745 0252 00       		.byte	0
 746 0253 07       		.uleb128 0x7
 747 0254 04       		.byte	0x4
 748 0255 59020000 		.4byte	0x259
 749 0259 0A       		.uleb128 0xa
 750 025a F1000000 		.4byte	0xf1
 751 025e 07       		.uleb128 0x7
 752 025f 04       		.byte	0x4
 753 0260 82000000 		.4byte	0x82
 754 0264 18       		.uleb128 0x18
 755 0265 F2010000 		.4byte	.LASF37
 756 0269 01       		.byte	0x1
 757 026a CB01     		.2byte	0x1cb
 758 026c 00000000 		.4byte	.LFB5
 759 0270 90000000 		.4byte	.LFE5-.LFB5
 760 0274 01       		.uleb128 0x1
 761 0275 9C       		.byte	0x9c
 762 0276 88020000 		.4byte	0x288
 763 027a 17       		.uleb128 0x17
 764 027b 6900     		.ascii	"i\000"
 765 027d 01       		.byte	0x1
 766 027e CD01     		.2byte	0x1cd
 767 0280 82000000 		.4byte	0x82
 768 0284 02       		.uleb128 0x2
 769 0285 91       		.byte	0x91
 770 0286 74       		.sleb128 -12
 771 0287 00       		.byte	0
 772 0288 19       		.uleb128 0x19
 773 0289 4B010000 		.4byte	.LASF38
 774 028d 01       		.byte	0x1
 775 028e 3E       		.byte	0x3e
 776 028f 82000000 		.4byte	0x82
 777 0293 05       		.uleb128 0x5
 778 0294 03       		.byte	0x3
 779 0295 00000000 		.4byte	cySysNoInitDataValid
 780 0299 1A       		.uleb128 0x1a
 781 029a 8F020000 		.4byte	.LASF39
 782 029e 04       		.byte	0x4
 783 029f 2C       		.byte	0x2c
 784 02a0 76000000 		.4byte	0x76
 785 02a4 12       		.uleb128 0x12
 786 02a5 656E6400 		.ascii	"end\000"
 787 02a9 01       		.byte	0x1
 788 02aa 0901     		.2byte	0x109
 789 02ac 5D000000 		.4byte	0x5d
 790 02b0 1B       		.uleb128 0x1b
 791 02b1 C5000000 		.4byte	0xc5
 792 02b5 C0020000 		.4byte	0x2c0
 793 02b9 1C       		.uleb128 0x1c
 794 02ba D8000000 		.4byte	0xd8
 795 02be 2F       		.byte	0x2f
 796 02bf 00       		.byte	0
 797 02c0 1D       		.uleb128 0x1d
 798 02c1 0D000000 		.4byte	.LASF40
 799 02c5 01       		.byte	0x1
 800 02c6 4C       		.byte	0x4c
ARM GAS  C:\Users\ikui753\AppData\Local\Temp\ccZtfbce.s 			page 24


 801 02c7 B0020000 		.4byte	0x2b0
 802 02cb 05       		.uleb128 0x5
 803 02cc 03       		.byte	0x3
 804 02cd 00000000 		.4byte	CyRamVectors
 805 02d1 1B       		.uleb128 0x1b
 806 02d2 59020000 		.4byte	0x259
 807 02d6 DC020000 		.4byte	0x2dc
 808 02da 1E       		.uleb128 0x1e
 809 02db 00       		.byte	0
 810 02dc 1A       		.uleb128 0x1a
 811 02dd BB020000 		.4byte	.LASF41
 812 02e1 01       		.byte	0x1
 813 02e2 D8       		.byte	0xd8
 814 02e3 E7020000 		.4byte	0x2e7
 815 02e7 0A       		.uleb128 0xa
 816 02e8 D1020000 		.4byte	0x2d1
 817 02ec 1A       		.uleb128 0x1a
 818 02ed DE000000 		.4byte	.LASF42
 819 02f1 01       		.byte	0x1
 820 02f2 D9       		.byte	0xd9
 821 02f3 E1000000 		.4byte	0xe1
 822 02f7 1B       		.uleb128 0x1b
 823 02f8 07030000 		.4byte	0x307
 824 02fc 07030000 		.4byte	0x307
 825 0300 1C       		.uleb128 0x1c
 826 0301 D8000000 		.4byte	0xd8
 827 0305 03       		.byte	0x3
 828 0306 00       		.byte	0
 829 0307 0A       		.uleb128 0xa
 830 0308 C5000000 		.4byte	0xc5
 831 030c 1F       		.uleb128 0x1f
 832 030d 2E010000 		.4byte	.LASF43
 833 0311 01       		.byte	0x1
 834 0312 AF01     		.2byte	0x1af
 835 0314 1E030000 		.4byte	0x31e
 836 0318 05       		.uleb128 0x5
 837 0319 03       		.byte	0x3
 838 031a 00000000 		.4byte	RomVectors
 839 031e 0A       		.uleb128 0xa
 840 031f F7020000 		.4byte	0x2f7
 841 0323 00       		.byte	0
 842              		.section	.debug_abbrev,"",%progbits
 843              	.Ldebug_abbrev0:
 844 0000 01       		.uleb128 0x1
 845 0001 11       		.uleb128 0x11
 846 0002 01       		.byte	0x1
 847 0003 25       		.uleb128 0x25
 848 0004 0E       		.uleb128 0xe
 849 0005 13       		.uleb128 0x13
 850 0006 0B       		.uleb128 0xb
 851 0007 03       		.uleb128 0x3
 852 0008 0E       		.uleb128 0xe
 853 0009 1B       		.uleb128 0x1b
 854 000a 0E       		.uleb128 0xe
 855 000b 55       		.uleb128 0x55
 856 000c 17       		.uleb128 0x17
 857 000d 11       		.uleb128 0x11
ARM GAS  C:\Users\ikui753\AppData\Local\Temp\ccZtfbce.s 			page 25


 858 000e 01       		.uleb128 0x1
 859 000f 10       		.uleb128 0x10
 860 0010 17       		.uleb128 0x17
 861 0011 00       		.byte	0
 862 0012 00       		.byte	0
 863 0013 02       		.uleb128 0x2
 864 0014 24       		.uleb128 0x24
 865 0015 00       		.byte	0
 866 0016 0B       		.uleb128 0xb
 867 0017 0B       		.uleb128 0xb
 868 0018 3E       		.uleb128 0x3e
 869 0019 0B       		.uleb128 0xb
 870 001a 03       		.uleb128 0x3
 871 001b 0E       		.uleb128 0xe
 872 001c 00       		.byte	0
 873 001d 00       		.byte	0
 874 001e 03       		.uleb128 0x3
 875 001f 24       		.uleb128 0x24
 876 0020 00       		.byte	0
 877 0021 0B       		.uleb128 0xb
 878 0022 0B       		.uleb128 0xb
 879 0023 3E       		.uleb128 0x3e
 880 0024 0B       		.uleb128 0xb
 881 0025 03       		.uleb128 0x3
 882 0026 08       		.uleb128 0x8
 883 0027 00       		.byte	0
 884 0028 00       		.byte	0
 885 0029 04       		.uleb128 0x4
 886 002a 16       		.uleb128 0x16
 887 002b 00       		.byte	0
 888 002c 03       		.uleb128 0x3
 889 002d 0E       		.uleb128 0xe
 890 002e 3A       		.uleb128 0x3a
 891 002f 0B       		.uleb128 0xb
 892 0030 3B       		.uleb128 0x3b
 893 0031 0B       		.uleb128 0xb
 894 0032 49       		.uleb128 0x49
 895 0033 13       		.uleb128 0x13
 896 0034 00       		.byte	0
 897 0035 00       		.byte	0
 898 0036 05       		.uleb128 0x5
 899 0037 16       		.uleb128 0x16
 900 0038 00       		.byte	0
 901 0039 03       		.uleb128 0x3
 902 003a 0E       		.uleb128 0xe
 903 003b 3A       		.uleb128 0x3a
 904 003c 0B       		.uleb128 0xb
 905 003d 3B       		.uleb128 0x3b
 906 003e 05       		.uleb128 0x5
 907 003f 49       		.uleb128 0x49
 908 0040 13       		.uleb128 0x13
 909 0041 00       		.byte	0
 910 0042 00       		.byte	0
 911 0043 06       		.uleb128 0x6
 912 0044 35       		.uleb128 0x35
 913 0045 00       		.byte	0
 914 0046 49       		.uleb128 0x49
ARM GAS  C:\Users\ikui753\AppData\Local\Temp\ccZtfbce.s 			page 26


 915 0047 13       		.uleb128 0x13
 916 0048 00       		.byte	0
 917 0049 00       		.byte	0
 918 004a 07       		.uleb128 0x7
 919 004b 0F       		.uleb128 0xf
 920 004c 00       		.byte	0
 921 004d 0B       		.uleb128 0xb
 922 004e 0B       		.uleb128 0xb
 923 004f 49       		.uleb128 0x49
 924 0050 13       		.uleb128 0x13
 925 0051 00       		.byte	0
 926 0052 00       		.byte	0
 927 0053 08       		.uleb128 0x8
 928 0054 15       		.uleb128 0x15
 929 0055 00       		.byte	0
 930 0056 27       		.uleb128 0x27
 931 0057 19       		.uleb128 0x19
 932 0058 00       		.byte	0
 933 0059 00       		.byte	0
 934 005a 09       		.uleb128 0x9
 935 005b 0F       		.uleb128 0xf
 936 005c 00       		.byte	0
 937 005d 0B       		.uleb128 0xb
 938 005e 0B       		.uleb128 0xb
 939 005f 00       		.byte	0
 940 0060 00       		.byte	0
 941 0061 0A       		.uleb128 0xa
 942 0062 26       		.uleb128 0x26
 943 0063 00       		.byte	0
 944 0064 49       		.uleb128 0x49
 945 0065 13       		.uleb128 0x13
 946 0066 00       		.byte	0
 947 0067 00       		.byte	0
 948 0068 0B       		.uleb128 0xb
 949 0069 13       		.uleb128 0x13
 950 006a 01       		.byte	0x1
 951 006b 03       		.uleb128 0x3
 952 006c 0E       		.uleb128 0xe
 953 006d 0B       		.uleb128 0xb
 954 006e 0B       		.uleb128 0xb
 955 006f 3A       		.uleb128 0x3a
 956 0070 0B       		.uleb128 0xb
 957 0071 3B       		.uleb128 0x3b
 958 0072 0B       		.uleb128 0xb
 959 0073 01       		.uleb128 0x1
 960 0074 13       		.uleb128 0x13
 961 0075 00       		.byte	0
 962 0076 00       		.byte	0
 963 0077 0C       		.uleb128 0xc
 964 0078 0D       		.uleb128 0xd
 965 0079 00       		.byte	0
 966 007a 03       		.uleb128 0x3
 967 007b 0E       		.uleb128 0xe
 968 007c 3A       		.uleb128 0x3a
 969 007d 0B       		.uleb128 0xb
 970 007e 3B       		.uleb128 0x3b
 971 007f 0B       		.uleb128 0xb
ARM GAS  C:\Users\ikui753\AppData\Local\Temp\ccZtfbce.s 			page 27


 972 0080 49       		.uleb128 0x49
 973 0081 13       		.uleb128 0x13
 974 0082 38       		.uleb128 0x38
 975 0083 0B       		.uleb128 0xb
 976 0084 00       		.byte	0
 977 0085 00       		.byte	0
 978 0086 0D       		.uleb128 0xd
 979 0087 2E       		.uleb128 0x2e
 980 0088 00       		.byte	0
 981 0089 3F       		.uleb128 0x3f
 982 008a 19       		.uleb128 0x19
 983 008b 03       		.uleb128 0x3
 984 008c 0E       		.uleb128 0xe
 985 008d 3A       		.uleb128 0x3a
 986 008e 0B       		.uleb128 0xb
 987 008f 3B       		.uleb128 0x3b
 988 0090 0B       		.uleb128 0xb
 989 0091 27       		.uleb128 0x27
 990 0092 19       		.uleb128 0x19
 991 0093 11       		.uleb128 0x11
 992 0094 01       		.uleb128 0x1
 993 0095 12       		.uleb128 0x12
 994 0096 06       		.uleb128 0x6
 995 0097 40       		.uleb128 0x40
 996 0098 18       		.uleb128 0x18
 997 0099 9642     		.uleb128 0x2116
 998 009b 19       		.uleb128 0x19
 999 009c 00       		.byte	0
 1000 009d 00       		.byte	0
 1001 009e 0E       		.uleb128 0xe
 1002 009f 2E       		.uleb128 0x2e
 1003 00a0 01       		.byte	0x1
 1004 00a1 3F       		.uleb128 0x3f
 1005 00a2 19       		.uleb128 0x19
 1006 00a3 03       		.uleb128 0x3
 1007 00a4 0E       		.uleb128 0xe
 1008 00a5 3A       		.uleb128 0x3a
 1009 00a6 0B       		.uleb128 0xb
 1010 00a7 3B       		.uleb128 0x3b
 1011 00a8 0B       		.uleb128 0xb
 1012 00a9 27       		.uleb128 0x27
 1013 00aa 19       		.uleb128 0x19
 1014 00ab 11       		.uleb128 0x11
 1015 00ac 01       		.uleb128 0x1
 1016 00ad 12       		.uleb128 0x12
 1017 00ae 06       		.uleb128 0x6
 1018 00af 40       		.uleb128 0x40
 1019 00b0 18       		.uleb128 0x18
 1020 00b1 9642     		.uleb128 0x2116
 1021 00b3 19       		.uleb128 0x19
 1022 00b4 01       		.uleb128 0x1
 1023 00b5 13       		.uleb128 0x13
 1024 00b6 00       		.byte	0
 1025 00b7 00       		.byte	0
 1026 00b8 0F       		.uleb128 0xf
 1027 00b9 05       		.uleb128 0x5
 1028 00ba 00       		.byte	0
ARM GAS  C:\Users\ikui753\AppData\Local\Temp\ccZtfbce.s 			page 28


 1029 00bb 03       		.uleb128 0x3
 1030 00bc 0E       		.uleb128 0xe
 1031 00bd 3A       		.uleb128 0x3a
 1032 00be 0B       		.uleb128 0xb
 1033 00bf 3B       		.uleb128 0x3b
 1034 00c0 0B       		.uleb128 0xb
 1035 00c1 49       		.uleb128 0x49
 1036 00c2 13       		.uleb128 0x13
 1037 00c3 02       		.uleb128 0x2
 1038 00c4 18       		.uleb128 0x18
 1039 00c5 00       		.byte	0
 1040 00c6 00       		.byte	0
 1041 00c7 10       		.uleb128 0x10
 1042 00c8 2E       		.uleb128 0x2e
 1043 00c9 01       		.byte	0x1
 1044 00ca 3F       		.uleb128 0x3f
 1045 00cb 19       		.uleb128 0x19
 1046 00cc 03       		.uleb128 0x3
 1047 00cd 0E       		.uleb128 0xe
 1048 00ce 3A       		.uleb128 0x3a
 1049 00cf 0B       		.uleb128 0xb
 1050 00d0 3B       		.uleb128 0x3b
 1051 00d1 05       		.uleb128 0x5
 1052 00d2 27       		.uleb128 0x27
 1053 00d3 19       		.uleb128 0x19
 1054 00d4 49       		.uleb128 0x49
 1055 00d5 13       		.uleb128 0x13
 1056 00d6 11       		.uleb128 0x11
 1057 00d7 01       		.uleb128 0x1
 1058 00d8 12       		.uleb128 0x12
 1059 00d9 06       		.uleb128 0x6
 1060 00da 40       		.uleb128 0x40
 1061 00db 18       		.uleb128 0x18
 1062 00dc 9642     		.uleb128 0x2116
 1063 00de 19       		.uleb128 0x19
 1064 00df 01       		.uleb128 0x1
 1065 00e0 13       		.uleb128 0x13
 1066 00e1 00       		.byte	0
 1067 00e2 00       		.byte	0
 1068 00e3 11       		.uleb128 0x11
 1069 00e4 05       		.uleb128 0x5
 1070 00e5 00       		.byte	0
 1071 00e6 03       		.uleb128 0x3
 1072 00e7 0E       		.uleb128 0xe
 1073 00e8 3A       		.uleb128 0x3a
 1074 00e9 0B       		.uleb128 0xb
 1075 00ea 3B       		.uleb128 0x3b
 1076 00eb 05       		.uleb128 0x5
 1077 00ec 49       		.uleb128 0x49
 1078 00ed 13       		.uleb128 0x13
 1079 00ee 02       		.uleb128 0x2
 1080 00ef 18       		.uleb128 0x18
 1081 00f0 00       		.byte	0
 1082 00f1 00       		.byte	0
 1083 00f2 12       		.uleb128 0x12
 1084 00f3 34       		.uleb128 0x34
 1085 00f4 00       		.byte	0
ARM GAS  C:\Users\ikui753\AppData\Local\Temp\ccZtfbce.s 			page 29


 1086 00f5 03       		.uleb128 0x3
 1087 00f6 08       		.uleb128 0x8
 1088 00f7 3A       		.uleb128 0x3a
 1089 00f8 0B       		.uleb128 0xb
 1090 00f9 3B       		.uleb128 0x3b
 1091 00fa 05       		.uleb128 0x5
 1092 00fb 49       		.uleb128 0x49
 1093 00fc 13       		.uleb128 0x13
 1094 00fd 3F       		.uleb128 0x3f
 1095 00fe 19       		.uleb128 0x19
 1096 00ff 3C       		.uleb128 0x3c
 1097 0100 19       		.uleb128 0x19
 1098 0101 00       		.byte	0
 1099 0102 00       		.byte	0
 1100 0103 13       		.uleb128 0x13
 1101 0104 34       		.uleb128 0x34
 1102 0105 00       		.byte	0
 1103 0106 03       		.uleb128 0x3
 1104 0107 0E       		.uleb128 0xe
 1105 0108 3A       		.uleb128 0x3a
 1106 0109 0B       		.uleb128 0xb
 1107 010a 3B       		.uleb128 0x3b
 1108 010b 05       		.uleb128 0x5
 1109 010c 49       		.uleb128 0x49
 1110 010d 13       		.uleb128 0x13
 1111 010e 02       		.uleb128 0x2
 1112 010f 18       		.uleb128 0x18
 1113 0110 00       		.byte	0
 1114 0111 00       		.byte	0
 1115 0112 14       		.uleb128 0x14
 1116 0113 2E       		.uleb128 0x2e
 1117 0114 00       		.byte	0
 1118 0115 3F       		.uleb128 0x3f
 1119 0116 19       		.uleb128 0x19
 1120 0117 03       		.uleb128 0x3
 1121 0118 0E       		.uleb128 0xe
 1122 0119 3A       		.uleb128 0x3a
 1123 011a 0B       		.uleb128 0xb
 1124 011b 3B       		.uleb128 0x3b
 1125 011c 05       		.uleb128 0x5
 1126 011d 27       		.uleb128 0x27
 1127 011e 19       		.uleb128 0x19
 1128 011f 11       		.uleb128 0x11
 1129 0120 01       		.uleb128 0x1
 1130 0121 12       		.uleb128 0x12
 1131 0122 06       		.uleb128 0x6
 1132 0123 40       		.uleb128 0x40
 1133 0124 18       		.uleb128 0x18
 1134 0125 9642     		.uleb128 0x2116
 1135 0127 19       		.uleb128 0x19
 1136 0128 00       		.byte	0
 1137 0129 00       		.byte	0
 1138 012a 15       		.uleb128 0x15
 1139 012b 2E       		.uleb128 0x2e
 1140 012c 01       		.byte	0x1
 1141 012d 3F       		.uleb128 0x3f
 1142 012e 19       		.uleb128 0x19
ARM GAS  C:\Users\ikui753\AppData\Local\Temp\ccZtfbce.s 			page 30


 1143 012f 03       		.uleb128 0x3
 1144 0130 0E       		.uleb128 0xe
 1145 0131 3A       		.uleb128 0x3a
 1146 0132 0B       		.uleb128 0xb
 1147 0133 3B       		.uleb128 0x3b
 1148 0134 05       		.uleb128 0x5
 1149 0135 27       		.uleb128 0x27
 1150 0136 19       		.uleb128 0x19
 1151 0137 8701     		.uleb128 0x87
 1152 0139 19       		.uleb128 0x19
 1153 013a 11       		.uleb128 0x11
 1154 013b 01       		.uleb128 0x1
 1155 013c 12       		.uleb128 0x12
 1156 013d 06       		.uleb128 0x6
 1157 013e 40       		.uleb128 0x40
 1158 013f 18       		.uleb128 0x18
 1159 0140 9642     		.uleb128 0x2116
 1160 0142 19       		.uleb128 0x19
 1161 0143 01       		.uleb128 0x1
 1162 0144 13       		.uleb128 0x13
 1163 0145 00       		.byte	0
 1164 0146 00       		.byte	0
 1165 0147 16       		.uleb128 0x16
 1166 0148 0B       		.uleb128 0xb
 1167 0149 01       		.byte	0x1
 1168 014a 11       		.uleb128 0x11
 1169 014b 01       		.uleb128 0x1
 1170 014c 12       		.uleb128 0x12
 1171 014d 06       		.uleb128 0x6
 1172 014e 00       		.byte	0
 1173 014f 00       		.byte	0
 1174 0150 17       		.uleb128 0x17
 1175 0151 34       		.uleb128 0x34
 1176 0152 00       		.byte	0
 1177 0153 03       		.uleb128 0x3
 1178 0154 08       		.uleb128 0x8
 1179 0155 3A       		.uleb128 0x3a
 1180 0156 0B       		.uleb128 0xb
 1181 0157 3B       		.uleb128 0x3b
 1182 0158 05       		.uleb128 0x5
 1183 0159 49       		.uleb128 0x49
 1184 015a 13       		.uleb128 0x13
 1185 015b 02       		.uleb128 0x2
 1186 015c 18       		.uleb128 0x18
 1187 015d 00       		.byte	0
 1188 015e 00       		.byte	0
 1189 015f 18       		.uleb128 0x18
 1190 0160 2E       		.uleb128 0x2e
 1191 0161 01       		.byte	0x1
 1192 0162 3F       		.uleb128 0x3f
 1193 0163 19       		.uleb128 0x19
 1194 0164 03       		.uleb128 0x3
 1195 0165 0E       		.uleb128 0xe
 1196 0166 3A       		.uleb128 0x3a
 1197 0167 0B       		.uleb128 0xb
 1198 0168 3B       		.uleb128 0x3b
 1199 0169 05       		.uleb128 0x5
ARM GAS  C:\Users\ikui753\AppData\Local\Temp\ccZtfbce.s 			page 31


 1200 016a 27       		.uleb128 0x27
 1201 016b 19       		.uleb128 0x19
 1202 016c 11       		.uleb128 0x11
 1203 016d 01       		.uleb128 0x1
 1204 016e 12       		.uleb128 0x12
 1205 016f 06       		.uleb128 0x6
 1206 0170 40       		.uleb128 0x40
 1207 0171 18       		.uleb128 0x18
 1208 0172 9642     		.uleb128 0x2116
 1209 0174 19       		.uleb128 0x19
 1210 0175 01       		.uleb128 0x1
 1211 0176 13       		.uleb128 0x13
 1212 0177 00       		.byte	0
 1213 0178 00       		.byte	0
 1214 0179 19       		.uleb128 0x19
 1215 017a 34       		.uleb128 0x34
 1216 017b 00       		.byte	0
 1217 017c 03       		.uleb128 0x3
 1218 017d 0E       		.uleb128 0xe
 1219 017e 3A       		.uleb128 0x3a
 1220 017f 0B       		.uleb128 0xb
 1221 0180 3B       		.uleb128 0x3b
 1222 0181 0B       		.uleb128 0xb
 1223 0182 49       		.uleb128 0x49
 1224 0183 13       		.uleb128 0x13
 1225 0184 02       		.uleb128 0x2
 1226 0185 18       		.uleb128 0x18
 1227 0186 00       		.byte	0
 1228 0187 00       		.byte	0
 1229 0188 1A       		.uleb128 0x1a
 1230 0189 34       		.uleb128 0x34
 1231 018a 00       		.byte	0
 1232 018b 03       		.uleb128 0x3
 1233 018c 0E       		.uleb128 0xe
 1234 018d 3A       		.uleb128 0x3a
 1235 018e 0B       		.uleb128 0xb
 1236 018f 3B       		.uleb128 0x3b
 1237 0190 0B       		.uleb128 0xb
 1238 0191 49       		.uleb128 0x49
 1239 0192 13       		.uleb128 0x13
 1240 0193 3F       		.uleb128 0x3f
 1241 0194 19       		.uleb128 0x19
 1242 0195 3C       		.uleb128 0x3c
 1243 0196 19       		.uleb128 0x19
 1244 0197 00       		.byte	0
 1245 0198 00       		.byte	0
 1246 0199 1B       		.uleb128 0x1b
 1247 019a 01       		.uleb128 0x1
 1248 019b 01       		.byte	0x1
 1249 019c 49       		.uleb128 0x49
 1250 019d 13       		.uleb128 0x13
 1251 019e 01       		.uleb128 0x1
 1252 019f 13       		.uleb128 0x13
 1253 01a0 00       		.byte	0
 1254 01a1 00       		.byte	0
 1255 01a2 1C       		.uleb128 0x1c
 1256 01a3 21       		.uleb128 0x21
ARM GAS  C:\Users\ikui753\AppData\Local\Temp\ccZtfbce.s 			page 32


 1257 01a4 00       		.byte	0
 1258 01a5 49       		.uleb128 0x49
 1259 01a6 13       		.uleb128 0x13
 1260 01a7 2F       		.uleb128 0x2f
 1261 01a8 0B       		.uleb128 0xb
 1262 01a9 00       		.byte	0
 1263 01aa 00       		.byte	0
 1264 01ab 1D       		.uleb128 0x1d
 1265 01ac 34       		.uleb128 0x34
 1266 01ad 00       		.byte	0
 1267 01ae 03       		.uleb128 0x3
 1268 01af 0E       		.uleb128 0xe
 1269 01b0 3A       		.uleb128 0x3a
 1270 01b1 0B       		.uleb128 0xb
 1271 01b2 3B       		.uleb128 0x3b
 1272 01b3 0B       		.uleb128 0xb
 1273 01b4 49       		.uleb128 0x49
 1274 01b5 13       		.uleb128 0x13
 1275 01b6 3F       		.uleb128 0x3f
 1276 01b7 19       		.uleb128 0x19
 1277 01b8 02       		.uleb128 0x2
 1278 01b9 18       		.uleb128 0x18
 1279 01ba 00       		.byte	0
 1280 01bb 00       		.byte	0
 1281 01bc 1E       		.uleb128 0x1e
 1282 01bd 21       		.uleb128 0x21
 1283 01be 00       		.byte	0
 1284 01bf 00       		.byte	0
 1285 01c0 00       		.byte	0
 1286 01c1 1F       		.uleb128 0x1f
 1287 01c2 34       		.uleb128 0x34
 1288 01c3 00       		.byte	0
 1289 01c4 03       		.uleb128 0x3
 1290 01c5 0E       		.uleb128 0xe
 1291 01c6 3A       		.uleb128 0x3a
 1292 01c7 0B       		.uleb128 0xb
 1293 01c8 3B       		.uleb128 0x3b
 1294 01c9 05       		.uleb128 0x5
 1295 01ca 49       		.uleb128 0x49
 1296 01cb 13       		.uleb128 0x13
 1297 01cc 3F       		.uleb128 0x3f
 1298 01cd 19       		.uleb128 0x19
 1299 01ce 02       		.uleb128 0x2
 1300 01cf 18       		.uleb128 0x18
 1301 01d0 00       		.byte	0
 1302 01d1 00       		.byte	0
 1303 01d2 00       		.byte	0
 1304              		.section	.debug_aranges,"",%progbits
 1305 0000 44000000 		.4byte	0x44
 1306 0004 0200     		.2byte	0x2
 1307 0006 00000000 		.4byte	.Ldebug_info0
 1308 000a 04       		.byte	0x4
 1309 000b 00       		.byte	0
 1310 000c 0000     		.2byte	0
 1311 000e 0000     		.2byte	0
 1312 0010 00000000 		.4byte	.LFB0
 1313 0014 14000000 		.4byte	.LFE0-.LFB0
ARM GAS  C:\Users\ikui753\AppData\Local\Temp\ccZtfbce.s 			page 33


 1314 0018 00000000 		.4byte	.LFB1
 1315 001c 14000000 		.4byte	.LFE1-.LFB1
 1316 0020 00000000 		.4byte	.LFB2
 1317 0024 50000000 		.4byte	.LFE2-.LFB2
 1318 0028 00000000 		.4byte	.LFB3
 1319 002c 18000000 		.4byte	.LFE3-.LFB3
 1320 0030 00000000 		.4byte	.LFB4
 1321 0034 98000000 		.4byte	.LFE4-.LFB4
 1322 0038 00000000 		.4byte	.LFB5
 1323 003c 90000000 		.4byte	.LFE5-.LFB5
 1324 0040 00000000 		.4byte	0
 1325 0044 00000000 		.4byte	0
 1326              		.section	.debug_ranges,"",%progbits
 1327              	.Ldebug_ranges0:
 1328 0000 00000000 		.4byte	.LFB0
 1329 0004 14000000 		.4byte	.LFE0
 1330 0008 00000000 		.4byte	.LFB1
 1331 000c 14000000 		.4byte	.LFE1
 1332 0010 00000000 		.4byte	.LFB2
 1333 0014 50000000 		.4byte	.LFE2
 1334 0018 00000000 		.4byte	.LFB3
 1335 001c 18000000 		.4byte	.LFE3
 1336 0020 00000000 		.4byte	.LFB4
 1337 0024 98000000 		.4byte	.LFE4
 1338 0028 00000000 		.4byte	.LFB5
 1339 002c 90000000 		.4byte	.LFE5
 1340 0030 00000000 		.4byte	0
 1341 0034 00000000 		.4byte	0
 1342              		.section	.debug_line,"",%progbits
 1343              	.Ldebug_line0:
 1344 0000 D8010000 		.section	.debug_str,"MS",%progbits,1
 1344      0200D200 
 1344      00000201 
 1344      FB0E0D00 
 1344      01010101 
 1345              	.LASF16:
 1346 0000 72656733 		.ascii	"reg32\000"
 1346      3200
 1347              	.LASF9:
 1348 0006 73697A65 		.ascii	"size_t\000"
 1348      5F7400
 1349              	.LASF40:
 1350 000d 43795261 		.ascii	"CyRamVectors\000"
 1350      6D566563 
 1350      746F7273 
 1350      00
 1351              	.LASF44:
 1352 001a 474E5520 		.ascii	"GNU C99 5.4.1 20160609 (release) [ARM/embedded-5-br"
 1352      43393920 
 1352      352E342E 
 1352      31203230 
 1352      31363036 
 1353 004d 616E6368 		.ascii	"anch revision 237715] -mcpu=cortex-m3 -mthumb -g -O"
 1353      20726576 
 1353      6973696F 
 1353      6E203233 
 1353      37373135 
ARM GAS  C:\Users\ikui753\AppData\Local\Temp\ccZtfbce.s 			page 34


 1354 0080 30202D73 		.ascii	"0 -std=c99 -ffunction-sections -ffat-lto-objects\000"
 1354      74643D63 
 1354      3939202D 
 1354      6666756E 
 1354      6374696F 
 1355              	.LASF31:
 1356 00b1 53746172 		.ascii	"Start_c\000"
 1356      745F6300 
 1357              	.LASF35:
 1358 00b9 636F756E 		.ascii	"count\000"
 1358      7400
 1359              	.LASF27:
 1360 00bf 68656170 		.ascii	"heapPointer\000"
 1360      506F696E 
 1360      74657200 
 1361              	.LASF3:
 1362 00cb 73686F72 		.ascii	"short unsigned int\000"
 1362      7420756E 
 1362      7369676E 
 1362      65642069 
 1362      6E7400
 1363              	.LASF42:
 1364 00de 5F5F6379 		.ascii	"__cy_region_num\000"
 1364      5F726567 
 1364      696F6E5F 
 1364      6E756D00 
 1365              	.LASF20:
 1366 00ee 696E6974 		.ascii	"init\000"
 1366      00
 1367              	.LASF24:
 1368 00f3 73746174 		.ascii	"status\000"
 1368      757300
 1369              	.LASF23:
 1370 00fa 7A65726F 		.ascii	"zero_size\000"
 1370      5F73697A 
 1370      6500
 1371              	.LASF33:
 1372 0104 72707472 		.ascii	"rptr\000"
 1372      00
 1373              	.LASF12:
 1374 0109 666C6F61 		.ascii	"float\000"
 1374      7400
 1375              	.LASF21:
 1376 010f 64617461 		.ascii	"data\000"
 1376      00
 1377              	.LASF1:
 1378 0114 756E7369 		.ascii	"unsigned char\000"
 1378      676E6564 
 1378      20636861 
 1378      7200
 1379              	.LASF26:
 1380 0122 72657475 		.ascii	"returnValue\000"
 1380      726E5661 
 1380      6C756500 
 1381              	.LASF43:
 1382 012e 526F6D56 		.ascii	"RomVectors\000"
 1382      6563746F 
ARM GAS  C:\Users\ikui753\AppData\Local\Temp\ccZtfbce.s 			page 35


 1382      727300
 1383              	.LASF5:
 1384 0139 6C6F6E67 		.ascii	"long unsigned int\000"
 1384      20756E73 
 1384      69676E65 
 1384      6420696E 
 1384      7400
 1385              	.LASF38:
 1386 014b 63795379 		.ascii	"cySysNoInitDataValid\000"
 1386      734E6F49 
 1386      6E697444 
 1386      61746156 
 1386      616C6964 
 1387              	.LASF10:
 1388 0160 75696E74 		.ascii	"uint8\000"
 1388      3800
 1389              	.LASF29:
 1390 0166 52657365 		.ascii	"Reset\000"
 1390      7400
 1391              	.LASF36:
 1392 016c 5F657869 		.ascii	"_exit\000"
 1392      7400
 1393              	.LASF45:
 1394 0172 47656E65 		.ascii	"Generated_Source\\PSoC5\\Cm3Start.c\000"
 1394      72617465 
 1394      645F536F 
 1394      75726365 
 1394      5C50536F 
 1395              	.LASF30:
 1396 0194 5F736272 		.ascii	"_sbrk\000"
 1396      6B00
 1397              	.LASF13:
 1398 019a 646F7562 		.ascii	"double\000"
 1398      6C6500
 1399              	.LASF46:
 1400 01a1 483A5C44 		.ascii	"H:\\Documents\\GitHub\\301-Robot\\psoc student pack"
 1400      6F63756D 
 1400      656E7473 
 1400      5C476974 
 1400      4875625C 
 1401 01d0 5C70736F 		.ascii	"\\psoc_code_base\\CS301_Class.cydsn\000"
 1401      635F636F 
 1401      64655F62 
 1401      6173655C 
 1401      43533330 
 1402              	.LASF37:
 1403 01f2 696E6974 		.ascii	"initialize_psoc\000"
 1403      69616C69 
 1403      7A655F70 
 1403      736F6300 
 1404              	.LASF11:
 1405 0202 75696E74 		.ascii	"uint32\000"
 1405      333200
 1406              	.LASF8:
 1407 0209 756E7369 		.ascii	"unsigned int\000"
 1407      676E6564 
 1407      20696E74 
ARM GAS  C:\Users\ikui753\AppData\Local\Temp\ccZtfbce.s 			page 36


 1407      00
 1408              	.LASF7:
 1409 0216 6C6F6E67 		.ascii	"long long unsigned int\000"
 1409      206C6F6E 
 1409      6720756E 
 1409      7369676E 
 1409      65642069 
 1410              	.LASF34:
 1411 022d 6C696D69 		.ascii	"limit\000"
 1411      7400
 1412              	.LASF17:
 1413 0233 63796973 		.ascii	"cyisraddress\000"
 1413      72616464 
 1413      72657373 
 1413      00
 1414              	.LASF22:
 1415 0240 696E6974 		.ascii	"init_size\000"
 1415      5F73697A 
 1415      6500
 1416              	.LASF19:
 1417 024a 5F5F6379 		.ascii	"__cy_byte_align8\000"
 1417      5F627974 
 1417      655F616C 
 1417      69676E38 
 1417      00
 1418              	.LASF15:
 1419 025b 72656738 		.ascii	"reg8\000"
 1419      00
 1420              	.LASF18:
 1421 0260 73697A65 		.ascii	"sizetype\000"
 1421      74797065 
 1421      00
 1422              	.LASF6:
 1423 0269 6C6F6E67 		.ascii	"long long int\000"
 1423      206C6F6E 
 1423      6720696E 
 1423      7400
 1424              	.LASF14:
 1425 0277 63686172 		.ascii	"char\000"
 1425      00
 1426              	.LASF2:
 1427 027c 73686F72 		.ascii	"short int\000"
 1427      7420696E 
 1427      7400
 1428              	.LASF4:
 1429 0286 6C6F6E67 		.ascii	"long int\000"
 1429      20696E74 
 1429      00
 1430              	.LASF39:
 1431 028f 43795265 		.ascii	"CyResetStatus\000"
 1431      73657453 
 1431      74617475 
 1431      7300
 1432              	.LASF0:
 1433 029d 7369676E 		.ascii	"signed char\000"
 1433      65642063 
 1433      68617200 
ARM GAS  C:\Users\ikui753\AppData\Local\Temp\ccZtfbce.s 			page 37


 1434              	.LASF28:
 1435 02a9 496E7444 		.ascii	"IntDefaultHandler\000"
 1435      65666175 
 1435      6C744861 
 1435      6E646C65 
 1435      7200
 1436              	.LASF41:
 1437 02bb 5F5F6379 		.ascii	"__cy_regions\000"
 1437      5F726567 
 1437      696F6E73 
 1437      00
 1438              	.LASF32:
 1439 02c8 72656769 		.ascii	"regions\000"
 1439      6F6E7300 
 1440              	.LASF25:
 1441 02d0 6E627974 		.ascii	"nbytes\000"
 1441      657300
 1442              	.LASF47:
 1443 02d7 5F5F6379 		.ascii	"__cy_region\000"
 1443      5F726567 
 1443      696F6E00 
 1444              		.ident	"GCC: (GNU Tools for ARM Embedded Processors) 5.4.1 20160609 (release) [ARM/embedded-5-bran
