Archive member included to satisfy reference by file (symbol)

.\CortexM3\ARM_GCC_541\Debug\CS301_Class.a(USBUART_drv.o)
                              .\CortexM3\ARM_GCC_541\Debug\usbUART.o (USBUART_EP)
.\CortexM3\ARM_GCC_541\Debug\CS301_Class.a(USBUART_episr.o)
                              .\CortexM3\ARM_GCC_541\Debug\usbUART.o (USBUART_EP_1_ISR)
.\CortexM3\ARM_GCC_541\Debug\CS301_Class.a(USBUART_pm.o)
                              .\CortexM3\ARM_GCC_541\Debug\usbUART.o (USBUART_DP_ISR)
.\CortexM3\ARM_GCC_541\Debug\CS301_Class.a(USBUART_std.o)
                              .\CortexM3\ARM_GCC_541\Debug\CS301_Class.a(USBUART_drv.o) (USBUART_HandleStandardRqst)
.\CortexM3\ARM_GCC_541\Debug\CS301_Class.a(USBUART_vnd.o)
                              .\CortexM3\ARM_GCC_541\Debug\CS301_Class.a(USBUART_drv.o) (USBUART_HandleVendorRqst)
.\CortexM3\ARM_GCC_541\Debug\CS301_Class.a(USBUART_Dp.o)
                              .\CortexM3\ARM_GCC_541\Debug\usbUART.o (USBUART_Dp_ClearInterrupt)
.\CortexM3\ARM_GCC_541\Debug\CS301_Class.a(CyLib.o)
                              .\CortexM3\ARM_GCC_541\Debug\Cm3Start.o (CyResetStatus)
.\CortexM3\ARM_GCC_541\Debug\CS301_Class.a(cyPm.o)
                              .\CortexM3\ARM_GCC_541\Debug\CS301_Class.a(CyLib.o) (CyPmReadStatus)
.\CortexM3\ARM_GCC_541\Debug\CS301_Class.a(PWM_1.o)
                              .\CortexM3\ARM_GCC_541\Debug\initialise.o (PWM_1_Start)
.\CortexM3\ARM_GCC_541\Debug\CS301_Class.a(Clock_PWM.o)
                              .\CortexM3\ARM_GCC_541\Debug\initialise.o (Clock_PWM_Start)
.\CortexM3\ARM_GCC_541\Debug\CS301_Class.a(PWM_2.o)
                              .\CortexM3\ARM_GCC_541\Debug\initialise.o (PWM_2_Start)
.\CortexM3\ARM_GCC_541\Debug\CS301_Class.a(LED.o)
                              .\CortexM3\ARM_GCC_541\Debug\movement.o (LED_Write)
.\CortexM3\ARM_GCC_541\Debug\CS301_Class.a(QuadDec_M1.o)
                              .\CortexM3\ARM_GCC_541\Debug\initialise.o (QuadDec_M1_Start)
.\CortexM3\ARM_GCC_541\Debug\CS301_Class.a(QuadDec_M2.o)
                              .\CortexM3\ARM_GCC_541\Debug\main.o (QuadDec_M2_Start)
.\CortexM3\ARM_GCC_541\Debug\CS301_Class.a(QuadDec_M1_Cnt16.o)
                              .\CortexM3\ARM_GCC_541\Debug\CS301_Class.a(QuadDec_M1.o) (QuadDec_M1_Cnt16_WriteCounter)
.\CortexM3\ARM_GCC_541\Debug\CS301_Class.a(QuadDec_M2_Cnt16.o)
                              .\CortexM3\ARM_GCC_541\Debug\CS301_Class.a(QuadDec_M2.o) (QuadDec_M2_Cnt16_WriteCounter)
.\CortexM3\ARM_GCC_541\Debug\CS301_Class.a(RF_BT_SELECT.o)
                              .\CortexM3\ARM_GCC_541\Debug\main.o (RF_BT_SELECT_Write)
.\CortexM3\ARM_GCC_541\Debug\CS301_Class.a(SpeedTimer.o)
                              .\CortexM3\ARM_GCC_541\Debug\initialise.o (SpeedTimer_Start)
.\CortexM3\ARM_GCC_541\Debug\CS301_Class.a(SpeedClock.o)
                              .\CortexM3\ARM_GCC_541\Debug\initialise.o (SpeedClock_Start)
.\CortexM3\ARM_GCC_541\Debug\CS301_Class.a(Timer_LED.o)
                              .\CortexM3\ARM_GCC_541\Debug\main.o (Timer_LED_Start)
.\CortexM3\ARM_GCC_541\Debug\CS301_Class.a(isr_Timer_LED.o)
                              .\CortexM3\ARM_GCC_541\Debug\main.o (isr_Timer_LED_StartEx)
.\CortexM3\ARM_GCC_541\Debug\CS301_Class.a(S1_detected.o)
                              .\CortexM3\ARM_GCC_541\Debug\main.o (S1_detected_StartEx)
.\CortexM3\ARM_GCC_541\Debug\CS301_Class.a(S2_detected.o)
                              .\CortexM3\ARM_GCC_541\Debug\main.o (S2_detected_StartEx)
.\CortexM3\ARM_GCC_541\Debug\CS301_Class.a(S3_detected.o)
                              .\CortexM3\ARM_GCC_541\Debug\main.o (S3_detected_StartEx)
.\CortexM3\ARM_GCC_541\Debug\CS301_Class.a(S4_detected.o)
                              .\CortexM3\ARM_GCC_541\Debug\main.o (S4_detected_StartEx)
.\CortexM3\ARM_GCC_541\Debug\CS301_Class.a(S5_detected.o)
                              .\CortexM3\ARM_GCC_541\Debug\main.o (S5_detected_StartEx)
.\CortexM3\ARM_GCC_541\Debug\CS301_Class.a(S6_detected.o)
                              .\CortexM3\ARM_GCC_541\Debug\main.o (S6_detected_StartEx)
.\CortexM3\ARM_GCC_541\Debug\CS301_Class.a(CyBootAsmGnu.o)
                              .\CortexM3\ARM_GCC_541\Debug\usbUART.o (CyDelayCycles)
.\CortexM3\ARM_GCC_541\Debug\CS301_Class.a(USBUART_cdc.o)
                              .\CortexM3\ARM_GCC_541\Debug\CS301_Class.a(USBUART_std.o) (USBUART_Cdc_EpInit)
.\CortexM3\ARM_GCC_541\Debug\CS301_Class.a(USBUART_cls.o)
                              .\CortexM3\ARM_GCC_541\Debug\CS301_Class.a(USBUART_drv.o) (USBUART_DispatchClassRqst)
.\CortexM3\ARM_GCC_541\Debug\CS301_Class.a(USBUART_descr.o)
                              .\CortexM3\ARM_GCC_541\Debug\CS301_Class.a(USBUART_std.o) (USBUART_DEVICE0_DESCR)
.\CortexM3\ARM_GCC_541\Debug\CS301_Class.a(CyFlash.o)
                              .\CortexM3\ARM_GCC_541\Debug\CS301_Class.a(cyPm.o) (CyFlash_SetWaitCycles)
.\CortexM3\ARM_GCC_541\Debug\CS301_Class.a(CySpc.o)
[...]
Memory Configuration

Name             Origin             Length             Attributes
rom              0x00000000         0x00040000         xr
ram              0x1fff8000         0x00010000         xrw
*default*        0x00000000         0xffffffff

Linker script and memory map

LOAD c:/program files (x86)/cypress/psoc creator/4.2/psoc creator/import/gnu/arm/5.4.1/bin/../lib/gcc/arm-none-eabi/5.4.1/armv7-m/crti.o
LOAD c:/program files (x86)/cypress/psoc creator/4.2/psoc creator/import/gnu/arm/5.4.1/bin/../lib/gcc/arm-none-eabi/5.4.1/armv7-m/crtbegin.o
LOAD c:/program files (x86)/cypress/psoc creator/4.2/psoc creator/import/gnu/arm/5.4.1/bin/../lib/gcc/arm-none-eabi/5.4.1/../../../../arm-none-eabi/lib/armv7-m/crt0.o
START GROUP
LOAD .\CortexM3\ARM_GCC_541\Debug\main.o
LOAD .\CortexM3\ARM_GCC_541\Debug\tacho.o
LOAD .\CortexM3\ARM_GCC_541\Debug\initialise.o
LOAD .\CortexM3\ARM_GCC_541\Debug\pathfinding.o
LOAD .\CortexM3\ARM_GCC_541\Debug\movement.o
LOAD .\CortexM3\ARM_GCC_541\Debug\usbUART.o
LOAD .\CortexM3\ARM_GCC_541\Debug\cyfitter_cfg.o
LOAD .\CortexM3\ARM_GCC_541\Debug\cymetadata.o
LOAD .\CortexM3\ARM_GCC_541\Debug\Cm3Start.o
LOAD .\CortexM3\ARM_GCC_541\Debug\CS301_Class.a
LOAD C:\Program Files (x86)\Cypress\PSoC Creator\4.2\PSoC Creator\psoc\content\cycomponentlibrary\CyComponentLibrary.cylib\CortexM3\ARM_GCC_541\Debug\CyComponentLibrary.a
END GROUP
START GROUP
LOAD c:/program files (x86)/cypress/psoc creator/4.2/psoc creator/import/gnu/arm/5.4.1/bin/../lib/gcc/arm-none-eabi/5.4.1/armv7-m\libgcc.a
LOAD c:/program files (x86)/cypress/psoc creator/4.2/psoc creator/import/gnu/arm/5.4.1/bin/../lib/gcc/arm-none-eabi/5.4.1/../../../../arm-none-eabi/lib/armv7-m\libg_nano.a
LOAD c:/program files (x86)/cypress/psoc creator/4.2/psoc creator/import/gnu/arm/5.4.1/bin/../lib/gcc/arm-none-eabi/5.4.1/../../../../arm-none-eabi/lib/armv7-m\libc_nano.a
END GROUP
START GROUP
LOAD c:/program files (x86)/cypress/psoc creator/4.2/psoc creator/import/gnu/arm/5.4.1/bin/../lib/gcc/arm-none-eabi/5.4.1/armv7-m\libgcc.a
LOAD c:/program files (x86)/cypress/psoc creator/4.2/psoc creator/import/gnu/arm/5.4.1/bin/../lib/gcc/arm-none-eabi/5.4.1/../../../../arm-none-eabi/lib/armv7-m\libc_nano.a
END GROUP
LOAD c:/program files (x86)/cypress/psoc creator/4.2/psoc creator/import/gnu/arm/5.4.1/bin/../lib/gcc/arm-none-eabi/5.4.1/armv7-m/crtend.o
LOAD c:/program files (x86)/cypress/psoc creator/4.2/psoc creator/import/gnu/arm/5.4.1/bin/../lib/gcc/arm-none-eabi/5.4.1/armv7-m/crtn.o
START GROUP
LOAD c:/program files (x86)/cypress/psoc creator/4.2/psoc creator/import/gnu/arm/5.4.1/bin/../lib/gcc/arm-none-eabi/5.4.1/armv7-m\libgcc.a
LOAD c:/program files (x86)/cypress/psoc creator/4.2/psoc creator/import/gnu/arm/5.4.1/bin/../lib/gcc/arm-none-eabi/5.4.1/../../../../arm-none-eabi/lib/armv7-m\libc.a
LOAD c:/program files (x86)/cypress/psoc creator/4.2/psoc creator/import/gnu/arm/5.4.1/bin/../lib/gcc/arm-none-eabi/5.4.1/../../../../arm-none-eabi/lib/armv7-m\libnosys.a
END GROUP
                0x00000000                CY_APPL_ORIGIN = 0x0
                0x00000100                CY_FLASH_ROW_SIZE = 0x100
                0x00000020                CY_ECC_ROW_SIZE = 0x20
                0x00000000                CY_EE_IN_BTLDR = 0x0
                0x00000000                CY_APPL_LOADABLE = 0x0
                0x00000800                CY_EE_SIZE = 0x800
                0x00000001                CY_APPL_NUM = 0x1
                0x00000001                CY_APPL_MAX = 0x1
                0x00000040                CY_METADATA_SIZE = 0x40
                0x00000000                CY_APPL_LOADABLE = 0x0
                0x00000000                CY_CHECKSUM_EXCLUDE_SIZE = ALIGN (0x0, CY_FLASH_ROW_SIZE)
                [!provide]                PROVIDE (__cy_heap_start, _end)
                0x00000001                PROVIDE (__cy_region_num, ((__cy_regions_end - __cy_regions) / 0x10))
                0x20008000                PROVIDE (__cy_stack, (ORIGIN (ram) + LENGTH (ram)))
                [!provide]                PROVIDE (__cy_heap_end, (__cy_stack - 0x800))

.cybootloader   0x00000000        0x0
 *(.cybootloader)
                0x00000000                appl1_start = CY_APPL_ORIGIN?CY_APPL_ORIGIN:ALIGN (CY_FLASH_ROW_SIZE)
                0x0001ff00                appl2_start = (appl1_start + ALIGN ((((LENGTH (rom) - appl1_start) - (0x2 * CY_FLASH_ROW_SIZE)) / 0x2), CY_FLASH_ROW_SIZE))
                0x00000000                appl_start = (CY_APPL_NUM == 0x1)?appl1_start:appl2_start
                0x00000000                ecc_offset = ((appl_start / CY_FLASH_ROW_SIZE) * CY_ECC_ROW_SIZE)
                0x00000000                ee_offset = (CY_APPL_LOADABLE && ! (CY_EE_IN_BTLDR))?((CY_EE_SIZE / CY_APPL_MAX) * (CY_APPL_NUM - 0x1)):0x0
                0x00000800                ee_size = (CY_APPL_LOADABLE && ! (CY_EE_IN_BTLDR))?(CY_EE_SIZE / CY_APPL_MAX):CY_EE_SIZE
                [!provide]                PROVIDE (CY_ECC_OFFSET, ecc_offset)

.text           0x00000000     0x457e
 CREATE_OBJECT_SYMBOLS
                0x00000000                PROVIDE (__cy_interrupt_vector, RomVectors)
 *(.romvectors)
 .romvectors    0x00000000       0x10 .\CortexM3\ARM_GCC_541\Debug\Cm3Start.o
                0x00000000                RomVectors
                0x00000001                ASSERT ((. != __cy_interrupt_vector), No interrupt vector)
                0x00000001                ASSERT (CY_APPL_ORIGIN?(SIZEOF (.cybootloader) <= CY_APPL_ORIGIN):0x1, Wrong image location)
                0x00000010                PROVIDE (__cy_reset, Reset)
 *(.text.Reset)
 .text.Reset    0x00000010       0x18 .\CortexM3\ARM_GCC_541\Debug\Cm3Start.o
                0x00000010                Reset
                0x00000001                ASSERT ((. != __cy_reset), No reset code)
 *(.dma_init)
                0x00000001                ASSERT ((((appl_start + .) <= 0x10000) || 0x1), DMA Init must be within the first 64k of flash)
 *(.text .text.* .gnu.linkonce.t.*)
 .text          0x00000028       0x5c c:/program files (x86)/cypress/psoc creator/4.2/psoc creator/import/gnu/arm/5.4.1/bin/../lib/gcc/arm-none-eabi/5.4.1/armv7-m/crtbegin.o
 .text.S1_DETECTED
                0x00000084       0x18 .\CortexM3\ARM_GCC_541\Debug\main.o
                0x00000084                S1_DETECTED
 .text.S2_DETECTED
                0x0000009c       0x18 .\CortexM3\ARM_GCC_541\Debug\main.o
                0x0000009c                S2_DETECTED
 .text.S3_DETECTED
                0x000000b4       0x18 .\CortexM3\ARM_GCC_541\Debug\main.o
                0x000000b4                S3_DETECTED
 .text.S4_DETECTED
                0x000000cc       0x18 .\CortexM3\ARM_GCC_541\Debug\main.o
                0x000000cc                S4_DETECTED
 .text.S5_DETECTED
                0x000000e4       0x18 .\CortexM3\ARM_GCC_541\Debug\main.o
                0x000000e4                S5_DETECTED
 .text.S6_DETECTED
                0x000000fc       0x18 .\CortexM3\ARM_GCC_541\Debug\main.o
                0x000000fc                S6_DETECTED
 .text.TIMER_FINISH
                0x00000114       0x14 .\CortexM3\ARM_GCC_541\Debug\main.o
                0x00000114                TIMER_FINISH
 .text.main     0x00000128       0x9c .\CortexM3\ARM_GCC_541\Debug\main.o
                0x00000128                main
 .text.quadCountToRPM
                0x000001c4       0x54 .\CortexM3\ARM_GCC_541\Debug\main.o
                0x000001c4                quadCountToRPM
 .text.ResetSensorFlags
                0x00000218       0x48 .\CortexM3\ARM_GCC_541\Debug\main.o
                0x00000218                ResetSensorFlags
 .text.CheckSensorDirection
                0x00000260      0x160 .\CortexM3\ARM_GCC_541\Debug\main.o
                0x00000260                CheckSensorDirection
 .text.SetRobotMovement
                0x000003c0       0x7c .\CortexM3\ARM_GCC_541\Debug\main.o
                0x000003c0                SetRobotMovement
 .text.init     0x0000043c       0x34 .\CortexM3\ARM_GCC_541\Debug\initialise.o
                0x0000043c                init
 .text.stopMoving
                0x00000470       0x18 .\CortexM3\ARM_GCC_541\Debug\movement.o
                0x00000470                stopMoving
 .text.moveForwardForSpecifiedCount
                0x00000488       0x40 .\CortexM3\ARM_GCC_541\Debug\movement.o
                0x00000488                moveForwardForSpecifiedCount
 .text.keepRotatingClockwise
                0x000004c8       0x18 .\CortexM3\ARM_GCC_541\Debug\movement.o
                0x000004c8                keepRotatingClockwise
 .text.keepRotatingAntiClockwise
                0x000004e0       0x28 .\CortexM3\ARM_GCC_541\Debug\movement.o
                0x000004e0                keepRotatingAntiClockwise
 .text.moveForward
                0x00000508       0x18 .\CortexM3\ARM_GCC_541\Debug\movement.o
                0x00000508                moveForward
 .text.USBUART_Start
                0x00000520       0x3c .\CortexM3\ARM_GCC_541\Debug\usbUART.o
                0x00000520                USBUART_Start
 .text.USBUART_Init
                0x0000055c      0x1a4 .\CortexM3\ARM_GCC_541\Debug\usbUART.o
                0x0000055c                USBUART_Init
 .text.USBUART_InitComponent
                0x00000700      0x104 .\CortexM3\ARM_GCC_541\Debug\usbUART.o
                0x00000700                USBUART_InitComponent
 .text.USBUART_ReInitComponent
                0x00000804       0x68 .\CortexM3\ARM_GCC_541\Debug\usbUART.o
                0x00000804                USBUART_ReInitComponent
 .text.CYMEMZERO
                0x0000086c       0x1c .\CortexM3\ARM_GCC_541\Debug\cyfitter_cfg.o
 .text.CYCONFIGCPY
                0x00000888       0x20 .\CortexM3\ARM_GCC_541\Debug\cyfitter_cfg.o
 .text.CyClockStartupError
                0x000008a8        0xc .\CortexM3\ARM_GCC_541\Debug\cyfitter_cfg.o
 .text.cfg_write_bytes32
                0x000008b4       0x74 .\CortexM3\ARM_GCC_541\Debug\cyfitter_cfg.o
 .text.ClockSetup
                0x00000928      0x158 .\CortexM3\ARM_GCC_541\Debug\cyfitter_cfg.o
 .text.AnalogSetDefault
                0x00000a80       0x44 .\CortexM3\ARM_GCC_541\Debug\cyfitter_cfg.o
 .text.cyfitter_cfg
                0x00000ac4      0x1c8 .\CortexM3\ARM_GCC_541\Debug\cyfitter_cfg.o
                0x00000ac4                cyfitter_cfg
 .text.IntDefaultHandler
                0x00000c8c       0x14 .\CortexM3\ARM_GCC_541\Debug\Cm3Start.o
                0x00000c8c                IntDefaultHandler
 .text.Start_c  0x00000ca0       0x98 .\CortexM3\ARM_GCC_541\Debug\Cm3Start.o
                0x00000ca0                Start_c
 .text.initialize_psoc
                0x00000d38       0x90 .\CortexM3\ARM_GCC_541\Debug\Cm3Start.o
                0x00000d38                initialize_psoc
 .text.USBUART_EP_0_ISR
                0x00000dc8       0xf8 .\CortexM3\ARM_GCC_541\Debug\CS301_Class.a(USBUART_drv.o)
                0x00000dc8                USBUART_EP_0_ISR
 .text.USBUART_HandleSetup
                0x00000ec0       0x88 .\CortexM3\ARM_GCC_541\Debug\CS301_Class.a(USBUART_drv.o)
                0x00000ec0                USBUART_HandleSetup
 .text.USBUART_HandleIN
                0x00000f48       0x4c .\CortexM3\ARM_GCC_541\Debug\CS301_Class.a(USBUART_drv.o)
                0x00000f48                USBUART_HandleIN
 .text.USBUART_HandleOUT
                0x00000f94       0x58 .\CortexM3\ARM_GCC_541\Debug\CS301_Class.a(USBUART_drv.o)
                0x00000f94                USBUART_HandleOUT
 .text.USBUART_LoadEP0
                0x00000fec       0xd0 .\CortexM3\ARM_GCC_541\Debug\CS301_Class.a(USBUART_drv.o)
                0x00000fec                USBUART_LoadEP0
 .text.USBUART_InitControlRead
                0x000010bc       0x70 .\CortexM3\ARM_GCC_541\Debug\CS301_Class.a(USBUART_drv.o)
                0x000010bc                USBUART_InitControlRead
 .text.USBUART_InitZeroLengthControlTransfer
                0x0000112c       0x40 .\CortexM3\ARM_GCC_541\Debug\CS301_Class.a(USBUART_drv.o)
                0x0000112c                USBUART_InitZeroLengthControlTransfer
 .text.USBUART_ControlReadDataStage
                0x0000116c        0xc .\CortexM3\ARM_GCC_541\Debug\CS301_Class.a(USBUART_drv.o)
                0x0000116c                USBUART_ControlReadDataStage
 .text.USBUART_ControlReadStatusStage
                0x00001178       0x40 .\CortexM3\ARM_GCC_541\Debug\CS301_Class.a(USBUART_drv.o)
                0x00001178                USBUART_ControlReadStatusStage
 .text.USBUART_InitControlWrite
                0x000011b8       0x64 .\CortexM3\ARM_GCC_541\Debug\CS301_Class.a(USBUART_drv.o)
                0x000011b8                USBUART_InitControlWrite
 .text.USBUART_ControlWriteDataStage
                0x0000121c       0xb4 .\CortexM3\ARM_GCC_541\Debug\CS301_Class.a(USBUART_drv.o)
                0x0000121c                USBUART_ControlWriteDataStage
 .text.USBUART_ControlWriteStatusStage
                0x000012d0       0x24 .\CortexM3\ARM_GCC_541\Debug\CS301_Class.a(USBUART_drv.o)
                0x000012d0                USBUART_ControlWriteStatusStage
 .text.USBUART_InitNoDataControlTransfer
                0x000012f4       0x38 .\CortexM3\ARM_GCC_541\Debug\CS301_Class.a(USBUART_drv.o)
                0x000012f4                USBUART_InitNoDataControlTransfer
 .text.USBUART_NoDataControlStatusStage
                0x0000132c       0x4c .\CortexM3\ARM_GCC_541\Debug\CS301_Class.a(USBUART_drv.o)
                0x0000132c                USBUART_NoDataControlStatusStage
 .text.USBUART_UpdateStatusBlock
                0x00001378       0x40 .\CortexM3\ARM_GCC_541\Debug\CS301_Class.a(USBUART_drv.o)
                0x00001378                USBUART_UpdateStatusBlock
 .text.USBUART_InitializeStatusBlock
                0x000013b8       0x34 .\CortexM3\ARM_GCC_541\Debug\CS301_Class.a(USBUART_drv.o)
                0x000013b8                USBUART_InitializeStatusBlock
 .text.USBUART_EP_1_ISR
                0x000013ec       0x48 .\CortexM3\ARM_GCC_541\Debug\CS301_Class.a(USBUART_episr.o)
                0x000013ec                USBUART_EP_1_ISR
 .text.USBUART_EP_2_ISR
                0x00001434       0x4c .\CortexM3\ARM_GCC_541\Debug\CS301_Class.a(USBUART_episr.o)
                0x00001434                USBUART_EP_2_ISR
 .text.USBUART_EP_3_ISR
                0x00001480       0x54 .\CortexM3\ARM_GCC_541\Debug\CS301_Class.a(USBUART_episr.o)
                0x00001480                USBUART_EP_3_ISR
 .text.USBUART_SOF_ISR
                0x000014d4        0xc .\CortexM3\ARM_GCC_541\Debug\CS301_Class.a(USBUART_episr.o)
                0x000014d4                USBUART_SOF_ISR
 .text.USBUART_BUS_RESET_ISR
                0x000014e0        0xc .\CortexM3\ARM_GCC_541\Debug\CS301_Class.a(USBUART_episr.o)
                0x000014e0                USBUART_BUS_RESET_ISR
 .text.USBUART_DP_ISR
                0x000014ec        0xc .\CortexM3\ARM_GCC_541\Debug\CS301_Class.a(USBUART_pm.o)
                0x000014ec                USBUART_DP_ISR
 .text.USBUART_HandleStandardRqst
                0x000014f8      0x4a4 .\CortexM3\ARM_GCC_541\Debug\CS301_Class.a(USBUART_std.o)
                0x000014f8                USBUART_HandleStandardRqst
 .text.USBUART_ReadDieID
                0x0000199c       0xd8 .\CortexM3\ARM_GCC_541\Debug\CS301_Class.a(USBUART_std.o)
                0x0000199c                USBUART_ReadDieID
 .text.USBUART_ConfigReg
                0x00001a74      0x138 .\CortexM3\ARM_GCC_541\Debug\CS301_Class.a(USBUART_std.o)
                0x00001a74                USBUART_ConfigReg
 .text.USBUART_Config
                0x00001bac      0x3a4 .\CortexM3\ARM_GCC_541\Debug\CS301_Class.a(USBUART_std.o)
                0x00001bac                USBUART_Config
 .text.USBUART_ConfigAltChanged
                0x00001f50      0x25c .\CortexM3\ARM_GCC_541\Debug\CS301_Class.a(USBUART_std.o)
                0x00001f50                USBUART_ConfigAltChanged
 .text.USBUART_GetConfigTablePtr
                0x000021ac       0x50 .\CortexM3\ARM_GCC_541\Debug\CS301_Class.a(USBUART_std.o)
                0x000021ac                USBUART_GetConfigTablePtr
 .text.USBUART_GetDeviceTablePtr
                0x000021fc       0x24 .\CortexM3\ARM_GCC_541\Debug\CS301_Class.a(USBUART_std.o)
                0x000021fc                USBUART_GetDeviceTablePtr
 .text.USBUART_GetInterfaceClassTablePtr
                0x00002220       0x4c .\CortexM3\ARM_GCC_541\Debug\CS301_Class.a(USBUART_std.o)
                0x00002220                USBUART_GetInterfaceClassTablePtr
 .text.USBUART_SetEndpointHalt
                0x0000226c       0xe8 .\CortexM3\ARM_GCC_541\Debug\CS301_Class.a(USBUART_std.o)
                0x0000226c                USBUART_SetEndpointHalt
 .text.USBUART_ClearEndpointHalt
                0x00002354      0x158 .\CortexM3\ARM_GCC_541\Debug\CS301_Class.a(USBUART_std.o)
                0x00002354                USBUART_ClearEndpointHalt
 .text.USBUART_ValidateAlternateSetting
                0x000024ac       0x70 .\CortexM3\ARM_GCC_541\Debug\CS301_Class.a(USBUART_std.o)
                0x000024ac                USBUART_ValidateAlternateSetting
 .text.USBUART_HandleVendorRqst
                0x0000251c       0x54 .\CortexM3\ARM_GCC_541\Debug\CS301_Class.a(USBUART_vnd.o)
                0x0000251c                USBUART_HandleVendorRqst
 .text.USBUART_Dp_ClearInterrupt
                0x00002570       0x20 .\CortexM3\ARM_GCC_541\Debug\CS301_Class.a(USBUART_Dp.o)
                0x00002570                USBUART_Dp_ClearInterrupt
 .text.CyHalt   0x00002590       0x18 .\CortexM3\ARM_GCC_541\Debug\CS301_Class.a(CyLib.o)
                0x00002590                CyHalt
 .text.CyDelayUs
                0x000025a8       0x28 .\CortexM3\ARM_GCC_541\Debug\CS301_Class.a(CyLib.o)
                0x000025a8                CyDelayUs
 .text.CyIntSetVector
                0x000025d0       0x50 .\CortexM3\ARM_GCC_541\Debug\CS301_Class.a(CyLib.o)
                0x000025d0                CyIntSetVector
 .text.CyIntSetPriority
                0x00002620       0x48 .\CortexM3\ARM_GCC_541\Debug\CS301_Class.a(CyLib.o)
                0x00002620                CyIntSetPriority
 .text.CyGetUniqueId
                0x00002668       0xc4 .\CortexM3\ARM_GCC_541\Debug\CS301_Class.a(CyLib.o)
                0x00002668                CyGetUniqueId
 .text.PWM_1_Start
                0x0000272c       0x24 .\CortexM3\ARM_GCC_541\Debug\CS301_Class.a(PWM_1.o)
                0x0000272c                PWM_1_Start
 .text.PWM_1_Init
                0x00002750       0xc0 .\CortexM3\ARM_GCC_541\Debug\CS301_Class.a(PWM_1.o)
                0x00002750                PWM_1_Init
 .text.PWM_1_Enable
                0x00002810       0x48 .\CortexM3\ARM_GCC_541\Debug\CS301_Class.a(PWM_1.o)
                0x00002810                PWM_1_Enable
 .text.PWM_1_WritePeriod
                0x00002858       0x20 .\CortexM3\ARM_GCC_541\Debug\CS301_Class.a(PWM_1.o)
                0x00002858                PWM_1_WritePeriod
 .text.PWM_1_WriteCompare
                0x00002878       0x20 .\CortexM3\ARM_GCC_541\Debug\CS301_Class.a(PWM_1.o)
                0x00002878                PWM_1_WriteCompare
 .text.PWM_1_SetInterruptMode
                0x00002898       0x20 .\CortexM3\ARM_GCC_541\Debug\CS301_Class.a(PWM_1.o)
                0x00002898                PWM_1_SetInterruptMode
 .text.Clock_PWM_Start
                0x000028b8       0x34 .\CortexM3\ARM_GCC_541\Debug\CS301_Class.a(Clock_PWM.o)
                0x000028b8                Clock_PWM_Start
 .text.PWM_2_Start
                0x000028ec       0x24 .\CortexM3\ARM_GCC_541\Debug\CS301_Class.a(PWM_2.o)
                0x000028ec                PWM_2_Start
 .text.PWM_2_Init
                0x00002910       0xc0 .\CortexM3\ARM_GCC_541\Debug\CS301_Class.a(PWM_2.o)
                0x00002910                PWM_2_Init
 .text.PWM_2_Enable
                0x000029d0       0x48 .\CortexM3\ARM_GCC_541\Debug\CS301_Class.a(PWM_2.o)
                0x000029d0                PWM_2_Enable
 .text.PWM_2_WritePeriod
                0x00002a18       0x20 .\CortexM3\ARM_GCC_541\Debug\CS301_Class.a(PWM_2.o)
                0x00002a18                PWM_2_WritePeriod
 .text.PWM_2_WriteCompare
                0x00002a38       0x20 .\CortexM3\ARM_GCC_541\Debug\CS301_Class.a(PWM_2.o)
                0x00002a38                PWM_2_WriteCompare
 .text.PWM_2_SetInterruptMode
                0x00002a58       0x20 .\CortexM3\ARM_GCC_541\Debug\CS301_Class.a(PWM_2.o)
                0x00002a58                PWM_2_SetInterruptMode
 .text.LED_Write
                0x00002a78       0x3c .\CortexM3\ARM_GCC_541\Debug\CS301_Class.a(LED.o)
                0x00002a78                LED_Write
 .text.LED_Read
                0x00002ab4       0x20 .\CortexM3\ARM_GCC_541\Debug\CS301_Class.a(LED.o)
                0x00002ab4                LED_Read
 .text.QuadDec_M1_Init
                0x00002ad4        0xc .\CortexM3\ARM_GCC_541\Debug\CS301_Class.a(QuadDec_M1.o)
                0x00002ad4                QuadDec_M1_Init
 .text.QuadDec_M1_Enable
                0x00002ae0       0x3c .\CortexM3\ARM_GCC_541\Debug\CS301_Class.a(QuadDec_M1.o)
                0x00002ae0                QuadDec_M1_Enable
 .text.QuadDec_M1_Start
                0x00002b1c       0x30 .\CortexM3\ARM_GCC_541\Debug\CS301_Class.a(QuadDec_M1.o)
                0x00002b1c                QuadDec_M1_Start
 .text.QuadDec_M1_GetCounter
                0x00002b4c       0x24 .\CortexM3\ARM_GCC_541\Debug\CS301_Class.a(QuadDec_M1.o)
                0x00002b4c                QuadDec_M1_GetCounter
 .text.QuadDec_M1_SetCounter
                0x00002b70       0x34 .\CortexM3\ARM_GCC_541\Debug\CS301_Class.a(QuadDec_M1.o)
                0x00002b70                QuadDec_M1_SetCounter
 .text.QuadDec_M1_GetEvents
                0x00002ba4       0x1c .\CortexM3\ARM_GCC_541\Debug\CS301_Class.a(QuadDec_M1.o)
                0x00002ba4                QuadDec_M1_GetEvents
 .text.QuadDec_M1_SetInterruptMask
                0x00002bc0       0x20 .\CortexM3\ARM_GCC_541\Debug\CS301_Class.a(QuadDec_M1.o)
                0x00002bc0                QuadDec_M1_SetInterruptMask
 .text.QuadDec_M2_Init
                0x00002be0        0xc .\CortexM3\ARM_GCC_541\Debug\CS301_Class.a(QuadDec_M2.o)
                0x00002be0                QuadDec_M2_Init
 .text.QuadDec_M2_Enable
                0x00002bec       0x3c .\CortexM3\ARM_GCC_541\Debug\CS301_Class.a(QuadDec_M2.o)
                0x00002bec                QuadDec_M2_Enable
 .text.QuadDec_M2_Start
                0x00002c28       0x30 .\CortexM3\ARM_GCC_541\Debug\CS301_Class.a(QuadDec_M2.o)
                0x00002c28                QuadDec_M2_Start
 .text.QuadDec_M2_GetEvents
                0x00002c58       0x1c .\CortexM3\ARM_GCC_541\Debug\CS301_Class.a(QuadDec_M2.o)
                0x00002c58                QuadDec_M2_GetEvents
 .text.QuadDec_M2_SetInterruptMask
                0x00002c74       0x20 .\CortexM3\ARM_GCC_541\Debug\CS301_Class.a(QuadDec_M2.o)
                0x00002c74                QuadDec_M2_SetInterruptMask
 .text.QuadDec_M1_Cnt16_Init
                0x00002c94       0x80 .\CortexM3\ARM_GCC_541\Debug\CS301_Class.a(QuadDec_M1_Cnt16.o)
                0x00002c94                QuadDec_M1_Cnt16_Init
 .text.QuadDec_M1_Cnt16_Enable
                0x00002d14       0x20 .\CortexM3\ARM_GCC_541\Debug\CS301_Class.a(QuadDec_M1_Cnt16.o)
                0x00002d14                QuadDec_M1_Cnt16_Enable
 .text.QuadDec_M1_Cnt16_Start
                0x00002d34       0x24 .\CortexM3\ARM_GCC_541\Debug\CS301_Class.a(QuadDec_M1_Cnt16.o)
                0x00002d34                QuadDec_M1_Cnt16_Start
 .text.QuadDec_M1_Cnt16_SetInterruptMode
                0x00002d58       0x20 .\CortexM3\ARM_GCC_541\Debug\CS301_Class.a(QuadDec_M1_Cnt16.o)
                0x00002d58                QuadDec_M1_Cnt16_SetInterruptMode
 .text.QuadDec_M1_Cnt16_ReadStatusRegister
                0x00002d78       0x18 .\CortexM3\ARM_GCC_541\Debug\CS301_Class.a(QuadDec_M1_Cnt16.o)
                0x00002d78                QuadDec_M1_Cnt16_ReadStatusRegister
 .text.QuadDec_M1_Cnt16_WriteCounter
                0x00002d90       0x20 .\CortexM3\ARM_GCC_541\Debug\CS301_Class.a(QuadDec_M1_Cnt16.o)
                0x00002d90                QuadDec_M1_Cnt16_WriteCounter
 .text.QuadDec_M1_Cnt16_ReadCounter
                0x00002db0       0x20 .\CortexM3\ARM_GCC_541\Debug\CS301_Class.a(QuadDec_M1_Cnt16.o)
                0x00002db0                QuadDec_M1_Cnt16_ReadCounter
 .text.QuadDec_M1_Cnt16_ReadCapture
                0x00002dd0       0x18 .\CortexM3\ARM_GCC_541\Debug\CS301_Class.a(QuadDec_M1_Cnt16.o)
                0x00002dd0                QuadDec_M1_Cnt16_ReadCapture
 .text.QuadDec_M1_Cnt16_WritePeriod
                0x00002de8       0x20 .\CortexM3\ARM_GCC_541\Debug\CS301_Class.a(QuadDec_M1_Cnt16.o)
                0x00002de8                QuadDec_M1_Cnt16_WritePeriod
 .text.QuadDec_M1_Cnt16_WriteCompare
                0x00002e08       0x20 .\CortexM3\ARM_GCC_541\Debug\CS301_Class.a(QuadDec_M1_Cnt16.o)
                0x00002e08                QuadDec_M1_Cnt16_WriteCompare
 .text.QuadDec_M1_Cnt16_ClearFIFO
                0x00002e28       0x1c .\CortexM3\ARM_GCC_541\Debug\CS301_Class.a(QuadDec_M1_Cnt16.o)
                0x00002e28                QuadDec_M1_Cnt16_ClearFIFO
 .text.QuadDec_M2_Cnt16_Init
                0x00002e44       0x80 .\CortexM3\ARM_GCC_541\Debug\CS301_Class.a(QuadDec_M2_Cnt16.o)
                0x00002e44                QuadDec_M2_Cnt16_Init
 .text.QuadDec_M2_Cnt16_Enable
                0x00002ec4       0x20 .\CortexM3\ARM_GCC_541\Debug\CS301_Class.a(QuadDec_M2_Cnt16.o)
                0x00002ec4                QuadDec_M2_Cnt16_Enable
 .text.QuadDec_M2_Cnt16_Start
                0x00002ee4       0x24 .\CortexM3\ARM_GCC_541\Debug\CS301_Class.a(QuadDec_M2_Cnt16.o)
                0x00002ee4                QuadDec_M2_Cnt16_Start
 .text.QuadDec_M2_Cnt16_SetInterruptMode
                0x00002f08       0x20 .\CortexM3\ARM_GCC_541\Debug\CS301_Class.a(QuadDec_M2_Cnt16.o)
                0x00002f08                QuadDec_M2_Cnt16_SetInterruptMode
 .text.QuadDec_M2_Cnt16_ReadStatusRegister
                0x00002f28       0x18 .\CortexM3\ARM_GCC_541\Debug\CS301_Class.a(QuadDec_M2_Cnt16.o)
                0x00002f28                QuadDec_M2_Cnt16_ReadStatusRegister
 .text.QuadDec_M2_Cnt16_WriteCounter
                0x00002f40       0x20 .\CortexM3\ARM_GCC_541\Debug\CS301_Class.a(QuadDec_M2_Cnt16.o)
                0x00002f40                QuadDec_M2_Cnt16_WriteCounter
 .text.QuadDec_M2_Cnt16_ReadCapture
                0x00002f60       0x18 .\CortexM3\ARM_GCC_541\Debug\CS301_Class.a(QuadDec_M2_Cnt16.o)
                0x00002f60                QuadDec_M2_Cnt16_ReadCapture
 .text.QuadDec_M2_Cnt16_WritePeriod
                0x00002f78       0x20 .\CortexM3\ARM_GCC_541\Debug\CS301_Class.a(QuadDec_M2_Cnt16.o)
                0x00002f78                QuadDec_M2_Cnt16_WritePeriod
 .text.QuadDec_M2_Cnt16_WriteCompare
                0x00002f98       0x20 .\CortexM3\ARM_GCC_541\Debug\CS301_Class.a(QuadDec_M2_Cnt16.o)
                0x00002f98                QuadDec_M2_Cnt16_WriteCompare
 .text.QuadDec_M2_Cnt16_ClearFIFO
                0x00002fb8       0x1c .\CortexM3\ARM_GCC_541\Debug\CS301_Class.a(QuadDec_M2_Cnt16.o)
                0x00002fb8                QuadDec_M2_Cnt16_ClearFIFO
 .text.RF_BT_SELECT_Write
                0x00002fd4       0x20 .\CortexM3\ARM_GCC_541\Debug\CS301_Class.a(RF_BT_SELECT.o)
                0x00002fd4                RF_BT_SELECT_Write
 .text.SpeedTimer_Init
                0x00002ff4       0xa0 .\CortexM3\ARM_GCC_541\Debug\CS301_Class.a(SpeedTimer.o)
                0x00002ff4                SpeedTimer_Init
 .text.SpeedTimer_Enable
                0x00003094       0x48 .\CortexM3\ARM_GCC_541\Debug\CS301_Class.a(SpeedTimer.o)
                0x00003094                SpeedTimer_Enable
 .text.SpeedTimer_Start
                0x000030dc       0x24 .\CortexM3\ARM_GCC_541\Debug\CS301_Class.a(SpeedTimer.o)
                0x000030dc                SpeedTimer_Start
 .text.SpeedTimer_SetInterruptMode
                0x00003100       0x20 .\CortexM3\ARM_GCC_541\Debug\CS301_Class.a(SpeedTimer.o)
                0x00003100                SpeedTimer_SetInterruptMode
 .text.SpeedTimer_WritePeriod
                0x00003120       0x24 .\CortexM3\ARM_GCC_541\Debug\CS301_Class.a(SpeedTimer.o)
                0x00003120                SpeedTimer_WritePeriod
 .text.SpeedTimer_WriteCounter
                0x00003144       0x20 .\CortexM3\ARM_GCC_541\Debug\CS301_Class.a(SpeedTimer.o)
                0x00003144                SpeedTimer_WriteCounter
 .text.SpeedClock_Start
                0x00003164       0x34 .\CortexM3\ARM_GCC_541\Debug\CS301_Class.a(SpeedClock.o)
                0x00003164                SpeedClock_Start
 .text.Timer_LED_Init
                0x00003198       0xa0 .\CortexM3\ARM_GCC_541\Debug\CS301_Class.a(Timer_LED.o)
                0x00003198                Timer_LED_Init
 .text.Timer_LED_Enable
                0x00003238       0x48 .\CortexM3\ARM_GCC_541\Debug\CS301_Class.a(Timer_LED.o)
                0x00003238                Timer_LED_Enable
 .text.Timer_LED_Start
                0x00003280       0x24 .\CortexM3\ARM_GCC_541\Debug\CS301_Class.a(Timer_LED.o)
                0x00003280                Timer_LED_Start
 .text.Timer_LED_SetInterruptMode
                0x000032a4       0x20 .\CortexM3\ARM_GCC_541\Debug\CS301_Class.a(Timer_LED.o)
                0x000032a4                Timer_LED_SetInterruptMode
 .text.Timer_LED_ReadStatusRegister
                0x000032c4       0x18 .\CortexM3\ARM_GCC_541\Debug\CS301_Class.a(Timer_LED.o)
                0x000032c4                Timer_LED_ReadStatusRegister
 .text.Timer_LED_WritePeriod
                0x000032dc       0x24 .\CortexM3\ARM_GCC_541\Debug\CS301_Class.a(Timer_LED.o)
                0x000032dc                Timer_LED_WritePeriod
 .text.Timer_LED_WriteCounter
                0x00003300       0x20 .\CortexM3\ARM_GCC_541\Debug\CS301_Class.a(Timer_LED.o)
                0x00003300                Timer_LED_WriteCounter
 .text.isr_Timer_LED_StartEx
                0x00003320       0x24 .\CortexM3\ARM_GCC_541\Debug\CS301_Class.a(isr_Timer_LED.o)
                0x00003320                isr_Timer_LED_StartEx
 .text.isr_Timer_LED_SetVector
                0x00003344       0x24 .\CortexM3\ARM_GCC_541\Debug\CS301_Class.a(isr_Timer_LED.o)
                0x00003344                isr_Timer_LED_SetVector
 .text.isr_Timer_LED_SetPriority
                0x00003368       0x24 .\CortexM3\ARM_GCC_541\Debug\CS301_Class.a(isr_Timer_LED.o)
                0x00003368                isr_Timer_LED_SetPriority
 .text.isr_Timer_LED_Enable
                0x0000338c       0x18 .\CortexM3\ARM_GCC_541\Debug\CS301_Class.a(isr_Timer_LED.o)
                0x0000338c                isr_Timer_LED_Enable
 .text.isr_Timer_LED_Disable
                0x000033a4       0x18 .\CortexM3\ARM_GCC_541\Debug\CS301_Class.a(isr_Timer_LED.o)
                0x000033a4                isr_Timer_LED_Disable
 .text.S1_detected_StartEx
                0x000033bc       0x24 .\CortexM3\ARM_GCC_541\Debug\CS301_Class.a(S1_detected.o)
                0x000033bc                S1_detected_StartEx
 .text.S1_detected_SetVector
                0x000033e0       0x24 .\CortexM3\ARM_GCC_541\Debug\CS301_Class.a(S1_detected.o)
                0x000033e0                S1_detected_SetVector
 .text.S1_detected_SetPriority
                0x00003404       0x24 .\CortexM3\ARM_GCC_541\Debug\CS301_Class.a(S1_detected.o)
                0x00003404                S1_detected_SetPriority
 .text.S1_detected_Enable
                0x00003428       0x18 .\CortexM3\ARM_GCC_541\Debug\CS301_Class.a(S1_detected.o)
                0x00003428                S1_detected_Enable
 .text.S1_detected_Disable
                0x00003440       0x18 .\CortexM3\ARM_GCC_541\Debug\CS301_Class.a(S1_detected.o)
                0x00003440                S1_detected_Disable
 .text.S2_detected_StartEx
                0x00003458       0x24 .\CortexM3\ARM_GCC_541\Debug\CS301_Class.a(S2_detected.o)
                0x00003458                S2_detected_StartEx
 .text.S2_detected_SetVector
                0x0000347c       0x24 .\CortexM3\ARM_GCC_541\Debug\CS301_Class.a(S2_detected.o)
                0x0000347c                S2_detected_SetVector
 .text.S2_detected_SetPriority
                0x000034a0       0x24 .\CortexM3\ARM_GCC_541\Debug\CS301_Class.a(S2_detected.o)
                0x000034a0                S2_detected_SetPriority
 .text.S2_detected_Enable
                0x000034c4       0x18 .\CortexM3\ARM_GCC_541\Debug\CS301_Class.a(S2_detected.o)
                0x000034c4                S2_detected_Enable
 .text.S2_detected_Disable
                0x000034dc       0x18 .\CortexM3\ARM_GCC_541\Debug\CS301_Class.a(S2_detected.o)
                0x000034dc                S2_detected_Disable
 .text.S3_detected_StartEx
                0x000034f4       0x24 .\CortexM3\ARM_GCC_541\Debug\CS301_Class.a(S3_detected.o)
                0x000034f4                S3_detected_StartEx
 .text.S3_detected_SetVector
                0x00003518       0x24 .\CortexM3\ARM_GCC_541\Debug\CS301_Class.a(S3_detected.o)
                0x00003518                S3_detected_SetVector
 .text.S3_detected_SetPriority
                0x0000353c       0x24 .\CortexM3\ARM_GCC_541\Debug\CS301_Class.a(S3_detected.o)
                0x0000353c                S3_detected_SetPriority
 .text.S3_detected_Enable
                0x00003560       0x18 .\CortexM3\ARM_GCC_541\Debug\CS301_Class.a(S3_detected.o)
                0x00003560                S3_detected_Enable
 .text.S3_detected_Disable
                0x00003578       0x18 .\CortexM3\ARM_GCC_541\Debug\CS301_Class.a(S3_detected.o)
                0x00003578                S3_detected_Disable
 .text.S4_detected_StartEx
                0x00003590       0x24 .\CortexM3\ARM_GCC_541\Debug\CS301_Class.a(S4_detected.o)
                0x00003590                S4_detected_StartEx
 .text.S4_detected_SetVector
                0x000035b4       0x24 .\CortexM3\ARM_GCC_541\Debug\CS301_Class.a(S4_detected.o)
                0x000035b4                S4_detected_SetVector
 .text.S4_detected_SetPriority
                0x000035d8       0x24 .\CortexM3\ARM_GCC_541\Debug\CS301_Class.a(S4_detected.o)
                0x000035d8                S4_detected_SetPriority
 .text.S4_detected_Enable
                0x000035fc       0x18 .\CortexM3\ARM_GCC_541\Debug\CS301_Class.a(S4_detected.o)
                0x000035fc                S4_detected_Enable
 .text.S4_detected_Disable
                0x00003614       0x18 .\CortexM3\ARM_GCC_541\Debug\CS301_Class.a(S4_detected.o)
                0x00003614                S4_detected_Disable
 .text.S5_detected_StartEx
                0x0000362c       0x24 .\CortexM3\ARM_GCC_541\Debug\CS301_Class.a(S5_detected.o)
                0x0000362c                S5_detected_StartEx
 .text.S5_detected_SetVector
                0x00003650       0x24 .\CortexM3\ARM_GCC_541\Debug\CS301_Class.a(S5_detected.o)
                0x00003650                S5_detected_SetVector
 .text.S5_detected_SetPriority
                0x00003674       0x24 .\CortexM3\ARM_GCC_541\Debug\CS301_Class.a(S5_detected.o)
                0x00003674                S5_detected_SetPriority
 .text.S5_detected_Enable
                0x00003698       0x18 .\CortexM3\ARM_GCC_541\Debug\CS301_Class.a(S5_detected.o)
                0x00003698                S5_detected_Enable
 .text.S5_detected_Disable
                0x000036b0       0x18 .\CortexM3\ARM_GCC_541\Debug\CS301_Class.a(S5_detected.o)
                0x000036b0                S5_detected_Disable
 .text.S6_detected_StartEx
                0x000036c8       0x24 .\CortexM3\ARM_GCC_541\Debug\CS301_Class.a(S6_detected.o)
                0x000036c8                S6_detected_StartEx
 .text.S6_detected_SetVector
                0x000036ec       0x24 .\CortexM3\ARM_GCC_541\Debug\CS301_Class.a(S6_detected.o)
                0x000036ec                S6_detected_SetVector
 .text.S6_detected_SetPriority
                0x00003710       0x24 .\CortexM3\ARM_GCC_541\Debug\CS301_Class.a(S6_detected.o)
                0x00003710                S6_detected_SetPriority
 .text.S6_detected_Enable
                0x00003734       0x18 .\CortexM3\ARM_GCC_541\Debug\CS301_Class.a(S6_detected.o)
                0x00003734                S6_detected_Enable
 .text.S6_detected_Disable
                0x0000374c       0x18 .\CortexM3\ARM_GCC_541\Debug\CS301_Class.a(S6_detected.o)
                0x0000374c                S6_detected_Disable
 *fill*         0x00003764        0x4 
 .text          0x00003768       0x20 .\CortexM3\ARM_GCC_541\Debug\CS301_Class.a(CyBootAsmGnu.o)
                0x00003768                CyDelayCycles
                0x00003778                CyEnterCriticalSection
                0x00003780                CyExitCriticalSection
 .text.USBUART_DispatchCDCClassRqst
                0x00003788       0xe4 .\CortexM3\ARM_GCC_541\Debug\CS301_Class.a(USBUART_cdc.o)
                0x00003788                USBUART_DispatchCDCClassRqst
 .text.USBUART_GetInterfaceComPort
                0x0000386c       0x60 .\CortexM3\ARM_GCC_541\Debug\CS301_Class.a(USBUART_cdc.o)
                0x0000386c                USBUART_GetInterfaceComPort
 .text.USBUART_Cdc_EpInit
                0x000038cc       0x90 .\CortexM3\ARM_GCC_541\Debug\CS301_Class.a(USBUART_cdc.o)
                0x000038cc                USBUART_Cdc_EpInit
 .text.USBUART_DispatchClassRqst
                0x0000395c       0x84 .\CortexM3\ARM_GCC_541\Debug\CS301_Class.a(USBUART_cls.o)
                0x0000395c                USBUART_DispatchClassRqst
 .text          0x000039e0      0x370 c:/program files (x86)/cypress/psoc creator/4.2/psoc creator/import/gnu/arm/5.4.1/bin/../lib/gcc/arm-none-eabi/5.4.1/armv7-m\libgcc.a(_arm_addsubdf3.o)
                0x000039e0                __aeabi_drsub
                0x000039e8                __aeabi_dsub
                0x000039e8                __subdf3
                0x000039ec                __aeabi_dadd
                0x000039ec                __adddf3
                0x00003c64                __floatunsidf
                0x00003c64                __aeabi_ui2d
                0x00003c84                __floatsidf
                0x00003c84                __aeabi_i2d
                0x00003ca8                __aeabi_f2d
                0x00003ca8                __extendsfdf2
                0x00003ce4                __floatundidf
                0x00003ce4                __aeabi_ul2d
                0x00003cf4                __floatdidf
                0x00003cf4                __aeabi_l2d
 .text          0x00003d50      0x424 c:/program files (x86)/cypress/psoc creator/4.2/psoc creator/import/gnu/arm/5.4.1/bin/../lib/gcc/arm-none-eabi/5.4.1/armv7-m\libgcc.a(_arm_muldivdf3.o)
                0x00003d50                __aeabi_dmul
                0x00003d50                __muldf3
                0x00003fa4                __divdf3
                0x00003fa4                __aeabi_ddiv
 .text          0x00004174       0xa0 c:/program files (x86)/cypress/psoc creator/4.2/psoc creator/import/gnu/arm/5.4.1/bin/../lib/gcc/arm-none-eabi/5.4.1/armv7-m\libgcc.a(_arm_truncdfsf2.o)
                0x00004174                __truncdfsf2
                0x00004174                __aeabi_d2f
 .text          0x00004214      0x2a0 c:/program files (x86)/cypress/psoc creator/4.2/psoc creator/import/gnu/arm/5.4.1/bin/../lib/gcc/arm-none-eabi/5.4.1/armv7-m\libgcc.a(_arm_muldivsf3.o)
                0x00004214                __mulsf3
                0x00004214                __aeabi_fmul
                0x0000437c                __aeabi_fdiv
                0x0000437c                __divsf3
 .text          0x000044b4       0x4c c:/program files (x86)/cypress/psoc creator/4.2/psoc creator/import/gnu/arm/5.4.1/bin/../lib/gcc/arm-none-eabi/5.4.1/armv7-m\libgcc.a(_arm_fixsfsi.o)
                0x000044b4                __aeabi_f2iz
                0x000044b4                __fixsfsi
 .text.__errno  0x00004500        0xc c:/program files (x86)/cypress/psoc creator/4.2/psoc creator/import/gnu/arm/5.4.1/bin/../lib/gcc/arm-none-eabi/5.4.1/../../../../arm-none-eabi/lib/armv7-m\libg_nano.a(lib_a-errno.o)
                0x00004500                __errno
 .text.__libc_init_array
                0x0000450c       0x4c c:/program files (x86)/cypress/psoc creator/4.2/psoc creator/import/gnu/arm/5.4.1/bin/../lib/gcc/arm-none-eabi/5.4.1/../../../../arm-none-eabi/lib/armv7-m\libg_nano.a(lib_a-init.o)
                0x0000450c                __libc_init_array
 .text.memcpy   0x00004558       0x16 c:/program files (x86)/cypress/psoc creator/4.2/psoc creator/import/gnu/arm/5.4.1/bin/../lib/gcc/arm-none-eabi/5.4.1/../../../../arm-none-eabi/lib/armv7-m\libg_nano.a(lib_a-memcpy-stub.o)
                0x00004558                memcpy
 .text.memset   0x0000456e       0x10 c:/program files (x86)/cypress/psoc creator/4.2/psoc creator/import/gnu/arm/5.4.1/bin/../lib/gcc/arm-none-eabi/5.4.1/../../../../arm-none-eabi/lib/armv7-m\libg_nano.a(lib_a-memset.o)
                0x0000456e                memset
 *(.plt)
 *(.gnu.warning)
 *(.glue_7t)
 .glue_7t       0x0000457e        0x0 linker stubs
 *(.glue_7)
 .glue_7        0x0000457e        0x0 linker stubs
 *(.vfp11_veneer)
 .vfp11_veneer  0x0000457e        0x0 linker stubs
 *(.bootloader)
 *(.ARM.extab* .gnu.linkonce.armextab.*)
 *(.gcc_except_table)

.v4_bx          0x00004580        0x0
 .v4_bx         0x00004580        0x0 linker stubs

.iplt           0x00004580        0x0
 .iplt          0x00004580        0x0 c:/program files (x86)/cypress/psoc creator/4.2/psoc creator/import/gnu/arm/5.4.1/bin/../lib/gcc/arm-none-eabi/5.4.1/armv7-m/crtbegin.o

.eh_frame_hdr
 *(.eh_frame_hdr)

.eh_frame       0x00004580        0x4
 *(.eh_frame)
 .eh_frame      0x00004580        0x0 c:/program files (x86)/cypress/psoc creator/4.2/psoc creator/import/gnu/arm/5.4.1/bin/../lib/gcc/arm-none-eabi/5.4.1/armv7-m/crtbegin.o
 .eh_frame      0x00004580        0x4 c:/program files (x86)/cypress/psoc creator/4.2/psoc creator/import/gnu/arm/5.4.1/bin/../lib/gcc/arm-none-eabi/5.4.1/armv7-m/crtend.o
                [!provide]                PROVIDE (__exidx_start, .)

.ARM.exidx
 *(.ARM.exidx* .gnu.linkonce.armexidx.*)
                0x00004584                __exidx_end = .

.rodata         0x00004584      0x22c
 *(.rodata .rodata.* .gnu.linkonce.r.*)
 .rodata        0x00004584       0x44 .\CortexM3\ARM_GCC_541\Debug\cyfitter_cfg.o
 .rodata        0x000045c8       0x11 .\CortexM3\ARM_GCC_541\Debug\CS301_Class.a(USBUART_std.o)
 *fill*         0x000045d9        0x3 
 .rodata        0x000045dc      0x19c .\CortexM3\ARM_GCC_541\Debug\CS301_Class.a(USBUART_descr.o)
                0x000045dc                USBUART_DEVICE0_DESCR
                0x000045f0                USBUART_DEVICE0_CONFIGURATION0_DESCR
                0x00004634                USBUART_STRING_DESCRIPTORS
                0x000046d4                USBUART_SN_STRING_DESCRIPTOR
                0x000046d8                USBUART_DEVICE0_CONFIGURATION0_EP_SETTINGS_TABLE
                0x000046f0                USBUART_DEVICE0_CONFIGURATION0_INTERFACE_CLASS
                0x000046f4                USBUART_DEVICE0_CONFIGURATION0_TABLE
                0x0000471c                USBUART_DEVICE0_TABLE
                0x00004734                USBUART_TABLE
                0x0000473c                USBUART_MSOS_DESCRIPTOR
                0x00004750                USBUART_MSOS_CONFIGURATION_DESCR
 .rodata.str1.1
                0x00004778        0x2 c:/program files (x86)/cypress/psoc creator/4.2/psoc creator/import/gnu/arm/5.4.1/bin/../lib/gcc/arm-none-eabi/5.4.1/../../../../arm-none-eabi/lib/armv7-m\libg_nano.a(lib_a-impure.o)
                0x0000477c                . = ALIGN (0x4)
 *fill*         0x0000477a        0x2 
 *(.init)
 .init          0x0000477c        0x4 c:/program files (x86)/cypress/psoc creator/4.2/psoc creator/import/gnu/arm/5.4.1/bin/../lib/gcc/arm-none-eabi/5.4.1/armv7-m/crti.o
                0x0000477c                _init
 .init          0x00004780        0x8 c:/program files (x86)/cypress/psoc creator/4.2/psoc creator/import/gnu/arm/5.4.1/bin/../lib/gcc/arm-none-eabi/5.4.1/armv7-m/crtn.o
                0x00004788                . = ALIGN (0x4)
                0x00004788                __preinit_array_start = .
 *(.preinit_array)
                0x00004788                __preinit_array_end = .
                0x00004788                . = ALIGN (0x4)
                0x00004788                __init_array_start = .
 *(SORT(.init_array.*))
 *(.init_array)
 .init_array    0x00004788        0x4 c:/program files (x86)/cypress/psoc creator/4.2/psoc creator/import/gnu/arm/5.4.1/bin/../lib/gcc/arm-none-eabi/5.4.1/armv7-m/crtbegin.o
 .init_array    0x0000478c        0x4 .\CortexM3\ARM_GCC_541\Debug\Cm3Start.o
                0x00004790                __init_array_end = .
                0x00004790                . = ALIGN (0x4)
 *(.fini)
 .fini          0x00004790        0x4 c:/program files (x86)/cypress/psoc creator/4.2/psoc creator/import/gnu/arm/5.4.1/bin/../lib/gcc/arm-none-eabi/5.4.1/armv7-m/crti.o
                0x00004790                _fini
 .fini          0x00004794        0x8 c:/program files (x86)/cypress/psoc creator/4.2/psoc creator/import/gnu/arm/5.4.1/bin/../lib/gcc/arm-none-eabi/5.4.1/armv7-m/crtn.o
                0x0000479c                . = ALIGN (0x4)
                0x0000479c                __fini_array_start = .
 *(.fini_array)
 .fini_array    0x0000479c        0x4 c:/program files (x86)/cypress/psoc creator/4.2/psoc creator/import/gnu/arm/5.4.1/bin/../lib/gcc/arm-none-eabi/5.4.1/armv7-m/crtbegin.o
 *(SORT(.fini_array.*))
                0x000047a0                __fini_array_end = .
                0x000047a0                . = ALIGN (0x4)
 *crtbegin.o(.ctors)
 *(EXCLUDE_FILE(*crtend.o) .ctors)
 *(SORT(.ctors.*))
 *crtend.o(.ctors)
                0x000047a0                . = ALIGN (0x4)
 *crtbegin.o(.dtors)
 *(EXCLUDE_FILE(*crtend.o) .dtors)
 *(SORT(.dtors.*))
 *crtend.o(.dtors)
                0x000047a0                . = ALIGN (0x4)
                0x000047a0                __cy_regions = .
                0x000047a0        0x4 LONG 0x47b0 __cy_region_init_ram
                0x000047a4        0x4 LONG 0x1fff80c8 __cy_region_start_data
                0x000047a8        0x4 LONG 0xe0 __cy_region_init_size_ram
                0x000047ac        0x4 LONG 0x130 __cy_region_zero_size_ram
                0x000047b0                __cy_regions_end = .
                0x000047b0                . = ALIGN (0x8)
                0x000047b0                _etext = .

.cy_checksum_exclude
                0x000047b0        0x0
 *(.cy_checksum_exclude)

.ramvectors     0x1fff8000       0xc0
                0x1fff8000                __cy_region_start_ram = .
 *(.ramvectors)
 .ramvectors    0x1fff8000       0xc0 .\CortexM3\ARM_GCC_541\Debug\Cm3Start.o
                0x1fff8000                CyRamVectors

.noinit         0x1fff80c0        0x5
 *(.noinit)
 .noinit        0x1fff80c0        0x4 .\CortexM3\ARM_GCC_541\Debug\Cm3Start.o
 .noinit        0x1fff80c4        0x1 .\CortexM3\ARM_GCC_541\Debug\CS301_Class.a(CyLib.o)
                0x1fff80c4                CyResetStatus

.data           0x1fff80c8       0xe0 load address 0x000047b0
                0x1fff80c8                __cy_region_start_data = .
 *(.jcr)
 .jcr           0x1fff80c8        0x0 c:/program files (x86)/cypress/psoc creator/4.2/psoc creator/import/gnu/arm/5.4.1/bin/../lib/gcc/arm-none-eabi/5.4.1/armv7-m/crtbegin.o
 .jcr           0x1fff80c8        0x4 c:/program files (x86)/cypress/psoc creator/4.2/psoc creator/import/gnu/arm/5.4.1/bin/../lib/gcc/arm-none-eabi/5.4.1/armv7-m/crtend.o
 *(.got.plt)
 *(.got)
 *(.shdata)
 *(.data .data.* .gnu.linkonce.d.*)
 .data          0x1fff80cc       0x4c .\CortexM3\ARM_GCC_541\Debug\main.o
                0x1fff80cc                flag_rf_transmission_active
                0x1fff80d0                displaystring
                0x1fff8110                currentDirection
                0x1fff8114                previousDirection
 .data          0x1fff8118       0x10 .\CortexM3\ARM_GCC_541\Debug\CS301_Class.a(CyLib.o)
                0x1fff8118                cydelay_freq_hz
                0x1fff811c                cydelay_freq_khz
                0x1fff8120                cydelay_freq_mhz
                0x1fff8124                cydelay_32k_ms
 .data          0x1fff8128       0x1a .\CortexM3\ARM_GCC_541\Debug\CS301_Class.a(USBUART_cdc.o)
                0x1fff8128                USBUART_linesCoding
 *fill*         0x1fff8142        0x2 
 .data.impure_data
                0x1fff8144       0x60 c:/program files (x86)/cypress/psoc creator/4.2/psoc creator/import/gnu/arm/5.4.1/bin/../lib/gcc/arm-none-eabi/5.4.1/../../../../arm-none-eabi/lib/armv7-m\libg_nano.a(lib_a-impure.o)
 .data._impure_ptr
                0x1fff81a4        0x4 c:/program files (x86)/cypress/psoc creator/4.2/psoc creator/import/gnu/arm/5.4.1/bin/../lib/gcc/arm-none-eabi/5.4.1/../../../../arm-none-eabi/lib/armv7-m\libg_nano.a(lib_a-impure.o)
                0x1fff81a4                _impure_ptr
                0x1fff81a8                . = ALIGN (0x8)
 *(.ram)
                0x1fff81a8                _edata = .

.igot.plt       0x1fff81a8        0x0 load address 0x00004890
 .igot.plt      0x1fff81a8        0x0 c:/program files (x86)/cypress/psoc creator/4.2/psoc creator/import/gnu/arm/5.4.1/bin/../lib/gcc/arm-none-eabi/5.4.1/armv7-m/crtbegin.o

.bss            0x1fff81a8      0x130 load address 0x00004890
                0x1fff81a8                PROVIDE (__bss_start__, .)
 *(.shbss)
 *(.bss .bss.* .gnu.linkonce.b.*)
 .bss           0x1fff81a8       0x1c c:/program files (x86)/cypress/psoc creator/4.2/psoc creator/import/gnu/arm/5.4.1/bin/../lib/gcc/arm-none-eabi/5.4.1/armv7-m/crtbegin.o
 .bss           0x1fff81c4       0x2c .\CortexM3\ARM_GCC_541\Debug\main.o
                0x1fff81c4                ts
                0x1fff81c6                ts_enc
                0x1fff81c8                ts_update
                0x1fff81ca                ts_speed
                0x1fff81cc                ts_display
                0x1fff81ce                flag_ts_enc
                0x1fff81cf                flag_ts_update
                0x1fff81d0                flag_ts_speed
                0x1fff81d1                flag_ts_display
                0x1fff81d2                flag_rx
                0x1fff81d3                flag_packet
                0x1fff81d4                flag_KB_string
                0x1fff81d5                dataready_flag
                0x1fff81d6                s1
                0x1fff81d7                s2
                0x1fff81d8                s3
                0x1fff81d9                s4
                0x1fff81da                s5
                0x1fff81db                s6
                0x1fff81dc                totalMilliseconds
                0x1fff81e0                totalDistance
                0x1fff81e4                quadDec2Count
                0x1fff81e8                timerInt
                0x1fff81ec                keepLedOn
 .bss           0x1fff81f0        0x1 .\CortexM3\ARM_GCC_541\Debug\usbUART.o
                0x1fff81f0                USBUART_initVar
 *fill*         0x1fff81f1        0x3 
 .bss           0x1fff81f4        0x2 .\CortexM3\ARM_GCC_541\Debug\CS301_Class.a(USBUART_std.o)
 .bss           0x1fff81f6        0x1 .\CortexM3\ARM_GCC_541\Debug\CS301_Class.a(PWM_1.o)
                0x1fff81f6                PWM_1_initVar
 .bss           0x1fff81f7        0x1 .\CortexM3\ARM_GCC_541\Debug\CS301_Class.a(PWM_2.o)
                0x1fff81f7                PWM_2_initVar
 .bss           0x1fff81f8        0x1 .\CortexM3\ARM_GCC_541\Debug\CS301_Class.a(QuadDec_M1.o)
                0x1fff81f8                QuadDec_M1_initVar
 .bss           0x1fff81f9        0x1 .\CortexM3\ARM_GCC_541\Debug\CS301_Class.a(QuadDec_M2.o)
                0x1fff81f9                QuadDec_M2_initVar
 .bss           0x1fff81fa        0x1 .\CortexM3\ARM_GCC_541\Debug\CS301_Class.a(QuadDec_M1_Cnt16.o)
                0x1fff81fa                QuadDec_M1_Cnt16_initVar
 .bss           0x1fff81fb        0x1 .\CortexM3\ARM_GCC_541\Debug\CS301_Class.a(QuadDec_M2_Cnt16.o)
                0x1fff81fb                QuadDec_M2_Cnt16_initVar
 .bss           0x1fff81fc        0x1 .\CortexM3\ARM_GCC_541\Debug\CS301_Class.a(SpeedTimer.o)
                0x1fff81fc                SpeedTimer_initVar
 .bss           0x1fff81fd        0x1 .\CortexM3\ARM_GCC_541\Debug\CS301_Class.a(Timer_LED.o)
                0x1fff81fd                Timer_LED_initVar
 *(COMMON)
 *fill*         0x1fff81fe        0x2 
 COMMON         0x1fff8200       0x9a .\CortexM3\ARM_GCC_541\Debug\CS301_Class.a(USBUART_drv.o)
                0x1fff8200                USBUART_lastPacketSize
                0x1fff8201                USBUART_device
                0x1fff8202                USBUART_transferByteCount
                0x1fff8204                USBUART_transferState
                0x1fff8208                USBUART_interfaceSettingLast
                0x1fff820c                USBUART_currentTD
                0x1fff8218                USBUART_interfaceNumber
                0x1fff821c                USBUART_interfaceClass
                0x1fff8220                USBUART_configurationChanged
                0x1fff8221                USBUART_ep0Mode
                0x1fff8222                USBUART_deviceAddress
                0x1fff8223                USBUART_configuration
                0x1fff8224                USBUART_ep0Count
                0x1fff8225                USBUART_deviceStatus
                0x1fff8228                USBUART_EP
                0x1fff8294                USBUART_interfaceSetting
                0x1fff8296                USBUART_ep0Toggle
                0x1fff8298                USBUART_interfaceStatus
 *fill*         0x1fff829a        0x2 
 COMMON         0x1fff829c       0x18 .\CortexM3\ARM_GCC_541\Debug\CS301_Class.a(USBUART_cdc.o)
                0x1fff829c                USBUART_linesChanged
                0x1fff82a0                USBUART_cdcDataInEp
                0x1fff82a4                USBUART_cdcCommInInterruptEp
                0x1fff82a8                USBUART_cdcDataOutEp
                0x1fff82ac                USBUART_serialStateBitmap
                0x1fff82b0                USBUART_linesControlBitmap
 COMMON         0x1fff82b4       0x22 .\CortexM3\ARM_GCC_541\Debug\CS301_Class.a(USBUART_descr.o)
                0x1fff82b4                USBUART_idSerialNumberStringDescriptor
                0x1fff82d8                . = ALIGN (0x8)
 *fill*         0x1fff82d6        0x2 
 *(.ram.b)
                0x1fff82d8                _end = .
                0x1fff82d8                __end = .
                0x1fff82d8                PROVIDE (end, .)
                0x1fff82d8                PROVIDE (__bss_end__, .)
                0x000047b0                __cy_region_init_ram = LOADADDR (.data)
                0x000000e0                __cy_region_init_size_ram = (_edata - ADDR (.data))
                0x00000130                __cy_region_zero_size_ram = (_end - _edata)

.heap           0x1fff82d8       0x80 load address 0x00004890
                0x1fff82d8                . = _end
                0x1fff8358                . = (. + 0x80)
 *fill*         0x1fff82d8       0x80 
                0x1fff8358                __cy_heap_limit = .

.stack          0x20007800      0x800
                0x20007800                __cy_stack_limit = .
                0x20008000                . = (. + 0x800)
 *fill*         0x20007800      0x800 
                0x00000001                ASSERT ((__cy_stack_limit >= __cy_heap_limit), region RAM overflowed with stack)
                0x00000000                cy_checksum_exclude_size = (CY_APPL_LOADABLE == 0x1)?SIZEOF (.cy_checksum_exclude):0x0
                0x00000001                ASSERT ((cy_checksum_exclude_size <= CY_CHECKSUM_EXCLUDE_SIZE), CY_BOOT: Section .cy_checksum_exclude size exceedes specified limit.)

.cyloadermeta
 *(.cyloadermeta)

.cyloadablemeta
 *(.cyloadablemeta)

.cyconfigecc    0x80000000      0xd18
 *(.cyconfigecc)
 .cyconfigecc   0x80000000      0xd18 .\CortexM3\ARM_GCC_541\Debug\cymetadata.o
                0x80000000                cy_meta_configecc

.cycustnvl      0x90000000        0x4
 *(.cycustnvl)
 .cycustnvl     0x90000000        0x4 .\CortexM3\ARM_GCC_541\Debug\cymetadata.o
                0x90000000                cy_meta_custnvl

.cywolatch      0x90100000        0x4
 *(.cywolatch)
 .cywolatch     0x90100000        0x4 .\CortexM3\ARM_GCC_541\Debug\cymetadata.o
                0x90100000                cy_meta_wonvl

.cyeeprom       0x90200000        0x0
 *(.cyeeprom)
                0x00000001                ASSERT ((. <= ((0x90200000 + ee_offset) + ee_size)), .cyeeprom data will not fit in EEPROM)

.cyflashprotect
                0x90400000      0x100
 *(.cyflashprotect)
 .cyflashprotect
                0x90400000      0x100 .\CortexM3\ARM_GCC_541\Debug\cymetadata.o
                0x90400000                cy_meta_flashprotect

.cymeta         0x90500000        0xc
 *(.cymeta)
 .cymeta        0x90500000        0xc .\CortexM3\ARM_GCC_541\Debug\cymetadata.o
                0x90500000                cy_metadata

.rel.dyn        0x00004890        0x0 load address 0x9050000c
 .rel.iplt      0x00004890        0x0 c:/program files (x86)/cypress/psoc creator/4.2/psoc creator/import/gnu/arm/5.4.1/bin/../lib/gcc/arm-none-eabi/5.4.1/armv7-m/crtbegin.o

.stab
 *(.stab)

.stabstr
 *(.stabstr)

.debug
 *(.debug)

.line
 *(.line)

.debug_srcinfo
 *(.debug_srcinfo)

.debug_sfnames
 *(.debug_sfnames)

.debug_aranges  0x00000000     0x12e8
 *(.debug_aranges)
 .debug_aranges
                0x00000000       0x80 .\CortexM3\ARM_GCC_541\Debug\main.o
 .debug_aranges
                0x00000080       0x28 .\CortexM3\ARM_GCC_541\Debug\tacho.o
 .debug_aranges
                0x000000a8       0x20 .\CortexM3\ARM_GCC_541\Debug\initialise.o
 .debug_aranges
                0x000000c8       0x18 .\CortexM3\ARM_GCC_541\Debug\pathfinding.o
 .debug_aranges
                0x000000e0       0x50 .\CortexM3\ARM_GCC_541\Debug\movement.o
 .debug_aranges
                0x00000130       0xc8 .\CortexM3\ARM_GCC_541\Debug\usbUART.o
 .debug_aranges
                0x000001f8       0x60 .\CortexM3\ARM_GCC_541\Debug\cyfitter_cfg.o
 .debug_aranges
                0x00000258       0x18 .\CortexM3\ARM_GCC_541\Debug\cymetadata.o
 .debug_aranges
                0x00000270       0x48 .\CortexM3\ARM_GCC_541\Debug\Cm3Start.o
 .debug_aranges
                0x000002b8       0x98 .\CortexM3\ARM_GCC_541\Debug\CS301_Class.a(USBUART_drv.o)
 .debug_aranges
                0x00000350       0x40 .\CortexM3\ARM_GCC_541\Debug\CS301_Class.a(USBUART_episr.o)
 .debug_aranges
                0x00000390       0x40 .\CortexM3\ARM_GCC_541\Debug\CS301_Class.a(USBUART_pm.o)
 .debug_aranges
                0x000003d0       0x80 .\CortexM3\ARM_GCC_541\Debug\CS301_Class.a(USBUART_std.o)
 .debug_aranges
                0x00000450       0x20 .\CortexM3\ARM_GCC_541\Debug\CS301_Class.a(USBUART_vnd.o)
 .debug_aranges
                0x00000470       0x48 .\CortexM3\ARM_GCC_541\Debug\CS301_Class.a(USBUART_Dp.o)
 .debug_aranges
                0x000004b8      0x2a0 .\CortexM3\ARM_GCC_541\Debug\CS301_Class.a(CyLib.o)
 .debug_aranges
                0x00000758       0x98 .\CortexM3\ARM_GCC_541\Debug\CS301_Class.a(cyPm.o)
 .debug_aranges
                0x000007f0       0x78 .\CortexM3\ARM_GCC_541\Debug\CS301_Class.a(PWM_1.o)
 .debug_aranges
                0x00000868       0x70 .\CortexM3\ARM_GCC_541\Debug\CS301_Class.a(Clock_PWM.o)
 .debug_aranges
                0x000008d8       0x78 .\CortexM3\ARM_GCC_541\Debug\CS301_Class.a(PWM_2.o)
 .debug_aranges
                0x00000950       0x38 .\CortexM3\ARM_GCC_541\Debug\CS301_Class.a(LED.o)
 .debug_aranges
                0x00000988       0x60 .\CortexM3\ARM_GCC_541\Debug\CS301_Class.a(QuadDec_M1.o)
 .debug_aranges
                0x000009e8       0x60 .\CortexM3\ARM_GCC_541\Debug\CS301_Class.a(QuadDec_M2.o)
 .debug_aranges
                0x00000a48       0x98 .\CortexM3\ARM_GCC_541\Debug\CS301_Class.a(QuadDec_M1_Cnt16.o)
 .debug_aranges
                0x00000ae0       0x98 .\CortexM3\ARM_GCC_541\Debug\CS301_Class.a(QuadDec_M2_Cnt16.o)
 .debug_aranges
                0x00000b78       0x28 .\CortexM3\ARM_GCC_541\Debug\CS301_Class.a(RF_BT_SELECT.o)
 .debug_aranges
                0x00000ba0       0x88 .\CortexM3\ARM_GCC_541\Debug\CS301_Class.a(SpeedTimer.o)
 .debug_aranges
                0x00000c28       0x70 .\CortexM3\ARM_GCC_541\Debug\CS301_Class.a(SpeedClock.o)
 .debug_aranges
                0x00000c98       0x88 .\CortexM3\ARM_GCC_541\Debug\CS301_Class.a(Timer_LED.o)
 .debug_aranges
                0x00000d20       0x80 .\CortexM3\ARM_GCC_541\Debug\CS301_Class.a(isr_Timer_LED.o)
 .debug_aranges
                0x00000da0       0x80 .\CortexM3\ARM_GCC_541\Debug\CS301_Class.a(S1_detected.o)
 .debug_aranges
                0x00000e20       0x80 .\CortexM3\ARM_GCC_541\Debug\CS301_Class.a(S2_detected.o)
 .debug_aranges
                0x00000ea0       0x80 .\CortexM3\ARM_GCC_541\Debug\CS301_Class.a(S3_detected.o)
 .debug_aranges
                0x00000f20       0x80 .\CortexM3\ARM_GCC_541\Debug\CS301_Class.a(S4_detected.o)
 .debug_aranges
                0x00000fa0       0x80 .\CortexM3\ARM_GCC_541\Debug\CS301_Class.a(S5_detected.o)
 .debug_aranges
                0x00001020       0x80 .\CortexM3\ARM_GCC_541\Debug\CS301_Class.a(S6_detected.o)
 .debug_aranges
                0x000010a0       0x20 .\CortexM3\ARM_GCC_541\Debug\CS301_Class.a(CyBootAsmGnu.o)
 .debug_aranges
                0x000010c0       0xe8 .\CortexM3\ARM_GCC_541\Debug\CS301_Class.a(USBUART_cdc.o)
 .debug_aranges
                0x000011a8       0x20 .\CortexM3\ARM_GCC_541\Debug\CS301_Class.a(USBUART_cls.o)
 .debug_aranges
                0x000011c8       0x18 .\CortexM3\ARM_GCC_541\Debug\CS301_Class.a(USBUART_descr.o)
 .debug_aranges
                0x000011e0       0x88 .\CortexM3\ARM_GCC_541\Debug\CS301_Class.a(CyFlash.o)
 .debug_aranges
                0x00001268       0x80 .\CortexM3\ARM_GCC_541\Debug\CS301_Class.a(CySpc.o)

.debug_pubnames
 *(.debug_pubnames)

.debug_info     0x00000000     0x82a5
 *(.debug_info .gnu.linkonce.wi.*)
 .debug_info    0x00000000      0x5b5 .\CortexM3\ARM_GCC_541\Debug\main.o
 .debug_info    0x000005b5      0x14e .\CortexM3\ARM_GCC_541\Debug\tacho.o
 .debug_info    0x00000703       0xc7 .\CortexM3\ARM_GCC_541\Debug\initialise.o
 .debug_info    0x000007ca       0x79 .\CortexM3\ARM_GCC_541\Debug\pathfinding.o
 .debug_info    0x00000843      0x194 .\CortexM3\ARM_GCC_541\Debug\movement.o
 .debug_info    0x000009d7      0x717 .\CortexM3\ARM_GCC_541\Debug\usbUART.o
 .debug_info    0x000010ee      0x463 .\CortexM3\ARM_GCC_541\Debug\cyfitter_cfg.o
 .debug_info    0x00001551      0x139 .\CortexM3\ARM_GCC_541\Debug\cymetadata.o
 .debug_info    0x0000168a      0x32b .\CortexM3\ARM_GCC_541\Debug\Cm3Start.o
 .debug_info    0x000019b5      0x52d .\CortexM3\ARM_GCC_541\Debug\CS301_Class.a(USBUART_drv.o)
 .debug_info    0x00001ee2      0x23b .\CortexM3\ARM_GCC_541\Debug\CS301_Class.a(USBUART_episr.o)
 .debug_info    0x0000211d      0x18d .\CortexM3\ARM_GCC_541\Debug\CS301_Class.a(USBUART_pm.o)
 .debug_info    0x000022aa      0x961 .\CortexM3\ARM_GCC_541\Debug\CS301_Class.a(USBUART_std.o)
 .debug_info    0x00002c0b      0x1a9 .\CortexM3\ARM_GCC_541\Debug\CS301_Class.a(USBUART_vnd.o)
 .debug_info    0x00002db4      0x171 .\CortexM3\ARM_GCC_541\Debug\CS301_Class.a(USBUART_Dp.o)
 .debug_info    0x00002f25      0xe51 .\CortexM3\ARM_GCC_541\Debug\CS301_Class.a(CyLib.o)
 .debug_info    0x00003d76      0x57a .\CortexM3\ARM_GCC_541\Debug\CS301_Class.a(cyPm.o)
 .debug_info    0x000042f0      0x235 .\CortexM3\ARM_GCC_541\Debug\CS301_Class.a(PWM_1.o)
 .debug_info    0x00004525      0x25d .\CortexM3\ARM_GCC_541\Debug\CS301_Class.a(Clock_PWM.o)
 .debug_info    0x00004782      0x235 .\CortexM3\ARM_GCC_541\Debug\CS301_Class.a(PWM_2.o)
 .debug_info    0x000049b7      0x11e .\CortexM3\ARM_GCC_541\Debug\CS301_Class.a(LED.o)
 .debug_info    0x00004ad5      0x208 .\CortexM3\ARM_GCC_541\Debug\CS301_Class.a(QuadDec_M1.o)
 .debug_info    0x00004cdd      0x208 .\CortexM3\ARM_GCC_541\Debug\CS301_Class.a(QuadDec_M2.o)
 .debug_info    0x00004ee5      0x291 .\CortexM3\ARM_GCC_541\Debug\CS301_Class.a(QuadDec_M1_Cnt16.o)
 .debug_info    0x00005176      0x291 .\CortexM3\ARM_GCC_541\Debug\CS301_Class.a(QuadDec_M2_Cnt16.o)
 .debug_info    0x00005407       0xd7 .\CortexM3\ARM_GCC_541\Debug\CS301_Class.a(RF_BT_SELECT.o)
 .debug_info    0x000054de      0x245 .\CortexM3\ARM_GCC_541\Debug\CS301_Class.a(SpeedTimer.o)
 .debug_info    0x00005723      0x25d .\CortexM3\ARM_GCC_541\Debug\CS301_Class.a(SpeedClock.o)
 .debug_info    0x00005980      0x245 .\CortexM3\ARM_GCC_541\Debug\CS301_Class.a(Timer_LED.o)
 .debug_info    0x00005bc5      0x241 .\CortexM3\ARM_GCC_541\Debug\CS301_Class.a(isr_Timer_LED.o)
 .debug_info    0x00005e06      0x241 .\CortexM3\ARM_GCC_541\Debug\CS301_Class.a(S1_detected.o)
 .debug_info    0x00006047      0x241 .\CortexM3\ARM_GCC_541\Debug\CS301_Class.a(S2_detected.o)
 .debug_info    0x00006288      0x241 .\CortexM3\ARM_GCC_541\Debug\CS301_Class.a(S3_detected.o)
 .debug_info    0x000064c9      0x241 .\CortexM3\ARM_GCC_541\Debug\CS301_Class.a(S4_detected.o)
 .debug_info    0x0000670a      0x241 .\CortexM3\ARM_GCC_541\Debug\CS301_Class.a(S5_detected.o)
 .debug_info    0x0000694b      0x241 .\CortexM3\ARM_GCC_541\Debug\CS301_Class.a(S6_detected.o)
 .debug_info    0x00006b8c       0xd3 .\CortexM3\ARM_GCC_541\Debug\CS301_Class.a(CyBootAsmGnu.o)
 .debug_info    0x00006c5f      0x924 .\CortexM3\ARM_GCC_541\Debug\CS301_Class.a(USBUART_cdc.o)
 .debug_info    0x00007583      0x1c8 .\CortexM3\ARM_GCC_541\Debug\CS301_Class.a(USBUART_cls.o)
 .debug_info    0x0000774b      0x2e1 .\CortexM3\ARM_GCC_541\Debug\CS301_Class.a(USBUART_descr.o)
 .debug_info    0x00007a2c      0x3b9 .\CortexM3\ARM_GCC_541\Debug\CS301_Class.a(CyFlash.o)
 .debug_info    0x00007de5      0x4c0 .\CortexM3\ARM_GCC_541\Debug\CS301_Class.a(CySpc.o)

.debug_abbrev   0x00000000     0x2fd8
 *(.debug_abbrev)
 .debug_abbrev  0x00000000      0x1c2 .\CortexM3\ARM_GCC_541\Debug\main.o
 .debug_abbrev  0x000001c2       0x96 .\CortexM3\ARM_GCC_541\Debug\tacho.o
 .debug_abbrev  0x00000258       0x65 .\CortexM3\ARM_GCC_541\Debug\initialise.o
 .debug_abbrev  0x000002bd       0x26 .\CortexM3\ARM_GCC_541\Debug\pathfinding.o
 .debug_abbrev  0x000002e3       0xaa .\CortexM3\ARM_GCC_541\Debug\movement.o
 .debug_abbrev  0x0000038d      0x1f3 .\CortexM3\ARM_GCC_541\Debug\usbUART.o
 .debug_abbrev  0x00000580      0x1b7 .\CortexM3\ARM_GCC_541\Debug\cyfitter_cfg.o
 .debug_abbrev  0x00000737       0x77 .\CortexM3\ARM_GCC_541\Debug\cymetadata.o
 .debug_abbrev  0x000007ae      0x1d6 .\CortexM3\ARM_GCC_541\Debug\Cm3Start.o
 .debug_abbrev  0x00000984      0x161 .\CortexM3\ARM_GCC_541\Debug\CS301_Class.a(USBUART_drv.o)
 .debug_abbrev  0x00000ae5       0xfd .\CortexM3\ARM_GCC_541\Debug\CS301_Class.a(USBUART_episr.o)
 .debug_abbrev  0x00000be2       0xd1 .\CortexM3\ARM_GCC_541\Debug\CS301_Class.a(USBUART_pm.o)
 .debug_abbrev  0x00000cb3      0x1c2 .\CortexM3\ARM_GCC_541\Debug\CS301_Class.a(USBUART_std.o)
 .debug_abbrev  0x00000e75       0xc5 .\CortexM3\ARM_GCC_541\Debug\CS301_Class.a(USBUART_vnd.o)
 .debug_abbrev  0x00000f3a       0x90 .\CortexM3\ARM_GCC_541\Debug\CS301_Class.a(USBUART_Dp.o)
 .debug_abbrev  0x00000fca      0x217 .\CortexM3\ARM_GCC_541\Debug\CS301_Class.a(CyLib.o)
 .debug_abbrev  0x000011e1      0x161 .\CortexM3\ARM_GCC_541\Debug\CS301_Class.a(cyPm.o)
 .debug_abbrev  0x00001342      0x116 .\CortexM3\ARM_GCC_541\Debug\CS301_Class.a(PWM_1.o)
 .debug_abbrev  0x00001458      0x11d .\CortexM3\ARM_GCC_541\Debug\CS301_Class.a(Clock_PWM.o)
 .debug_abbrev  0x00001575      0x116 .\CortexM3\ARM_GCC_541\Debug\CS301_Class.a(PWM_2.o)
 .debug_abbrev  0x0000168b       0x90 .\CortexM3\ARM_GCC_541\Debug\CS301_Class.a(LED.o)
 .debug_abbrev  0x0000171b      0x130 .\CortexM3\ARM_GCC_541\Debug\CS301_Class.a(QuadDec_M1.o)
 .debug_abbrev  0x0000184b      0x130 .\CortexM3\ARM_GCC_541\Debug\CS301_Class.a(QuadDec_M2.o)
 .debug_abbrev  0x0000197b      0x12c .\CortexM3\ARM_GCC_541\Debug\CS301_Class.a(QuadDec_M1_Cnt16.o)
 .debug_abbrev  0x00001aa7      0x12c .\CortexM3\ARM_GCC_541\Debug\CS301_Class.a(QuadDec_M2_Cnt16.o)
 .debug_abbrev  0x00001bd3       0x81 .\CortexM3\ARM_GCC_541\Debug\CS301_Class.a(RF_BT_SELECT.o)
 .debug_abbrev  0x00001c54       0xe9 .\CortexM3\ARM_GCC_541\Debug\CS301_Class.a(SpeedTimer.o)
 .debug_abbrev  0x00001d3d      0x11d .\CortexM3\ARM_GCC_541\Debug\CS301_Class.a(SpeedClock.o)
 .debug_abbrev  0x00001e5a       0xe9 .\CortexM3\ARM_GCC_541\Debug\CS301_Class.a(Timer_LED.o)
 .debug_abbrev  0x00001f43      0x172 .\CortexM3\ARM_GCC_541\Debug\CS301_Class.a(isr_Timer_LED.o)
 .debug_abbrev  0x000020b5      0x172 .\CortexM3\ARM_GCC_541\Debug\CS301_Class.a(S1_detected.o)
 .debug_abbrev  0x00002227      0x172 .\CortexM3\ARM_GCC_541\Debug\CS301_Class.a(S2_detected.o)
 .debug_abbrev  0x00002399      0x172 .\CortexM3\ARM_GCC_541\Debug\CS301_Class.a(S3_detected.o)
 .debug_abbrev  0x0000250b      0x172 .\CortexM3\ARM_GCC_541\Debug\CS301_Class.a(S4_detected.o)
 .debug_abbrev  0x0000267d      0x172 .\CortexM3\ARM_GCC_541\Debug\CS301_Class.a(S5_detected.o)
 .debug_abbrev  0x000027ef      0x172 .\CortexM3\ARM_GCC_541\Debug\CS301_Class.a(S6_detected.o)
 .debug_abbrev  0x00002961       0x14 .\CortexM3\ARM_GCC_541\Debug\CS301_Class.a(CyBootAsmGnu.o)
 .debug_abbrev  0x00002975      0x233 .\CortexM3\ARM_GCC_541\Debug\CS301_Class.a(USBUART_cdc.o)
 .debug_abbrev  0x00002ba8       0xc5 .\CortexM3\ARM_GCC_541\Debug\CS301_Class.a(USBUART_cls.o)
 .debug_abbrev  0x00002c6d       0xb4 .\CortexM3\ARM_GCC_541\Debug\CS301_Class.a(USBUART_descr.o)
 .debug_abbrev  0x00002d21      0x14b .\CortexM3\ARM_GCC_541\Debug\CS301_Class.a(CyFlash.o)
 .debug_abbrev  0x00002e6c      0x16c .\CortexM3\ARM_GCC_541\Debug\CS301_Class.a(CySpc.o)

.debug_line     0x00000000     0x46f1
 *(.debug_line)
 .debug_line    0x00000000      0x30d .\CortexM3\ARM_GCC_541\Debug\main.o
 .debug_line    0x0000030d      0x183 .\CortexM3\ARM_GCC_541\Debug\tacho.o
 .debug_line    0x00000490      0x168 .\CortexM3\ARM_GCC_541\Debug\initialise.o
 .debug_line    0x000005f8       0x1d .\CortexM3\ARM_GCC_541\Debug\pathfinding.o
 .debug_line    0x00000615      0x1ee .\CortexM3\ARM_GCC_541\Debug\movement.o
 .debug_line    0x00000803      0x307 .\CortexM3\ARM_GCC_541\Debug\usbUART.o
 .debug_line    0x00000b0a      0x224 .\CortexM3\ARM_GCC_541\Debug\cyfitter_cfg.o
 .debug_line    0x00000d2e      0x141 .\CortexM3\ARM_GCC_541\Debug\cymetadata.o
 .debug_line    0x00000e6f      0x1dc .\CortexM3\ARM_GCC_541\Debug\Cm3Start.o
 .debug_line    0x0000104b      0x21f .\CortexM3\ARM_GCC_541\Debug\CS301_Class.a(USBUART_drv.o)
 .debug_line    0x0000126a       0xf2 .\CortexM3\ARM_GCC_541\Debug\CS301_Class.a(USBUART_episr.o)
 .debug_line    0x0000135c       0xe6 .\CortexM3\ARM_GCC_541\Debug\CS301_Class.a(USBUART_pm.o)
 .debug_line    0x00001442      0x470 .\CortexM3\ARM_GCC_541\Debug\CS301_Class.a(USBUART_std.o)
 .debug_line    0x000018b2       0x8f .\CortexM3\ARM_GCC_541\Debug\CS301_Class.a(USBUART_vnd.o)
 .debug_line    0x00001941       0xbf .\CortexM3\ARM_GCC_541\Debug\CS301_Class.a(USBUART_Dp.o)
 .debug_line    0x00001a00      0x883 .\CortexM3\ARM_GCC_541\Debug\CS301_Class.a(CyLib.o)
 .debug_line    0x00002283      0x38e .\CortexM3\ARM_GCC_541\Debug\CS301_Class.a(cyPm.o)
 .debug_line    0x00002611      0x140 .\CortexM3\ARM_GCC_541\Debug\CS301_Class.a(PWM_1.o)
 .debug_line    0x00002751      0x1a8 .\CortexM3\ARM_GCC_541\Debug\CS301_Class.a(Clock_PWM.o)
 .debug_line    0x000028f9      0x140 .\CortexM3\ARM_GCC_541\Debug\CS301_Class.a(PWM_2.o)
 .debug_line    0x00002a39       0x93 .\CortexM3\ARM_GCC_541\Debug\CS301_Class.a(LED.o)
 .debug_line    0x00002acc      0x10a .\CortexM3\ARM_GCC_541\Debug\CS301_Class.a(QuadDec_M1.o)
 .debug_line    0x00002bd6      0x10a .\CortexM3\ARM_GCC_541\Debug\CS301_Class.a(QuadDec_M2.o)
 .debug_line    0x00002ce0      0x18e .\CortexM3\ARM_GCC_541\Debug\CS301_Class.a(QuadDec_M1_Cnt16.o)
 .debug_line    0x00002e6e      0x18e .\CortexM3\ARM_GCC_541\Debug\CS301_Class.a(QuadDec_M2_Cnt16.o)
 .debug_line    0x00002ffc       0x75 .\CortexM3\ARM_GCC_541\Debug\CS301_Class.a(RF_BT_SELECT.o)
 .debug_line    0x00003071      0x162 .\CortexM3\ARM_GCC_541\Debug\CS301_Class.a(SpeedTimer.o)
 .debug_line    0x000031d3      0x1a9 .\CortexM3\ARM_GCC_541\Debug\CS301_Class.a(SpeedClock.o)
 .debug_line    0x0000337c      0x161 .\CortexM3\ARM_GCC_541\Debug\CS301_Class.a(Timer_LED.o)
 .debug_line    0x000034dd      0x158 .\CortexM3\ARM_GCC_541\Debug\CS301_Class.a(isr_Timer_LED.o)
 .debug_line    0x00003635      0x146 .\CortexM3\ARM_GCC_541\Debug\CS301_Class.a(S1_detected.o)
 .debug_line    0x0000377b      0x156 .\CortexM3\ARM_GCC_541\Debug\CS301_Class.a(S2_detected.o)
 .debug_line    0x000038d1      0x156 .\CortexM3\ARM_GCC_541\Debug\CS301_Class.a(S3_detected.o)
 .debug_line    0x00003a27      0x156 .\CortexM3\ARM_GCC_541\Debug\CS301_Class.a(S4_detected.o)
 .debug_line    0x00003b7d      0x156 .\CortexM3\ARM_GCC_541\Debug\CS301_Class.a(S5_detected.o)
 .debug_line    0x00003cd3      0x156 .\CortexM3\ARM_GCC_541\Debug\CS301_Class.a(S6_detected.o)
 .debug_line    0x00003e29       0x66 .\CortexM3\ARM_GCC_541\Debug\CS301_Class.a(CyBootAsmGnu.o)
 .debug_line    0x00003e8f      0x30c .\CortexM3\ARM_GCC_541\Debug\CS301_Class.a(USBUART_cdc.o)
 .debug_line    0x0000419b       0x95 .\CortexM3\ARM_GCC_541\Debug\CS301_Class.a(USBUART_cls.o)
 .debug_line    0x00004230       0x61 .\CortexM3\ARM_GCC_541\Debug\CS301_Class.a(USBUART_descr.o)
 .debug_line    0x00004291      0x22f .\CortexM3\ARM_GCC_541\Debug\CS301_Class.a(CyFlash.o)
 .debug_line    0x000044c0      0x231 .\CortexM3\ARM_GCC_541\Debug\CS301_Class.a(CySpc.o)

.debug_frame    0x00000000     0x4888
 *(.debug_frame)
 .debug_frame   0x00000000      0x1dc .\CortexM3\ARM_GCC_541\Debug\main.o
 .debug_frame   0x000001dc       0x60 .\CortexM3\ARM_GCC_541\Debug\tacho.o
 .debug_frame   0x0000023c       0x2c .\CortexM3\ARM_GCC_541\Debug\initialise.o
 .debug_frame   0x00000268       0xf8 .\CortexM3\ARM_GCC_541\Debug\movement.o
 .debug_frame   0x00000360      0x37c .\CortexM3\ARM_GCC_541\Debug\usbUART.o
 .debug_frame   0x000006dc      0x16c .\CortexM3\ARM_GCC_541\Debug\cyfitter_cfg.o
 .debug_frame   0x00000848       0xd8 .\CortexM3\ARM_GCC_541\Debug\Cm3Start.o
 .debug_frame   0x00000920      0x23c .\CortexM3\ARM_GCC_541\Debug\CS301_Class.a(USBUART_drv.o)
 .debug_frame   0x00000b5c       0xbc .\CortexM3\ARM_GCC_541\Debug\CS301_Class.a(USBUART_episr.o)
 .debug_frame   0x00000c18       0xbc .\CortexM3\ARM_GCC_541\Debug\CS301_Class.a(USBUART_pm.o)
 .debug_frame   0x00000cd4      0x224 .\CortexM3\ARM_GCC_541\Debug\CS301_Class.a(USBUART_std.o)
 .debug_frame   0x00000ef8       0x38 .\CortexM3\ARM_GCC_541\Debug\CS301_Class.a(USBUART_vnd.o)
 .debug_frame   0x00000f30       0xf4 .\CortexM3\ARM_GCC_541\Debug\CS301_Class.a(USBUART_Dp.o)
 .debug_frame   0x00001024      0xc0c .\CortexM3\ARM_GCC_541\Debug\CS301_Class.a(CyLib.o)
 .debug_frame   0x00001c30      0x234 .\CortexM3\ARM_GCC_541\Debug\CS301_Class.a(cyPm.o)
 .debug_frame   0x00001e64      0x1d0 .\CortexM3\ARM_GCC_541\Debug\CS301_Class.a(PWM_1.o)
 .debug_frame   0x00002034      0x1b4 .\CortexM3\ARM_GCC_541\Debug\CS301_Class.a(Clock_PWM.o)
 .debug_frame   0x000021e8      0x1d0 .\CortexM3\ARM_GCC_541\Debug\CS301_Class.a(PWM_2.o)
 .debug_frame   0x000023b8       0xa8 .\CortexM3\ARM_GCC_541\Debug\CS301_Class.a(LED.o)
 .debug_frame   0x00002460      0x160 .\CortexM3\ARM_GCC_541\Debug\CS301_Class.a(QuadDec_M1.o)
 .debug_frame   0x000025c0      0x160 .\CortexM3\ARM_GCC_541\Debug\CS301_Class.a(QuadDec_M2.o)
 .debug_frame   0x00002720      0x258 .\CortexM3\ARM_GCC_541\Debug\CS301_Class.a(QuadDec_M1_Cnt16.o)
 .debug_frame   0x00002978      0x258 .\CortexM3\ARM_GCC_541\Debug\CS301_Class.a(QuadDec_M2_Cnt16.o)
 .debug_frame   0x00002bd0       0x5c .\CortexM3\ARM_GCC_541\Debug\CS301_Class.a(RF_BT_SELECT.o)
 .debug_frame   0x00002c2c      0x208 .\CortexM3\ARM_GCC_541\Debug\CS301_Class.a(SpeedTimer.o)
 .debug_frame   0x00002e34      0x1b4 .\CortexM3\ARM_GCC_541\Debug\CS301_Class.a(SpeedClock.o)
 .debug_frame   0x00002fe8      0x208 .\CortexM3\ARM_GCC_541\Debug\CS301_Class.a(Timer_LED.o)
 .debug_frame   0x000031f0      0x1e8 .\CortexM3\ARM_GCC_541\Debug\CS301_Class.a(isr_Timer_LED.o)
 .debug_frame   0x000033d8      0x1e8 .\CortexM3\ARM_GCC_541\Debug\CS301_Class.a(S1_detected.o)
 .debug_frame   0x000035c0      0x1e8 .\CortexM3\ARM_GCC_541\Debug\CS301_Class.a(S2_detected.o)
 .debug_frame   0x000037a8      0x1e8 .\CortexM3\ARM_GCC_541\Debug\CS301_Class.a(S3_detected.o)
 .debug_frame   0x00003990      0x1e8 .\CortexM3\ARM_GCC_541\Debug\CS301_Class.a(S4_detected.o)
 .debug_frame   0x00003b78      0x1e8 .\CortexM3\ARM_GCC_541\Debug\CS301_Class.a(S5_detected.o)
 .debug_frame   0x00003d60      0x1e8 .\CortexM3\ARM_GCC_541\Debug\CS301_Class.a(S6_detected.o)
 .debug_frame   0x00003f48      0x3ec .\CortexM3\ARM_GCC_541\Debug\CS301_Class.a(USBUART_cdc.o)
 .debug_frame   0x00004334       0x38 .\CortexM3\ARM_GCC_541\Debug\CS301_Class.a(USBUART_cls.o)
 .debug_frame   0x0000436c      0x238 .\CortexM3\ARM_GCC_541\Debug\CS301_Class.a(CyFlash.o)
 .debug_frame   0x000045a4      0x228 .\CortexM3\ARM_GCC_541\Debug\CS301_Class.a(CySpc.o)
 .debug_frame   0x000047cc       0x20 c:/program files (x86)/cypress/psoc creator/4.2/psoc creator/import/gnu/arm/5.4.1/bin/../lib/gcc/arm-none-eabi/5.4.1/../../../../arm-none-eabi/lib/armv7-m\libg_nano.a(lib_a-errno.o)
 .debug_frame   0x000047ec       0x28 c:/program files (x86)/cypress/psoc creator/4.2/psoc creator/import/gnu/arm/5.4.1/bin/../lib/gcc/arm-none-eabi/5.4.1/../../../../arm-none-eabi/lib/armv7-m\libg_nano.a(lib_a-exit.o)
 .debug_frame   0x00004814       0x2c c:/program files (x86)/cypress/psoc creator/4.2/psoc creator/import/gnu/arm/5.4.1/bin/../lib/gcc/arm-none-eabi/5.4.1/../../../../arm-none-eabi/lib/armv7-m\libg_nano.a(lib_a-init.o)
 .debug_frame   0x00004840       0x28 c:/program files (x86)/cypress/psoc creator/4.2/psoc creator/import/gnu/arm/5.4.1/bin/../lib/gcc/arm-none-eabi/5.4.1/../../../../arm-none-eabi/lib/armv7-m\libg_nano.a(lib_a-memcpy-stub.o)
 .debug_frame   0x00004868       0x20 c:/program files (x86)/cypress/psoc creator/4.2/psoc creator/import/gnu/arm/5.4.1/bin/../lib/gcc/arm-none-eabi/5.4.1/../../../../arm-none-eabi/lib/armv7-m\libg_nano.a(lib_a-memset.o)

.debug_str      0x00000000     0x4073
 *(.debug_str)
 .debug_str     0x00000000      0x4ab .\CortexM3\ARM_GCC_541\Debug\main.o
                                0x535 (size before relaxing)
 .debug_str     0x000004ab       0x37 .\CortexM3\ARM_GCC_541\Debug\tacho.o
                                0x21a (size before relaxing)
 .debug_str     0x000004e2       0x12 .\CortexM3\ARM_GCC_541\Debug\initialise.o
                                0x1ef (size before relaxing)
 .debug_str     0x000004f4       0x62 .\CortexM3\ARM_GCC_541\Debug\pathfinding.o
                                0x18e (size before relaxing)
 .debug_str     0x00000556       0xbd .\CortexM3\ARM_GCC_541\Debug\movement.o
                                0x2a1 (size before relaxing)
 .debug_str     0x00000613      0x43f .\CortexM3\ARM_GCC_541\Debug\usbUART.o
                                0x62e (size before relaxing)
 .debug_str     0x00000a52      0x191 .\CortexM3\ARM_GCC_541\Debug\cyfitter_cfg.o
                                0x381 (size before relaxing)
 .debug_str     0x00000be3       0x7f .\CortexM3\ARM_GCC_541\Debug\cymetadata.o
                                0x227 (size before relaxing)
 .debug_str     0x00000c62      0x118 .\CortexM3\ARM_GCC_541\Debug\Cm3Start.o
                                0x31a (size before relaxing)
 .debug_str     0x00000d7a      0x30c .\CortexM3\ARM_GCC_541\Debug\CS301_Class.a(USBUART_drv.o)
                                0x63d (size before relaxing)
 .debug_str     0x00001086       0x80 .\CortexM3\ARM_GCC_541\Debug\CS301_Class.a(USBUART_episr.o)
                                0x30a (size before relaxing)
 .debug_str     0x00001106       0xac .\CortexM3\ARM_GCC_541\Debug\CS301_Class.a(USBUART_pm.o)
                                0x2ae (size before relaxing)
 .debug_str     0x000011b2      0x30b .\CortexM3\ARM_GCC_541\Debug\CS301_Class.a(USBUART_std.o)
                                0x79d (size before relaxing)
 .debug_str     0x000014bd       0x5f .\CortexM3\ARM_GCC_541\Debug\CS301_Class.a(USBUART_vnd.o)
                                0x2ba (size before relaxing)
 .debug_str     0x0000151c       0xb5 .\CortexM3\ARM_GCC_541\Debug\CS301_Class.a(USBUART_Dp.o)
                                0x284 (size before relaxing)
 .debug_str     0x000015d1      0x7e9 .\CortexM3\ARM_GCC_541\Debug\CS301_Class.a(CyLib.o)
                                0xa2d (size before relaxing)
 .debug_str     0x00001dba      0x371 .\CortexM3\ARM_GCC_541\Debug\CS301_Class.a(cyPm.o)
                                0x586 (size before relaxing)
 .debug_str     0x0000212b      0x133 .\CortexM3\ARM_GCC_541\Debug\CS301_Class.a(PWM_1.o)
                                0x310 (size before relaxing)
 .debug_str     0x0000225e      0x17a .\CortexM3\ARM_GCC_541\Debug\CS301_Class.a(Clock_PWM.o)
                                0x349 (size before relaxing)
 .debug_str     0x000023d8      0x109 .\CortexM3\ARM_GCC_541\Debug\CS301_Class.a(PWM_2.o)
                                0x310 (size before relaxing)
 .debug_str     0x000024e1       0x51 .\CortexM3\ARM_GCC_541\Debug\CS301_Class.a(LED.o)
                                0x21b (size before relaxing)
 .debug_str     0x00002532       0xfa .\CortexM3\ARM_GCC_541\Debug\CS301_Class.a(QuadDec_M1.o)
                                0x2f8 (size before relaxing)
 .debug_str     0x0000262c       0xf3 .\CortexM3\ARM_GCC_541\Debug\CS301_Class.a(QuadDec_M2.o)
                                0x2f8 (size before relaxing)
 .debug_str     0x0000271f      0x24d .\CortexM3\ARM_GCC_541\Debug\CS301_Class.a(QuadDec_M1_Cnt16.o)
                                0x43f (size before relaxing)
 .debug_str     0x0000296c      0x236 .\CortexM3\ARM_GCC_541\Debug\CS301_Class.a(QuadDec_M2_Cnt16.o)
                                0x43f (size before relaxing)
 .debug_str     0x00002ba2       0x4b .\CortexM3\ARM_GCC_541\Debug\CS301_Class.a(RF_BT_SELECT.o)
                                0x207 (size before relaxing)
 .debug_str     0x00002bed      0x18d .\CortexM3\ARM_GCC_541\Debug\CS301_Class.a(SpeedTimer.o)
                                0x388 (size before relaxing)
 .debug_str     0x00002d7a      0x13b .\CortexM3\ARM_GCC_541\Debug\CS301_Class.a(SpeedClock.o)
                                0x355 (size before relaxing)
 .debug_str     0x00002eb5      0x141 .\CortexM3\ARM_GCC_541\Debug\CS301_Class.a(Timer_LED.o)
                                0x378 (size before relaxing)
 .debug_str     0x00002ff6      0x156 .\CortexM3\ARM_GCC_541\Debug\CS301_Class.a(isr_Timer_LED.o)
                                0x359 (size before relaxing)
 .debug_str     0x0000314c      0x13a .\CortexM3\ARM_GCC_541\Debug\CS301_Class.a(S1_detected.o)
                                0x33d (size before relaxing)
 .debug_str     0x00003286      0x13a .\CortexM3\ARM_GCC_541\Debug\CS301_Class.a(S2_detected.o)
                                0x33d (size before relaxing)
 .debug_str     0x000033c0      0x13a .\CortexM3\ARM_GCC_541\Debug\CS301_Class.a(S3_detected.o)
                                0x33d (size before relaxing)
 .debug_str     0x000034fa      0x13a .\CortexM3\ARM_GCC_541\Debug\CS301_Class.a(S4_detected.o)
                                0x33d (size before relaxing)
 .debug_str     0x00003634      0x13a .\CortexM3\ARM_GCC_541\Debug\CS301_Class.a(S5_detected.o)
                                0x33d (size before relaxing)
 .debug_str     0x0000376e      0x13a .\CortexM3\ARM_GCC_541\Debug\CS301_Class.a(S6_detected.o)
                                0x33d (size before relaxing)
 .debug_str     0x000038a8      0x40c .\CortexM3\ARM_GCC_541\Debug\CS301_Class.a(USBUART_cdc.o)
                                0x75d (size before relaxing)
 .debug_str     0x00003cb4       0x3f .\CortexM3\ARM_GCC_541\Debug\CS301_Class.a(USBUART_cls.o)
                                0x2d2 (size before relaxing)
 .debug_str     0x00003cf3      0x104 .\CortexM3\ARM_GCC_541\Debug\CS301_Class.a(USBUART_descr.o)
                                0x3d5 (size before relaxing)
 .debug_str     0x00003df7      0x14f .\CortexM3\ARM_GCC_541\Debug\CS301_Class.a(CyFlash.o)
                                0x34a (size before relaxing)
 .debug_str     0x00003f46      0x12d .\CortexM3\ARM_GCC_541\Debug\CS301_Class.a(CySpc.o)
                                0x344 (size before relaxing)

.debug_loc
 *(.debug_loc)

.debug_macinfo
 *(.debug_macinfo)

.debug_ranges   0x00000000     0x1020
 *(.debug_ranges)
 .debug_ranges  0x00000000       0x70 .\CortexM3\ARM_GCC_541\Debug\main.o
 .debug_ranges  0x00000070       0x18 .\CortexM3\ARM_GCC_541\Debug\tacho.o
 .debug_ranges  0x00000088       0x10 .\CortexM3\ARM_GCC_541\Debug\initialise.o
 .debug_ranges  0x00000098       0x40 .\CortexM3\ARM_GCC_541\Debug\movement.o
 .debug_ranges  0x000000d8       0xb8 .\CortexM3\ARM_GCC_541\Debug\usbUART.o
 .debug_ranges  0x00000190       0x50 .\CortexM3\ARM_GCC_541\Debug\cyfitter_cfg.o
 .debug_ranges  0x000001e0       0x38 .\CortexM3\ARM_GCC_541\Debug\Cm3Start.o
 .debug_ranges  0x00000218       0x88 .\CortexM3\ARM_GCC_541\Debug\CS301_Class.a(USBUART_drv.o)
 .debug_ranges  0x000002a0       0x30 .\CortexM3\ARM_GCC_541\Debug\CS301_Class.a(USBUART_episr.o)
 .debug_ranges  0x000002d0       0x30 .\CortexM3\ARM_GCC_541\Debug\CS301_Class.a(USBUART_pm.o)
 .debug_ranges  0x00000300       0x70 .\CortexM3\ARM_GCC_541\Debug\CS301_Class.a(USBUART_std.o)
 .debug_ranges  0x00000370       0x10 .\CortexM3\ARM_GCC_541\Debug\CS301_Class.a(USBUART_vnd.o)
 .debug_ranges  0x00000380       0x38 .\CortexM3\ARM_GCC_541\Debug\CS301_Class.a(USBUART_Dp.o)
 .debug_ranges  0x000003b8      0x290 .\CortexM3\ARM_GCC_541\Debug\CS301_Class.a(CyLib.o)
 .debug_ranges  0x00000648       0x88 .\CortexM3\ARM_GCC_541\Debug\CS301_Class.a(cyPm.o)
 .debug_ranges  0x000006d0       0x68 .\CortexM3\ARM_GCC_541\Debug\CS301_Class.a(PWM_1.o)
 .debug_ranges  0x00000738       0x60 .\CortexM3\ARM_GCC_541\Debug\CS301_Class.a(Clock_PWM.o)
 .debug_ranges  0x00000798       0x68 .\CortexM3\ARM_GCC_541\Debug\CS301_Class.a(PWM_2.o)
 .debug_ranges  0x00000800       0x28 .\CortexM3\ARM_GCC_541\Debug\CS301_Class.a(LED.o)
 .debug_ranges  0x00000828       0x50 .\CortexM3\ARM_GCC_541\Debug\CS301_Class.a(QuadDec_M1.o)
 .debug_ranges  0x00000878       0x50 .\CortexM3\ARM_GCC_541\Debug\CS301_Class.a(QuadDec_M2.o)
 .debug_ranges  0x000008c8       0x88 .\CortexM3\ARM_GCC_541\Debug\CS301_Class.a(QuadDec_M1_Cnt16.o)
 .debug_ranges  0x00000950       0x88 .\CortexM3\ARM_GCC_541\Debug\CS301_Class.a(QuadDec_M2_Cnt16.o)
 .debug_ranges  0x000009d8       0x18 .\CortexM3\ARM_GCC_541\Debug\CS301_Class.a(RF_BT_SELECT.o)
 .debug_ranges  0x000009f0       0x78 .\CortexM3\ARM_GCC_541\Debug\CS301_Class.a(SpeedTimer.o)
 .debug_ranges  0x00000a68       0x60 .\CortexM3\ARM_GCC_541\Debug\CS301_Class.a(SpeedClock.o)
 .debug_ranges  0x00000ac8       0x78 .\CortexM3\ARM_GCC_541\Debug\CS301_Class.a(Timer_LED.o)
 .debug_ranges  0x00000b40       0x70 .\CortexM3\ARM_GCC_541\Debug\CS301_Class.a(isr_Timer_LED.o)
 .debug_ranges  0x00000bb0       0x70 .\CortexM3\ARM_GCC_541\Debug\CS301_Class.a(S1_detected.o)
 .debug_ranges  0x00000c20       0x70 .\CortexM3\ARM_GCC_541\Debug\CS301_Class.a(S2_detected.o)
 .debug_ranges  0x00000c90       0x70 .\CortexM3\ARM_GCC_541\Debug\CS301_Class.a(S3_detected.o)
 .debug_ranges  0x00000d00       0x70 .\CortexM3\ARM_GCC_541\Debug\CS301_Class.a(S4_detected.o)
 .debug_ranges  0x00000d70       0x70 .\CortexM3\ARM_GCC_541\Debug\CS301_Class.a(S5_detected.o)
 .debug_ranges  0x00000de0       0x70 .\CortexM3\ARM_GCC_541\Debug\CS301_Class.a(S6_detected.o)
 .debug_ranges  0x00000e50       0xd8 .\CortexM3\ARM_GCC_541\Debug\CS301_Class.a(USBUART_cdc.o)
 .debug_ranges  0x00000f28       0x10 .\CortexM3\ARM_GCC_541\Debug\CS301_Class.a(USBUART_cls.o)
 .debug_ranges  0x00000f38       0x78 .\CortexM3\ARM_GCC_541\Debug\CS301_Class.a(CyFlash.o)
 .debug_ranges  0x00000fb0       0x70 .\CortexM3\ARM_GCC_541\Debug\CS301_Class.a(CySpc.o)

.comment        0x00000000       0x6e
 .comment       0x00000000       0x6e .\CortexM3\ARM_GCC_541\Debug\main.o
                                 0x6f (size before relaxing)
 .comment       0x0000006e       0x6f .\CortexM3\ARM_GCC_541\Debug\tacho.o
 .comment       0x0000006e       0x6f .\CortexM3\ARM_GCC_541\Debug\initialise.o
 .comment       0x0000006e       0x6f .\CortexM3\ARM_GCC_541\Debug\pathfinding.o
 .comment       0x0000006e       0x6f .\CortexM3\ARM_GCC_541\Debug\movement.o
 .comment       0x0000006e       0x6f .\CortexM3\ARM_GCC_541\Debug\usbUART.o
 .comment       0x0000006e       0x6f .\CortexM3\ARM_GCC_541\Debug\cyfitter_cfg.o
 .comment       0x0000006e       0x6f .\CortexM3\ARM_GCC_541\Debug\cymetadata.o
 .comment       0x0000006e       0x6f .\CortexM3\ARM_GCC_541\Debug\Cm3Start.o
 .comment       0x0000006e       0x6f .\CortexM3\ARM_GCC_541\Debug\CS301_Class.a(USBUART_drv.o)
 .comment       0x0000006e       0x6f .\CortexM3\ARM_GCC_541\Debug\CS301_Class.a(USBUART_episr.o)
 .comment       0x0000006e       0x6f .\CortexM3\ARM_GCC_541\Debug\CS301_Class.a(USBUART_pm.o)
 .comment       0x0000006e       0x6f .\CortexM3\ARM_GCC_541\Debug\CS301_Class.a(USBUART_std.o)
 .comment       0x0000006e       0x6f .\CortexM3\ARM_GCC_541\Debug\CS301_Class.a(USBUART_vnd.o)
 .comment       0x0000006e       0x6f .\CortexM3\ARM_GCC_541\Debug\CS301_Class.a(USBUART_Dp.o)
 .comment       0x0000006e       0x6f .\CortexM3\ARM_GCC_541\Debug\CS301_Class.a(CyLib.o)
 .comment       0x0000006e       0x6f .\CortexM3\ARM_GCC_541\Debug\CS301_Class.a(cyPm.o)
 .comment       0x0000006e       0x6f .\CortexM3\ARM_GCC_541\Debug\CS301_Class.a(PWM_1.o)
 .comment       0x0000006e       0x6f .\CortexM3\ARM_GCC_541\Debug\CS301_Class.a(Clock_PWM.o)
 .comment       0x0000006e       0x6f .\CortexM3\ARM_GCC_541\Debug\CS301_Class.a(PWM_2.o)
 .comment       0x0000006e       0x6f .\CortexM3\ARM_GCC_541\Debug\CS301_Class.a(LED.o)
 .comment       0x0000006e       0x6f .\CortexM3\ARM_GCC_541\Debug\CS301_Class.a(QuadDec_M1.o)
 .comment       0x0000006e       0x6f .\CortexM3\ARM_GCC_541\Debug\CS301_Class.a(QuadDec_M2.o)
 .comment       0x0000006e       0x6f .\CortexM3\ARM_GCC_541\Debug\CS301_Class.a(QuadDec_M1_Cnt16.o)
 .comment       0x0000006e       0x6f .\CortexM3\ARM_GCC_541\Debug\CS301_Class.a(QuadDec_M2_Cnt16.o)
 .comment       0x0000006e       0x6f .\CortexM3\ARM_GCC_541\Debug\CS301_Class.a(RF_BT_SELECT.o)
 .comment       0x0000006e       0x6f .\CortexM3\ARM_GCC_541\Debug\CS301_Class.a(SpeedTimer.o)
 .comment       0x0000006e       0x6f .\CortexM3\ARM_GCC_541\Debug\CS301_Class.a(SpeedClock.o)
 .comment       0x0000006e       0x6f .\CortexM3\ARM_GCC_541\Debug\CS301_Class.a(Timer_LED.o)
 .comment       0x0000006e       0x6f .\CortexM3\ARM_GCC_541\Debug\CS301_Class.a(isr_Timer_LED.o)
 .comment       0x0000006e       0x6f .\CortexM3\ARM_GCC_541\Debug\CS301_Class.a(S1_detected.o)
 .comment       0x0000006e       0x6f .\CortexM3\ARM_GCC_541\Debug\CS301_Class.a(S2_detected.o)
 .comment       0x0000006e       0x6f .\CortexM3\ARM_GCC_541\Debug\CS301_Class.a(S3_detected.o)
 .comment       0x0000006e       0x6f .\CortexM3\ARM_GCC_541\Debug\CS301_Class.a(S4_detected.o)
 .comment       0x0000006e       0x6f .\CortexM3\ARM_GCC_541\Debug\CS301_Class.a(S5_detected.o)
 .comment       0x0000006e       0x6f .\CortexM3\ARM_GCC_541\Debug\CS301_Class.a(S6_detected.o)
 .comment       0x0000006e       0x6f .\CortexM3\ARM_GCC_541\Debug\CS301_Class.a(USBUART_cdc.o)
 .comment       0x0000006e       0x6f .\CortexM3\ARM_GCC_541\Debug\CS301_Class.a(USBUART_cls.o)
 .comment       0x0000006e       0x6f .\CortexM3\ARM_GCC_541\Debug\CS301_Class.a(USBUART_descr.o)
 .comment       0x0000006e       0x6f .\CortexM3\ARM_GCC_541\Debug\CS301_Class.a(CyFlash.o)
 .comment       0x0000006e       0x6f .\CortexM3\ARM_GCC_541\Debug\CS301_Class.a(CySpc.o)

.debug_weaknames
 *(.debug_weaknames)

.debug_funcnames
 *(.debug_funcnames)

.debug_typenames
 *(.debug_typenames)

.debug_varnames
 *(.debug_varnames)

.note.gnu.arm.ident
 *(.note.gnu.arm.ident)

.ARM.attributes
                0x00000000       0x29
 *(.ARM.attributes)
 .ARM.attributes
                0x00000000       0x1d c:/program files (x86)/cypress/psoc creator/4.2/psoc creator/import/gnu/arm/5.4.1/bin/../lib/gcc/arm-none-eabi/5.4.1/armv7-m/crti.o
 .ARM.attributes
                0x0000001d       0x2d c:/program files (x86)/cypress/psoc creator/4.2/psoc creator/import/gnu/arm/5.4.1/bin/../lib/gcc/arm-none-eabi/5.4.1/armv7-m/crtbegin.o
 .ARM.attributes
                0x0000004a       0x1b c:/program files (x86)/cypress/psoc creator/4.2/psoc creator/import/gnu/arm/5.4.1/bin/../lib/gcc/arm-none-eabi/5.4.1/../../../../arm-none-eabi/lib/armv7-m/crt0.o
 .ARM.attributes
                0x00000065       0x33 .\CortexM3\ARM_GCC_541\Debug\main.o
 .ARM.attributes
                0x00000098       0x33 .\CortexM3\ARM_GCC_541\Debug\tacho.o
 .ARM.attributes
                0x000000cb       0x33 .\CortexM3\ARM_GCC_541\Debug\initialise.o
 .ARM.attributes
                0x000000fe       0x33 .\CortexM3\ARM_GCC_541\Debug\pathfinding.o
 .ARM.attributes
                0x00000131       0x33 .\CortexM3\ARM_GCC_541\Debug\movement.o
 .ARM.attributes
                0x00000164       0x33 .\CortexM3\ARM_GCC_541\Debug\usbUART.o
 .ARM.attributes
                0x00000197       0x33 .\CortexM3\ARM_GCC_541\Debug\cyfitter_cfg.o
 .ARM.attributes
                0x000001ca       0x33 .\CortexM3\ARM_GCC_541\Debug\cymetadata.o
 .ARM.attributes
                0x000001fd       0x33 .\CortexM3\ARM_GCC_541\Debug\Cm3Start.o
 .ARM.attributes
                0x00000230       0x33 .\CortexM3\ARM_GCC_541\Debug\CS301_Class.a(USBUART_drv.o)
 .ARM.attributes
                0x00000263       0x33 .\CortexM3\ARM_GCC_541\Debug\CS301_Class.a(USBUART_episr.o)
 .ARM.attributes