Archive member included to satisfy reference by file (symbol)

.\CortexM3\ARM_GCC_541\Debug\CS301_Class.a(USBUART_drv.o)
                              .\CortexM3\ARM_GCC_541\Debug\usbUART.o (USBUART_EP)
.\CortexM3\ARM_GCC_541\Debug\CS301_Class.a(USBUART_episr.o)
                              .\CortexM3\ARM_GCC_541\Debug\usbUART.o (USBUART_EP_1_ISR)
.\CortexM3\ARM_GCC_541\Debug\CS301_Class.a(USBUART_pm.o)
                              .\CortexM3\ARM_GCC_541\Debug\usbUART.o (USBUART_DP_ISR)
.\CortexM3\ARM_GCC_541\Debug\CS301_Class.a(USBUART_std.o)
                              .\CortexM3\ARM_GCC_541\Debug\CS301_Class.a(USBUART_drv.o) (USBUART_HandleStandardRqst)
.\CortexM3\ARM_GCC_541\Debug\CS301_Class.a(USBUART_vnd.o)
                              .\CortexM3\ARM_GCC_541\Debug\CS301_Class.a(USBUART_drv.o) (USBUART_HandleVendorRqst)
.\CortexM3\ARM_GCC_541\Debug\CS301_Class.a(USBUART_Dp.o)
                              .\CortexM3\ARM_GCC_541\Debug\usbUART.o (USBUART_Dp_ClearInterrupt)
.\CortexM3\ARM_GCC_541\Debug\CS301_Class.a(CyLib.o)
                              .\CortexM3\ARM_GCC_541\Debug\Cm3Start.o (CyResetStatus)
.\CortexM3\ARM_GCC_541\Debug\CS301_Class.a(cyPm.o)
                              .\CortexM3\ARM_GCC_541\Debug\CS301_Class.a(CyLib.o) (CyPmReadStatus)
.\CortexM3\ARM_GCC_541\Debug\CS301_Class.a(PWM_1.o)
                              .\CortexM3\ARM_GCC_541\Debug\initialise.o (PWM_1_Start)
.\CortexM3\ARM_GCC_541\Debug\CS301_Class.a(Clock_PWM.o)
                              .\CortexM3\ARM_GCC_541\Debug\initialise.o (Clock_PWM_Start)
.\CortexM3\ARM_GCC_541\Debug\CS301_Class.a(PWM_2.o)
                              .\CortexM3\ARM_GCC_541\Debug\initialise.o (PWM_2_Start)
.\CortexM3\ARM_GCC_541\Debug\CS301_Class.a(LED.o)
                              .\CortexM3\ARM_GCC_541\Debug\main.o (LED_Write)
.\CortexM3\ARM_GCC_541\Debug\CS301_Class.a(QuadDec_M1.o)
                              .\CortexM3\ARM_GCC_541\Debug\initialise.o (QuadDec_M1_Start)
.\CortexM3\ARM_GCC_541\Debug\CS301_Class.a(QuadDec_M2.o)
                              .\CortexM3\ARM_GCC_541\Debug\main.o (QuadDec_M2_Start)
.\CortexM3\ARM_GCC_541\Debug\CS301_Class.a(QuadDec_M1_Cnt16.o)
                              .\CortexM3\ARM_GCC_541\Debug\CS301_Class.a(QuadDec_M1.o) (QuadDec_M1_Cnt16_WriteCounter)
.\CortexM3\ARM_GCC_541\Debug\CS301_Class.a(QuadDec_M2_Cnt16.o)
                              .\CortexM3\ARM_GCC_541\Debug\CS301_Class.a(QuadDec_M2.o) (QuadDec_M2_Cnt16_WriteCounter)
.\CortexM3\ARM_GCC_541\Debug\CS301_Class.a(RF_BT_SELECT.o)
                              .\CortexM3\ARM_GCC_541\Debug\main.o (RF_BT_SELECT_Write)
.\CortexM3\ARM_GCC_541\Debug\CS301_Class.a(SpeedTimer.o)
                              .\CortexM3\ARM_GCC_541\Debug\initialise.o (SpeedTimer_Start)
.\CortexM3\ARM_GCC_541\Debug\CS301_Class.a(SpeedClock.o)
                              .\CortexM3\ARM_GCC_541\Debug\initialise.o (SpeedClock_Start)
.\CortexM3\ARM_GCC_541\Debug\CS301_Class.a(Timer_LED.o)
                              .\CortexM3\ARM_GCC_541\Debug\main.o (Timer_LED_Start)
.\CortexM3\ARM_GCC_541\Debug\CS301_Class.a(isr_Timer_LED.o)
                              .\CortexM3\ARM_GCC_541\Debug\main.o (isr_Timer_LED_StartEx)
.\CortexM3\ARM_GCC_541\Debug\CS301_Class.a(S1_detected.o)
                              .\CortexM3\ARM_GCC_541\Debug\main.o (S1_detected_StartEx)
.\CortexM3\ARM_GCC_541\Debug\CS301_Class.a(S2_detected.o)
                              .\CortexM3\ARM_GCC_541\Debug\main.o (S2_detected_StartEx)
.\CortexM3\ARM_GCC_541\Debug\CS301_Class.a(S3_detected.o)
                              .\CortexM3\ARM_GCC_541\Debug\main.o (S3_detected_StartEx)
.\CortexM3\ARM_GCC_541\Debug\CS301_Class.a(S4_detected.o)
                              .\CortexM3\ARM_GCC_541\Debug\main.o (S4_detected_StartEx)
.\CortexM3\ARM_GCC_541\Debug\CS301_Class.a(S5_detected.o)
                              .\CortexM3\ARM_GCC_541\Debug\main.o (S5_detected_StartEx)
.\CortexM3\ARM_GCC_541\Debug\CS301_Class.a(S6_detected.o)
                              .\CortexM3\ARM_GCC_541\Debug\main.o (S6_detected_StartEx)
.\CortexM3\ARM_GCC_541\Debug\CS301_Class.a(CyBootAsmGnu.o)
                              .\CortexM3\ARM_GCC_541\Debug\usbUART.o (CyDelayCycles)
.\CortexM3\ARM_GCC_541\Debug\CS301_Class.a(USBUART_cdc.o)
                              .\CortexM3\ARM_GCC_541\Debug\CS301_Class.a(USBUART_std.o) (USBUART_Cdc_EpInit)
.\CortexM3\ARM_GCC_541\Debug\CS301_Class.a(USBUART_cls.o)
                              .\CortexM3\ARM_GCC_541\Debug\CS301_Class.a(USBUART_drv.o) (USBUART_DispatchClassRqst)
.\CortexM3\ARM_GCC_541\Debug\CS301_Class.a(USBUART_descr.o)
                              .\CortexM3\ARM_GCC_541\Debug\CS301_Class.a(USBUART_std.o) (USBUART_DEVICE0_DESCR)
.\CortexM3\ARM_GCC_541\Debug\CS301_Class.a(CyFlash.o)
                              .\CortexM3\ARM_GCC_541\Debug\CS301_Class.a(cyPm.o) (CyFlash_SetWaitCycles)
.\CortexM3\ARM_GCC_541\Debug\CS301_Class.a(CySpc.o)
[...]
Memory Configuration

Name             Origin             Length             Attributes
rom              0x00000000         0x00040000         xr
ram              0x1fff8000         0x00010000         xrw
*default*        0x00000000         0xffffffff

Linker script and memory map

LOAD c:/program files (x86)/cypress/psoc creator/4.2/psoc creator/import/gnu/arm/5.4.1/bin/../lib/gcc/arm-none-eabi/5.4.1/armv7-m/crti.o
LOAD c:/program files (x86)/cypress/psoc creator/4.2/psoc creator/import/gnu/arm/5.4.1/bin/../lib/gcc/arm-none-eabi/5.4.1/armv7-m/crtbegin.o
LOAD c:/program files (x86)/cypress/psoc creator/4.2/psoc creator/import/gnu/arm/5.4.1/bin/../lib/gcc/arm-none-eabi/5.4.1/../../../../arm-none-eabi/lib/armv7-m/crt0.o
START GROUP
LOAD .\CortexM3\ARM_GCC_541\Debug\main.o
LOAD .\CortexM3\ARM_GCC_541\Debug\tacho.o
LOAD .\CortexM3\ARM_GCC_541\Debug\initialise.o
LOAD .\CortexM3\ARM_GCC_541\Debug\pathfinding.o
LOAD .\CortexM3\ARM_GCC_541\Debug\movement.o
LOAD .\CortexM3\ARM_GCC_541\Debug\usbUART.o
LOAD .\CortexM3\ARM_GCC_541\Debug\cyfitter_cfg.o
LOAD .\CortexM3\ARM_GCC_541\Debug\cymetadata.o
LOAD .\CortexM3\ARM_GCC_541\Debug\Cm3Start.o
LOAD .\CortexM3\ARM_GCC_541\Debug\CS301_Class.a
LOAD C:\Program Files (x86)\Cypress\PSoC Creator\4.2\PSoC Creator\psoc\content\cycomponentlibrary\CyComponentLibrary.cylib\CortexM3\ARM_GCC_541\Debug\CyComponentLibrary.a
END GROUP
START GROUP
LOAD c:/program files (x86)/cypress/psoc creator/4.2/psoc creator/import/gnu/arm/5.4.1/bin/../lib/gcc/arm-none-eabi/5.4.1/armv7-m\libgcc.a
LOAD c:/program files (x86)/cypress/psoc creator/4.2/psoc creator/import/gnu/arm/5.4.1/bin/../lib/gcc/arm-none-eabi/5.4.1/../../../../arm-none-eabi/lib/armv7-m\libg_nano.a
LOAD c:/program files (x86)/cypress/psoc creator/4.2/psoc creator/import/gnu/arm/5.4.1/bin/../lib/gcc/arm-none-eabi/5.4.1/../../../../arm-none-eabi/lib/armv7-m\libc_nano.a
END GROUP
START GROUP
LOAD c:/program files (x86)/cypress/psoc creator/4.2/psoc creator/import/gnu/arm/5.4.1/bin/../lib/gcc/arm-none-eabi/5.4.1/armv7-m\libgcc.a
LOAD c:/program files (x86)/cypress/psoc creator/4.2/psoc creator/import/gnu/arm/5.4.1/bin/../lib/gcc/arm-none-eabi/5.4.1/../../../../arm-none-eabi/lib/armv7-m\libc_nano.a
END GROUP
LOAD c:/program files (x86)/cypress/psoc creator/4.2/psoc creator/import/gnu/arm/5.4.1/bin/../lib/gcc/arm-none-eabi/5.4.1/armv7-m/crtend.o
LOAD c:/program files (x86)/cypress/psoc creator/4.2/psoc creator/import/gnu/arm/5.4.1/bin/../lib/gcc/arm-none-eabi/5.4.1/armv7-m/crtn.o
START GROUP
LOAD c:/program files (x86)/cypress/psoc creator/4.2/psoc creator/import/gnu/arm/5.4.1/bin/../lib/gcc/arm-none-eabi/5.4.1/armv7-m\libgcc.a
LOAD c:/program files (x86)/cypress/psoc creator/4.2/psoc creator/import/gnu/arm/5.4.1/bin/../lib/gcc/arm-none-eabi/5.4.1/../../../../arm-none-eabi/lib/armv7-m\libc.a
LOAD c:/program files (x86)/cypress/psoc creator/4.2/psoc creator/import/gnu/arm/5.4.1/bin/../lib/gcc/arm-none-eabi/5.4.1/../../../../arm-none-eabi/lib/armv7-m\libnosys.a
END GROUP
                0x00000000                CY_APPL_ORIGIN = 0x0
                0x00000100                CY_FLASH_ROW_SIZE = 0x100
                0x00000020                CY_ECC_ROW_SIZE = 0x20
                0x00000000                CY_EE_IN_BTLDR = 0x0
                0x00000000                CY_APPL_LOADABLE = 0x0
                0x00000800                CY_EE_SIZE = 0x800
                0x00000001                CY_APPL_NUM = 0x1
                0x00000001                CY_APPL_MAX = 0x1
                0x00000040                CY_METADATA_SIZE = 0x40
                0x00000000                CY_APPL_LOADABLE = 0x0
                0x00000000                CY_CHECKSUM_EXCLUDE_SIZE = ALIGN (0x0, CY_FLASH_ROW_SIZE)
                [!provide]                PROVIDE (__cy_heap_start, _end)
                0x00000001                PROVIDE (__cy_region_num, ((__cy_regions_end - __cy_regions) / 0x10))
                0x20008000                PROVIDE (__cy_stack, (ORIGIN (ram) + LENGTH (ram)))
                [!provide]                PROVIDE (__cy_heap_end, (__cy_stack - 0x800))

.cybootloader   0x00000000        0x0
 *(.cybootloader)
                0x00000000                appl1_start = CY_APPL_ORIGIN?CY_APPL_ORIGIN:ALIGN (CY_FLASH_ROW_SIZE)
                0x0001ff00                appl2_start = (appl1_start + ALIGN ((((LENGTH (rom) - appl1_start) - (0x2 * CY_FLASH_ROW_SIZE)) / 0x2), CY_FLASH_ROW_SIZE))
                0x00000000                appl_start = (CY_APPL_NUM == 0x1)?appl1_start:appl2_start
                0x00000000                ecc_offset = ((appl_start / CY_FLASH_ROW_SIZE) * CY_ECC_ROW_SIZE)
                0x00000000                ee_offset = (CY_APPL_LOADABLE && ! (CY_EE_IN_BTLDR))?((CY_EE_SIZE / CY_APPL_MAX) * (CY_APPL_NUM - 0x1)):0x0
                0x00000800                ee_size = (CY_APPL_LOADABLE && ! (CY_EE_IN_BTLDR))?(CY_EE_SIZE / CY_APPL_MAX):CY_EE_SIZE
                [!provide]                PROVIDE (CY_ECC_OFFSET, ecc_offset)

.text           0x00000000     0x4576
 CREATE_OBJECT_SYMBOLS
                0x00000000                PROVIDE (__cy_interrupt_vector, RomVectors)
 *(.romvectors)
 .romvectors    0x00000000       0x10 .\CortexM3\ARM_GCC_541\Debug\Cm3Start.o
                0x00000000                RomVectors
                0x00000001                ASSERT ((. != __cy_interrupt_vector), No interrupt vector)
                0x00000001                ASSERT (CY_APPL_ORIGIN?(SIZEOF (.cybootloader) <= CY_APPL_ORIGIN):0x1, Wrong image location)
                0x00000010                PROVIDE (__cy_reset, Reset)
 *(.text.Reset)
 .text.Reset    0x00000010       0x18 .\CortexM3\ARM_GCC_541\Debug\Cm3Start.o
                0x00000010                Reset
                0x00000001                ASSERT ((. != __cy_reset), No reset code)
 *(.dma_init)
                0x00000001                ASSERT ((((appl_start + .) <= 0x10000) || 0x1), DMA Init must be within the first 64k of flash)
 *(.text .text.* .gnu.linkonce.t.*)
 .text          0x00000028       0x5c c:/program files (x86)/cypress/psoc creator/4.2/psoc creator/import/gnu/arm/5.4.1/bin/../lib/gcc/arm-none-eabi/5.4.1/armv7-m/crtbegin.o
 .text.S1_DETECTED
                0x00000084       0x24 .\CortexM3\ARM_GCC_541\Debug\main.o
                0x00000084                S1_DETECTED
 .text.S2_DETECTED
                0x000000a8       0x18 .\CortexM3\ARM_GCC_541\Debug\main.o
                0x000000a8                S2_DETECTED
 .text.S3_DETECTED
                0x000000c0       0x18 .\CortexM3\ARM_GCC_541\Debug\main.o
                0x000000c0                S3_DETECTED
 .text.S4_DETECTED
                0x000000d8       0x18 .\CortexM3\ARM_GCC_541\Debug\main.o
                0x000000d8                S4_DETECTED
 .text.S5_DETECTED
                0x000000f0       0x18 .\CortexM3\ARM_GCC_541\Debug\main.o
                0x000000f0                S5_DETECTED
 .text.S6_DETECTED
                0x00000108       0x18 .\CortexM3\ARM_GCC_541\Debug\main.o
                0x00000108                S6_DETECTED
 .text.TIMER_FINISH
                0x00000120       0x14 .\CortexM3\ARM_GCC_541\Debug\main.o
                0x00000120                TIMER_FINISH
 .text.main     0x00000134       0x98 .\CortexM3\ARM_GCC_541\Debug\main.o
                0x00000134                main
 .text.quadCountToRPM
                0x000001cc       0x54 .\CortexM3\ARM_GCC_541\Debug\main.o
                0x000001cc                quadCountToRPM
 .text.ResetSensorFlags
                0x00000220       0x48 .\CortexM3\ARM_GCC_541\Debug\main.o
                0x00000220                ResetSensorFlags
 .text.CheckSensorDirection
                0x00000268       0xf0 .\CortexM3\ARM_GCC_541\Debug\main.o
                0x00000268                CheckSensorDirection
 .text.SetRobotMovement
                0x00000358       0x70 .\CortexM3\ARM_GCC_541\Debug\main.o
                0x00000358                SetRobotMovement
 .text.init     0x000003c8       0x34 .\CortexM3\ARM_GCC_541\Debug\initialise.o
                0x000003c8                init
 .text.stopMoving
                0x000003fc       0x18 .\CortexM3\ARM_GCC_541\Debug\movement.o
                0x000003fc                stopMoving
 .text.moveForwardForSpecifiedCount
                0x00000414       0x40 .\CortexM3\ARM_GCC_541\Debug\movement.o
                0x00000414                moveForwardForSpecifiedCount
 .text.rotationClockwise
                0x00000454       0x40 .\CortexM3\ARM_GCC_541\Debug\movement.o
                0x00000454                rotationClockwise
 .text.rotationAntiClockwise
                0x00000494       0x40 .\CortexM3\ARM_GCC_541\Debug\movement.o
                0x00000494                rotationAntiClockwise
 .text.keepRotatingClockwise
                0x000004d4       0x18 .\CortexM3\ARM_GCC_541\Debug\movement.o
                0x000004d4                keepRotatingClockwise
 .text.keepRotatingAntiClockwise
                0x000004ec       0x18 .\CortexM3\ARM_GCC_541\Debug\movement.o
                0x000004ec                keepRotatingAntiClockwise
 .text.moveForward
                0x00000504       0x18 .\CortexM3\ARM_GCC_541\Debug\movement.o
                0x00000504                moveForward
 .text.USBUART_Start
                0x0000051c       0x3c .\CortexM3\ARM_GCC_541\Debug\usbUART.o
                0x0000051c                USBUART_Start
 .text.USBUART_Init
                0x00000558      0x1a4 .\CortexM3\ARM_GCC_541\Debug\usbUART.o
                0x00000558                USBUART_Init
 .text.USBUART_InitComponent
                0x000006fc      0x104 .\CortexM3\ARM_GCC_541\Debug\usbUART.o
                0x000006fc                USBUART_InitComponent
 .text.USBUART_ReInitComponent
                0x00000800       0x68 .\CortexM3\ARM_GCC_541\Debug\usbUART.o
                0x00000800                USBUART_ReInitComponent
 .text.CYMEMZERO
                0x00000868       0x1c .\CortexM3\ARM_GCC_541\Debug\cyfitter_cfg.o
 .text.CYCONFIGCPY
                0x00000884       0x20 .\CortexM3\ARM_GCC_541\Debug\cyfitter_cfg.o
 .text.CyClockStartupError
                0x000008a4        0xc .\CortexM3\ARM_GCC_541\Debug\cyfitter_cfg.o
 .text.cfg_write_bytes32
                0x000008b0       0x74 .\CortexM3\ARM_GCC_541\Debug\cyfitter_cfg.o
 .text.ClockSetup
                0x00000924      0x158 .\CortexM3\ARM_GCC_541\Debug\cyfitter_cfg.o
 .text.AnalogSetDefault
                0x00000a7c       0x44 .\CortexM3\ARM_GCC_541\Debug\cyfitter_cfg.o
 .text.cyfitter_cfg
                0x00000ac0      0x1c8 .\CortexM3\ARM_GCC_541\Debug\cyfitter_cfg.o
                0x00000ac0                cyfitter_cfg
 .text.IntDefaultHandler
                0x00000c88       0x14 .\CortexM3\ARM_GCC_541\Debug\Cm3Start.o
                0x00000c88                IntDefaultHandler
 .text.Start_c  0x00000c9c       0x98 .\CortexM3\ARM_GCC_541\Debug\Cm3Start.o
                0x00000c9c                Start_c
 .text.initialize_psoc
                0x00000d34       0x90 .\CortexM3\ARM_GCC_541\Debug\Cm3Start.o
                0x00000d34                initialize_psoc
 .text.USBUART_EP_0_ISR
                0x00000dc4       0xf8 .\CortexM3\ARM_GCC_541\Debug\CS301_Class.a(USBUART_drv.o)
                0x00000dc4                USBUART_EP_0_ISR
 .text.USBUART_HandleSetup
                0x00000ebc       0x88 .\CortexM3\ARM_GCC_541\Debug\CS301_Class.a(USBUART_drv.o)
                0x00000ebc                USBUART_HandleSetup
 .text.USBUART_HandleIN
                0x00000f44       0x4c .\CortexM3\ARM_GCC_541\Debug\CS301_Class.a(USBUART_drv.o)
                0x00000f44                USBUART_HandleIN
 .text.USBUART_HandleOUT
                0x00000f90       0x58 .\CortexM3\ARM_GCC_541\Debug\CS301_Class.a(USBUART_drv.o)
                0x00000f90                USBUART_HandleOUT
 .text.USBUART_LoadEP0
                0x00000fe8       0xd0 .\CortexM3\ARM_GCC_541\Debug\CS301_Class.a(USBUART_drv.o)
                0x00000fe8                USBUART_LoadEP0
 .text.USBUART_InitControlRead
                0x000010b8       0x70 .\CortexM3\ARM_GCC_541\Debug\CS301_Class.a(USBUART_drv.o)
                0x000010b8                USBUART_InitControlRead
 .text.USBUART_InitZeroLengthControlTransfer
                0x00001128       0x40 .\CortexM3\ARM_GCC_541\Debug\CS301_Class.a(USBUART_drv.o)
                0x00001128                USBUART_InitZeroLengthControlTransfer
 .text.USBUART_ControlReadDataStage
                0x00001168        0xc .\CortexM3\ARM_GCC_541\Debug\CS301_Class.a(USBUART_drv.o)
                0x00001168                USBUART_ControlReadDataStage
 .text.USBUART_ControlReadStatusStage
                0x00001174       0x40 .\CortexM3\ARM_GCC_541\Debug\CS301_Class.a(USBUART_drv.o)
                0x00001174                USBUART_ControlReadStatusStage
 .text.USBUART_InitControlWrite
                0x000011b4       0x64 .\CortexM3\ARM_GCC_541\Debug\CS301_Class.a(USBUART_drv.o)
                0x000011b4                USBUART_InitControlWrite
 .text.USBUART_ControlWriteDataStage
                0x00001218       0xb4 .\CortexM3\ARM_GCC_541\Debug\CS301_Class.a(USBUART_drv.o)
                0x00001218                USBUART_ControlWriteDataStage
 .text.USBUART_ControlWriteStatusStage
                0x000012cc       0x24 .\CortexM3\ARM_GCC_541\Debug\CS301_Class.a(USBUART_drv.o)
                0x000012cc                USBUART_ControlWriteStatusStage
 .text.USBUART_InitNoDataControlTransfer
                0x000012f0       0x38 .\CortexM3\ARM_GCC_541\Debug\CS301_Class.a(USBUART_drv.o)
                0x000012f0                USBUART_InitNoDataControlTransfer
 .text.USBUART_NoDataControlStatusStage
                0x00001328       0x4c .\CortexM3\ARM_GCC_541\Debug\CS301_Class.a(USBUART_drv.o)
                0x00001328                USBUART_NoDataControlStatusStage
 .text.USBUART_UpdateStatusBlock
                0x00001374       0x40 .\CortexM3\ARM_GCC_541\Debug\CS301_Class.a(USBUART_drv.o)
                0x00001374                USBUART_UpdateStatusBlock
 .text.USBUART_InitializeStatusBlock
                0x000013b4       0x34 .\CortexM3\ARM_GCC_541\Debug\CS301_Class.a(USBUART_drv.o)
                0x000013b4                USBUART_InitializeStatusBlock
 .text.USBUART_EP_1_ISR
                0x000013e8       0x48 .\CortexM3\ARM_GCC_541\Debug\CS301_Class.a(USBUART_episr.o)
                0x000013e8                USBUART_EP_1_ISR
 .text.USBUART_EP_2_ISR
                0x00001430       0x4c .\CortexM3\ARM_GCC_541\Debug\CS301_Class.a(USBUART_episr.o)
                0x00001430                USBUART_EP_2_ISR
 .text.USBUART_EP_3_ISR
                0x0000147c       0x54 .\CortexM3\ARM_GCC_541\Debug\CS301_Class.a(USBUART_episr.o)
                0x0000147c                USBUART_EP_3_ISR
 .text.USBUART_SOF_ISR
                0x000014d0        0xc .\CortexM3\ARM_GCC_541\Debug\CS301_Class.a(USBUART_episr.o)
                0x000014d0                USBUART_SOF_ISR
 .text.USBUART_BUS_RESET_ISR
                0x000014dc        0xc .\CortexM3\ARM_GCC_541\Debug\CS301_Class.a(USBUART_episr.o)
                0x000014dc                USBUART_BUS_RESET_ISR
 .text.USBUART_DP_ISR
                0x000014e8        0xc .\CortexM3\ARM_GCC_541\Debug\CS301_Class.a(USBUART_pm.o)
                0x000014e8                USBUART_DP_ISR
 .text.USBUART_HandleStandardRqst
                0x000014f4      0x4a4 .\CortexM3\ARM_GCC_541\Debug\CS301_Class.a(USBUART_std.o)
                0x000014f4                USBUART_HandleStandardRqst
 .text.USBUART_ReadDieID
                0x00001998       0xd8 .\CortexM3\ARM_GCC_541\Debug\CS301_Class.a(USBUART_std.o)
                0x00001998                USBUART_ReadDieID
 .text.USBUART_ConfigReg
                0x00001a70      0x138 .\CortexM3\ARM_GCC_541\Debug\CS301_Class.a(USBUART_std.o)
                0x00001a70                USBUART_ConfigReg
 .text.USBUART_Config
                0x00001ba8      0x3a4 .\CortexM3\ARM_GCC_541\Debug\CS301_Class.a(USBUART_std.o)
                0x00001ba8                USBUART_Config
 .text.USBUART_ConfigAltChanged
                0x00001f4c      0x25c .\CortexM3\ARM_GCC_541\Debug\CS301_Class.a(USBUART_std.o)
                0x00001f4c                USBUART_ConfigAltChanged
 .text.USBUART_GetConfigTablePtr
                0x000021a8       0x50 .\CortexM3\ARM_GCC_541\Debug\CS301_Class.a(USBUART_std.o)
                0x000021a8                USBUART_GetConfigTablePtr
 .text.USBUART_GetDeviceTablePtr
                0x000021f8       0x24 .\CortexM3\ARM_GCC_541\Debug\CS301_Class.a(USBUART_std.o)
                0x000021f8                USBUART_GetDeviceTablePtr
 .text.USBUART_GetInterfaceClassTablePtr
                0x0000221c       0x4c .\CortexM3\ARM_GCC_541\Debug\CS301_Class.a(USBUART_std.o)
                0x0000221c                USBUART_GetInterfaceClassTablePtr
 .text.USBUART_SetEndpointHalt
                0x00002268       0xe8 .\CortexM3\ARM_GCC_541\Debug\CS301_Class.a(USBUART_std.o)
                0x00002268                USBUART_SetEndpointHalt
 .text.USBUART_ClearEndpointHalt
                0x00002350      0x158 .\CortexM3\ARM_GCC_541\Debug\CS301_Class.a(USBUART_std.o)
                0x00002350                USBUART_ClearEndpointHalt
 .text.USBUART_ValidateAlternateSetting
                0x000024a8       0x70 .\CortexM3\ARM_GCC_541\Debug\CS301_Class.a(USBUART_std.o)
                0x000024a8                USBUART_ValidateAlternateSetting
 .text.USBUART_HandleVendorRqst
                0x00002518       0x54 .\CortexM3\ARM_GCC_541\Debug\CS301_Class.a(USBUART_vnd.o)
                0x00002518                USBUART_HandleVendorRqst
 .text.USBUART_Dp_ClearInterrupt
                0x0000256c       0x20 .\CortexM3\ARM_GCC_541\Debug\CS301_Class.a(USBUART_Dp.o)
                0x0000256c                USBUART_Dp_ClearInterrupt
 .text.CyHalt   0x0000258c       0x18 .\CortexM3\ARM_GCC_541\Debug\CS301_Class.a(CyLib.o)
                0x0000258c                CyHalt
 .text.CyDelayUs
                0x000025a4       0x28 .\CortexM3\ARM_GCC_541\Debug\CS301_Class.a(CyLib.o)
                0x000025a4                CyDelayUs
 .text.CyIntSetVector
                0x000025cc       0x50 .\CortexM3\ARM_GCC_541\Debug\CS301_Class.a(CyLib.o)
                0x000025cc                CyIntSetVector
 .text.CyIntSetPriority
                0x0000261c       0x48 .\CortexM3\ARM_GCC_541\Debug\CS301_Class.a(CyLib.o)
                0x0000261c                CyIntSetPriority
 .text.CyGetUniqueId
                0x00002664       0xc4 .\CortexM3\ARM_GCC_541\Debug\CS301_Class.a(CyLib.o)
                0x00002664                CyGetUniqueId
 .text.PWM_1_Start
                0x00002728       0x24 .\CortexM3\ARM_GCC_541\Debug\CS301_Class.a(PWM_1.o)
                0x00002728                PWM_1_Start
 .text.PWM_1_Init
                0x0000274c       0xc0 .\CortexM3\ARM_GCC_541\Debug\CS301_Class.a(PWM_1.o)
                0x0000274c                PWM_1_Init
 .text.PWM_1_Enable
                0x0000280c       0x48 .\CortexM3\ARM_GCC_541\Debug\CS301_Class.a(PWM_1.o)
                0x0000280c                PWM_1_Enable
 .text.PWM_1_WritePeriod
                0x00002854       0x20 .\CortexM3\ARM_GCC_541\Debug\CS301_Class.a(PWM_1.o)
                0x00002854                PWM_1_WritePeriod
 .text.PWM_1_WriteCompare
                0x00002874       0x20 .\CortexM3\ARM_GCC_541\Debug\CS301_Class.a(PWM_1.o)
                0x00002874                PWM_1_WriteCompare
 .text.PWM_1_SetInterruptMode
                0x00002894       0x20 .\CortexM3\ARM_GCC_541\Debug\CS301_Class.a(PWM_1.o)
                0x00002894                PWM_1_SetInterruptMode
 .text.Clock_PWM_Start
                0x000028b4       0x34 .\CortexM3\ARM_GCC_541\Debug\CS301_Class.a(Clock_PWM.o)
                0x000028b4                Clock_PWM_Start
 .text.PWM_2_Start
                0x000028e8       0x24 .\CortexM3\ARM_GCC_541\Debug\CS301_Class.a(PWM_2.o)
                0x000028e8                PWM_2_Start
 .text.PWM_2_Init
                0x0000290c       0xc0 .\CortexM3\ARM_GCC_541\Debug\CS301_Class.a(PWM_2.o)
                0x0000290c                PWM_2_Init
 .text.PWM_2_Enable
                0x000029cc       0x48 .\CortexM3\ARM_GCC_541\Debug\CS301_Class.a(PWM_2.o)
                0x000029cc                PWM_2_Enable
 .text.PWM_2_WritePeriod
                0x00002a14       0x20 .\CortexM3\ARM_GCC_541\Debug\CS301_Class.a(PWM_2.o)
                0x00002a14                PWM_2_WritePeriod
 .text.PWM_2_WriteCompare
                0x00002a34       0x20 .\CortexM3\ARM_GCC_541\Debug\CS301_Class.a(PWM_2.o)
                0x00002a34                PWM_2_WriteCompare
 .text.PWM_2_SetInterruptMode
                0x00002a54       0x20 .\CortexM3\ARM_GCC_541\Debug\CS301_Class.a(PWM_2.o)
                0x00002a54                PWM_2_SetInterruptMode
 .text.LED_Write
                0x00002a74       0x3c .\CortexM3\ARM_GCC_541\Debug\CS301_Class.a(LED.o)
                0x00002a74                LED_Write
 .text.LED_Read
                0x00002ab0       0x20 .\CortexM3\ARM_GCC_541\Debug\CS301_Class.a(LED.o)
                0x00002ab0                LED_Read
 .text.QuadDec_M1_Init
                0x00002ad0        0xc .\CortexM3\ARM_GCC_541\Debug\CS301_Class.a(QuadDec_M1.o)
                0x00002ad0                QuadDec_M1_Init
 .text.QuadDec_M1_Enable
                0x00002adc       0x3c .\CortexM3\ARM_GCC_541\Debug\CS301_Class.a(QuadDec_M1.o)
                0x00002adc                QuadDec_M1_Enable
 .text.QuadDec_M1_Start
                0x00002b18       0x30 .\CortexM3\ARM_GCC_541\Debug\CS301_Class.a(QuadDec_M1.o)
                0x00002b18                QuadDec_M1_Start
 .text.QuadDec_M1_GetCounter
                0x00002b48       0x24 .\CortexM3\ARM_GCC_541\Debug\CS301_Class.a(QuadDec_M1.o)
                0x00002b48                QuadDec_M1_GetCounter
 .text.QuadDec_M1_SetCounter
                0x00002b6c       0x34 .\CortexM3\ARM_GCC_541\Debug\CS301_Class.a(QuadDec_M1.o)
                0x00002b6c                QuadDec_M1_SetCounter
 .text.QuadDec_M1_GetEvents
                0x00002ba0       0x1c .\CortexM3\ARM_GCC_541\Debug\CS301_Class.a(QuadDec_M1.o)
                0x00002ba0                QuadDec_M1_GetEvents
 .text.QuadDec_M1_SetInterruptMask
                0x00002bbc       0x20 .\CortexM3\ARM_GCC_541\Debug\CS301_Class.a(QuadDec_M1.o)
                0x00002bbc                QuadDec_M1_SetInterruptMask
 .text.QuadDec_M2_Init
                0x00002bdc        0xc .\CortexM3\ARM_GCC_541\Debug\CS301_Class.a(QuadDec_M2.o)
                0x00002bdc                QuadDec_M2_Init
 .text.QuadDec_M2_Enable
                0x00002be8       0x3c .\CortexM3\ARM_GCC_541\Debug\CS301_Class.a(QuadDec_M2.o)
                0x00002be8                QuadDec_M2_Enable
 .text.QuadDec_M2_Start
                0x00002c24       0x30 .\CortexM3\ARM_GCC_541\Debug\CS301_Class.a(QuadDec_M2.o)
                0x00002c24                QuadDec_M2_Start
 .text.QuadDec_M2_GetEvents
                0x00002c54       0x1c .\CortexM3\ARM_GCC_541\Debug\CS301_Class.a(QuadDec_M2.o)
                0x00002c54                QuadDec_M2_GetEvents
 .text.QuadDec_M2_SetInterruptMask
                0x00002c70       0x20 .\CortexM3\ARM_GCC_541\Debug\CS301_Class.a(QuadDec_M2.o)
                0x00002c70                QuadDec_M2_SetInterruptMask
 .text.QuadDec_M1_Cnt16_Init
                0x00002c90       0x80 .\CortexM3\ARM_GCC_541\Debug\CS301_Class.a(QuadDec_M1_Cnt16.o)
                0x00002c90                QuadDec_M1_Cnt16_Init
 .text.QuadDec_M1_Cnt16_Enable
                0x00002d10       0x20 .\CortexM3\ARM_GCC_541\Debug\CS301_Class.a(QuadDec_M1_Cnt16.o)
                0x00002d10                QuadDec_M1_Cnt16_Enable
 .text.QuadDec_M1_Cnt16_Start
                0x00002d30       0x24 .\CortexM3\ARM_GCC_541\Debug\CS301_Class.a(QuadDec_M1_Cnt16.o)
                0x00002d30                QuadDec_M1_Cnt16_Start
 .text.QuadDec_M1_Cnt16_SetInterruptMode
                0x00002d54       0x20 .\CortexM3\ARM_GCC_541\Debug\CS301_Class.a(QuadDec_M1_Cnt16.o)
                0x00002d54                QuadDec_M1_Cnt16_SetInterruptMode
 .text.QuadDec_M1_Cnt16_ReadStatusRegister
                0x00002d74       0x18 .\CortexM3\ARM_GCC_541\Debug\CS301_Class.a(QuadDec_M1_Cnt16.o)
                0x00002d74                QuadDec_M1_Cnt16_ReadStatusRegister
 .text.QuadDec_M1_Cnt16_WriteCounter
                0x00002d8c       0x20 .\CortexM3\ARM_GCC_541\Debug\CS301_Class.a(QuadDec_M1_Cnt16.o)
                0x00002d8c                QuadDec_M1_Cnt16_WriteCounter
 .text.QuadDec_M1_Cnt16_ReadCounter
                0x00002dac       0x20 .\CortexM3\ARM_GCC_541\Debug\CS301_Class.a(QuadDec_M1_Cnt16.o)
                0x00002dac                QuadDec_M1_Cnt16_ReadCounter
 .text.QuadDec_M1_Cnt16_ReadCapture
                0x00002dcc       0x18 .\CortexM3\ARM_GCC_541\Debug\CS301_Class.a(QuadDec_M1_Cnt16.o)
                0x00002dcc                QuadDec_M1_Cnt16_ReadCapture
 .text.QuadDec_M1_Cnt16_WritePeriod
                0x00002de4       0x20 .\CortexM3\ARM_GCC_541\Debug\CS301_Class.a(QuadDec_M1_Cnt16.o)
                0x00002de4                QuadDec_M1_Cnt16_WritePeriod
 .text.QuadDec_M1_Cnt16_WriteCompare
                0x00002e04       0x20 .\CortexM3\ARM_GCC_541\Debug\CS301_Class.a(QuadDec_M1_Cnt16.o)
                0x00002e04                QuadDec_M1_Cnt16_WriteCompare
 .text.QuadDec_M1_Cnt16_ClearFIFO
                0x00002e24       0x1c .\CortexM3\ARM_GCC_541\Debug\CS301_Class.a(QuadDec_M1_Cnt16.o)
                0x00002e24                QuadDec_M1_Cnt16_ClearFIFO
 .text.QuadDec_M2_Cnt16_Init
                0x00002e40       0x80 .\CortexM3\ARM_GCC_541\Debug\CS301_Class.a(QuadDec_M2_Cnt16.o)
                0x00002e40                QuadDec_M2_Cnt16_Init
 .text.QuadDec_M2_Cnt16_Enable
                0x00002ec0       0x20 .\CortexM3\ARM_GCC_541\Debug\CS301_Class.a(QuadDec_M2_Cnt16.o)
                0x00002ec0                QuadDec_M2_Cnt16_Enable
 .text.QuadDec_M2_Cnt16_Start
                0x00002ee0       0x24 .\CortexM3\ARM_GCC_541\Debug\CS301_Class.a(QuadDec_M2_Cnt16.o)
                0x00002ee0                QuadDec_M2_Cnt16_Start
 .text.QuadDec_M2_Cnt16_SetInterruptMode
                0x00002f04       0x20 .\CortexM3\ARM_GCC_541\Debug\CS301_Class.a(QuadDec_M2_Cnt16.o)
                0x00002f04                QuadDec_M2_Cnt16_SetInterruptMode
 .text.QuadDec_M2_Cnt16_ReadStatusRegister
                0x00002f24       0x18 .\CortexM3\ARM_GCC_541\Debug\CS301_Class.a(QuadDec_M2_Cnt16.o)
                0x00002f24                QuadDec_M2_Cnt16_ReadStatusRegister
 .text.QuadDec_M2_Cnt16_WriteCounter
                0x00002f3c       0x20 .\CortexM3\ARM_GCC_541\Debug\CS301_Class.a(QuadDec_M2_Cnt16.o)
                0x00002f3c                QuadDec_M2_Cnt16_WriteCounter
 .text.QuadDec_M2_Cnt16_ReadCapture
                0x00002f5c       0x18 .\CortexM3\ARM_GCC_541\Debug\CS301_Class.a(QuadDec_M2_Cnt16.o)
                0x00002f5c                QuadDec_M2_Cnt16_ReadCapture
 .text.QuadDec_M2_Cnt16_WritePeriod
                0x00002f74       0x20 .\CortexM3\ARM_GCC_541\Debug\CS301_Class.a(QuadDec_M2_Cnt16.o)
                0x00002f74                QuadDec_M2_Cnt16_WritePeriod
 .text.QuadDec_M2_Cnt16_WriteCompare
                0x00002f94       0x20 .\CortexM3\ARM_GCC_541\Debug\CS301_Class.a(QuadDec_M2_Cnt16.o)
                0x00002f94                QuadDec_M2_Cnt16_WriteCompare
 .text.QuadDec_M2_Cnt16_ClearFIFO
                0x00002fb4       0x1c .\CortexM3\ARM_GCC_541\Debug\CS301_Class.a(QuadDec_M2_Cnt16.o)
                0x00002fb4                QuadDec_M2_Cnt16_ClearFIFO
 .text.RF_BT_SELECT_Write
                0x00002fd0       0x20 .\CortexM3\ARM_GCC_541\Debug\CS301_Class.a(RF_BT_SELECT.o)
                0x00002fd0                RF_BT_SELECT_Write
 .text.SpeedTimer_Init
                0x00002ff0       0xa0 .\CortexM3\ARM_GCC_541\Debug\CS301_Class.a(SpeedTimer.o)
                0x00002ff0                SpeedTimer_Init
 .text.SpeedTimer_Enable
                0x00003090       0x48 .\CortexM3\ARM_GCC_541\Debug\CS301_Class.a(SpeedTimer.o)
                0x00003090                SpeedTimer_Enable
 .text.SpeedTimer_Start
                0x000030d8       0x24 .\CortexM3\ARM_GCC_541\Debug\CS301_Class.a(SpeedTimer.o)
                0x000030d8                SpeedTimer_Start
 .text.SpeedTimer_SetInterruptMode
                0x000030fc       0x20 .\CortexM3\ARM_GCC_541\Debug\CS301_Class.a(SpeedTimer.o)
                0x000030fc                SpeedTimer_SetInterruptMode
 .text.SpeedTimer_WritePeriod
                0x0000311c       0x24 .\CortexM3\ARM_GCC_541\Debug\CS301_Class.a(SpeedTimer.o)
                0x0000311c                SpeedTimer_WritePeriod
 .text.SpeedTimer_WriteCounter
                0x00003140       0x20 .\CortexM3\ARM_GCC_541\Debug\CS301_Class.a(SpeedTimer.o)
                0x00003140                SpeedTimer_WriteCounter
 .text.SpeedClock_Start
                0x00003160       0x34 .\CortexM3\ARM_GCC_541\Debug\CS301_Class.a(SpeedClock.o)
                0x00003160                SpeedClock_Start
 .text.Timer_LED_Init
                0x00003194       0xa0 .\CortexM3\ARM_GCC_541\Debug\CS301_Class.a(Timer_LED.o)
                0x00003194                Timer_LED_Init
 .text.Timer_LED_Enable
                0x00003234       0x48 .\CortexM3\ARM_GCC_541\Debug\CS301_Class.a(Timer_LED.o)
                0x00003234                Timer_LED_Enable
 .text.Timer_LED_Start
                0x0000327c       0x24 .\CortexM3\ARM_GCC_541\Debug\CS301_Class.a(Timer_LED.o)
                0x0000327c                Timer_LED_Start
 .text.Timer_LED_SetInterruptMode
                0x000032a0       0x20 .\CortexM3\ARM_GCC_541\Debug\CS301_Class.a(Timer_LED.o)
                0x000032a0                Timer_LED_SetInterruptMode
 .text.Timer_LED_ReadStatusRegister
                0x000032c0       0x18 .\CortexM3\ARM_GCC_541\Debug\CS301_Class.a(Timer_LED.o)
                0x000032c0                Timer_LED_ReadStatusRegister
 .text.Timer_LED_WritePeriod
                0x000032d8       0x24 .\CortexM3\ARM_GCC_541\Debug\CS301_Class.a(Timer_LED.o)
                0x000032d8                Timer_LED_WritePeriod
 .text.Timer_LED_WriteCounter
                0x000032fc       0x20 .\CortexM3\ARM_GCC_541\Debug\CS301_Class.a(Timer_LED.o)
                0x000032fc                Timer_LED_WriteCounter
 .text.isr_Timer_LED_StartEx
                0x0000331c       0x24 .\CortexM3\ARM_GCC_541\Debug\CS301_Class.a(isr_Timer_LED.o)
                0x0000331c                isr_Timer_LED_StartEx
 .text.isr_Timer_LED_SetVector
                0x00003340       0x24 .\CortexM3\ARM_GCC_541\Debug\CS301_Class.a(isr_Timer_LED.o)
                0x00003340                isr_Timer_LED_SetVector
 .text.isr_Timer_LED_SetPriority
                0x00003364       0x24 .\CortexM3\ARM_GCC_541\Debug\CS301_Class.a(isr_Timer_LED.o)
                0x00003364                isr_Timer_LED_SetPriority
 .text.isr_Timer_LED_Enable
                0x00003388       0x18 .\CortexM3\ARM_GCC_541\Debug\CS301_Class.a(isr_Timer_LED.o)
                0x00003388                isr_Timer_LED_Enable
 .text.isr_Timer_LED_Disable
                0x000033a0       0x18 .\CortexM3\ARM_GCC_541\Debug\CS301_Class.a(isr_Timer_LED.o)
                0x000033a0                isr_Timer_LED_Disable
 .text.S1_detected_StartEx
                0x000033b8       0x24 .\CortexM3\ARM_GCC_541\Debug\CS301_Class.a(S1_detected.o)
                0x000033b8                S1_detected_StartEx
 .text.S1_detected_SetVector
                0x000033dc       0x24 .\CortexM3\ARM_GCC_541\Debug\CS301_Class.a(S1_detected.o)
                0x000033dc                S1_detected_SetVector
 .text.S1_detected_SetPriority
                0x00003400       0x24 .\CortexM3\ARM_GCC_541\Debug\CS301_Class.a(S1_detected.o)
                0x00003400                S1_detected_SetPriority
 .text.S1_detected_Enable
                0x00003424       0x18 .\CortexM3\ARM_GCC_541\Debug\CS301_Class.a(S1_detected.o)
                0x00003424                S1_detected_Enable
 .text.S1_detected_Disable
                0x0000343c       0x18 .\CortexM3\ARM_GCC_541\Debug\CS301_Class.a(S1_detected.o)
                0x0000343c                S1_detected_Disable
 .text.S2_detected_StartEx
                0x00003454       0x24 .\CortexM3\ARM_GCC_541\Debug\CS301_Class.a(S2_detected.o)
                0x00003454                S2_detected_StartEx
 .text.S2_detected_SetVector
                0x00003478       0x24 .\CortexM3\ARM_GCC_541\Debug\CS301_Class.a(S2_detected.o)
                0x00003478                S2_detected_SetVector
 .text.S2_detected_SetPriority
                0x0000349c       0x24 .\CortexM3\ARM_GCC_541\Debug\CS301_Class.a(S2_detected.o)
                0x0000349c                S2_detected_SetPriority
 .text.S2_detected_Enable
                0x000034c0       0x18 .\CortexM3\ARM_GCC_541\Debug\CS301_Class.a(S2_detected.o)
                0x000034c0                S2_detected_Enable
 .text.S2_detected_Disable
                0x000034d8       0x18 .\CortexM3\ARM_GCC_541\Debug\CS301_Class.a(S2_detected.o)
                0x000034d8                S2_detected_Disable
 .text.S3_detected_StartEx
                0x000034f0       0x24 .\CortexM3\ARM_GCC_541\Debug\CS301_Class.a(S3_detected.o)
                0x000034f0                S3_detected_StartEx
 .text.S3_detected_SetVector
                0x00003514       0x24 .\CortexM3\ARM_GCC_541\Debug\CS301_Class.a(S3_detected.o)
                0x00003514                S3_detected_SetVector
 .text.S3_detected_SetPriority
                0x00003538       0x24 .\CortexM3\ARM_GCC_541\Debug\CS301_Class.a(S3_detected.o)
                0x00003538                S3_detected_SetPriority
 .text.S3_detected_Enable
                0x0000355c       0x18 .\CortexM3\ARM_GCC_541\Debug\CS301_Class.a(S3_detected.o)
                0x0000355c                S3_detected_Enable
 .text.S3_detected_Disable
                0x00003574       0x18 .\CortexM3\ARM_GCC_541\Debug\CS301_Class.a(S3_detected.o)
                0x00003574                S3_detected_Disable
 .text.S4_detected_StartEx
                0x0000358c       0x24 .\CortexM3\ARM_GCC_541\Debug\CS301_Class.a(S4_detected.o)
                0x0000358c                S4_detected_StartEx
 .text.S4_detected_SetVector
                0x000035b0       0x24 .\CortexM3\ARM_GCC_541\Debug\CS301_Class.a(S4_detected.o)
                0x000035b0                S4_detected_SetVector
 .text.S4_detected_SetPriority
                0x000035d4       0x24 .\CortexM3\ARM_GCC_541\Debug\CS301_Class.a(S4_detected.o)
                0x000035d4                S4_detected_SetPriority
 .text.S4_detected_Enable
                0x000035f8       0x18 .\CortexM3\ARM_GCC_541\Debug\CS301_Class.a(S4_detected.o)
                0x000035f8                S4_detected_Enable
 .text.S4_detected_Disable
                0x00003610       0x18 .\CortexM3\ARM_GCC_541\Debug\CS301_Class.a(S4_detected.o)
                0x00003610                S4_detected_Disable
 .text.S5_detected_StartEx
                0x00003628       0x24 .\CortexM3\ARM_GCC_541\Debug\CS301_Class.a(S5_detected.o)
                0x00003628                S5_detected_StartEx
 .text.S5_detected_SetVector
                0x0000364c       0x24 .\CortexM3\ARM_GCC_541\Debug\CS301_Class.a(S5_detected.o)
                0x0000364c                S5_detected_SetVector
 .text.S5_detected_SetPriority
                0x00003670       0x24 .\CortexM3\ARM_GCC_541\Debug\CS301_Class.a(S5_detected.o)
                0x00003670                S5_detected_SetPriority
 .text.S5_detected_Enable
                0x00003694       0x18 .\CortexM3\ARM_GCC_541\Debug\CS301_Class.a(S5_detected.o)
                0x00003694                S5_detected_Enable
 .text.S5_detected_Disable
                0x000036ac       0x18 .\CortexM3\ARM_GCC_541\Debug\CS301_Class.a(S5_detected.o)
                0x000036ac                S5_detected_Disable
 .text.S6_detected_StartEx
                0x000036c4       0x24 .\CortexM3\ARM_GCC_541\Debug\CS301_Class.a(S6_detected.o)
                0x000036c4                S6_detected_StartEx
 .text.S6_detected_SetVector
                0x000036e8       0x24 .\CortexM3\ARM_GCC_541\Debug\CS301_Class.a(S6_detected.o)
                0x000036e8                S6_detected_SetVector
 .text.S6_detected_SetPriority
                0x0000370c       0x24 .\CortexM3\ARM_GCC_541\Debug\CS301_Class.a(S6_detected.o)
                0x0000370c                S6_detected_SetPriority
 .text.S6_detected_Enable
                0x00003730       0x18 .\CortexM3\ARM_GCC_541\Debug\CS301_Class.a(S6_detected.o)
                0x00003730                S6_detected_Enable
 .text.S6_detected_Disable
                0x00003748       0x18 .\CortexM3\ARM_GCC_541\Debug\CS301_Class.a(S6_detected.o)
                0x00003748                S6_detected_Disable
 .text          0x00003760       0x20 .\CortexM3\ARM_GCC_541\Debug\CS301_Class.a(CyBootAsmGnu.o)
                0x00003760                CyDelayCycles
                0x00003770                CyEnterCriticalSection
                0x00003778                CyExitCriticalSection
 .text.USBUART_DispatchCDCClassRqst
                0x00003780       0xe4 .\CortexM3\ARM_GCC_541\Debug\CS301_Class.a(USBUART_cdc.o)
                0x00003780                USBUART_DispatchCDCClassRqst
 .text.USBUART_GetInterfaceComPort
                0x00003864       0x60 .\CortexM3\ARM_GCC_541\Debug\CS301_Class.a(USBUART_cdc.o)
                0x00003864                USBUART_GetInterfaceComPort
 .text.USBUART_Cdc_EpInit
                0x000038c4       0x90 .\CortexM3\ARM_GCC_541\Debug\CS301_Class.a(USBUART_cdc.o)
                0x000038c4                USBUART_Cdc_EpInit
 .text.USBUART_DispatchClassRqst
                0x00003954       0x84 .\CortexM3\ARM_GCC_541\Debug\CS301_Class.a(USBUART_cls.o)
                0x00003954                USBUART_DispatchClassRqst
 .text          0x000039d8      0x370 c:/program files (x86)/cypress/psoc creator/4.2/psoc creator/import/gnu/arm/5.4.1/bin/../lib/gcc/arm-none-eabi/5.4.1/armv7-m\libgcc.a(_arm_addsubdf3.o)
                0x000039d8                __aeabi_drsub
                0x000039e0                __aeabi_dsub
                0x000039e0                __subdf3
                0x000039e4                __aeabi_dadd
                0x000039e4                __adddf3
                0x00003c5c                __floatunsidf
                0x00003c5c                __aeabi_ui2d
                0x00003c7c                __floatsidf
                0x00003c7c                __aeabi_i2d
                0x00003ca0                __aeabi_f2d
                0x00003ca0                __extendsfdf2
                0x00003cdc                __floatundidf
                0x00003cdc                __aeabi_ul2d
                0x00003cec                __floatdidf
                0x00003cec                __aeabi_l2d
 .text          0x00003d48      0x424 c:/program files (x86)/cypress/psoc creator/4.2/psoc creator/import/gnu/arm/5.4.1/bin/../lib/gcc/arm-none-eabi/5.4.1/armv7-m\libgcc.a(_arm_muldivdf3.o)
                0x00003d48                __aeabi_dmul
                0x00003d48                __muldf3
                0x00003f9c                __divdf3
                0x00003f9c                __aeabi_ddiv
 .text          0x0000416c       0xa0 c:/program files (x86)/cypress/psoc creator/4.2/psoc creator/import/gnu/arm/5.4.1/bin/../lib/gcc/arm-none-eabi/5.4.1/armv7-m\libgcc.a(_arm_truncdfsf2.o)
                0x0000416c                __truncdfsf2
                0x0000416c                __aeabi_d2f
 .text          0x0000420c      0x2a0 c:/program files (x86)/cypress/psoc creator/4.2/psoc creator/import/gnu/arm/5.4.1/bin/../lib/gcc/arm-none-eabi/5.4.1/armv7-m\libgcc.a(_arm_muldivsf3.o)
                0x0000420c                __mulsf3
                0x0000420c                __aeabi_fmul
                0x00004374                __aeabi_fdiv
                0x00004374                __divsf3
 .text          0x000044ac       0x4c c:/program files (x86)/cypress/psoc creator/4.2/psoc creator/import/gnu/arm/5.4.1/bin/../lib/gcc/arm-none-eabi/5.4.1/armv7-m\libgcc.a(_arm_fixsfsi.o)
                0x000044ac                __aeabi_f2iz
                0x000044ac                __fixsfsi
 .text.__errno  0x000044f8        0xc c:/program files (x86)/cypress/psoc creator/4.2/psoc creator/import/gnu/arm/5.4.1/bin/../lib/gcc/arm-none-eabi/5.4.1/../../../../arm-none-eabi/lib/armv7-m\libg_nano.a(lib_a-errno.o)
                0x000044f8                __errno
 .text.__libc_init_array
                0x00004504       0x4c c:/program files (x86)/cypress/psoc creator/4.2/psoc creator/import/gnu/arm/5.4.1/bin/../lib/gcc/arm-none-eabi/5.4.1/../../../../arm-none-eabi/lib/armv7-m\libg_nano.a(lib_a-init.o)
                0x00004504                __libc_init_array
 .text.memcpy   0x00004550       0x16 c:/program files (x86)/cypress/psoc creator/4.2/psoc creator/import/gnu/arm/5.4.1/bin/../lib/gcc/arm-none-eabi/5.4.1/../../../../arm-none-eabi/lib/armv7-m\libg_nano.a(lib_a-memcpy-stub.o)
                0x00004550                memcpy
 .text.memset   0x00004566       0x10 c:/program files (x86)/cypress/psoc creator/4.2/psoc creator/import/gnu/arm/5.4.1/bin/../lib/gcc/arm-none-eabi/5.4.1/../../../../arm-none-eabi/lib/armv7-m\libg_nano.a(lib_a-memset.o)
                0x00004566                memset
 *(.plt)
 *(.gnu.warning)
 *(.glue_7t)
 .glue_7t       0x00004576        0x0 linker stubs
 *(.glue_7)
 .glue_7        0x00004576        0x0 linker stubs
 *(.vfp11_veneer)
 .vfp11_veneer  0x00004576        0x0 linker stubs
 *(.bootloader)
 *(.ARM.extab* .gnu.linkonce.armextab.*)
 *(.gcc_except_table)

.v4_bx          0x00004578        0x0
 .v4_bx         0x00004578        0x0 linker stubs

.iplt           0x00004578        0x0
 .iplt          0x00004578        0x0 c:/program files (x86)/cypress/psoc creator/4.2/psoc creator/import/gnu/arm/5.4.1/bin/../lib/gcc/arm-none-eabi/5.4.1/armv7-m/crtbegin.o

.eh_frame_hdr
 *(.eh_frame_hdr)

.eh_frame       0x00004578        0x4
 *(.eh_frame)
 .eh_frame      0x00004578        0x0 c:/program files (x86)/cypress/psoc creator/4.2/psoc creator/import/gnu/arm/5.4.1/bin/../lib/gcc/arm-none-eabi/5.4.1/armv7-m/crtbegin.o
 .eh_frame      0x00004578        0x4 c:/program files (x86)/cypress/psoc creator/4.2/psoc creator/import/gnu/arm/5.4.1/bin/../lib/gcc/arm-none-eabi/5.4.1/armv7-m/crtend.o
                [!provide]                PROVIDE (__exidx_start, .)

.ARM.exidx
 *(.ARM.exidx* .gnu.linkonce.armexidx.*)
                0x0000457c                __exidx_end = .

.rodata         0x0000457c      0x22c
 *(.rodata .rodata.* .gnu.linkonce.r.*)
 .rodata        0x0000457c       0x44 .\CortexM3\ARM_GCC_541\Debug\cyfitter_cfg.o
 .rodata        0x000045c0       0x11 .\CortexM3\ARM_GCC_541\Debug\CS301_Class.a(USBUART_std.o)
 *fill*         0x000045d1        0x3 
 .rodata        0x000045d4      0x19c .\CortexM3\ARM_GCC_541\Debug\CS301_Class.a(USBUART_descr.o)
                0x000045d4                USBUART_DEVICE0_DESCR
                0x000045e8                USBUART_DEVICE0_CONFIGURATION0_DESCR
                0x0000462c                USBUART_STRING_DESCRIPTORS
                0x000046cc                USBUART_SN_STRING_DESCRIPTOR
                0x000046d0                USBUART_DEVICE0_CONFIGURATION0_EP_SETTINGS_TABLE
                0x000046e8                USBUART_DEVICE0_CONFIGURATION0_INTERFACE_CLASS
                0x000046ec                USBUART_DEVICE0_CONFIGURATION0_TABLE
                0x00004714                USBUART_DEVICE0_TABLE
                0x0000472c                USBUART_TABLE
                0x00004734                USBUART_MSOS_DESCRIPTOR
                0x00004748                USBUART_MSOS_CONFIGURATION_DESCR
 .rodata.str1.1
                0x00004770        0x2 c:/program files (x86)/cypress/psoc creator/4.2/psoc creator/import/gnu/arm/5.4.1/bin/../lib/gcc/arm-none-eabi/5.4.1/../../../../arm-none-eabi/lib/armv7-m\libg_nano.a(lib_a-impure.o)
                0x00004774                . = ALIGN (0x4)
 *fill*         0x00004772        0x2 
 *(.init)
 .init          0x00004774        0x4 c:/program files (x86)/cypress/psoc creator/4.2/psoc creator/import/gnu/arm/5.4.1/bin/../lib/gcc/arm-none-eabi/5.4.1/armv7-m/crti.o
                0x00004774                _init
 .init          0x00004778        0x8 c:/program files (x86)/cypress/psoc creator/4.2/psoc creator/import/gnu/arm/5.4.1/bin/../lib/gcc/arm-none-eabi/5.4.1/armv7-m/crtn.o
                0x00004780                . = ALIGN (0x4)
                0x00004780                __preinit_array_start = .
 *(.preinit_array)
                0x00004780                __preinit_array_end = .
                0x00004780                . = ALIGN (0x4)
                0x00004780                __init_array_start = .
 *(SORT(.init_array.*))
 *(.init_array)
 .init_array    0x00004780        0x4 c:/program files (x86)/cypress/psoc creator/4.2/psoc creator/import/gnu/arm/5.4.1/bin/../lib/gcc/arm-none-eabi/5.4.1/armv7-m/crtbegin.o
 .init_array    0x00004784        0x4 .\CortexM3\ARM_GCC_541\Debug\Cm3Start.o
                0x00004788                __init_array_end = .
                0x00004788                . = ALIGN (0x4)
 *(.fini)
 .fini          0x00004788        0x4 c:/program files (x86)/cypress/psoc creator/4.2/psoc creator/import/gnu/arm/5.4.1/bin/../lib/gcc/arm-none-eabi/5.4.1/armv7-m/crti.o
                0x00004788                _fini
 .fini          0x0000478c        0x8 c:/program files (x86)/cypress/psoc creator/4.2/psoc creator/import/gnu/arm/5.4.1/bin/../lib/gcc/arm-none-eabi/5.4.1/armv7-m/crtn.o
                0x00004794                . = ALIGN (0x4)
                0x00004794                __fini_array_start = .
 *(.fini_array)
 .fini_array    0x00004794        0x4 c:/program files (x86)/cypress/psoc creator/4.2/psoc creator/import/gnu/arm/5.4.1/bin/../lib/gcc/arm-none-eabi/5.4.1/armv7-m/crtbegin.o
 *(SORT(.fini_array.*))
                0x00004798                __fini_array_end = .
                0x00004798                . = ALIGN (0x4)
 *crtbegin.o(.ctors)
 *(EXCLUDE_FILE(*crtend.o) .ctors)
 *(SORT(.ctors.*))
 *crtend.o(.ctors)
                0x00004798                . = ALIGN (0x4)
 *crtbegin.o(.dtors)
 *(EXCLUDE_FILE(*crtend.o) .dtors)
 *(SORT(.dtors.*))
 *crtend.o(.dtors)
                0x00004798                . = ALIGN (0x4)
                0x00004798                __cy_regions = .
                0x00004798        0x4 LONG 0x47a8 __cy_region_init_ram
                0x0000479c        0x4 LONG 0x1fff80c8 __cy_region_start_data
                0x000047a0        0x4 LONG 0xe0 __cy_region_init_size_ram
                0x000047a4        0x4 LONG 0x130 __cy_region_zero_size_ram
                0x000047a8                __cy_regions_end = .
                0x000047a8                . = ALIGN (0x8)
                0x000047a8                _etext = .

.cy_checksum_exclude
                0x000047a8        0x0
 *(.cy_checksum_exclude)

.ramvectors     0x1fff8000       0xc0
                0x1fff8000                __cy_region_start_ram = .
 *(.ramvectors)
 .ramvectors    0x1fff8000       0xc0 .\CortexM3\ARM_GCC_541\Debug\Cm3Start.o
                0x1fff8000                CyRamVectors

.noinit         0x1fff80c0        0x5
 *(.noinit)
 .noinit        0x1fff80c0        0x4 .\CortexM3\ARM_GCC_541\Debug\Cm3Start.o
 .noinit        0x1fff80c4        0x1 .\CortexM3\ARM_GCC_541\Debug\CS301_Class.a(CyLib.o)
                0x1fff80c4                CyResetStatus

.data           0x1fff80c8       0xe0 load address 0x000047a8
                0x1fff80c8                __cy_region_start_data = .
 *(.jcr)
 .jcr           0x1fff80c8        0x0 c:/program files (x86)/cypress/psoc creator/4.2/psoc creator/import/gnu/arm/5.4.1/bin/../lib/gcc/arm-none-eabi/5.4.1/armv7-m/crtbegin.o
 .jcr           0x1fff80c8        0x4 c:/program files (x86)/cypress/psoc creator/4.2/psoc creator/import/gnu/arm/5.4.1/bin/../lib/gcc/arm-none-eabi/5.4.1/armv7-m/crtend.o
 *(.got.plt)
 *(.got)
 *(.shdata)
 *(.data .data.* .gnu.linkonce.d.*)
 .data          0x1fff80cc       0x4c .\CortexM3\ARM_GCC_541\Debug\main.o
                0x1fff80cc                flag_rf_transmission_active
                0x1fff80d0                displaystring
                0x1fff8110                currentDirection
                0x1fff8114                previousDirection
 .data          0x1fff8118       0x10 .\CortexM3\ARM_GCC_541\Debug\CS301_Class.a(CyLib.o)
                0x1fff8118                cydelay_freq_hz
                0x1fff811c                cydelay_freq_khz
                0x1fff8120                cydelay_freq_mhz
                0x1fff8124                cydelay_32k_ms
 .data          0x1fff8128       0x1a .\CortexM3\ARM_GCC_541\Debug\CS301_Class.a(USBUART_cdc.o)
                0x1fff8128                USBUART_linesCoding
 *fill*         0x1fff8142        0x2 
 .data.impure_data
                0x1fff8144       0x60 c:/program files (x86)/cypress/psoc creator/4.2/psoc creator/import/gnu/arm/5.4.1/bin/../lib/gcc/arm-none-eabi/5.4.1/../../../../arm-none-eabi/lib/armv7-m\libg_nano.a(lib_a-impure.o)
 .data._impure_ptr
                0x1fff81a4        0x4 c:/program files (x86)/cypress/psoc creator/4.2/psoc creator/import/gnu/arm/5.4.1/bin/../lib/gcc/arm-none-eabi/5.4.1/../../../../arm-none-eabi/lib/armv7-m\libg_nano.a(lib_a-impure.o)
                0x1fff81a4                _impure_ptr
                0x1fff81a8                . = ALIGN (0x8)
 *(.ram)
                0x1fff81a8                _edata = .

.igot.plt       0x1fff81a8        0x0 load address 0x00004888
 .igot.plt      0x1fff81a8        0x0 c:/program files (x86)/cypress/psoc creator/4.2/psoc creator/import/gnu/arm/5.4.1/bin/../lib/gcc/arm-none-eabi/5.4.1/armv7-m/crtbegin.o

.bss            0x1fff81a8      0x130 load address 0x00004888
                0x1fff81a8                PROVIDE (__bss_start__, .)
 *(.shbss)
 *(.bss .bss.* .gnu.linkonce.b.*)
 .bss           0x1fff81a8       0x1c c:/program files (x86)/cypress/psoc creator/4.2/psoc creator/import/gnu/arm/5.4.1/bin/../lib/gcc/arm-none-eabi/5.4.1/armv7-m/crtbegin.o
 .bss           0x1fff81c4       0x2c .\CortexM3\ARM_GCC_541\Debug\main.o
                0x1fff81c4                ts
                0x1fff81c6                ts_enc
                0x1fff81c8                ts_update
                0x1fff81ca                ts_speed
                0x1fff81cc                ts_display
                0x1fff81ce                flag_ts_enc
                0x1fff81cf                flag_ts_update
                0x1fff81d0                flag_ts_speed
                0x1fff81d1                flag_ts_display
                0x1fff81d2                flag_rx
                0x1fff81d3                flag_packet
                0x1fff81d4                flag_KB_string
                0x1fff81d5                dataready_flag
                0x1fff81d6                s1
                0x1fff81d7                s2
                0x1fff81d8                s3
                0x1fff81d9                s4
                0x1fff81da                s5
                0x1fff81db                s6
                0x1fff81dc                totalMilliseconds
                0x1fff81e0                totalDistance
                0x1fff81e4                quadDec2Count
                0x1fff81e8                timerInt
                0x1fff81ec                keepLedOn
 .bss           0x1fff81f0        0x1 .\CortexM3\ARM_GCC_541\Debug\usbUART.o
                0x1fff81f0                USBUART_initVar
 *fill*         0x1fff81f1        0x3 
 .bss           0x1fff81f4        0x2 .\CortexM3\ARM_GCC_541\Debug\CS301_Class.a(USBUART_std.o)
 .bss           0x1fff81f6        0x1 .\CortexM3\ARM_GCC_541\Debug\CS301_Class.a(PWM_1.o)
                0x1fff81f6                PWM_1_initVar
 .bss           0x1fff81f7        0x1 .\CortexM3\ARM_GCC_541\Debug\CS301_Class.a(PWM_2.o)
                0x1fff81f7                PWM_2_initVar
 .bss           0x1fff81f8        0x1 .\CortexM3\ARM_GCC_541\Debug\CS301_Class.a(QuadDec_M1.o)
                0x1fff81f8                QuadDec_M1_initVar
 .bss           0x1fff81f9        0x1 .\CortexM3\ARM_GCC_541\Debug\CS301_Class.a(QuadDec_M2.o)
                0x1fff81f9                QuadDec_M2_initVar
 .bss           0x1fff81fa        0x1 .\CortexM3\ARM_GCC_541\Debug\CS301_Class.a(QuadDec_M1_Cnt16.o)
                0x1fff81fa                QuadDec_M1_Cnt16_initVar
 .bss           0x1fff81fb        0x1 .\CortexM3\ARM_GCC_541\Debug\CS301_Class.a(QuadDec_M2_Cnt16.o)
                0x1fff81fb                QuadDec_M2_Cnt16_initVar
 .bss           0x1fff81fc        0x1 .\CortexM3\ARM_GCC_541\Debug\CS301_Class.a(SpeedTimer.o)
                0x1fff81fc                SpeedTimer_initVar
 .bss           0x1fff81fd        0x1 .\CortexM3\ARM_GCC_541\Debug\CS301_Class.a(Timer_LED.o)
                0x1fff81fd                Timer_LED_initVar
 *(COMMON)
 *fill*         0x1fff81fe        0x2 
 COMMON         0x1fff8200       0x9a .\CortexM3\ARM_GCC_541\Debug\CS301_Class.a(USBUART_drv.o)
                0x1fff8200                USBUART_lastPacketSize
                0x1fff8201                USBUART_device
                0x1fff8202                USBUART_transferByteCount
                0x1fff8204                USBUART_transferState
                0x1fff8208                USBUART_interfaceSettingLast
                0x1fff820c                USBUART_currentTD
                0x1fff8218                USBUART_interfaceNumber
                0x1fff821c                USBUART_interfaceClass
                0x1fff8220                USBUART_configurationChanged
                0x1fff8221                USBUART_ep0Mode
                0x1fff8222                USBUART_deviceAddress
                0x1fff8223                USBUART_configuration
                0x1fff8224                USBUART_ep0Count
                0x1fff8225                USBUART_deviceStatus
                0x1fff8228                USBUART_EP
                0x1fff8294                USBUART_interfaceSetting
                0x1fff8296                USBUART_ep0Toggle
                0x1fff8298                USBUART_interfaceStatus
 *fill*         0x1fff829a        0x2 
 COMMON         0x1fff829c       0x18 .\CortexM3\ARM_GCC_541\Debug\CS301_Class.a(USBUART_cdc.o)
                0x1fff829c                USBUART_linesChanged
                0x1fff82a0                USBUART_cdcDataInEp
                0x1fff82a4                USBUART_cdcCommInInterruptEp
                0x1fff82a8                USBUART_cdcDataOutEp
                0x1fff82ac                USBUART_serialStateBitmap
                0x1fff82b0                USBUART_linesControlBitmap
 COMMON         0x1fff82b4       0x22 .\CortexM3\ARM_GCC_541\Debug\CS301_Class.a(USBUART_descr.o)
                0x1fff82b4                USBUART_idSerialNumberStringDescriptor
                0x1fff82d8                . = ALIGN (0x8)
 *fill*         0x1fff82d6        0x2 
 *(.ram.b)
                0x1fff82d8                _end = .
                0x1fff82d8                __end = .
                0x1fff82d8                PROVIDE (end, .)
                0x1fff82d8                PROVIDE (__bss_end__, .)
                0x000047a8                __cy_region_init_ram = LOADADDR (.data)
                0x000000e0                __cy_region_init_size_ram = (_edata - ADDR (.data))
                0x00000130                __cy_region_zero_size_ram = (_end - _edata)

.heap           0x1fff82d8       0x80 load address 0x00004888
                0x1fff82d8                . = _end
                0x1fff8358                . = (. + 0x80)
 *fill*         0x1fff82d8       0x80 
                0x1fff8358                __cy_heap_limit = .

.stack          0x20007800      0x800
                0x20007800                __cy_stack_limit = .
                0x20008000                . = (. + 0x800)
 *fill*         0x20007800      0x800 
                0x00000001                ASSERT ((__cy_stack_limit >= __cy_heap_limit), region RAM overflowed with stack)
                0x00000000                cy_checksum_exclude_size = (CY_APPL_LOADABLE == 0x1)?SIZEOF (.cy_checksum_exclude):0x0
                0x00000001                ASSERT ((cy_checksum_exclude_size <= CY_CHECKSUM_EXCLUDE_SIZE), CY_BOOT: Section .cy_checksum_exclude size exceedes specified limit.)

.cyloadermeta
 *(.cyloadermeta)

.cyloadablemeta
 *(.cyloadablemeta)

.cyconfigecc    0x80000000      0xd18
 *(.cyconfigecc)
 .cyconfigecc   0x80000000      0xd18 .\CortexM3\ARM_GCC_541\Debug\cymetadata.o
                0x80000000                cy_meta_configecc

.cycustnvl      0x90000000        0x4
 *(.cycustnvl)
 .cycustnvl     0x90000000        0x4 .\CortexM3\ARM_GCC_541\Debug\cymetadata.o
                0x90000000                cy_meta_custnvl

.cywolatch      0x90100000        0x4
 *(.cywolatch)
 .cywolatch     0x90100000        0x4 .\CortexM3\ARM_GCC_541\Debug\cymetadata.o
                0x90100000                cy_meta_wonvl

.cyeeprom       0x90200000        0x0
 *(.cyeeprom)
                0x00000001                ASSERT ((. <= ((0x90200000 + ee_offset) + ee_size)), .cyeeprom data will not fit in EEPROM)

.cyflashprotect
                0x90400000      0x100
 *(.cyflashprotect)
 .cyflashprotect
                0x90400000      0x100 .\CortexM3\ARM_GCC_541\Debug\cymetadata.o
                0x90400000                cy_meta_flashprotect

.cymeta         0x90500000        0xc
 *(.cymeta)
 .cymeta        0x90500000        0xc .\CortexM3\ARM_GCC_541\Debug\cymetadata.o
                0x90500000                cy_metadata

.rel.dyn        0x00004888        0x0 load address 0x9050000c
 .rel.iplt      0x00004888        0x0 c:/program files (x86)/cypress/psoc creator/4.2/psoc creator/import/gnu/arm/5.4.1/bin/../lib/gcc/arm-none-eabi/5.4.1/armv7-m/crtbegin.o

.stab
 *(.stab)

.stabstr
 *(.stabstr)

.debug
 *(.debug)

.line
 *(.line)

.debug_srcinfo
 *(.debug_srcinfo)

.debug_sfnames
 *(.debug_sfnames)

.debug_aranges  0x00000000     0x12e8
 *(.debug_aranges)
 .debug_aranges
                0x00000000       0x80 .\CortexM3\ARM_GCC_541\Debug\main.o
 .debug_aranges
                0x00000080       0x28 .\CortexM3\ARM_GCC_541\Debug\tacho.o
 .debug_aranges
                0x000000a8       0x20 .\CortexM3\ARM_GCC_541\Debug\initialise.o
 .debug_aranges
                0x000000c8       0x18 .\CortexM3\ARM_GCC_541\Debug\pathfinding.o
 .debug_aranges
                0x000000e0       0x50 .\CortexM3\ARM_GCC_541\Debug\movement.o
 .debug_aranges
                0x00000130       0xc8 .\CortexM3\ARM_GCC_541\Debug\usbUART.o
 .debug_aranges
                0x000001f8       0x60 .\CortexM3\ARM_GCC_541\Debug\cyfitter_cfg.o
 .debug_aranges
                0x00000258       0x18 .\CortexM3\ARM_GCC_541\Debug\cymetadata.o
 .debug_aranges
                0x00000270       0x48 .\CortexM3\ARM_GCC_541\Debug\Cm3Start.o
 .debug_aranges
                0x000002b8       0x98 .\CortexM3\ARM_GCC_541\Debug\CS301_Class.a(USBUART_drv.o)
 .debug_aranges
                0x00000350       0x40 .\CortexM3\ARM_GCC_541\Debug\CS301_Class.a(USBUART_episr.o)
 .debug_aranges
                0x00000390       0x40 .\CortexM3\ARM_GCC_541\Debug\CS301_Class.a(USBUART_pm.o)
 .debug_aranges
                0x000003d0       0x80 .\CortexM3\ARM_GCC_541\Debug\CS301_Class.a(USBUART_std.o)
 .debug_aranges
                0x00000450       0x20 .\CortexM3\ARM_GCC_541\Debug\CS301_Class.a(USBUART_vnd.o)
 .debug_aranges
                0x00000470       0x48 .\CortexM3\ARM_GCC_541\Debug\CS301_Class.a(USBUART_Dp.o)
 .debug_aranges
                0x000004b8      0x2a0 .\CortexM3\ARM_GCC_541\Debug\CS301_Class.a(CyLib.o)
 .debug_aranges
                0x00000758       0x98 .\CortexM3\ARM_GCC_541\Debug\CS301_Class.a(cyPm.o)
 .debug_aranges
                0x000007f0       0x78 .\CortexM3\ARM_GCC_541\Debug\CS301_Class.a(PWM_1.o)
 .debug_aranges
                0x00000868       0x70 .\CortexM3\ARM_GCC_541\Debug\CS301_Class.a(Clock_PWM.o)
 .debug_aranges
                0x000008d8       0x78 .\CortexM3\ARM_GCC_541\Debug\CS301_Class.a(PWM_2.o)
 .debug_aranges
                0x00000950       0x38 .\CortexM3\ARM_GCC_541\Debug\CS301_Class.a(LED.o)
 .debug_aranges
                0x00000988       0x60 .\CortexM3\ARM_GCC_541\Debug\CS301_Class.a(QuadDec_M1.o)
 .debug_aranges
                0x000009e8       0x60 .\CortexM3\ARM_GCC_541\Debug\CS301_Class.a(QuadDec_M2.o)
 .debug_aranges
                0x00000a48       0x98 .\CortexM3\ARM_GCC_541\Debug\CS301_Class.a(QuadDec_M1_Cnt16.o)
 .debug_aranges
                0x00000ae0       0x98 .\CortexM3\ARM_GCC_541\Debug\CS301_Class.a(QuadDec_M2_Cnt16.o)
 .debug_aranges
                0x00000b78       0x28 .\CortexM3\ARM_GCC_541\Debug\CS301_Class.a(RF_BT_SELECT.o)
 .debug_aranges
                0x00000ba0       0x88 .\CortexM3\ARM_GCC_541\Debug\CS301_Class.a(SpeedTimer.o)
 .debug_aranges
                0x00000c28       0x70 .\CortexM3\ARM_GCC_541\Debug\CS301_Class.a(SpeedClock.o)
 .debug_aranges
                0x00000c98       0x88 .\CortexM3\ARM_GCC_541\Debug\CS301_Class.a(Timer_LED.o)
 .debug_aranges
                0x00000d20       0x80 .\CortexM3\ARM_GCC_541\Debug\CS301_Class.a(isr_Timer_LED.o)
 .debug_aranges
                0x00000da0       0x80 .\CortexM3\ARM_GCC_541\Debug\CS301_Class.a(S1_detected.o)
 .debug_aranges
                0x00000e20       0x80 .\CortexM3\ARM_GCC_541\Debug\CS301_Class.a(S2_detected.o)
 .debug_aranges
                0x00000ea0       0x80 .\CortexM3\ARM_GCC_541\Debug\CS301_Class.a(S3_detected.o)
 .debug_aranges
                0x00000f20       0x80 .\CortexM3\ARM_GCC_541\Debug\CS301_Class.a(S4_detected.o)
 .debug_aranges
                0x00000fa0       0x80 .\CortexM3\ARM_GCC_541\Debug\CS301_Class.a(S5_detected.o)
 .debug_aranges
                0x00001020       0x80 .\CortexM3\ARM_GCC_541\Debug\CS301_Class.a(S6_detected.o)
 .debug_aranges
                0x000010a0       0x20 .\CortexM3\ARM_GCC_541\Debug\CS301_Class.a(CyBootAsmGnu.o)
 .debug_aranges
                0x000010c0       0xe8 .\CortexM3\ARM_GCC_541\Debug\CS301_Class.a(USBUART_cdc.o)
 .debug_aranges
                0x000011a8       0x20 .\CortexM3\ARM_GCC_541\Debug\CS301_Class.a(USBUART_cls.o)
 .debug_aranges
                0x000011c8       0x18 .\CortexM3\ARM_GCC_541\Debug\CS301_Class.a(USBUART_descr.o)
 .debug_aranges
                0x000011e0       0x88 .\CortexM3\ARM_GCC_541\Debug\CS301_Class.a(CyFlash.o)
 .debug_aranges
                0x00001268       0x80 .\CortexM3\ARM_GCC_541\Debug\CS301_Class.a(CySpc.o)

.debug_pubnames
 *(.debug_pubnames)

.debug_info     0x00000000     0x8282
 *(.debug_info .gnu.linkonce.wi.*)
 .debug_info    0x00000000      0x592 .\CortexM3\ARM_GCC_541\Debug\main.o
 .debug_info    0x00000592      0x14e .\CortexM3\ARM_GCC_541\Debug\tacho.o
 .debug_info    0x000006e0       0xc7 .\CortexM3\ARM_GCC_541\Debug\initialise.o
 .debug_info    0x000007a7       0x79 .\CortexM3\ARM_GCC_541\Debug\pathfinding.o
 .debug_info    0x00000820      0x194 .\CortexM3\ARM_GCC_541\Debug\movement.o
 .debug_info    0x000009b4      0x717 .\CortexM3\ARM_GCC_541\Debug\usbUART.o
 .debug_info    0x000010cb      0x463 .\CortexM3\ARM_GCC_541\Debug\cyfitter_cfg.o
 .debug_info    0x0000152e      0x139 .\CortexM3\ARM_GCC_541\Debug\cymetadata.o
 .debug_info    0x00001667      0x32b .\CortexM3\ARM_GCC_541\Debug\Cm3Start.o
 .debug_info    0x00001992      0x52d .\CortexM3\ARM_GCC_541\Debug\CS301_Class.a(USBUART_drv.o)
 .debug_info    0x00001ebf      0x23b .\CortexM3\ARM_GCC_541\Debug\CS301_Class.a(USBUART_episr.o)
 .debug_info    0x000020fa      0x18d .\CortexM3\ARM_GCC_541\Debug\CS301_Class.a(USBUART_pm.o)
 .debug_info    0x00002287      0x961 .\CortexM3\ARM_GCC_541\Debug\CS301_Class.a(USBUART_std.o)
 .debug_info    0x00002be8      0x1a9 .\CortexM3\ARM_GCC_541\Debug\CS301_Class.a(USBUART_vnd.o)
 .debug_info    0x00002d91      0x171 .\CortexM3\ARM_GCC_541\Debug\CS301_Class.a(USBUART_Dp.o)
 .debug_info    0x00002f02      0xe51 .\CortexM3\ARM_GCC_541\Debug\CS301_Class.a(CyLib.o)
 .debug_info    0x00003d53      0x57a .\CortexM3\ARM_GCC_541\Debug\CS301_Class.a(cyPm.o)
 .debug_info    0x000042cd      0x235 .\CortexM3\ARM_GCC_541\Debug\CS301_Class.a(PWM_1.o)
 .debug_info    0x00004502      0x25d .\CortexM3\ARM_GCC_541\Debug\CS301_Class.a(Clock_PWM.o)
 .debug_info    0x0000475f      0x235 .\CortexM3\ARM_GCC_541\Debug\CS301_Class.a(PWM_2.o)
 .debug_info    0x00004994      0x11e .\CortexM3\ARM_GCC_541\Debug\CS301_Class.a(LED.o)
 .debug_info    0x00004ab2      0x208 .\CortexM3\ARM_GCC_541\Debug\CS301_Class.a(QuadDec_M1.o)
 .debug_info    0x00004cba      0x208 .\CortexM3\ARM_GCC_541\Debug\CS301_Class.a(QuadDec_M2.o)
 .debug_info    0x00004ec2      0x291 .\CortexM3\ARM_GCC_541\Debug\CS301_Class.a(QuadDec_M1_Cnt16.o)
 .debug_info    0x00005153      0x291 .\CortexM3\ARM_GCC_541\Debug\CS301_Class.a(QuadDec_M2_Cnt16.o)
 .debug_info    0x000053e4       0xd7 .\CortexM3\ARM_GCC_541\Debug\CS301_Class.a(RF_BT_SELECT.o)
 .debug_info    0x000054bb      0x245 .\CortexM3\ARM_GCC_541\Debug\CS301_Class.a(SpeedTimer.o)
 .debug_info    0x00005700      0x25d .\CortexM3\ARM_GCC_541\Debug\CS301_Class.a(SpeedClock.o)
 .debug_info    0x0000595d      0x245 .\CortexM3\ARM_GCC_541\Debug\CS301_Class.a(Timer_LED.o)
 .debug_info    0x00005ba2      0x241 .\CortexM3\ARM_GCC_541\Debug\CS301_Class.a(isr_Timer_LED.o)
 .debug_info    0x00005de3      0x241 .\CortexM3\ARM_GCC_541\Debug\CS301_Class.a(S1_detected.o)
 .debug_info    0x00006024      0x241 .\CortexM3\ARM_GCC_541\Debug\CS301_Class.a(S2_detected.o)
 .debug_info    0x00006265      0x241 .\CortexM3\ARM_GCC_541\Debug\CS301_Class.a(S3_detected.o)
 .debug_info    0x000064a6      0x241 .\CortexM3\ARM_GCC_541\Debug\CS301_Class.a(S4_detected.o)
 .debug_info    0x000066e7      0x241 .\CortexM3\ARM_GCC_541\Debug\CS301_Class.a(S5_detected.o)
 .debug_info    0x00006928      0x241 .\CortexM3\ARM_GCC_541\Debug\CS301_Class.a(S6_detected.o)
 .debug_info    0x00006b69       0xd3 .\CortexM3\ARM_GCC_541\Debug\CS301_Class.a(CyBootAsmGnu.o)
 .debug_info    0x00006c3c      0x924 .\CortexM3\ARM_GCC_541\Debug\CS301_Class.a(USBUART_cdc.o)
 .debug_info    0x00007560      0x1c8 .\CortexM3\ARM_GCC_541\Debug\CS301_Class.a(USBUART_cls.o)
 .debug_info    0x00007728      0x2e1 .\CortexM3\ARM_GCC_541\Debug\CS301_Class.a(USBUART_descr.o)
 .debug_info    0x00007a09      0x3b9 .\CortexM3\ARM_GCC_541\Debug\CS301_Class.a(CyFlash.o)
 .debug_info    0x00007dc2      0x4c0 .\CortexM3\ARM_GCC_541\Debug\CS301_Class.a(CySpc.o)

.debug_abbrev   0x00000000     0x2fb5
 *(.debug_abbrev)
 .debug_abbrev  0x00000000      0x19f .\CortexM3\ARM_GCC_541\Debug\main.o
 .debug_abbrev  0x0000019f       0x96 .\CortexM3\ARM_GCC_541\Debug\tacho.o
 .debug_abbrev  0x00000235       0x65 .\CortexM3\ARM_GCC_541\Debug\initialise.o
 .debug_abbrev  0x0000029a       0x26 .\CortexM3\ARM_GCC_541\Debug\pathfinding.o
 .debug_abbrev  0x000002c0       0xaa .\CortexM3\ARM_GCC_541\Debug\movement.o
 .debug_abbrev  0x0000036a      0x1f3 .\CortexM3\ARM_GCC_541\Debug\usbUART.o
 .debug_abbrev  0x0000055d      0x1b7 .\CortexM3\ARM_GCC_541\Debug\cyfitter_cfg.o
 .debug_abbrev  0x00000714       0x77 .\CortexM3\ARM_GCC_541\Debug\cymetadata.o
 .debug_abbrev  0x0000078b      0x1d6 .\CortexM3\ARM_GCC_541\Debug\Cm3Start.o
 .debug_abbrev  0x00000961      0x161 .\CortexM3\ARM_GCC_541\Debug\CS301_Class.a(USBUART_drv.o)
 .debug_abbrev  0x00000ac2       0xfd .\CortexM3\ARM_GCC_541\Debug\CS301_Class.a(USBUART_episr.o)
 .debug_abbrev  0x00000bbf       0xd1 .\CortexM3\ARM_GCC_541\Debug\CS301_Class.a(USBUART_pm.o)
 .debug_abbrev  0x00000c90      0x1c2 .\CortexM3\ARM_GCC_541\Debug\CS301_Class.a(USBUART_std.o)
 .debug_abbrev  0x00000e52       0xc5 .\CortexM3\ARM_GCC_541\Debug\CS301_Class.a(USBUART_vnd.o)
 .debug_abbrev  0x00000f17       0x90 .\CortexM3\ARM_GCC_541\Debug\CS301_Class.a(USBUART_Dp.o)
 .debug_abbrev  0x00000fa7      0x217 .\CortexM3\ARM_GCC_541\Debug\CS301_Class.a(CyLib.o)
 .debug_abbrev  0x000011be      0x161 .\CortexM3\ARM_GCC_541\Debug\CS301_Class.a(cyPm.o)
 .debug_abbrev  0x0000131f      0x116 .\CortexM3\ARM_GCC_541\Debug\CS301_Class.a(PWM_1.o)
 .debug_abbrev  0x00001435      0x11d .\CortexM3\ARM_GCC_541\Debug\CS301_Class.a(Clock_PWM.o)
 .debug_abbrev  0x00001552      0x116 .\CortexM3\ARM_GCC_541\Debug\CS301_Class.a(PWM_2.o)
 .debug_abbrev  0x00001668       0x90 .\CortexM3\ARM_GCC_541\Debug\CS301_Class.a(LED.o)
 .debug_abbrev  0x000016f8      0x130 .\CortexM3\ARM_GCC_541\Debug\CS301_Class.a(QuadDec_M1.o)
 .debug_abbrev  0x00001828      0x130 .\CortexM3\ARM_GCC_541\Debug\CS301_Class.a(QuadDec_M2.o)
 .debug_abbrev  0x00001958      0x12c .\CortexM3\ARM_GCC_541\Debug\CS301_Class.a(QuadDec_M1_Cnt16.o)
 .debug_abbrev  0x00001a84      0x12c .\CortexM3\ARM_GCC_541\Debug\CS301_Class.a(QuadDec_M2_Cnt16.o)
 .debug_abbrev  0x00001bb0       0x81 .\CortexM3\ARM_GCC_541\Debug\CS301_Class.a(RF_BT_SELECT.o)
 .debug_abbrev  0x00001c31       0xe9 .\CortexM3\ARM_GCC_541\Debug\CS301_Class.a(SpeedTimer.o)
 .debug_abbrev  0x00001d1a      0x11d .\CortexM3\ARM_GCC_541\Debug\CS301_Class.a(SpeedClock.o)
 .debug_abbrev  0x00001e37       0xe9 .\CortexM3\ARM_GCC_541\Debug\CS301_Class.a(Timer_LED.o)
 .debug_abbrev  0x00001f20      0x172 .\CortexM3\ARM_GCC_541\Debug\CS301_Class.a(isr_Timer_LED.o)
 .debug_abbrev  0x00002092      0x172 .\CortexM3\ARM_GCC_541\Debug\CS301_Class.a(S1_detected.o)
 .debug_abbrev  0x00002204      0x172 .\CortexM3\ARM_GCC_541\Debug\CS301_Class.a(S2_detected.o)
 .debug_abbrev  0x00002376      0x172 .\CortexM3\ARM_GCC_541\Debug\CS301_Class.a(S3_detected.o)
 .debug_abbrev  0x000024e8      0x172 .\CortexM3\ARM_GCC_541\Debug\CS301_Class.a(S4_detected.o)
 .debug_abbrev  0x0000265a      0x172 .\CortexM3\ARM_GCC_541\Debug\CS301_Class.a(S5_detected.o)
 .debug_abbrev  0x000027cc      0x172 .\CortexM3\ARM_GCC_541\Debug\CS301_Class.a(S6_detected.o)
 .debug_abbrev  0x0000293e       0x14 .\CortexM3\ARM_GCC_541\Debug\CS301_Class.a(CyBootAsmGnu.o)
 .debug_abbrev  0x00002952      0x233 .\CortexM3\ARM_GCC_541\Debug\CS301_Class.a(USBUART_cdc.o)
 .debug_abbrev  0x00002b85       0xc5 .\CortexM3\ARM_GCC_541\Debug\CS301_Class.a(USBUART_cls.o)
 .debug_abbrev  0x00002c4a       0xb4 .\CortexM3\ARM_GCC_541\Debug\CS301_Class.a(USBUART_descr.o)
 .debug_abbrev  0x00002cfe      0x14b .\CortexM3\ARM_GCC_541\Debug\CS301_Class.a(CyFlash.o)
 .debug_abbrev  0x00002e49      0x16c .\CortexM3\ARM_GCC_541\Debug\CS301_Class.a(CySpc.o)

.debug_line     0x00000000     0x46ba
 *(.debug_line)
 .debug_line    0x00000000      0x2d7 .\CortexM3\ARM_GCC_541\Debug\main.o
 .debug_line    0x000002d7      0x183 .\CortexM3\ARM_GCC_541\Debug\tacho.o
 .debug_line    0x0000045a      0x168 .\CortexM3\ARM_GCC_541\Debug\initialise.o
 .debug_line    0x000005c2       0x1d .\CortexM3\ARM_GCC_541\Debug\pathfinding.o
 .debug_line    0x000005df      0x1ed .\CortexM3\ARM_GCC_541\Debug\movement.o
 .debug_line    0x000007cc      0x307 .\CortexM3\ARM_GCC_541\Debug\usbUART.o
 .debug_line    0x00000ad3      0x224 .\CortexM3\ARM_GCC_541\Debug\cyfitter_cfg.o
 .debug_line    0x00000cf7      0x141 .\CortexM3\ARM_GCC_541\Debug\cymetadata.o
 .debug_line    0x00000e38      0x1dc .\CortexM3\ARM_GCC_541\Debug\Cm3Start.o
 .debug_line    0x00001014      0x21f .\CortexM3\ARM_GCC_541\Debug\CS301_Class.a(USBUART_drv.o)
 .debug_line    0x00001233       0xf2 .\CortexM3\ARM_GCC_541\Debug\CS301_Class.a(USBUART_episr.o)
 .debug_line    0x00001325       0xe6 .\CortexM3\ARM_GCC_541\Debug\CS301_Class.a(USBUART_pm.o)
 .debug_line    0x0000140b      0x470 .\CortexM3\ARM_GCC_541\Debug\CS301_Class.a(USBUART_std.o)
 .debug_line    0x0000187b       0x8f .\CortexM3\ARM_GCC_541\Debug\CS301_Class.a(USBUART_vnd.o)
 .debug_line    0x0000190a       0xbf .\CortexM3\ARM_GCC_541\Debug\CS301_Class.a(USBUART_Dp.o)
 .debug_line    0x000019c9      0x883 .\CortexM3\ARM_GCC_541\Debug\CS301_Class.a(CyLib.o)
 .debug_line    0x0000224c      0x38e .\CortexM3\ARM_GCC_541\Debug\CS301_Class.a(cyPm.o)
 .debug_line    0x000025da      0x140 .\CortexM3\ARM_GCC_541\Debug\CS301_Class.a(PWM_1.o)
 .debug_line    0x0000271a      0x1a8 .\CortexM3\ARM_GCC_541\Debug\CS301_Class.a(Clock_PWM.o)
 .debug_line    0x000028c2      0x140 .\CortexM3\ARM_GCC_541\Debug\CS301_Class.a(PWM_2.o)
 .debug_line    0x00002a02       0x93 .\CortexM3\ARM_GCC_541\Debug\CS301_Class.a(LED.o)
 .debug_line    0x00002a95      0x10a .\CortexM3\ARM_GCC_541\Debug\CS301_Class.a(QuadDec_M1.o)
 .debug_line    0x00002b9f      0x10a .\CortexM3\ARM_GCC_541\Debug\CS301_Class.a(QuadDec_M2.o)
 .debug_line    0x00002ca9      0x18e .\CortexM3\ARM_GCC_541\Debug\CS301_Class.a(QuadDec_M1_Cnt16.o)
 .debug_line    0x00002e37      0x18e .\CortexM3\ARM_GCC_541\Debug\CS301_Class.a(QuadDec_M2_Cnt16.o)
 .debug_line    0x00002fc5       0x75 .\CortexM3\ARM_GCC_541\Debug\CS301_Class.a(RF_BT_SELECT.o)
 .debug_line    0x0000303a      0x162 .\CortexM3\ARM_GCC_541\Debug\CS301_Class.a(SpeedTimer.o)
 .debug_line    0x0000319c      0x1a9 .\CortexM3\ARM_GCC_541\Debug\CS301_Class.a(SpeedClock.o)
 .debug_line    0x00003345      0x161 .\CortexM3\ARM_GCC_541\Debug\CS301_Class.a(Timer_LED.o)
 .debug_line    0x000034a6      0x158 .\CortexM3\ARM_GCC_541\Debug\CS301_Class.a(isr_Timer_LED.o)
 .debug_line    0x000035fe      0x146 .\CortexM3\ARM_GCC_541\Debug\CS301_Class.a(S1_detected.o)
 .debug_line    0x00003744      0x156 .\CortexM3\ARM_GCC_541\Debug\CS301_Class.a(S2_detected.o)
 .debug_line    0x0000389a      0x156 .\CortexM3\ARM_GCC_541\Debug\CS301_Class.a(S3_detected.o)
 .debug_line    0x000039f0      0x156 .\CortexM3\ARM_GCC_541\Debug\CS301_Class.a(S4_detected.o)
 .debug_line    0x00003b46      0x156 .\CortexM3\ARM_GCC_541\Debug\CS301_Class.a(S5_detected.o)
 .debug_line    0x00003c9c      0x156 .\CortexM3\ARM_GCC_541\Debug\CS301_Class.a(S6_detected.o)
 .debug_line    0x00003df2       0x66 .\CortexM3\ARM_GCC_541\Debug\CS301_Class.a(CyBootAsmGnu.o)
 .debug_line    0x00003e58      0x30c .\CortexM3\ARM_GCC_541\Debug\CS301_Class.a(USBUART_cdc.o)
 .debug_line    0x00004164       0x95 .\CortexM3\ARM_GCC_541\Debug\CS301_Class.a(USBUART_cls.o)
 .debug_line    0x000041f9       0x61 .\CortexM3\ARM_GCC_541\Debug\CS301_Class.a(USBUART_descr.o)
 .debug_line    0x0000425a      0x22f .\CortexM3\ARM_GCC_541\Debug\CS301_Class.a(CyFlash.o)
 .debug_line    0x00004489      0x231 .\CortexM3\ARM_GCC_541\Debug\CS301_Class.a(CySpc.o)

.debug_frame    0x00000000     0x4878
 *(.debug_frame)
 .debug_frame   0x00000000      0x1cc .\CortexM3\ARM_GCC_541\Debug\main.o
 .debug_frame   0x000001cc       0x60 .\CortexM3\ARM_GCC_541\Debug\tacho.o
 .debug_frame   0x0000022c       0x2c .\CortexM3\ARM_GCC_541\Debug\initialise.o
 .debug_frame   0x00000258       0xf8 .\CortexM3\ARM_GCC_541\Debug\movement.o
 .debug_frame   0x00000350      0x37c .\CortexM3\ARM_GCC_541\Debug\usbUART.o
 .debug_frame   0x000006cc      0x16c .\CortexM3\ARM_GCC_541\Debug\cyfitter_cfg.o
 .debug_frame   0x00000838       0xd8 .\CortexM3\ARM_GCC_541\Debug\Cm3Start.o
 .debug_frame   0x00000910      0x23c .\CortexM3\ARM_GCC_541\Debug\CS301_Class.a(USBUART_drv.o)
 .debug_frame   0x00000b4c       0xbc .\CortexM3\ARM_GCC_541\Debug\CS301_Class.a(USBUART_episr.o)
 .debug_frame   0x00000c08       0xbc .\CortexM3\ARM_GCC_541\Debug\CS301_Class.a(USBUART_pm.o)
 .debug_frame   0x00000cc4      0x224 .\CortexM3\ARM_GCC_541\Debug\CS301_Class.a(USBUART_std.o)
 .debug_frame   0x00000ee8       0x38 .\CortexM3\ARM_GCC_541\Debug\CS301_Class.a(USBUART_vnd.o)
 .debug_frame   0x00000f20       0xf4 .\CortexM3\ARM_GCC_541\Debug\CS301_Class.a(USBUART_Dp.o)
 .debug_frame   0x00001014      0xc0c .\CortexM3\ARM_GCC_541\Debug\CS301_Class.a(CyLib.o)
 .debug_frame   0x00001c20      0x234 .\CortexM3\ARM_GCC_541\Debug\CS301_Class.a(cyPm.o)
 .debug_frame   0x00001e54      0x1d0 .\CortexM3\ARM_GCC_541\Debug\CS301_Class.a(PWM_1.o)
 .debug_frame   0x00002024      0x1b4 .\CortexM3\ARM_GCC_541\Debug\CS301_Class.a(Clock_PWM.o)
 .debug_frame   0x000021d8      0x1d0 .\CortexM3\ARM_GCC_541\Debug\CS301_Class.a(PWM_2.o)
 .debug_frame   0x000023a8       0xa8 .\CortexM3\ARM_GCC_541\Debug\CS301_Class.a(LED.o)
 .debug_frame   0x00002450      0x160 .\CortexM3\ARM_GCC_541\Debug\CS301_Class.a(QuadDec_M1.o)
 .debug_frame   0x000025b0      0x160 .\CortexM3\ARM_GCC_541\Debug\CS301_Class.a(QuadDec_M2.o)
 .debug_frame   0x00002710      0x258 .\CortexM3\ARM_GCC_541\Debug\CS301_Class.a(QuadDec_M1_Cnt16.o)
 .debug_frame   0x00002968      0x258 .\CortexM3\ARM_GCC_541\Debug\CS301_Class.a(QuadDec_M2_Cnt16.o)
 .debug_frame   0x00002bc0       0x5c .\CortexM3\ARM_GCC_541\Debug\CS301_Class.a(RF_BT_SELECT.o)
 .debug_frame   0x00002c1c      0x208 .\CortexM3\ARM_GCC_541\Debug\CS301_Class.a(SpeedTimer.o)
 .debug_frame   0x00002e24      0x1b4 .\CortexM3\ARM_GCC_541\Debug\CS301_Class.a(SpeedClock.o)
 .debug_frame   0x00002fd8      0x208 .\CortexM3\ARM_GCC_541\Debug\CS301_Class.a(Timer_LED.o)
 .debug_frame   0x000031e0      0x1e8 .\CortexM3\ARM_GCC_541\Debug\CS301_Class.a(isr_Timer_LED.o)
 .debug_frame   0x000033c8      0x1e8 .\CortexM3\ARM_GCC_541\Debug\CS301_Class.a(S1_detected.o)
 .debug_frame   0x000035b0      0x1e8 .\CortexM3\ARM_GCC_541\Debug\CS301_Class.a(S2_detected.o)
 .debug_frame   0x00003798      0x1e8 .\CortexM3\ARM_GCC_541\Debug\CS301_Class.a(S3_detected.o)
 .debug_frame   0x00003980      0x1e8 .\CortexM3\ARM_GCC_541\Debug\CS301_Class.a(S4_detected.o)
 .debug_frame   0x00003b68      0x1e8 .\CortexM3\ARM_GCC_541\Debug\CS301_Class.a(S5_detected.o)
 .debug_frame   0x00003d50      0x1e8 .\CortexM3\ARM_GCC_541\Debug\CS301_Class.a(S6_detected.o)
 .debug_frame   0x00003f38      0x3ec .\CortexM3\ARM_GCC_541\Debug\CS301_Class.a(USBUART_cdc.o)
 .debug_frame   0x00004324       0x38 .\CortexM3\ARM_GCC_541\Debug\CS301_Class.a(USBUART_cls.o)
 .debug_frame   0x0000435c      0x238 .\CortexM3\ARM_GCC_541\Debug\CS301_Class.a(CyFlash.o)
 .debug_frame   0x00004594      0x228 .\CortexM3\ARM_GCC_541\Debug\CS301_Class.a(CySpc.o)
 .debug_frame   0x000047bc       0x20 c:/program files (x86)/cypress/psoc creator/4.2/psoc creator/import/gnu/arm/5.4.1/bin/../lib/gcc/arm-none-eabi/5.4.1/../../../../arm-none-eabi/lib/armv7-m\libg_nano.a(lib_a-errno.o)
 .debug_frame   0x000047dc       0x28 c:/program files (x86)/cypress/psoc creator/4.2/psoc creator/import/gnu/arm/5.4.1/bin/../lib/gcc/arm-none-eabi/5.4.1/../../../../arm-none-eabi/lib/armv7-m\libg_nano.a(lib_a-exit.o)
 .debug_frame   0x00004804       0x2c c:/program files (x86)/cypress/psoc creator/4.2/psoc creator/import/gnu/arm/5.4.1/bin/../lib/gcc/arm-none-eabi/5.4.1/../../../../arm-none-eabi/lib/armv7-m\libg_nano.a(lib_a-init.o)
 .debug_frame   0x00004830       0x28 c:/program files (x86)/cypress/psoc creator/4.2/psoc creator/import/gnu/arm/5.4.1/bin/../lib/gcc/arm-none-eabi/5.4.1/../../../../arm-none-eabi/lib/armv7-m\libg_nano.a(lib_a-memcpy-stub.o)
 .debug_frame   0x00004858       0x20 c:/program files (x86)/cypress/psoc creator/4.2/psoc creator/import/gnu/arm/5.4.1/bin/../lib/gcc/arm-none-eabi/5.4.1/../../../../arm-none-eabi/lib/armv7-m\libg_nano.a(lib_a-memset.o)

.debug_str      0x00000000     0x405b
 *(.debug_str)
 .debug_str     0x00000000      0x493 .\CortexM3\ARM_GCC_541\Debug\main.o
                                0x51d (size before relaxing)
 .debug_str     0x00000493       0x37 .\CortexM3\ARM_GCC_541\Debug\tacho.o
                                0x21a (size before relaxing)
 .debug_str     0x000004ca       0x12 .\CortexM3\ARM_GCC_541\Debug\initialise.o
                                0x1ef (size before relaxing)
 .debug_str     0x000004dc       0x62 .\CortexM3\ARM_GCC_541\Debug\pathfinding.o
                                0x18e (size before relaxing)
 .debug_str     0x0000053e       0xbd .\CortexM3\ARM_GCC_541\Debug\movement.o
                                0x2a1 (size before relaxing)
 .debug_str     0x000005fb      0x43f .\CortexM3\ARM_GCC_541\Debug\usbUART.o
                                0x62e (size before relaxing)
 .debug_str     0x00000a3a      0x191 .\CortexM3\ARM_GCC_541\Debug\cyfitter_cfg.o
                                0x381 (size before relaxing)
 .debug_str     0x00000bcb       0x7f .\CortexM3\ARM_GCC_541\Debug\cymetadata.o
                                0x227 (size before relaxing)
 .debug_str     0x00000c4a      0x118 .\CortexM3\ARM_GCC_541\Debug\Cm3Start.o
                                0x31a (size before relaxing)
 .debug_str     0x00000d62      0x30c .\CortexM3\ARM_GCC_541\Debug\CS301_Class.a(USBUART_drv.o)
                                0x63d (size before relaxing)
 .debug_str     0x0000106e       0x80 .\CortexM3\ARM_GCC_541\Debug\CS301_Class.a(USBUART_episr.o)
                                0x30a (size before relaxing)
 .debug_str     0x000010ee       0xac .\CortexM3\ARM_GCC_541\Debug\CS301_Class.a(USBUART_pm.o)
                                0x2ae (size before relaxing)
 .debug_str     0x0000119a      0x30b .\CortexM3\ARM_GCC_541\Debug\CS301_Class.a(USBUART_std.o)
                                0x79d (size before relaxing)
 .debug_str     0x000014a5       0x5f .\CortexM3\ARM_GCC_541\Debug\CS301_Class.a(USBUART_vnd.o)
                                0x2ba (size before relaxing)
 .debug_str     0x00001504       0xb5 .\CortexM3\ARM_GCC_541\Debug\CS301_Class.a(USBUART_Dp.o)
                                0x284 (size before relaxing)
 .debug_str     0x000015b9      0x7e9 .\CortexM3\ARM_GCC_541\Debug\CS301_Class.a(CyLib.o)
                                0xa2d (size before relaxing)
 .debug_str     0x00001da2      0x371 .\CortexM3\ARM_GCC_541\Debug\CS301_Class.a(cyPm.o)
                                0x586 (size before relaxing)
 .debug_str     0x00002113      0x133 .\CortexM3\ARM_GCC_541\Debug\CS301_Class.a(PWM_1.o)
                                0x310 (size before relaxing)
 .debug_str     0x00002246      0x17a .\CortexM3\ARM_GCC_541\Debug\CS301_Class.a(Clock_PWM.o)
                                0x349 (size before relaxing)
 .debug_str     0x000023c0      0x109 .\CortexM3\ARM_GCC_541\Debug\CS301_Class.a(PWM_2.o)
                                0x310 (size before relaxing)
 .debug_str     0x000024c9       0x51 .\CortexM3\ARM_GCC_541\Debug\CS301_Class.a(LED.o)
                                0x21b (size before relaxing)
 .debug_str     0x0000251a       0xfa .\CortexM3\ARM_GCC_541\Debug\CS301_Class.a(QuadDec_M1.o)
                                0x2f8 (size before relaxing)
 .debug_str     0x00002614       0xf3 .\CortexM3\ARM_GCC_541\Debug\CS301_Class.a(QuadDec_M2.o)
                                0x2f8 (size before relaxing)
 .debug_str     0x00002707      0x24d .\CortexM3\ARM_GCC_541\Debug\CS301_Class.a(QuadDec_M1_Cnt16.o)
                                0x43f (size before relaxing)
 .debug_str     0x00002954      0x236 .\CortexM3\ARM_GCC_541\Debug\CS301_Class.a(QuadDec_M2_Cnt16.o)
                                0x43f (size before relaxing)
 .debug_str     0x00002b8a       0x4b .\CortexM3\ARM_GCC_541\Debug\CS301_Class.a(RF_BT_SELECT.o)
                                0x207 (size before relaxing)
 .debug_str     0x00002bd5      0x18d .\CortexM3\ARM_GCC_541\Debug\CS301_Class.a(SpeedTimer.o)
                                0x388 (size before relaxing)
 .debug_str     0x00002d62      0x13b .\CortexM3\ARM_GCC_541\Debug\CS301_Class.a(SpeedClock.o)
                                0x355 (size before relaxing)
 .debug_str     0x00002e9d      0x141 .\CortexM3\ARM_GCC_541\Debug\CS301_Class.a(Timer_LED.o)
                                0x378 (size before relaxing)
 .debug_str     0x00002fde      0x156 .\CortexM3\ARM_GCC_541\Debug\CS301_Class.a(isr_Timer_LED.o)
                                0x359 (size before relaxing)
 .debug_str     0x00003134      0x13a .\CortexM3\ARM_GCC_541\Debug\CS301_Class.a(S1_detected.o)
                                0x33d (size before relaxing)
 .debug_str     0x0000326e      0x13a .\CortexM3\ARM_GCC_541\Debug\CS301_Class.a(S2_detected.o)
                                0x33d (size before relaxing)
 .debug_str     0x000033a8      0x13a .\CortexM3\ARM_GCC_541\Debug\CS301_Class.a(S3_detected.o)
                                0x33d (size before relaxing)
 .debug_str     0x000034e2      0x13a .\CortexM3\ARM_GCC_541\Debug\CS301_Class.a(S4_detected.o)
                                0x33d (size before relaxing)
 .debug_str     0x0000361c      0x13a .\CortexM3\ARM_GCC_541\Debug\CS301_Class.a(S5_detected.o)
                                0x33d (size before relaxing)
 .debug_str     0x00003756      0x13a .\CortexM3\ARM_GCC_541\Debug\CS301_Class.a(S6_detected.o)
                                0x33d (size before relaxing)
 .debug_str     0x00003890      0x40c .\CortexM3\ARM_GCC_541\Debug\CS301_Class.a(USBUART_cdc.o)
                                0x75d (size before relaxing)
 .debug_str     0x00003c9c       0x3f .\CortexM3\ARM_GCC_541\Debug\CS301_Class.a(USBUART_cls.o)
                                0x2d2 (size before relaxing)
 .debug_str     0x00003cdb      0x104 .\CortexM3\ARM_GCC_541\Debug\CS301_Class.a(USBUART_descr.o)
                                0x3d5 (size before relaxing)
 .debug_str     0x00003ddf      0x14f .\CortexM3\ARM_GCC_541\Debug\CS301_Class.a(CyFlash.o)
                                0x34a (size before relaxing)
 .debug_str     0x00003f2e      0x12d .\CortexM3\ARM_GCC_541\Debug\CS301_Class.a(CySpc.o)
                                0x344 (size before relaxing)

.debug_loc
 *(.debug_loc)

.debug_macinfo
 *(.debug_macinfo)

.debug_ranges   0x00000000     0x1020
 *(.debug_ranges)
 .debug_ranges  0x00000000       0x70 .\CortexM3\ARM_GCC_541\Debug\main.o
 .debug_ranges  0x00000070       0x18 .\CortexM3\ARM_GCC_541\Debug\tacho.o
 .debug_ranges  0x00000088       0x10 .\CortexM3\ARM_GCC_541\Debug\initialise.o
 .debug_ranges  0x00000098       0x40 .\CortexM3\ARM_GCC_541\Debug\movement.o
 .debug_ranges  0x000000d8       0xb8 .\CortexM3\ARM_GCC_541\Debug\usbUART.o
 .debug_ranges  0x00000190       0x50 .\CortexM3\ARM_GCC_541\Debug\cyfitter_cfg.o
 .debug_ranges  0x000001e0       0x38 .\CortexM3\ARM_GCC_541\Debug\Cm3Start.o
 .debug_ranges  0x00000218       0x88 .\CortexM3\ARM_GCC_541\Debug\CS301_Class.a(USBUART_drv.o)
 .debug_ranges  0x000002a0       0x30 .\CortexM3\ARM_GCC_541\Debug\CS301_Class.a(USBUART_episr.o)
 .debug_ranges  0x000002d0       0x30 .\CortexM3\ARM_GCC_541\Debug\CS301_Class.a(USBUART_pm.o)
 .debug_ranges  0x00000300       0x70 .\CortexM3\ARM_GCC_541\Debug\CS301_Class.a(USBUART_std.o)
 .debug_ranges  0x00000370       0x10 .\CortexM3\ARM_GCC_541\Debug\CS301_Class.a(USBUART_vnd.o)
 .debug_ranges  0x00000380       0x38 .\CortexM3\ARM_GCC_541\Debug\CS301_Class.a(USBUART_Dp.o)
 .debug_ranges  0x000003b8      0x290 .\CortexM3\ARM_GCC_541\Debug\CS301_Class.a(CyLib.o)
 .debug_ranges  0x00000648       0x88 .\CortexM3\ARM_GCC_541\Debug\CS301_Class.a(cyPm.o)
 .debug_ranges  0x000006d0       0x68 .\CortexM3\ARM_GCC_541\Debug\CS301_Class.a(PWM_1.o)
 .debug_ranges  0x00000738       0x60 .\CortexM3\ARM_GCC_541\Debug\CS301_Class.a(Clock_PWM.o)
 .debug_ranges  0x00000798       0x68 .\CortexM3\ARM_GCC_541\Debug\CS301_Class.a(PWM_2.o)
 .debug_ranges  0x00000800       0x28 .\CortexM3\ARM_GCC_541\Debug\CS301_Class.a(LED.o)
 .debug_ranges  0x00000828       0x50 .\CortexM3\ARM_GCC_541\Debug\CS301_Class.a(QuadDec_M1.o)
 .debug_ranges  0x00000878       0x50 .\CortexM3\ARM_GCC_541\Debug\CS301_Class.a(QuadDec_M2.o)
 .debug_ranges  0x000008c8       0x88 .\CortexM3\ARM_GCC_541\Debug\CS301_Class.a(QuadDec_M1_Cnt16.o)
 .debug_ranges  0x00000950       0x88 .\CortexM3\ARM_GCC_541\Debug\CS301_Class.a(QuadDec_M2_Cnt16.o)
 .debug_ranges  0x000009d8       0x18 .\CortexM3\ARM_GCC_541\Debug\CS301_Class.a(RF_BT_SELECT.o)
 .debug_ranges  0x000009f0       0x78 .\CortexM3\ARM_GCC_541\Debug\CS301_Class.a(SpeedTimer.o)
 .debug_ranges  0x00000a68       0x60 .\CortexM3\ARM_GCC_541\Debug\CS301_Class.a(SpeedClock.o)
 .debug_ranges  0x00000ac8       0x78 .\CortexM3\ARM_GCC_541\Debug\CS301_Class.a(Timer_LED.o)
 .debug_ranges  0x00000b40       0x70 .\CortexM3\ARM_GCC_541\Debug\CS301_Class.a(isr_Timer_LED.o)
 .debug_ranges  0x00000bb0       0x70 .\CortexM3\ARM_GCC_541\Debug\CS301_Class.a(S1_detected.o)
 .debug_ranges  0x00000c20       0x70 .\CortexM3\ARM_GCC_541\Debug\CS301_Class.a(S2_detected.o)
 .debug_ranges  0x00000c90       0x70 .\CortexM3\ARM_GCC_541\Debug\CS301_Class.a(S3_detected.o)
 .debug_ranges  0x00000d00       0x70 .\CortexM3\ARM_GCC_541\Debug\CS301_Class.a(S4_detected.o)
 .debug_ranges  0x00000d70       0x70 .\CortexM3\ARM_GCC_541\Debug\CS301_Class.a(S5_detected.o)
 .debug_ranges  0x00000de0       0x70 .\CortexM3\ARM_GCC_541\Debug\CS301_Class.a(S6_detected.o)
 .debug_ranges  0x00000e50       0xd8 .\CortexM3\ARM_GCC_541\Debug\CS301_Class.a(USBUART_cdc.o)
 .debug_ranges  0x00000f28       0x10 .\CortexM3\ARM_GCC_541\Debug\CS301_Class.a(USBUART_cls.o)
 .debug_ranges  0x00000f38       0x78 .\CortexM3\ARM_GCC_541\Debug\CS301_Class.a(CyFlash.o)
 .debug_ranges  0x00000fb0       0x70 .\CortexM3\ARM_GCC_541\Debug\CS301_Class.a(CySpc.o)

.comment        0x00000000       0x6e
 .comment       0x00000000       0x6e .\CortexM3\ARM_GCC_541\Debug\main.o
                                 0x6f (size before relaxing)
 .comment       0x0000006e       0x6f .\CortexM3\ARM_GCC_541\Debug\tacho.o
 .comment       0x0000006e       0x6f .\CortexM3\ARM_GCC_541\Debug\initialise.o
 .comment       0x0000006e       0x6f .\CortexM3\ARM_GCC_541\Debug\pathfinding.o
 .comment       0x0000006e       0x6f .\CortexM3\ARM_GCC_541\Debug\movement.o
 .comment       0x0000006e       0x6f .\CortexM3\ARM_GCC_541\Debug\usbUART.o
 .comment       0x0000006e       0x6f .\CortexM3\ARM_GCC_541\Debug\cyfitter_cfg.o
 .comment       0x0000006e       0x6f .\CortexM3\ARM_GCC_541\Debug\cymetadata.o
 .comment       0x0000006e       0x6f .\CortexM3\ARM_GCC_541\Debug\Cm3Start.o
 .comment       0x0000006e       0x6f .\CortexM3\ARM_GCC_541\Debug\CS301_Class.a(USBUART_drv.o)
 .comment       0x0000006e       0x6f .\CortexM3\ARM_GCC_541\Debug\CS301_Class.a(USBUART_episr.o)
 .comment       0x0000006e       0x6f .\CortexM3\ARM_GCC_541\Debug\CS301_Class.a(USBUART_pm.o)
 .comment       0x0000006e       0x6f .\CortexM3\ARM_GCC_541\Debug\CS301_Class.a(USBUART_std.o)
 .comment       0x0000006e       0x6f .\CortexM3\ARM_GCC_541\Debug\CS301_Class.a(USBUART_vnd.o)
 .comment       0x0000006e       0x6f .\CortexM3\ARM_GCC_541\Debug\CS301_Class.a(USBUART_Dp.o)
 .comment       0x0000006e       0x6f .\CortexM3\ARM_GCC_541\Debug\CS301_Class.a(CyLib.o)
 .comment       0x0000006e       0x6f .\CortexM3\ARM_GCC_541\Debug\CS301_Class.a(cyPm.o)
 .comment       0x0000006e       0x6f .\CortexM3\ARM_GCC_541\Debug\CS301_Class.a(PWM_1.o)
 .comment       0x0000006e       0x6f .\CortexM3\ARM_GCC_541\Debug\CS301_Class.a(Clock_PWM.o)
 .comment       0x0000006e       0x6f .\CortexM3\ARM_GCC_541\Debug\CS301_Class.a(PWM_2.o)
 .comment       0x0000006e       0x6f .\CortexM3\ARM_GCC_541\Debug\CS301_Class.a(LED.o)
 .comment       0x0000006e       0x6f .\CortexM3\ARM_GCC_541\Debug\CS301_Class.a(QuadDec_M1.o)
 .comment       0x0000006e       0x6f .\CortexM3\ARM_GCC_541\Debug\CS301_Class.a(QuadDec_M2.o)
 .comment       0x0000006e       0x6f .\CortexM3\ARM_GCC_541\Debug\CS301_Class.a(QuadDec_M1_Cnt16.o)
 .comment       0x0000006e       0x6f .\CortexM3\ARM_GCC_541\Debug\CS301_Class.a(QuadDec_M2_Cnt16.o)
 .comment       0x0000006e       0x6f .\CortexM3\ARM_GCC_541\Debug\CS301_Class.a(RF_BT_SELECT.o)
 .comment       0x0000006e       0x6f .\CortexM3\ARM_GCC_541\Debug\CS301_Class.a(SpeedTimer.o)
 .comment       0x0000006e       0x6f .\CortexM3\ARM_GCC_541\Debug\CS301_Class.a(SpeedClock.o)
 .comment       0x0000006e       0x6f .\CortexM3\ARM_GCC_541\Debug\CS301_Class.a(Timer_LED.o)
 .comment       0x0000006e       0x6f .\CortexM3\ARM_GCC_541\Debug\CS301_Class.a(isr_Timer_LED.o)
 .comment       0x0000006e       0x6f .\CortexM3\ARM_GCC_541\Debug\CS301_Class.a(S1_detected.o)
 .comment       0x0000006e       0x6f .\CortexM3\ARM_GCC_541\Debug\CS301_Class.a(S2_detected.o)
 .comment       0x0000006e       0x6f .\CortexM3\ARM_GCC_541\Debug\CS301_Class.a(S3_detected.o)
 .comment       0x0000006e       0x6f .\CortexM3\ARM_GCC_541\Debug\CS301_Class.a(S4_detected.o)
 .comment       0x0000006e       0x6f .\CortexM3\ARM_GCC_541\Debug\CS301_Class.a(S5_detected.o)
 .comment       0x0000006e       0x6f .\CortexM3\ARM_GCC_541\Debug\CS301_Class.a(S6_detected.o)
 .comment       0x0000006e       0x6f .\CortexM3\ARM_GCC_541\Debug\CS301_Class.a(USBUART_cdc.o)
 .comment       0x0000006e       0x6f .\CortexM3\ARM_GCC_541\Debug\CS301_Class.a(USBUART_cls.o)
 .comment       0x0000006e       0x6f .\CortexM3\ARM_GCC_541\Debug\CS301_Class.a(USBUART_descr.o)
 .comment       0x0000006e       0x6f .\CortexM3\ARM_GCC_541\Debug\CS301_Class.a(CyFlash.o)
 .comment       0x0000006e       0x6f .\CortexM3\ARM_GCC_541\Debug\CS301_Class.a(CySpc.o)

.debug_weaknames
 *(.debug_weaknames)

.debug_funcnames
 *(.debug_funcnames)

.debug_typenames
 *(.debug_typenames)

.debug_varnames
 *(.debug_varnames)

.note.gnu.arm.ident
 *(.note.gnu.arm.ident)

.ARM.attributes
                0x00000000       0x29
 *(.ARM.attributes)
 .ARM.attributes
                0x00000000       0x1d c:/program files (x86)/cypress/psoc creator/4.2/psoc creator/import/gnu/arm/5.4.1/bin/../lib/gcc/arm-none-eabi/5.4.1/armv7-m/crti.o
 .ARM.attributes
                0x0000001d       0x2d c:/program files (x86)/cypress/psoc creator/4.2/psoc creator/import/gnu/arm/5.4.1/bin/../lib/gcc/arm-none-eabi/5.4.1/armv7-m/crtbegin.o
 .ARM.attributes
                0x0000004a       0x1b c:/program files (x86)/cypress/psoc creator/4.2/psoc creator/import/gnu/arm/5.4.1/bin/../lib/gcc/arm-none-eabi/5.4.1/../../../../arm-none-eabi/lib/armv7-m/crt0.o
 .ARM.attributes
                0x00000065       0x33 .\CortexM3\ARM_GCC_541\Debug\main.o
 .ARM.attributes
                0x00000098       0x33 .\CortexM3\ARM_GCC_541\Debug\tacho.o
 .ARM.attributes
                0x000000cb       0x33 .\CortexM3\ARM_GCC_541\Debug\initialise.o
 .ARM.attributes
                0x000000fe       0x33 .\CortexM3\ARM_GCC_541\Debug\pathfinding.o
 .ARM.attributes
                0x00000131       0x33 .\CortexM3\ARM_GCC_541\Debug\movement.o
 .ARM.attributes
                0x00000164       0x33 .\CortexM3\ARM_GCC_541\Debug\usbUART.o
 .ARM.attributes
                0x00000197       0x33 .\CortexM3\ARM_GCC_541\Debug\cyfitter_cfg.o
 .ARM.attributes
                0x000001ca       0x33 .\CortexM3\ARM_GCC_541\Debug\cymetadata.o
 .ARM.attributes
                0x000001fd       0x33 .\CortexM3\ARM_GCC_541\Debug\Cm3Start.o
 .ARM.attributes