Archive member included to satisfy reference by file (symbol)

.\CortexM3\ARM_GCC_541\Debug\CS301_Class.a(USBUART_drv.o)
                              .\CortexM3\ARM_GCC_541\Debug\usbUART.o (USBUART_EP)
.\CortexM3\ARM_GCC_541\Debug\CS301_Class.a(USBUART_episr.o)
                              .\CortexM3\ARM_GCC_541\Debug\usbUART.o (USBUART_EP_1_ISR)
.\CortexM3\ARM_GCC_541\Debug\CS301_Class.a(USBUART_pm.o)
                              .\CortexM3\ARM_GCC_541\Debug\usbUART.o (USBUART_DP_ISR)
.\CortexM3\ARM_GCC_541\Debug\CS301_Class.a(USBUART_std.o)
                              .\CortexM3\ARM_GCC_541\Debug\CS301_Class.a(USBUART_drv.o) (USBUART_HandleStandardRqst)
.\CortexM3\ARM_GCC_541\Debug\CS301_Class.a(USBUART_vnd.o)
                              .\CortexM3\ARM_GCC_541\Debug\CS301_Class.a(USBUART_drv.o) (USBUART_HandleVendorRqst)
.\CortexM3\ARM_GCC_541\Debug\CS301_Class.a(USBUART_Dp.o)
                              .\CortexM3\ARM_GCC_541\Debug\usbUART.o (USBUART_Dp_ClearInterrupt)
.\CortexM3\ARM_GCC_541\Debug\CS301_Class.a(CyLib.o)
                              .\CortexM3\ARM_GCC_541\Debug\Cm3Start.o (CyResetStatus)
.\CortexM3\ARM_GCC_541\Debug\CS301_Class.a(cyPm.o)
                              .\CortexM3\ARM_GCC_541\Debug\CS301_Class.a(CyLib.o) (CyPmReadStatus)
.\CortexM3\ARM_GCC_541\Debug\CS301_Class.a(PWM_1.o)
                              .\CortexM3\ARM_GCC_541\Debug\initialise.o (PWM_1_Start)
.\CortexM3\ARM_GCC_541\Debug\CS301_Class.a(Clock_PWM.o)
                              .\CortexM3\ARM_GCC_541\Debug\initialise.o (Clock_PWM_Start)
.\CortexM3\ARM_GCC_541\Debug\CS301_Class.a(PWM_2.o)
                              .\CortexM3\ARM_GCC_541\Debug\initialise.o (PWM_2_Start)
.\CortexM3\ARM_GCC_541\Debug\CS301_Class.a(QuadDec_M1.o)
                              .\CortexM3\ARM_GCC_541\Debug\initialise.o (QuadDec_M1_Start)
.\CortexM3\ARM_GCC_541\Debug\CS301_Class.a(QuadDec_M2.o)
                              .\CortexM3\ARM_GCC_541\Debug\main.o (QuadDec_M2_Start)
.\CortexM3\ARM_GCC_541\Debug\CS301_Class.a(QuadDec_M1_Cnt16.o)
                              .\CortexM3\ARM_GCC_541\Debug\CS301_Class.a(QuadDec_M1.o) (QuadDec_M1_Cnt16_WriteCounter)
.\CortexM3\ARM_GCC_541\Debug\CS301_Class.a(QuadDec_M2_Cnt16.o)
                              .\CortexM3\ARM_GCC_541\Debug\CS301_Class.a(QuadDec_M2.o) (QuadDec_M2_Cnt16_WriteCounter)
.\CortexM3\ARM_GCC_541\Debug\CS301_Class.a(RF_BT_SELECT.o)
                              .\CortexM3\ARM_GCC_541\Debug\main.o (RF_BT_SELECT_Write)
.\CortexM3\ARM_GCC_541\Debug\CS301_Class.a(SpeedTimer.o)
                              .\CortexM3\ARM_GCC_541\Debug\initialise.o (SpeedTimer_Start)
.\CortexM3\ARM_GCC_541\Debug\CS301_Class.a(isr_speed.o)
                              .\CortexM3\ARM_GCC_541\Debug\main.o (isr_speed_StartEx)
.\CortexM3\ARM_GCC_541\Debug\CS301_Class.a(SpeedClock.o)
                              .\CortexM3\ARM_GCC_541\Debug\initialise.o (SpeedClock_Start)
.\CortexM3\ARM_GCC_541\Debug\CS301_Class.a(Timer_LED.o)
                              .\CortexM3\ARM_GCC_541\Debug\main.o (Timer_LED_Start)
.\CortexM3\ARM_GCC_541\Debug\CS301_Class.a(isr_Timer_LED.o)
                              .\CortexM3\ARM_GCC_541\Debug\main.o (isr_Timer_LED_StartEx)
.\CortexM3\ARM_GCC_541\Debug\CS301_Class.a(S3_detected.o)
                              .\CortexM3\ARM_GCC_541\Debug\main.o (S3_detected_StartEx)
.\CortexM3\ARM_GCC_541\Debug\CS301_Class.a(S4_detected.o)
                              .\CortexM3\ARM_GCC_541\Debug\main.o (S4_detected_StartEx)
.\CortexM3\ARM_GCC_541\Debug\CS301_Class.a(S5_detected.o)
                              .\CortexM3\ARM_GCC_541\Debug\main.o (S5_detected_StartEx)
.\CortexM3\ARM_GCC_541\Debug\CS301_Class.a(S6_detected.o)
                              .\CortexM3\ARM_GCC_541\Debug\main.o (S6_detected_StartEx)
.\CortexM3\ARM_GCC_541\Debug\CS301_Class.a(CyBootAsmGnu.o)
                              .\CortexM3\ARM_GCC_541\Debug\usbUART.o (CyDelayCycles)
.\CortexM3\ARM_GCC_541\Debug\CS301_Class.a(USBUART_cdc.o)
                              .\CortexM3\ARM_GCC_541\Debug\CS301_Class.a(USBUART_std.o) (USBUART_Cdc_EpInit)
.\CortexM3\ARM_GCC_541\Debug\CS301_Class.a(USBUART_cls.o)
                              .\CortexM3\ARM_GCC_541\Debug\CS301_Class.a(USBUART_drv.o) (USBUART_DispatchClassRqst)
.\CortexM3\ARM_GCC_541\Debug\CS301_Class.a(USBUART_descr.o)
                              .\CortexM3\ARM_GCC_541\Debug\CS301_Class.a(USBUART_std.o) (USBUART_DEVICE0_DESCR)
.\CortexM3\ARM_GCC_541\Debug\CS301_Class.a(CyFlash.o)
                              .\CortexM3\ARM_GCC_541\Debug\CS301_Class.a(cyPm.o) (CyFlash_SetWaitCycles)
.\CortexM3\ARM_GCC_541\Debug\CS301_Class.a(CySpc.o)
                              .\CortexM3\ARM_GCC_541\Debug\CS301_Class.a(CyFlash.o) (CySpcStart)
c:/program files (x86)/cypress/psoc creator/4.2/psoc creator/import/gnu/arm/5.4.1/bin/../lib/gcc/arm-none-eabi/5.4.1/armv7-m\libgcc.a(_arm_addsubdf3.o)
[...]
Memory Configuration

Name             Origin             Length             Attributes
rom              0x00000000         0x00040000         xr
ram              0x1fff8000         0x00010000         xrw
*default*        0x00000000         0xffffffff

Linker script and memory map

LOAD c:/program files (x86)/cypress/psoc creator/4.2/psoc creator/import/gnu/arm/5.4.1/bin/../lib/gcc/arm-none-eabi/5.4.1/armv7-m/crti.o
LOAD c:/program files (x86)/cypress/psoc creator/4.2/psoc creator/import/gnu/arm/5.4.1/bin/../lib/gcc/arm-none-eabi/5.4.1/armv7-m/crtbegin.o
LOAD c:/program files (x86)/cypress/psoc creator/4.2/psoc creator/import/gnu/arm/5.4.1/bin/../lib/gcc/arm-none-eabi/5.4.1/../../../../arm-none-eabi/lib/armv7-m/crt0.o
START GROUP
LOAD .\CortexM3\ARM_GCC_541\Debug\main.o
LOAD .\CortexM3\ARM_GCC_541\Debug\tacho.o
LOAD .\CortexM3\ARM_GCC_541\Debug\initialise.o
LOAD .\CortexM3\ARM_GCC_541\Debug\pathfinding.o
LOAD .\CortexM3\ARM_GCC_541\Debug\movement.o
LOAD .\CortexM3\ARM_GCC_541\Debug\usbUART.o
LOAD .\CortexM3\ARM_GCC_541\Debug\cyfitter_cfg.o
LOAD .\CortexM3\ARM_GCC_541\Debug\cymetadata.o
LOAD .\CortexM3\ARM_GCC_541\Debug\Cm3Start.o
LOAD .\CortexM3\ARM_GCC_541\Debug\CS301_Class.a
LOAD C:\Program Files (x86)\Cypress\PSoC Creator\4.2\PSoC Creator\psoc\content\cycomponentlibrary\CyComponentLibrary.cylib\CortexM3\ARM_GCC_541\Debug\CyComponentLibrary.a
END GROUP
START GROUP
LOAD c:/program files (x86)/cypress/psoc creator/4.2/psoc creator/import/gnu/arm/5.4.1/bin/../lib/gcc/arm-none-eabi/5.4.1/armv7-m\libgcc.a
LOAD c:/program files (x86)/cypress/psoc creator/4.2/psoc creator/import/gnu/arm/5.4.1/bin/../lib/gcc/arm-none-eabi/5.4.1/../../../../arm-none-eabi/lib/armv7-m\libg_nano.a
LOAD c:/program files (x86)/cypress/psoc creator/4.2/psoc creator/import/gnu/arm/5.4.1/bin/../lib/gcc/arm-none-eabi/5.4.1/../../../../arm-none-eabi/lib/armv7-m\libc_nano.a
END GROUP
START GROUP
LOAD c:/program files (x86)/cypress/psoc creator/4.2/psoc creator/import/gnu/arm/5.4.1/bin/../lib/gcc/arm-none-eabi/5.4.1/armv7-m\libgcc.a
LOAD c:/program files (x86)/cypress/psoc creator/4.2/psoc creator/import/gnu/arm/5.4.1/bin/../lib/gcc/arm-none-eabi/5.4.1/../../../../arm-none-eabi/lib/armv7-m\libc_nano.a
END GROUP
LOAD c:/program files (x86)/cypress/psoc creator/4.2/psoc creator/import/gnu/arm/5.4.1/bin/../lib/gcc/arm-none-eabi/5.4.1/armv7-m/crtend.o
LOAD c:/program files (x86)/cypress/psoc creator/4.2/psoc creator/import/gnu/arm/5.4.1/bin/../lib/gcc/arm-none-eabi/5.4.1/armv7-m/crtn.o
START GROUP
LOAD c:/program files (x86)/cypress/psoc creator/4.2/psoc creator/import/gnu/arm/5.4.1/bin/../lib/gcc/arm-none-eabi/5.4.1/armv7-m\libgcc.a
LOAD c:/program files (x86)/cypress/psoc creator/4.2/psoc creator/import/gnu/arm/5.4.1/bin/../lib/gcc/arm-none-eabi/5.4.1/../../../../arm-none-eabi/lib/armv7-m\libc.a
LOAD c:/program files (x86)/cypress/psoc creator/4.2/psoc creator/import/gnu/arm/5.4.1/bin/../lib/gcc/arm-none-eabi/5.4.1/../../../../arm-none-eabi/lib/armv7-m\libnosys.a
END GROUP
                0x00000000                CY_APPL_ORIGIN = 0x0
                0x00000100                CY_FLASH_ROW_SIZE = 0x100
                0x00000020                CY_ECC_ROW_SIZE = 0x20
                0x00000000                CY_EE_IN_BTLDR = 0x0
                0x00000000                CY_APPL_LOADABLE = 0x0
                0x00000800                CY_EE_SIZE = 0x800
                0x00000001                CY_APPL_NUM = 0x1
                0x00000001                CY_APPL_MAX = 0x1
                0x00000040                CY_METADATA_SIZE = 0x40
                0x00000000                CY_APPL_LOADABLE = 0x0
                0x00000000                CY_CHECKSUM_EXCLUDE_SIZE = ALIGN (0x0, CY_FLASH_ROW_SIZE)
                [!provide]                PROVIDE (__cy_heap_start, _end)
                0x00000001                PROVIDE (__cy_region_num, ((__cy_regions_end - __cy_regions) / 0x10))
                0x20008000                PROVIDE (__cy_stack, (ORIGIN (ram) + LENGTH (ram)))
                [!provide]                PROVIDE (__cy_heap_end, (__cy_stack - 0x800))

.cybootloader   0x00000000        0x0
 *(.cybootloader)
                0x00000000                appl1_start = CY_APPL_ORIGIN?CY_APPL_ORIGIN:ALIGN (CY_FLASH_ROW_SIZE)
                0x0001ff00                appl2_start = (appl1_start + ALIGN ((((LENGTH (rom) - appl1_start) - (0x2 * CY_FLASH_ROW_SIZE)) / 0x2), CY_FLASH_ROW_SIZE))
                0x00000000                appl_start = (CY_APPL_NUM == 0x1)?appl1_start:appl2_start
                0x00000000                ecc_offset = ((appl_start / CY_FLASH_ROW_SIZE) * CY_ECC_ROW_SIZE)
                0x00000000                ee_offset = (CY_APPL_LOADABLE && ! (CY_EE_IN_BTLDR))?((CY_EE_SIZE / CY_APPL_MAX) * (CY_APPL_NUM - 0x1)):0x0
                0x00000800                ee_size = (CY_APPL_LOADABLE && ! (CY_EE_IN_BTLDR))?(CY_EE_SIZE / CY_APPL_MAX):CY_EE_SIZE
                [!provide]                PROVIDE (CY_ECC_OFFSET, ecc_offset)

.text           0x00000000     0x7230
 CREATE_OBJECT_SYMBOLS
                0x00000000                PROVIDE (__cy_interrupt_vector, RomVectors)
 *(.romvectors)
 .romvectors    0x00000000       0x10 .\CortexM3\ARM_GCC_541\Debug\Cm3Start.o
                0x00000000                RomVectors
                0x00000001                ASSERT ((. != __cy_interrupt_vector), No interrupt vector)
                0x00000001                ASSERT (CY_APPL_ORIGIN?(SIZEOF (.cybootloader) <= CY_APPL_ORIGIN):0x1, Wrong image location)
                0x00000010                PROVIDE (__cy_reset, Reset)
 *(.text.Reset)
 .text.Reset    0x00000010       0x18 .\CortexM3\ARM_GCC_541\Debug\Cm3Start.o
                0x00000010                Reset
                0x00000001                ASSERT ((. != __cy_reset), No reset code)
 *(.dma_init)
                0x00000001                ASSERT ((((appl_start + .) <= 0x10000) || 0x1), DMA Init must be within the first 64k of flash)
 *(.text .text.* .gnu.linkonce.t.*)
 .text          0x00000028       0x5c c:/program files (x86)/cypress/psoc creator/4.2/psoc creator/import/gnu/arm/5.4.1/bin/../lib/gcc/arm-none-eabi/5.4.1/armv7-m/crtbegin.o
 *fill*         0x00000084        0x4 
 .text.speedTimer
                0x00000088       0xf4 .\CortexM3\ARM_GCC_541\Debug\main.o
                0x00000088                speedTimer
 .text.S3_DETECTED
                0x0000017c       0x18 .\CortexM3\ARM_GCC_541\Debug\main.o
                0x0000017c                S3_DETECTED
 .text.S4_DETECTED
                0x00000194       0x18 .\CortexM3\ARM_GCC_541\Debug\main.o
                0x00000194                S4_DETECTED
 .text.S5_DETECTED
                0x000001ac       0x18 .\CortexM3\ARM_GCC_541\Debug\main.o
                0x000001ac                S5_DETECTED
 .text.S6_DETECTED
                0x000001c4       0x18 .\CortexM3\ARM_GCC_541\Debug\main.o
                0x000001c4                S6_DETECTED
 .text.TIMER_FINISH
                0x000001dc       0x38 .\CortexM3\ARM_GCC_541\Debug\main.o
                0x000001dc                TIMER_FINISH
 .text.main     0x00000214       0x9c .\CortexM3\ARM_GCC_541\Debug\main.o
                0x00000214                main
 .text.quadCountToRPM
                0x000002b0       0x54 .\CortexM3\ARM_GCC_541\Debug\main.o
                0x000002b0                quadCountToRPM
 .text.ResetSensorFlags
                0x00000304       0x34 .\CortexM3\ARM_GCC_541\Debug\main.o
                0x00000304                ResetSensorFlags
 .text.GetNextStep
                0x00000338      0x498 .\CortexM3\ARM_GCC_541\Debug\main.o
                0x00000338                GetNextStep
 .text.CheckSensorDirection
                0x000007d0      0x318 .\CortexM3\ARM_GCC_541\Debug\main.o
                0x000007d0                CheckSensorDirection
 .text.SetRobotMovement
                0x00000ae8       0x98 .\CortexM3\ARM_GCC_541\Debug\main.o
                0x00000ae8                SetRobotMovement
 .text.init     0x00000b80       0x34 .\CortexM3\ARM_GCC_541\Debug\initialise.o
                0x00000b80                init
 .text.clearMap
                0x00000bb4       0x60 .\CortexM3\ARM_GCC_541\Debug\pathfinding.o
                0x00000bb4                clearMap
 .text.isValidMove
                0x00000c14       0x58 .\CortexM3\ARM_GCC_541\Debug\pathfinding.o
                0x00000c14                isValidMove
 .text.dijkstra
                0x00000c6c      0x94c .\CortexM3\ARM_GCC_541\Debug\pathfinding.o
                0x00000c6c                dijkstra
 .text.getPathInstructions
                0x000015b8      0x3c8 .\CortexM3\ARM_GCC_541\Debug\pathfinding.o
                0x000015b8                getPathInstructions
 .text.processInstructionList
                0x00001980       0x8c .\CortexM3\ARM_GCC_541\Debug\pathfinding.o
                0x00001980                processInstructionList
 .text.checkPathDirection
                0x00001a0c      0x10c .\CortexM3\ARM_GCC_541\Debug\pathfinding.o
                0x00001a0c                checkPathDirection
 .text.checkIgnoreTurn
                0x00001b18      0x124 .\CortexM3\ARM_GCC_541\Debug\pathfinding.o
                0x00001b18                checkIgnoreTurn
 .text.getTargetOrientation
                0x00001c3c       0x9c .\CortexM3\ARM_GCC_541\Debug\pathfinding.o
                0x00001c3c                getTargetOrientation
 .text.findPath
                0x00001cd8       0x58 .\CortexM3\ARM_GCC_541\Debug\pathfinding.o
                0x00001cd8                findPath
 .text.stopMoving
                0x00001d30       0x18 .\CortexM3\ARM_GCC_541\Debug\movement.o
                0x00001d30                stopMoving
 .text.adjustRight
                0x00001d48       0xb4 .\CortexM3\ARM_GCC_541\Debug\movement.o
                0x00001d48                adjustRight
 *fill*         0x00001dfc        0x4 
 .text.adjustLeft
                0x00001e00       0xb4 .\CortexM3\ARM_GCC_541\Debug\movement.o
                0x00001e00                adjustLeft
 .text.turnLeft
                0x00001eb4       0x2c .\CortexM3\ARM_GCC_541\Debug\movement.o
                0x00001eb4                turnLeft
 .text.turnRight
                0x00001ee0       0x2c .\CortexM3\ARM_GCC_541\Debug\movement.o
                0x00001ee0                turnRight
 *fill*         0x00001f0c        0x4 
 .text.moveForward
                0x00001f10       0xdc .\CortexM3\ARM_GCC_541\Debug\movement.o
                0x00001f10                moveForward
 .text.moveBackward
                0x00001fec       0x18 .\CortexM3\ARM_GCC_541\Debug\movement.o
                0x00001fec                moveBackward
 .text.USBUART_Start
                0x00002004       0x3c .\CortexM3\ARM_GCC_541\Debug\usbUART.o
                0x00002004                USBUART_Start
 .text.USBUART_Init
                0x00002040      0x1a4 .\CortexM3\ARM_GCC_541\Debug\usbUART.o
                0x00002040                USBUART_Init
 .text.USBUART_InitComponent
                0x000021e4      0x100 .\CortexM3\ARM_GCC_541\Debug\usbUART.o
                0x000021e4                USBUART_InitComponent
 .text.USBUART_ReInitComponent
                0x000022e4       0x68 .\CortexM3\ARM_GCC_541\Debug\usbUART.o
                0x000022e4                USBUART_ReInitComponent
 .text.CYMEMZERO
                0x0000234c       0x1c .\CortexM3\ARM_GCC_541\Debug\cyfitter_cfg.o
 .text.CYCONFIGCPY
                0x00002368       0x20 .\CortexM3\ARM_GCC_541\Debug\cyfitter_cfg.o
 .text.CyClockStartupError
                0x00002388        0xc .\CortexM3\ARM_GCC_541\Debug\cyfitter_cfg.o
 .text.cfg_write_bytes32
                0x00002394       0x74 .\CortexM3\ARM_GCC_541\Debug\cyfitter_cfg.o
 .text.ClockSetup
                0x00002408      0x158 .\CortexM3\ARM_GCC_541\Debug\cyfitter_cfg.o
 .text.AnalogSetDefault
                0x00002560       0x44 .\CortexM3\ARM_GCC_541\Debug\cyfitter_cfg.o
 .text.cyfitter_cfg
                0x000025a4      0x160 .\CortexM3\ARM_GCC_541\Debug\cyfitter_cfg.o
                0x000025a4                cyfitter_cfg
 .text.IntDefaultHandler
                0x00002704       0x14 .\CortexM3\ARM_GCC_541\Debug\Cm3Start.o
                0x00002704                IntDefaultHandler
 .text._sbrk    0x00002718       0x50 .\CortexM3\ARM_GCC_541\Debug\Cm3Start.o
                0x00002718                _sbrk
 .text.Start_c  0x00002768       0x98 .\CortexM3\ARM_GCC_541\Debug\Cm3Start.o
                0x00002768                Start_c
 .text.initialize_psoc
                0x00002800       0x90 .\CortexM3\ARM_GCC_541\Debug\Cm3Start.o
                0x00002800                initialize_psoc
 .text.USBUART_EP_0_ISR
                0x00002890       0xf8 .\CortexM3\ARM_GCC_541\Debug\CS301_Class.a(USBUART_drv.o)
                0x00002890                USBUART_EP_0_ISR
 .text.USBUART_HandleSetup
                0x00002988       0x88 .\CortexM3\ARM_GCC_541\Debug\CS301_Class.a(USBUART_drv.o)
                0x00002988                USBUART_HandleSetup
 .text.USBUART_HandleIN
                0x00002a10       0x4c .\CortexM3\ARM_GCC_541\Debug\CS301_Class.a(USBUART_drv.o)
                0x00002a10                USBUART_HandleIN
 .text.USBUART_HandleOUT
                0x00002a5c       0x58 .\CortexM3\ARM_GCC_541\Debug\CS301_Class.a(USBUART_drv.o)
                0x00002a5c                USBUART_HandleOUT
 .text.USBUART_LoadEP0
                0x00002ab4       0xd0 .\CortexM3\ARM_GCC_541\Debug\CS301_Class.a(USBUART_drv.o)
                0x00002ab4                USBUART_LoadEP0
 .text.USBUART_InitControlRead
                0x00002b84       0x70 .\CortexM3\ARM_GCC_541\Debug\CS301_Class.a(USBUART_drv.o)
                0x00002b84                USBUART_InitControlRead
 .text.USBUART_InitZeroLengthControlTransfer
                0x00002bf4       0x40 .\CortexM3\ARM_GCC_541\Debug\CS301_Class.a(USBUART_drv.o)
                0x00002bf4                USBUART_InitZeroLengthControlTransfer
 .text.USBUART_ControlReadDataStage
                0x00002c34        0xc .\CortexM3\ARM_GCC_541\Debug\CS301_Class.a(USBUART_drv.o)
                0x00002c34                USBUART_ControlReadDataStage
 .text.USBUART_ControlReadStatusStage
                0x00002c40       0x40 .\CortexM3\ARM_GCC_541\Debug\CS301_Class.a(USBUART_drv.o)
                0x00002c40                USBUART_ControlReadStatusStage
 .text.USBUART_InitControlWrite
                0x00002c80       0x64 .\CortexM3\ARM_GCC_541\Debug\CS301_Class.a(USBUART_drv.o)
                0x00002c80                USBUART_InitControlWrite
 .text.USBUART_ControlWriteDataStage
                0x00002ce4       0xb4 .\CortexM3\ARM_GCC_541\Debug\CS301_Class.a(USBUART_drv.o)
                0x00002ce4                USBUART_ControlWriteDataStage
 .text.USBUART_ControlWriteStatusStage
                0x00002d98       0x24 .\CortexM3\ARM_GCC_541\Debug\CS301_Class.a(USBUART_drv.o)
                0x00002d98                USBUART_ControlWriteStatusStage
 .text.USBUART_InitNoDataControlTransfer
                0x00002dbc       0x38 .\CortexM3\ARM_GCC_541\Debug\CS301_Class.a(USBUART_drv.o)
                0x00002dbc                USBUART_InitNoDataControlTransfer
 .text.USBUART_NoDataControlStatusStage
                0x00002df4       0x4c .\CortexM3\ARM_GCC_541\Debug\CS301_Class.a(USBUART_drv.o)
                0x00002df4                USBUART_NoDataControlStatusStage
 .text.USBUART_UpdateStatusBlock
                0x00002e40       0x40 .\CortexM3\ARM_GCC_541\Debug\CS301_Class.a(USBUART_drv.o)
                0x00002e40                USBUART_UpdateStatusBlock
 .text.USBUART_InitializeStatusBlock
                0x00002e80       0x34 .\CortexM3\ARM_GCC_541\Debug\CS301_Class.a(USBUART_drv.o)
                0x00002e80                USBUART_InitializeStatusBlock
 .text.USBUART_EP_1_ISR
                0x00002eb4       0x48 .\CortexM3\ARM_GCC_541\Debug\CS301_Class.a(USBUART_episr.o)
                0x00002eb4                USBUART_EP_1_ISR
 .text.USBUART_EP_2_ISR
                0x00002efc       0x4c .\CortexM3\ARM_GCC_541\Debug\CS301_Class.a(USBUART_episr.o)
                0x00002efc                USBUART_EP_2_ISR
 .text.USBUART_EP_3_ISR
                0x00002f48       0x54 .\CortexM3\ARM_GCC_541\Debug\CS301_Class.a(USBUART_episr.o)
                0x00002f48                USBUART_EP_3_ISR
 .text.USBUART_SOF_ISR
                0x00002f9c        0xc .\CortexM3\ARM_GCC_541\Debug\CS301_Class.a(USBUART_episr.o)
                0x00002f9c                USBUART_SOF_ISR
 .text.USBUART_BUS_RESET_ISR
                0x00002fa8        0xc .\CortexM3\ARM_GCC_541\Debug\CS301_Class.a(USBUART_episr.o)
                0x00002fa8                USBUART_BUS_RESET_ISR
 .text.USBUART_DP_ISR
                0x00002fb4        0xc .\CortexM3\ARM_GCC_541\Debug\CS301_Class.a(USBUART_pm.o)
                0x00002fb4                USBUART_DP_ISR
 .text.USBUART_HandleStandardRqst
                0x00002fc0      0x4a4 .\CortexM3\ARM_GCC_541\Debug\CS301_Class.a(USBUART_std.o)
                0x00002fc0                USBUART_HandleStandardRqst
 .text.USBUART_ReadDieID
                0x00003464       0xd8 .\CortexM3\ARM_GCC_541\Debug\CS301_Class.a(USBUART_std.o)
                0x00003464                USBUART_ReadDieID
 .text.USBUART_ConfigReg
                0x0000353c      0x138 .\CortexM3\ARM_GCC_541\Debug\CS301_Class.a(USBUART_std.o)
                0x0000353c                USBUART_ConfigReg
 .text.USBUART_Config
                0x00003674      0x3a4 .\CortexM3\ARM_GCC_541\Debug\CS301_Class.a(USBUART_std.o)
                0x00003674                USBUART_Config
 .text.USBUART_ConfigAltChanged
                0x00003a18      0x25c .\CortexM3\ARM_GCC_541\Debug\CS301_Class.a(USBUART_std.o)
                0x00003a18                USBUART_ConfigAltChanged
 .text.USBUART_GetConfigTablePtr
                0x00003c74       0x50 .\CortexM3\ARM_GCC_541\Debug\CS301_Class.a(USBUART_std.o)
                0x00003c74                USBUART_GetConfigTablePtr
 .text.USBUART_GetDeviceTablePtr
                0x00003cc4       0x24 .\CortexM3\ARM_GCC_541\Debug\CS301_Class.a(USBUART_std.o)
                0x00003cc4                USBUART_GetDeviceTablePtr
 .text.USBUART_GetInterfaceClassTablePtr
                0x00003ce8       0x4c .\CortexM3\ARM_GCC_541\Debug\CS301_Class.a(USBUART_std.o)
                0x00003ce8                USBUART_GetInterfaceClassTablePtr
 .text.USBUART_SetEndpointHalt
                0x00003d34       0xe8 .\CortexM3\ARM_GCC_541\Debug\CS301_Class.a(USBUART_std.o)
                0x00003d34                USBUART_SetEndpointHalt
 .text.USBUART_ClearEndpointHalt
                0x00003e1c      0x158 .\CortexM3\ARM_GCC_541\Debug\CS301_Class.a(USBUART_std.o)
                0x00003e1c                USBUART_ClearEndpointHalt
 .text.USBUART_ValidateAlternateSetting
                0x00003f74       0x70 .\CortexM3\ARM_GCC_541\Debug\CS301_Class.a(USBUART_std.o)
                0x00003f74                USBUART_ValidateAlternateSetting
 .text.USBUART_HandleVendorRqst
                0x00003fe4       0x54 .\CortexM3\ARM_GCC_541\Debug\CS301_Class.a(USBUART_vnd.o)
                0x00003fe4                USBUART_HandleVendorRqst
 .text.USBUART_Dp_ClearInterrupt
                0x00004038       0x20 .\CortexM3\ARM_GCC_541\Debug\CS301_Class.a(USBUART_Dp.o)
                0x00004038                USBUART_Dp_ClearInterrupt
 .text.CyHalt   0x00004058       0x18 .\CortexM3\ARM_GCC_541\Debug\CS301_Class.a(CyLib.o)
                0x00004058                CyHalt
 .text.CyDelayUs
                0x00004070       0x28 .\CortexM3\ARM_GCC_541\Debug\CS301_Class.a(CyLib.o)
                0x00004070                CyDelayUs
 .text.CyIntSetVector
                0x00004098       0x50 .\CortexM3\ARM_GCC_541\Debug\CS301_Class.a(CyLib.o)
                0x00004098                CyIntSetVector
 .text.CyIntSetPriority
                0x000040e8       0x48 .\CortexM3\ARM_GCC_541\Debug\CS301_Class.a(CyLib.o)
                0x000040e8                CyIntSetPriority
 .text.CyGetUniqueId
                0x00004130       0xc4 .\CortexM3\ARM_GCC_541\Debug\CS301_Class.a(CyLib.o)
                0x00004130                CyGetUniqueId
 .text.PWM_1_Start
                0x000041f4       0x24 .\CortexM3\ARM_GCC_541\Debug\CS301_Class.a(PWM_1.o)
                0x000041f4                PWM_1_Start
 .text.PWM_1_Init
                0x00004218       0xc0 .\CortexM3\ARM_GCC_541\Debug\CS301_Class.a(PWM_1.o)
                0x00004218                PWM_1_Init
 .text.PWM_1_Enable
                0x000042d8       0x48 .\CortexM3\ARM_GCC_541\Debug\CS301_Class.a(PWM_1.o)
                0x000042d8                PWM_1_Enable
 .text.PWM_1_WritePeriod
                0x00004320       0x20 .\CortexM3\ARM_GCC_541\Debug\CS301_Class.a(PWM_1.o)
                0x00004320                PWM_1_WritePeriod
 .text.PWM_1_WriteCompare
                0x00004340       0x20 .\CortexM3\ARM_GCC_541\Debug\CS301_Class.a(PWM_1.o)
                0x00004340                PWM_1_WriteCompare
 .text.PWM_1_SetInterruptMode
                0x00004360       0x20 .\CortexM3\ARM_GCC_541\Debug\CS301_Class.a(PWM_1.o)
                0x00004360                PWM_1_SetInterruptMode
 .text.Clock_PWM_Start
                0x00004380       0x34 .\CortexM3\ARM_GCC_541\Debug\CS301_Class.a(Clock_PWM.o)
                0x00004380                Clock_PWM_Start
 .text.PWM_2_Start
                0x000043b4       0x24 .\CortexM3\ARM_GCC_541\Debug\CS301_Class.a(PWM_2.o)
                0x000043b4                PWM_2_Start
 .text.PWM_2_Init
                0x000043d8       0xc0 .\CortexM3\ARM_GCC_541\Debug\CS301_Class.a(PWM_2.o)
                0x000043d8                PWM_2_Init
 .text.PWM_2_Enable
                0x00004498       0x48 .\CortexM3\ARM_GCC_541\Debug\CS301_Class.a(PWM_2.o)
                0x00004498                PWM_2_Enable
 .text.PWM_2_WritePeriod
                0x000044e0       0x20 .\CortexM3\ARM_GCC_541\Debug\CS301_Class.a(PWM_2.o)
                0x000044e0                PWM_2_WritePeriod
 .text.PWM_2_WriteCompare
                0x00004500       0x20 .\CortexM3\ARM_GCC_541\Debug\CS301_Class.a(PWM_2.o)
                0x00004500                PWM_2_WriteCompare
 .text.PWM_2_SetInterruptMode
                0x00004520       0x20 .\CortexM3\ARM_GCC_541\Debug\CS301_Class.a(PWM_2.o)
                0x00004520                PWM_2_SetInterruptMode
 .text.QuadDec_M1_Init
                0x00004540        0xc .\CortexM3\ARM_GCC_541\Debug\CS301_Class.a(QuadDec_M1.o)
                0x00004540                QuadDec_M1_Init
 .text.QuadDec_M1_Enable
                0x0000454c       0x3c .\CortexM3\ARM_GCC_541\Debug\CS301_Class.a(QuadDec_M1.o)
                0x0000454c                QuadDec_M1_Enable
 .text.QuadDec_M1_Start
                0x00004588       0x30 .\CortexM3\ARM_GCC_541\Debug\CS301_Class.a(QuadDec_M1.o)
                0x00004588                QuadDec_M1_Start
 .text.QuadDec_M1_GetEvents
                0x000045b8       0x1c .\CortexM3\ARM_GCC_541\Debug\CS301_Class.a(QuadDec_M1.o)
                0x000045b8                QuadDec_M1_GetEvents
 .text.QuadDec_M1_SetInterruptMask
                0x000045d4       0x20 .\CortexM3\ARM_GCC_541\Debug\CS301_Class.a(QuadDec_M1.o)
                0x000045d4                QuadDec_M1_SetInterruptMask
 .text.QuadDec_M2_Init
                0x000045f4        0xc .\CortexM3\ARM_GCC_541\Debug\CS301_Class.a(QuadDec_M2.o)
                0x000045f4                QuadDec_M2_Init
 .text.QuadDec_M2_Enable
                0x00004600       0x3c .\CortexM3\ARM_GCC_541\Debug\CS301_Class.a(QuadDec_M2.o)
                0x00004600                QuadDec_M2_Enable
 .text.QuadDec_M2_Start
                0x0000463c       0x30 .\CortexM3\ARM_GCC_541\Debug\CS301_Class.a(QuadDec_M2.o)
                0x0000463c                QuadDec_M2_Start
 .text.QuadDec_M2_GetCounter
                0x0000466c       0x24 .\CortexM3\ARM_GCC_541\Debug\CS301_Class.a(QuadDec_M2.o)
                0x0000466c                QuadDec_M2_GetCounter
 .text.QuadDec_M2_SetCounter
                0x00004690       0x34 .\CortexM3\ARM_GCC_541\Debug\CS301_Class.a(QuadDec_M2.o)
                0x00004690                QuadDec_M2_SetCounter
 .text.QuadDec_M2_GetEvents
                0x000046c4       0x1c .\CortexM3\ARM_GCC_541\Debug\CS301_Class.a(QuadDec_M2.o)
                0x000046c4                QuadDec_M2_GetEvents
 .text.QuadDec_M2_SetInterruptMask
                0x000046e0       0x20 .\CortexM3\ARM_GCC_541\Debug\CS301_Class.a(QuadDec_M2.o)
                0x000046e0                QuadDec_M2_SetInterruptMask
 .text.QuadDec_M1_Cnt16_Init
                0x00004700       0x80 .\CortexM3\ARM_GCC_541\Debug\CS301_Class.a(QuadDec_M1_Cnt16.o)
                0x00004700                QuadDec_M1_Cnt16_Init
 .text.QuadDec_M1_Cnt16_Enable
                0x00004780       0x20 .\CortexM3\ARM_GCC_541\Debug\CS301_Class.a(QuadDec_M1_Cnt16.o)
                0x00004780                QuadDec_M1_Cnt16_Enable
 .text.QuadDec_M1_Cnt16_Start
                0x000047a0       0x24 .\CortexM3\ARM_GCC_541\Debug\CS301_Class.a(QuadDec_M1_Cnt16.o)
                0x000047a0                QuadDec_M1_Cnt16_Start
 .text.QuadDec_M1_Cnt16_SetInterruptMode
                0x000047c4       0x20 .\CortexM3\ARM_GCC_541\Debug\CS301_Class.a(QuadDec_M1_Cnt16.o)
                0x000047c4                QuadDec_M1_Cnt16_SetInterruptMode
 .text.QuadDec_M1_Cnt16_ReadStatusRegister
                0x000047e4       0x18 .\CortexM3\ARM_GCC_541\Debug\CS301_Class.a(QuadDec_M1_Cnt16.o)
                0x000047e4                QuadDec_M1_Cnt16_ReadStatusRegister
 .text.QuadDec_M1_Cnt16_WriteCounter
                0x000047fc       0x20 .\CortexM3\ARM_GCC_541\Debug\CS301_Class.a(QuadDec_M1_Cnt16.o)
                0x000047fc                QuadDec_M1_Cnt16_WriteCounter
 .text.QuadDec_M1_Cnt16_ReadCapture
                0x0000481c       0x18 .\CortexM3\ARM_GCC_541\Debug\CS301_Class.a(QuadDec_M1_Cnt16.o)
                0x0000481c                QuadDec_M1_Cnt16_ReadCapture
 .text.QuadDec_M1_Cnt16_WritePeriod
                0x00004834       0x20 .\CortexM3\ARM_GCC_541\Debug\CS301_Class.a(QuadDec_M1_Cnt16.o)
                0x00004834                QuadDec_M1_Cnt16_WritePeriod
 .text.QuadDec_M1_Cnt16_WriteCompare
                0x00004854       0x20 .\CortexM3\ARM_GCC_541\Debug\CS301_Class.a(QuadDec_M1_Cnt16.o)
                0x00004854                QuadDec_M1_Cnt16_WriteCompare
 .text.QuadDec_M1_Cnt16_ClearFIFO
                0x00004874       0x1c .\CortexM3\ARM_GCC_541\Debug\CS301_Class.a(QuadDec_M1_Cnt16.o)
                0x00004874                QuadDec_M1_Cnt16_ClearFIFO
 .text.QuadDec_M2_Cnt16_Init
                0x00004890       0x80 .\CortexM3\ARM_GCC_541\Debug\CS301_Class.a(QuadDec_M2_Cnt16.o)
                0x00004890                QuadDec_M2_Cnt16_Init
 .text.QuadDec_M2_Cnt16_Enable
                0x00004910       0x20 .\CortexM3\ARM_GCC_541\Debug\CS301_Class.a(QuadDec_M2_Cnt16.o)
                0x00004910                QuadDec_M2_Cnt16_Enable
 .text.QuadDec_M2_Cnt16_Start
                0x00004930       0x24 .\CortexM3\ARM_GCC_541\Debug\CS301_Class.a(QuadDec_M2_Cnt16.o)
                0x00004930                QuadDec_M2_Cnt16_Start
 .text.QuadDec_M2_Cnt16_SetInterruptMode
                0x00004954       0x20 .\CortexM3\ARM_GCC_541\Debug\CS301_Class.a(QuadDec_M2_Cnt16.o)
                0x00004954                QuadDec_M2_Cnt16_SetInterruptMode
 .text.QuadDec_M2_Cnt16_ReadStatusRegister
                0x00004974       0x18 .\CortexM3\ARM_GCC_541\Debug\CS301_Class.a(QuadDec_M2_Cnt16.o)
                0x00004974                QuadDec_M2_Cnt16_ReadStatusRegister
 .text.QuadDec_M2_Cnt16_WriteCounter
                0x0000498c       0x20 .\CortexM3\ARM_GCC_541\Debug\CS301_Class.a(QuadDec_M2_Cnt16.o)
                0x0000498c                QuadDec_M2_Cnt16_WriteCounter
 .text.QuadDec_M2_Cnt16_ReadCounter
                0x000049ac       0x20 .\CortexM3\ARM_GCC_541\Debug\CS301_Class.a(QuadDec_M2_Cnt16.o)
                0x000049ac                QuadDec_M2_Cnt16_ReadCounter
 .text.QuadDec_M2_Cnt16_ReadCapture
                0x000049cc       0x18 .\CortexM3\ARM_GCC_541\Debug\CS301_Class.a(QuadDec_M2_Cnt16.o)
                0x000049cc                QuadDec_M2_Cnt16_ReadCapture
 .text.QuadDec_M2_Cnt16_WritePeriod
                0x000049e4       0x20 .\CortexM3\ARM_GCC_541\Debug\CS301_Class.a(QuadDec_M2_Cnt16.o)
                0x000049e4                QuadDec_M2_Cnt16_WritePeriod
 .text.QuadDec_M2_Cnt16_WriteCompare
                0x00004a04       0x20 .\CortexM3\ARM_GCC_541\Debug\CS301_Class.a(QuadDec_M2_Cnt16.o)
                0x00004a04                QuadDec_M2_Cnt16_WriteCompare
 .text.QuadDec_M2_Cnt16_ClearFIFO
                0x00004a24       0x1c .\CortexM3\ARM_GCC_541\Debug\CS301_Class.a(QuadDec_M2_Cnt16.o)
                0x00004a24                QuadDec_M2_Cnt16_ClearFIFO
 .text.RF_BT_SELECT_Write
                0x00004a40       0x20 .\CortexM3\ARM_GCC_541\Debug\CS301_Class.a(RF_BT_SELECT.o)
                0x00004a40                RF_BT_SELECT_Write
 .text.SpeedTimer_Init
                0x00004a60       0x9c .\CortexM3\ARM_GCC_541\Debug\CS301_Class.a(SpeedTimer.o)
                0x00004a60                SpeedTimer_Init
 .text.SpeedTimer_Enable
                0x00004afc       0x48 .\CortexM3\ARM_GCC_541\Debug\CS301_Class.a(SpeedTimer.o)
                0x00004afc                SpeedTimer_Enable
 .text.SpeedTimer_Start
                0x00004b44       0x24 .\CortexM3\ARM_GCC_541\Debug\CS301_Class.a(SpeedTimer.o)
                0x00004b44                SpeedTimer_Start
 .text.SpeedTimer_SetInterruptMode
                0x00004b68       0x20 .\CortexM3\ARM_GCC_541\Debug\CS301_Class.a(SpeedTimer.o)
                0x00004b68                SpeedTimer_SetInterruptMode
 .text.SpeedTimer_ReadStatusRegister
                0x00004b88       0x18 .\CortexM3\ARM_GCC_541\Debug\CS301_Class.a(SpeedTimer.o)
                0x00004b88                SpeedTimer_ReadStatusRegister
 .text.SpeedTimer_WritePeriod
                0x00004ba0       0x24 .\CortexM3\ARM_GCC_541\Debug\CS301_Class.a(SpeedTimer.o)
                0x00004ba0                SpeedTimer_WritePeriod
 .text.SpeedTimer_WriteCounter
                0x00004bc4       0x20 .\CortexM3\ARM_GCC_541\Debug\CS301_Class.a(SpeedTimer.o)
                0x00004bc4                SpeedTimer_WriteCounter
 .text.isr_speed_StartEx
                0x00004be4       0x24 .\CortexM3\ARM_GCC_541\Debug\CS301_Class.a(isr_speed.o)
                0x00004be4                isr_speed_StartEx
 .text.isr_speed_SetVector
                0x00004c08       0x24 .\CortexM3\ARM_GCC_541\Debug\CS301_Class.a(isr_speed.o)
                0x00004c08                isr_speed_SetVector
 .text.isr_speed_SetPriority
                0x00004c2c       0x24 .\CortexM3\ARM_GCC_541\Debug\CS301_Class.a(isr_speed.o)
                0x00004c2c                isr_speed_SetPriority
 .text.isr_speed_Enable
                0x00004c50       0x18 .\CortexM3\ARM_GCC_541\Debug\CS301_Class.a(isr_speed.o)
                0x00004c50                isr_speed_Enable
 .text.isr_speed_Disable
                0x00004c68       0x18 .\CortexM3\ARM_GCC_541\Debug\CS301_Class.a(isr_speed.o)
                0x00004c68                isr_speed_Disable
 .text.SpeedClock_Start
                0x00004c80       0x34 .\CortexM3\ARM_GCC_541\Debug\CS301_Class.a(SpeedClock.o)
                0x00004c80                SpeedClock_Start
 .text.Timer_LED_Init
                0x00004cb4       0xa0 .\CortexM3\ARM_GCC_541\Debug\CS301_Class.a(Timer_LED.o)
                0x00004cb4                Timer_LED_Init
 .text.Timer_LED_Enable
                0x00004d54       0x48 .\CortexM3\ARM_GCC_541\Debug\CS301_Class.a(Timer_LED.o)
                0x00004d54                Timer_LED_Enable
 .text.Timer_LED_Start
                0x00004d9c       0x24 .\CortexM3\ARM_GCC_541\Debug\CS301_Class.a(Timer_LED.o)
                0x00004d9c                Timer_LED_Start
 .text.Timer_LED_SetInterruptMode
                0x00004dc0       0x20 .\CortexM3\ARM_GCC_541\Debug\CS301_Class.a(Timer_LED.o)
                0x00004dc0                Timer_LED_SetInterruptMode
 .text.Timer_LED_ReadStatusRegister
                0x00004de0       0x18 .\CortexM3\ARM_GCC_541\Debug\CS301_Class.a(Timer_LED.o)
                0x00004de0                Timer_LED_ReadStatusRegister
 .text.Timer_LED_WritePeriod
                0x00004df8       0x24 .\CortexM3\ARM_GCC_541\Debug\CS301_Class.a(Timer_LED.o)
                0x00004df8                Timer_LED_WritePeriod
 .text.Timer_LED_WriteCounter
                0x00004e1c       0x20 .\CortexM3\ARM_GCC_541\Debug\CS301_Class.a(Timer_LED.o)
                0x00004e1c                Timer_LED_WriteCounter
 .text.isr_Timer_LED_StartEx
                0x00004e3c       0x24 .\CortexM3\ARM_GCC_541\Debug\CS301_Class.a(isr_Timer_LED.o)
                0x00004e3c                isr_Timer_LED_StartEx
 .text.isr_Timer_LED_SetVector
                0x00004e60       0x24 .\CortexM3\ARM_GCC_541\Debug\CS301_Class.a(isr_Timer_LED.o)
                0x00004e60                isr_Timer_LED_SetVector
 .text.isr_Timer_LED_SetPriority
                0x00004e84       0x24 .\CortexM3\ARM_GCC_541\Debug\CS301_Class.a(isr_Timer_LED.o)
                0x00004e84                isr_Timer_LED_SetPriority
 .text.isr_Timer_LED_Enable
                0x00004ea8       0x18 .\CortexM3\ARM_GCC_541\Debug\CS301_Class.a(isr_Timer_LED.o)
                0x00004ea8                isr_Timer_LED_Enable
 .text.isr_Timer_LED_Disable
                0x00004ec0       0x18 .\CortexM3\ARM_GCC_541\Debug\CS301_Class.a(isr_Timer_LED.o)
                0x00004ec0                isr_Timer_LED_Disable
 .text.S3_detected_StartEx
                0x00004ed8       0x24 .\CortexM3\ARM_GCC_541\Debug\CS301_Class.a(S3_detected.o)
                0x00004ed8                S3_detected_StartEx
 .text.S3_detected_SetVector
                0x00004efc       0x24 .\CortexM3\ARM_GCC_541\Debug\CS301_Class.a(S3_detected.o)
                0x00004efc                S3_detected_SetVector
 .text.S3_detected_SetPriority
                0x00004f20       0x24 .\CortexM3\ARM_GCC_541\Debug\CS301_Class.a(S3_detected.o)
                0x00004f20                S3_detected_SetPriority
 .text.S3_detected_Enable
                0x00004f44       0x18 .\CortexM3\ARM_GCC_541\Debug\CS301_Class.a(S3_detected.o)
                0x00004f44                S3_detected_Enable
 .text.S3_detected_Disable
                0x00004f5c       0x18 .\CortexM3\ARM_GCC_541\Debug\CS301_Class.a(S3_detected.o)
                0x00004f5c                S3_detected_Disable
 .text.S4_detected_StartEx
                0x00004f74       0x24 .\CortexM3\ARM_GCC_541\Debug\CS301_Class.a(S4_detected.o)
                0x00004f74                S4_detected_StartEx
 .text.S4_detected_SetVector
                0x00004f98       0x24 .\CortexM3\ARM_GCC_541\Debug\CS301_Class.a(S4_detected.o)
                0x00004f98                S4_detected_SetVector
 .text.S4_detected_SetPriority
                0x00004fbc       0x24 .\CortexM3\ARM_GCC_541\Debug\CS301_Class.a(S4_detected.o)
                0x00004fbc                S4_detected_SetPriority
 .text.S4_detected_Enable
                0x00004fe0       0x18 .\CortexM3\ARM_GCC_541\Debug\CS301_Class.a(S4_detected.o)
                0x00004fe0                S4_detected_Enable
 .text.S4_detected_Disable
                0x00004ff8       0x18 .\CortexM3\ARM_GCC_541\Debug\CS301_Class.a(S4_detected.o)
                0x00004ff8                S4_detected_Disable
 .text.S5_detected_StartEx
                0x00005010       0x24 .\CortexM3\ARM_GCC_541\Debug\CS301_Class.a(S5_detected.o)
                0x00005010                S5_detected_StartEx
 .text.S5_detected_SetVector
                0x00005034       0x24 .\CortexM3\ARM_GCC_541\Debug\CS301_Class.a(S5_detected.o)
                0x00005034                S5_detected_SetVector
 .text.S5_detected_SetPriority
                0x00005058       0x24 .\CortexM3\ARM_GCC_541\Debug\CS301_Class.a(S5_detected.o)
                0x00005058                S5_detected_SetPriority
 .text.S5_detected_Enable
                0x0000507c       0x18 .\CortexM3\ARM_GCC_541\Debug\CS301_Class.a(S5_detected.o)
                0x0000507c                S5_detected_Enable
 .text.S5_detected_Disable
                0x00005094       0x18 .\CortexM3\ARM_GCC_541\Debug\CS301_Class.a(S5_detected.o)
                0x00005094                S5_detected_Disable
 .text.S6_detected_StartEx
                0x000050ac       0x24 .\CortexM3\ARM_GCC_541\Debug\CS301_Class.a(S6_detected.o)
                0x000050ac                S6_detected_StartEx
 .text.S6_detected_SetVector
                0x000050d0       0x24 .\CortexM3\ARM_GCC_541\Debug\CS301_Class.a(S6_detected.o)
                0x000050d0                S6_detected_SetVector
 .text.S6_detected_SetPriority
                0x000050f4       0x24 .\CortexM3\ARM_GCC_541\Debug\CS301_Class.a(S6_detected.o)
                0x000050f4                S6_detected_SetPriority
 .text.S6_detected_Enable
                0x00005118       0x18 .\CortexM3\ARM_GCC_541\Debug\CS301_Class.a(S6_detected.o)
                0x00005118                S6_detected_Enable
 .text.S6_detected_Disable
                0x00005130       0x18 .\CortexM3\ARM_GCC_541\Debug\CS301_Class.a(S6_detected.o)
                0x00005130                S6_detected_Disable
 .text          0x00005148       0x20 .\CortexM3\ARM_GCC_541\Debug\CS301_Class.a(CyBootAsmGnu.o)
                0x00005148                CyDelayCycles
                0x00005158                CyEnterCriticalSection
                0x00005160                CyExitCriticalSection
 .text.USBUART_DispatchCDCClassRqst
                0x00005168       0xe4 .\CortexM3\ARM_GCC_541\Debug\CS301_Class.a(USBUART_cdc.o)
                0x00005168                USBUART_DispatchCDCClassRqst
 .text.USBUART_GetInterfaceComPort
                0x0000524c       0x60 .\CortexM3\ARM_GCC_541\Debug\CS301_Class.a(USBUART_cdc.o)
                0x0000524c                USBUART_GetInterfaceComPort
 .text.USBUART_Cdc_EpInit
                0x000052ac       0x90 .\CortexM3\ARM_GCC_541\Debug\CS301_Class.a(USBUART_cdc.o)
                0x000052ac                USBUART_Cdc_EpInit
 .text.USBUART_DispatchClassRqst
                0x0000533c       0x84 .\CortexM3\ARM_GCC_541\Debug\CS301_Class.a(USBUART_cls.o)
                0x0000533c                USBUART_DispatchClassRqst
 .text          0x000053c0      0x370 c:/program files (x86)/cypress/psoc creator/4.2/psoc creator/import/gnu/arm/5.4.1/bin/../lib/gcc/arm-none-eabi/5.4.1/armv7-m\libgcc.a(_arm_addsubdf3.o)
                0x000053c0                __aeabi_drsub
                0x000053c8                __aeabi_dsub
                0x000053c8                __subdf3
                0x000053cc                __aeabi_dadd
                0x000053cc                __adddf3
                0x00005644                __floatunsidf
                0x00005644                __aeabi_ui2d
                0x00005664                __floatsidf
                0x00005664                __aeabi_i2d
                0x00005688                __aeabi_f2d
                0x00005688                __extendsfdf2
                0x000056c4                __floatundidf
                0x000056c4                __aeabi_ul2d
                0x000056d4                __floatdidf
                0x000056d4                __aeabi_l2d
 .text          0x00005730      0x424 c:/program files (x86)/cypress/psoc creator/4.2/psoc creator/import/gnu/arm/5.4.1/bin/../lib/gcc/arm-none-eabi/5.4.1/armv7-m\libgcc.a(_arm_muldivdf3.o)
                0x00005730                __aeabi_dmul
                0x00005730                __muldf3
                0x00005984                __divdf3
                0x00005984                __aeabi_ddiv
 .text          0x00005b54       0x40 c:/program files (x86)/cypress/psoc creator/4.2/psoc creator/import/gnu/arm/5.4.1/bin/../lib/gcc/arm-none-eabi/5.4.1/armv7-m\libgcc.a(_arm_fixunsdfsi.o)
                0x00005b54                __aeabi_d2uiz
                0x00005b54                __fixunsdfsi
 .text          0x00005b94       0xa0 c:/program files (x86)/cypress/psoc creator/4.2/psoc creator/import/gnu/arm/5.4.1/bin/../lib/gcc/arm-none-eabi/5.4.1/armv7-m\libgcc.a(_arm_truncdfsf2.o)
                0x00005b94                __truncdfsf2
                0x00005b94                __aeabi_d2f
 .text          0x00005c34      0x21c c:/program files (x86)/cypress/psoc creator/4.2/psoc creator/import/gnu/arm/5.4.1/bin/../lib/gcc/arm-none-eabi/5.4.1/armv7-m\libgcc.a(_arm_addsubsf3.o)
                0x00005c34                __aeabi_frsub
                0x00005c3c                __subsf3
                0x00005c3c                __aeabi_fsub
                0x00005c40                __aeabi_fadd
                0x00005c40                __addsf3
                0x00005da0                __aeabi_ui2f
                0x00005da0                __floatunsisf
                0x00005da8                __aeabi_i2f
                0x00005da8                __floatsisf
                0x00005dc4                __aeabi_ul2f
                0x00005dc4                __floatundisf
                0x00005dd4                __aeabi_l2f
                0x00005dd4                __floatdisf
 .text          0x00005e50      0x2a0 c:/program files (x86)/cypress/psoc creator/4.2/psoc creator/import/gnu/arm/5.4.1/bin/../lib/gcc/arm-none-eabi/5.4.1/armv7-m\libgcc.a(_arm_muldivsf3.o)
                0x00005e50                __mulsf3
                0x00005e50                __aeabi_fmul
                0x00005fb8                __aeabi_fdiv
                0x00005fb8                __divsf3
 .text          0x000060f0       0xec c:/program files (x86)/cypress/psoc creator/4.2/psoc creator/import/gnu/arm/5.4.1/bin/../lib/gcc/arm-none-eabi/5.4.1/armv7-m\libgcc.a(_arm_cmpsf2.o)
                0x000060f0                __gesf2
                0x000060f0                __gtsf2
                0x000060f8                __lesf2
                0x000060f8                __ltsf2
                0x00006100                __nesf2
                0x00006100                __eqsf2
                0x00006100                __cmpsf2
                0x00006160                __aeabi_cfrcmple
                0x00006168                __aeabi_cfcmpeq
                0x00006168                __aeabi_cfcmple
                0x00006178                __aeabi_fcmpeq
                0x0000618c                __aeabi_fcmplt
                0x000061a0                __aeabi_fcmple
                0x000061b4                __aeabi_fcmpge
                0x000061c8                __aeabi_fcmpgt
 .text          0x000061dc       0x4c c:/program files (x86)/cypress/psoc creator/4.2/psoc creator/import/gnu/arm/5.4.1/bin/../lib/gcc/arm-none-eabi/5.4.1/armv7-m\libgcc.a(_arm_fixsfsi.o)
                0x000061dc                __aeabi_f2iz
                0x000061dc                __fixsfsi
 .text          0x00006228       0x40 c:/program files (x86)/cypress/psoc creator/4.2/psoc creator/import/gnu/arm/5.4.1/bin/../lib/gcc/arm-none-eabi/5.4.1/armv7-m\libgcc.a(_arm_fixunssfsi.o)
                0x00006228                __fixunssfsi
                0x00006228                __aeabi_f2uiz
 .text.__errno  0x00006268        0xc c:/program files (x86)/cypress/psoc creator/4.2/psoc creator/import/gnu/arm/5.4.1/bin/../lib/gcc/arm-none-eabi/5.4.1/../../../../arm-none-eabi/lib/armv7-m\libg_nano.a(lib_a-errno.o)
                0x00006268                __errno
 .text.__libc_init_array
                0x00006274       0x4c c:/program files (x86)/cypress/psoc creator/4.2/psoc creator/import/gnu/arm/5.4.1/bin/../lib/gcc/arm-none-eabi/5.4.1/../../../../arm-none-eabi/lib/armv7-m\libg_nano.a(lib_a-init.o)
                0x00006274                __libc_init_array
 .text.malloc   0x000062c0       0x10 c:/program files (x86)/cypress/psoc creator/4.2/psoc creator/import/gnu/arm/5.4.1/bin/../lib/gcc/arm-none-eabi/5.4.1/../../../../arm-none-eabi/lib/armv7-m\libg_nano.a(lib_a-malloc.o)
                0x000062c0                malloc
 .text.memcpy   0x000062d0       0x16 c:/program files (x86)/cypress/psoc creator/4.2/psoc creator/import/gnu/arm/5.4.1/bin/../lib/gcc/arm-none-eabi/5.4.1/../../../../arm-none-eabi/lib/armv7-m\libg_nano.a(lib_a-memcpy-stub.o)
                0x000062d0                memcpy
 .text.memset   0x000062e6       0x10 c:/program files (x86)/cypress/psoc creator/4.2/psoc creator/import/gnu/arm/5.4.1/bin/../lib/gcc/arm-none-eabi/5.4.1/../../../../arm-none-eabi/lib/armv7-m\libg_nano.a(lib_a-memset.o)
                0x000062e6                memset
 *fill*         0x000062f6        0x2 
 .text._free_r  0x000062f8       0x98 c:/program files (x86)/cypress/psoc creator/4.2/psoc creator/import/gnu/arm/5.4.1/bin/../lib/gcc/arm-none-eabi/5.4.1/../../../../arm-none-eabi/lib/armv7-m\libg_nano.a(lib_a-nano-freer.o)
                0x000062f8                _free_r
 .text._malloc_r
                0x00006390       0xbc c:/program files (x86)/cypress/psoc creator/4.2/psoc creator/import/gnu/arm/5.4.1/bin/../lib/gcc/arm-none-eabi/5.4.1/../../../../arm-none-eabi/lib/armv7-m\libg_nano.a(lib_a-nano-mallocr.o)
                0x00006390                _malloc_r
 .text.printf   0x0000644c       0x30 c:/program files (x86)/cypress/psoc creator/4.2/psoc creator/import/gnu/arm/5.4.1/bin/../lib/gcc/arm-none-eabi/5.4.1/../../../../arm-none-eabi/lib/armv7-m\libg_nano.a(lib_a-printf.o)
                0x0000644c                iprintf
                0x0000644c                printf
 .text._puts_r  0x0000647c       0xb4 c:/program files (x86)/cypress/psoc creator/4.2/psoc creator/import/gnu/arm/5.4.1/bin/../lib/gcc/arm-none-eabi/5.4.1/../../../../arm-none-eabi/lib/armv7-m\libg_nano.a(lib_a-puts.o)
                0x0000647c                _puts_r
 .text.puts     0x00006530       0x10 c:/program files (x86)/cypress/psoc creator/4.2/psoc creator/import/gnu/arm/5.4.1/bin/../lib/gcc/arm-none-eabi/5.4.1/../../../../arm-none-eabi/lib/armv7-m\libg_nano.a(lib_a-puts.o)
                0x00006530                puts
 .text._sbrk_r  0x00006540       0x20 c:/program files (x86)/cypress/psoc creator/4.2/psoc creator/import/gnu/arm/5.4.1/bin/../lib/gcc/arm-none-eabi/5.4.1/../../../../arm-none-eabi/lib/armv7-m\libg_nano.a(lib_a-sbrkr.o)
                0x00006540                _sbrk_r
 .text.__swbuf_r
                0x00006560       0xa8 c:/program files (x86)/cypress/psoc creator/4.2/psoc creator/import/gnu/arm/5.4.1/bin/../lib/gcc/arm-none-eabi/5.4.1/../../../../arm-none-eabi/lib/armv7-m\libg_nano.a(lib_a-wbuf.o)
                0x00006560                __swbuf_r
 .text.__swsetup_r
                0x00006608       0xdc c:/program files (x86)/cypress/psoc creator/4.2/psoc creator/import/gnu/arm/5.4.1/bin/../lib/gcc/arm-none-eabi/5.4.1/../../../../arm-none-eabi/lib/armv7-m\libg_nano.a(lib_a-wsetup.o)
                0x00006608                __swsetup_r
 .text.__sflush_r
                0x000066e4      0x10c c:/program files (x86)/cypress/psoc creator/4.2/psoc creator/import/gnu/arm/5.4.1/bin/../lib/gcc/arm-none-eabi/5.4.1/../../../../arm-none-eabi/lib/armv7-m\libg_nano.a(lib_a-fflush.o)
                0x000066e4                __sflush_r
 .text._fflush_r
                0x000067f0       0x54 c:/program files (x86)/cypress/psoc creator/4.2/psoc creator/import/gnu/arm/5.4.1/bin/../lib/gcc/arm-none-eabi/5.4.1/../../../../arm-none-eabi/lib/armv7-m\libg_nano.a(lib_a-fflush.o)
                0x000067f0                _fflush_r
 .text._cleanup_r
                0x00006844        0xc c:/program files (x86)/cypress/psoc creator/4.2/psoc creator/import/gnu/arm/5.4.1/bin/../lib/gcc/arm-none-eabi/5.4.1/../../../../arm-none-eabi/lib/armv7-m\libg_nano.a(lib_a-findfp.o)
                0x00006844                _cleanup_r
 .text.std.isra.0
                0x00006850       0x48 c:/program files (x86)/cypress/psoc creator/4.2/psoc creator/import/gnu/arm/5.4.1/bin/../lib/gcc/arm-none-eabi/5.4.1/../../../../arm-none-eabi/lib/armv7-m\libg_nano.a(lib_a-findfp.o)
 .text.__sfmoreglue
                0x00006898       0x2c c:/program files (x86)/cypress/psoc creator/4.2/psoc creator/import/gnu/arm/5.4.1/bin/../lib/gcc/arm-none-eabi/5.4.1/../../../../arm-none-eabi/lib/armv7-m\libg_nano.a(lib_a-findfp.o)
                0x00006898                __sfmoreglue
 .text.__sinit  0x000068c4       0x60 c:/program files (x86)/cypress/psoc creator/4.2/psoc creator/import/gnu/arm/5.4.1/bin/../lib/gcc/arm-none-eabi/5.4.1/../../../../arm-none-eabi/lib/armv7-m\libg_nano.a(lib_a-findfp.o)
                0x000068c4                __sinit
 .text.__sfp    0x00006924       0x78 c:/program files (x86)/cypress/psoc creator/4.2/psoc creator/import/gnu/arm/5.4.1/bin/../lib/gcc/arm-none-eabi/5.4.1/../../../../arm-none-eabi/lib/armv7-m\libg_nano.a(lib_a-findfp.o)
                0x00006924                __sfp
 .text._fwalk_reent
                0x0000699c       0x3c c:/program files (x86)/cypress/psoc creator/4.2/psoc creator/import/gnu/arm/5.4.1/bin/../lib/gcc/arm-none-eabi/5.4.1/../../../../arm-none-eabi/lib/armv7-m\libg_nano.a(lib_a-fwalk.o)
                0x0000699c                _fwalk_reent
 .text.__swhatbuf_r
                0x000069d8       0x46 c:/program files (x86)/cypress/psoc creator/4.2/psoc creator/import/gnu/arm/5.4.1/bin/../lib/gcc/arm-none-eabi/5.4.1/../../../../arm-none-eabi/lib/armv7-m\libg_nano.a(lib_a-makebuf.o)
                0x000069d8                __swhatbuf_r
 *fill*         0x00006a1e        0x2 
 .text.__smakebuf_r
                0x00006a20       0x78 c:/program files (x86)/cypress/psoc creator/4.2/psoc creator/import/gnu/arm/5.4.1/bin/../lib/gcc/arm-none-eabi/5.4.1/../../../../arm-none-eabi/lib/armv7-m\libg_nano.a(lib_a-makebuf.o)
                0x00006a20                __smakebuf_r
 .text.__malloc_lock
                0x00006a98        0x2 c:/program files (x86)/cypress/psoc creator/4.2/psoc creator/import/gnu/arm/5.4.1/bin/../lib/gcc/arm-none-eabi/5.4.1/../../../../arm-none-eabi/lib/armv7-m\libg_nano.a(lib_a-mlock.o)
                0x00006a98                __malloc_lock
 .text.__malloc_unlock
                0x00006a9a        0x2 c:/program files (x86)/cypress/psoc creator/4.2/psoc creator/import/gnu/arm/5.4.1/bin/../lib/gcc/arm-none-eabi/5.4.1/../../../../arm-none-eabi/lib/armv7-m\libg_nano.a(lib_a-mlock.o)
                0x00006a9a                __malloc_unlock
 .text.__sfputc_r
                0x00006a9c       0x2c c:/program files (x86)/cypress/psoc creator/4.2/psoc creator/import/gnu/arm/5.4.1/bin/../lib/gcc/arm-none-eabi/5.4.1/../../../../arm-none-eabi/lib/armv7-m\libg_nano.a(lib_a-nano-vfprintf.o)
 .text.__sfputs_r
                0x00006ac8       0x24 c:/program files (x86)/cypress/psoc creator/4.2/psoc creator/import/gnu/arm/5.4.1/bin/../lib/gcc/arm-none-eabi/5.4.1/../../../../arm-none-eabi/lib/armv7-m\libg_nano.a(lib_a-nano-vfprintf.o)
                0x00006ac8                __sfputs_r
 .text._vfprintf_r
                0x00006aec      0x238 c:/program files (x86)/cypress/psoc creator/4.2/psoc creator/import/gnu/arm/5.4.1/bin/../lib/gcc/arm-none-eabi/5.4.1/../../../../arm-none-eabi/lib/armv7-m\libg_nano.a(lib_a-nano-vfprintf.o)
                0x00006aec                _vfprintf_r
                0x00006aec                _vfiprintf_r
 .text._printf_common
                0x00006d24       0xec c:/program files (x86)/cypress/psoc creator/4.2/psoc creator/import/gnu/arm/5.4.1/bin/../lib/gcc/arm-none-eabi/5.4.1/../../../../arm-none-eabi/lib/armv7-m\libg_nano.a(lib_a-nano-vfprintf_i.o)
                0x00006d24                _printf_common
 .text._printf_i
                0x00006e10      0x24c c:/program files (x86)/cypress/psoc creator/4.2/psoc creator/import/gnu/arm/5.4.1/bin/../lib/gcc/arm-none-eabi/5.4.1/../../../../arm-none-eabi/lib/armv7-m\libg_nano.a(lib_a-nano-vfprintf_i.o)
                0x00006e10                _printf_i
 .text.__sread  0x0000705c       0x22 c:/program files (x86)/cypress/psoc creator/4.2/psoc creator/import/gnu/arm/5.4.1/bin/../lib/gcc/arm-none-eabi/5.4.1/../../../../arm-none-eabi/lib/armv7-m\libg_nano.a(lib_a-stdio.o)
                0x0000705c                __sread
 .text.__swrite
                0x0000707e       0x38 c:/program files (x86)/cypress/psoc creator/4.2/psoc creator/import/gnu/arm/5.4.1/bin/../lib/gcc/arm-none-eabi/5.4.1/../../../../arm-none-eabi/lib/armv7-m\libg_nano.a(lib_a-stdio.o)
                0x0000707e                __swrite
 .text.__sseek  0x000070b6       0x24 c:/program files (x86)/cypress/psoc creator/4.2/psoc creator/import/gnu/arm/5.4.1/bin/../lib/gcc/arm-none-eabi/5.4.1/../../../../arm-none-eabi/lib/armv7-m\libg_nano.a(lib_a-stdio.o)
                0x000070b6                __sseek
 .text.__sclose
                0x000070da        0x8 c:/program files (x86)/cypress/psoc creator/4.2/psoc creator/import/gnu/arm/5.4.1/bin/../lib/gcc/arm-none-eabi/5.4.1/../../../../arm-none-eabi/lib/armv7-m\libg_nano.a(lib_a-stdio.o)
                0x000070da                __sclose
 *fill*         0x000070e2        0x2 
 .text._write_r
                0x000070e4       0x24 c:/program files (x86)/cypress/psoc creator/4.2/psoc creator/import/gnu/arm/5.4.1/bin/../lib/gcc/arm-none-eabi/5.4.1/../../../../arm-none-eabi/lib/armv7-m\libg_nano.a(lib_a-writer.o)
                0x000070e4                _write_r
 .text._close_r
                0x00007108       0x20 c:/program files (x86)/cypress/psoc creator/4.2/psoc creator/import/gnu/arm/5.4.1/bin/../lib/gcc/arm-none-eabi/5.4.1/../../../../arm-none-eabi/lib/armv7-m\libg_nano.a(lib_a-closer.o)
                0x00007108                _close_r
 .text._fstat_r
                0x00007128       0x24 c:/program files (x86)/cypress/psoc creator/4.2/psoc creator/import/gnu/arm/5.4.1/bin/../lib/gcc/arm-none-eabi/5.4.1/../../../../arm-none-eabi/lib/armv7-m\libg_nano.a(lib_a-fstatr.o)
                0x00007128                _fstat_r
 .text._isatty_r
                0x0000714c       0x20 c:/program files (x86)/cypress/psoc creator/4.2/psoc creator/import/gnu/arm/5.4.1/bin/../lib/gcc/arm-none-eabi/5.4.1/../../../../arm-none-eabi/lib/armv7-m\libg_nano.a(lib_a-isattyr.o)
                0x0000714c                _isatty_r
 .text._lseek_r
                0x0000716c       0x24 c:/program files (x86)/cypress/psoc creator/4.2/psoc creator/import/gnu/arm/5.4.1/bin/../lib/gcc/arm-none-eabi/5.4.1/../../../../arm-none-eabi/lib/armv7-m\libg_nano.a(lib_a-lseekr.o)
                0x0000716c                _lseek_r
 .text.memchr   0x00007190       0x1c c:/program files (x86)/cypress/psoc creator/4.2/psoc creator/import/gnu/arm/5.4.1/bin/../lib/gcc/arm-none-eabi/5.4.1/../../../../arm-none-eabi/lib/armv7-m\libg_nano.a(lib_a-memchr-stub.o)
                0x00007190                memchr
 .text._read_r  0x000071ac       0x24 c:/program files (x86)/cypress/psoc creator/4.2/psoc creator/import/gnu/arm/5.4.1/bin/../lib/gcc/arm-none-eabi/5.4.1/../../../../arm-none-eabi/lib/armv7-m\libg_nano.a(lib_a-readr.o)
                0x000071ac                _read_r
 .text._close   0x000071d0       0x10 c:/program files (x86)/cypress/psoc creator/4.2/psoc creator/import/gnu/arm/5.4.1/bin/../lib/gcc/arm-none-eabi/5.4.1/../../../../arm-none-eabi/lib/armv7-m\libnosys.a(close.o)
                0x000071d0                _close
 .text._fstat   0x000071e0       0x10 c:/program files (x86)/cypress/psoc creator/4.2/psoc creator/import/gnu/arm/5.4.1/bin/../lib/gcc/arm-none-eabi/5.4.1/../../../../arm-none-eabi/lib/armv7-m\libnosys.a(fstat.o)
                0x000071e0                _fstat
 .text._isatty  0x000071f0       0x10 c:/program files (x86)/cypress/psoc creator/4.2/psoc creator/import/gnu/arm/5.4.1/bin/../lib/gcc/arm-none-eabi/5.4.1/../../../../arm-none-eabi/lib/armv7-m\libnosys.a(isatty.o)
                0x000071f0                _isatty
 .text._lseek   0x00007200       0x10 c:/program files (x86)/cypress/psoc creator/4.2/psoc creator/import/gnu/arm/5.4.1/bin/../lib/gcc/arm-none-eabi/5.4.1/../../../../arm-none-eabi/lib/armv7-m\libnosys.a(lseek.o)
                0x00007200                _lseek
 .text._read    0x00007210       0x10 c:/program files (x86)/cypress/psoc creator/4.2/psoc creator/import/gnu/arm/5.4.1/bin/../lib/gcc/arm-none-eabi/5.4.1/../../../../arm-none-eabi/lib/armv7-m\libnosys.a(read.o)
                0x00007210                _read
 .text._write   0x00007220       0x10 c:/program files (x86)/cypress/psoc creator/4.2/psoc creator/import/gnu/arm/5.4.1/bin/../lib/gcc/arm-none-eabi/5.4.1/../../../../arm-none-eabi/lib/armv7-m\libnosys.a(write.o)
                0x00007220                _write
 *(.plt)
 *(.gnu.warning)
 *(.glue_7t)
 .glue_7t       0x00007230        0x0 linker stubs
 *(.glue_7)
 .glue_7        0x00007230        0x0 linker stubs
 *(.vfp11_veneer)
 .vfp11_veneer  0x00007230        0x0 linker stubs
 *(.bootloader)
 *(.ARM.extab* .gnu.linkonce.armextab.*)
 *(.gcc_except_table)

.v4_bx          0x00007230        0x0
 .v4_bx         0x00007230        0x0 linker stubs

.iplt           0x00007230        0x0
 .iplt          0x00007230        0x0 c:/program files (x86)/cypress/psoc creator/4.2/psoc creator/import/gnu/arm/5.4.1/bin/../lib/gcc/arm-none-eabi/5.4.1/armv7-m/crtbegin.o

.eh_frame_hdr
 *(.eh_frame_hdr)

.eh_frame       0x00007230        0x4
 *(.eh_frame)
 .eh_frame      0x00007230        0x0 c:/program files (x86)/cypress/psoc creator/4.2/psoc creator/import/gnu/arm/5.4.1/bin/../lib/gcc/arm-none-eabi/5.4.1/armv7-m/crtbegin.o
 .eh_frame      0x00007230        0x4 c:/program files (x86)/cypress/psoc creator/4.2/psoc creator/import/gnu/arm/5.4.1/bin/../lib/gcc/arm-none-eabi/5.4.1/armv7-m/crtend.o
                [!provide]                PROVIDE (__exidx_start, .)

.ARM.exidx
 *(.ARM.exidx* .gnu.linkonce.armexidx.*)
                0x00007234                __exidx_end = .

.rodata         0x00007234      0x31c
 *(.rodata .rodata.* .gnu.linkonce.r.*)
 .rodata        0x00007234       0x6f .\CortexM3\ARM_GCC_541\Debug\pathfinding.o
 *fill*         0x000072a3        0x1 
 .rodata        0x000072a4       0x2a .\CortexM3\ARM_GCC_541\Debug\cyfitter_cfg.o
 *fill*         0x000072ce        0x2 
 .rodata        0x000072d0       0x11 .\CortexM3\ARM_GCC_541\Debug\CS301_Class.a(USBUART_std.o)
 *fill*         0x000072e1        0x3 
 .rodata        0x000072e4      0x19c .\CortexM3\ARM_GCC_541\Debug\CS301_Class.a(USBUART_descr.o)
                0x000072e4                USBUART_DEVICE0_DESCR
                0x000072f8                USBUART_DEVICE0_CONFIGURATION0_DESCR
                0x0000733c                USBUART_STRING_DESCRIPTORS
                0x000073dc                USBUART_SN_STRING_DESCRIPTOR
                0x000073e0                USBUART_DEVICE0_CONFIGURATION0_EP_SETTINGS_TABLE
                0x000073f8                USBUART_DEVICE0_CONFIGURATION0_INTERFACE_CLASS
                0x000073fc                USBUART_DEVICE0_CONFIGURATION0_TABLE
                0x00007424                USBUART_DEVICE0_TABLE
                0x0000743c                USBUART_TABLE
                0x00007444                USBUART_MSOS_DESCRIPTOR
                0x00007458                USBUART_MSOS_CONFIGURATION_DESCR
 .rodata.str1.1
                0x00007480        0x2 c:/program files (x86)/cypress/psoc creator/4.2/psoc creator/import/gnu/arm/5.4.1/bin/../lib/gcc/arm-none-eabi/5.4.1/../../../../arm-none-eabi/lib/armv7-m\libg_nano.a(lib_a-impure.o)
 *fill*         0x00007482        0x2 
 .rodata._global_impure_ptr
                0x00007484        0x4 c:/program files (x86)/cypress/psoc creator/4.2/psoc creator/import/gnu/arm/5.4.1/bin/../lib/gcc/arm-none-eabi/5.4.1/../../../../arm-none-eabi/lib/armv7-m\libg_nano.a(lib_a-impure.o)
                0x00007484                _global_impure_ptr
 .rodata.__sf_fake_stdin
                0x00007488       0x20 c:/program files (x86)/cypress/psoc creator/4.2/psoc creator/import/gnu/arm/5.4.1/bin/../lib/gcc/arm-none-eabi/5.4.1/../../../../arm-none-eabi/lib/armv7-m\libg_nano.a(lib_a-findfp.o)
                0x00007488                __sf_fake_stdin
 .rodata.__sf_fake_stdout
                0x000074a8       0x20 c:/program files (x86)/cypress/psoc creator/4.2/psoc creator/import/gnu/arm/5.4.1/bin/../lib/gcc/arm-none-eabi/5.4.1/../../../../arm-none-eabi/lib/armv7-m\libg_nano.a(lib_a-findfp.o)
                0x000074a8                __sf_fake_stdout
 .rodata.__sf_fake_stderr
                0x000074c8       0x20 c:/program files (x86)/cypress/psoc creator/4.2/psoc creator/import/gnu/arm/5.4.1/bin/../lib/gcc/arm-none-eabi/5.4.1/../../../../arm-none-eabi/lib/armv7-m\libg_nano.a(lib_a-findfp.o)
                0x000074c8                __sf_fake_stderr
 .rodata.str1.1
                0x000074e8       0x11 c:/program files (x86)/cypress/psoc creator/4.2/psoc creator/import/gnu/arm/5.4.1/bin/../lib/gcc/arm-none-eabi/5.4.1/../../../../arm-none-eabi/lib/armv7-m\libg_nano.a(lib_a-nano-vfprintf.o)
 .rodata.str1.1
                0x000074f9       0x22 c:/program files (x86)/cypress/psoc creator/4.2/psoc creator/import/gnu/arm/5.4.1/bin/../lib/gcc/arm-none-eabi/5.4.1/../../../../arm-none-eabi/lib/armv7-m\libg_nano.a(lib_a-nano-vfprintf_i.o)
                0x0000751c                . = ALIGN (0x4)
 *fill*         0x0000751b        0x1 
 *(.init)
 .init          0x0000751c        0x4 c:/program files (x86)/cypress/psoc creator/4.2/psoc creator/import/gnu/arm/5.4.1/bin/../lib/gcc/arm-none-eabi/5.4.1/armv7-m/crti.o
                0x0000751c                _init
 .init          0x00007520        0x8 c:/program files (x86)/cypress/psoc creator/4.2/psoc creator/import/gnu/arm/5.4.1/bin/../lib/gcc/arm-none-eabi/5.4.1/armv7-m/crtn.o
                0x00007528                . = ALIGN (0x4)
                0x00007528                __preinit_array_start = .
 *(.preinit_array)
                0x00007528                __preinit_array_end = .
                0x00007528                . = ALIGN (0x4)
                0x00007528                __init_array_start = .
 *(SORT(.init_array.*))
 *(.init_array)
 .init_array    0x00007528        0x4 c:/program files (x86)/cypress/psoc creator/4.2/psoc creator/import/gnu/arm/5.4.1/bin/../lib/gcc/arm-none-eabi/5.4.1/armv7-m/crtbegin.o
 .init_array    0x0000752c        0x4 .\CortexM3\ARM_GCC_541\Debug\Cm3Start.o
                0x00007530                __init_array_end = .
                0x00007530                . = ALIGN (0x4)
 *(.fini)
 .fini          0x00007530        0x4 c:/program files (x86)/cypress/psoc creator/4.2/psoc creator/import/gnu/arm/5.4.1/bin/../lib/gcc/arm-none-eabi/5.4.1/armv7-m/crti.o
                0x00007530                _fini
 .fini          0x00007534        0x8 c:/program files (x86)/cypress/psoc creator/4.2/psoc creator/import/gnu/arm/5.4.1/bin/../lib/gcc/arm-none-eabi/5.4.1/armv7-m/crtn.o
                0x0000753c                . = ALIGN (0x4)
                0x0000753c                __fini_array_start = .
 *(.fini_array)
 .fini_array    0x0000753c        0x4 c:/program files (x86)/cypress/psoc creator/4.2/psoc creator/import/gnu/arm/5.4.1/bin/../lib/gcc/arm-none-eabi/5.4.1/armv7-m/crtbegin.o
 *(SORT(.fini_array.*))
                0x00007540                __fini_array_end = .
                0x00007540                . = ALIGN (0x4)
 *crtbegin.o(.ctors)
 *(EXCLUDE_FILE(*crtend.o) .ctors)
 *(SORT(.ctors.*))
 *crtend.o(.ctors)
                0x00007540                . = ALIGN (0x4)
 *crtbegin.o(.dtors)
 *(EXCLUDE_FILE(*crtend.o) .dtors)
 *(SORT(.dtors.*))
 *crtend.o(.dtors)
                0x00007540                . = ALIGN (0x4)
                0x00007540                __cy_regions = .
                0x00007540        0x4 LONG 0x7550 __cy_region_init_ram
                0x00007544        0x4 LONG 0x1fff80c8 __cy_region_start_data
                0x00007548        0x4 LONG 0x5c8 __cy_region_init_size_ram
                0x0000754c        0x4 LONG 0x22c8 __cy_region_zero_size_ram
                0x00007550                __cy_regions_end = .
                0x00007550                . = ALIGN (0x8)
                0x00007550                _etext = .

.cy_checksum_exclude
                0x00007550        0x0
 *(.cy_checksum_exclude)

.ramvectors     0x1fff8000       0xc0
                0x1fff8000                __cy_region_start_ram = .
 *(.ramvectors)
 .ramvectors    0x1fff8000       0xc0 .\CortexM3\ARM_GCC_541\Debug\Cm3Start.o
                0x1fff8000                CyRamVectors

.noinit         0x1fff80c0        0x5
 *(.noinit)
 .noinit        0x1fff80c0        0x4 .\CortexM3\ARM_GCC_541\Debug\Cm3Start.o
 .noinit        0x1fff80c4        0x1 .\CortexM3\ARM_GCC_541\Debug\CS301_Class.a(CyLib.o)
                0x1fff80c4                CyResetStatus

.data           0x1fff80c8      0x5c8 load address 0x00007550
                0x1fff80c8                __cy_region_start_data = .
 *(.jcr)
 .jcr           0x1fff80c8        0x0 c:/program files (x86)/cypress/psoc creator/4.2/psoc creator/import/gnu/arm/5.4.1/bin/../lib/gcc/arm-none-eabi/5.4.1/armv7-m/crtbegin.o
 .jcr           0x1fff80c8        0x4 c:/program files (x86)/cypress/psoc creator/4.2/psoc creator/import/gnu/arm/5.4.1/bin/../lib/gcc/arm-none-eabi/5.4.1/armv7-m/crtend.o
 *(.got.plt)
 *(.got)
 *(.shdata)
 *(.data .data.* .gnu.linkonce.d.*)
 .data          0x1fff80cc       0x5a .\CortexM3\ARM_GCC_541\Debug\main.o
                0x1fff80cc                flag_rf_transmission_active
                0x1fff80d0                displaystring
                0x1fff8110                currentDirection
                0x1fff8114                previousDirection
                0x1fff8118                currentOrientation
                0x1fff8119                previousOrientation
                0x1fff811c                xBlocksize
                0x1fff8120                yBlocksize
                0x1fff8124                currentRow
                0x1fff8125                currentCol
 *fill*         0x1fff8126        0x2 
 .data          0x1fff8128      0x4c8 .\CortexM3\ARM_GCC_541\Debug\pathfinding.o
                0x1fff8128                currentRobotOrientation
                0x1fff812c                map
                0x1fff85a0                start_pos
                0x1fff85a8                food_list
                0x1fff85d0                moves
 .data          0x1fff85f0        0xa .\CortexM3\ARM_GCC_541\Debug\movement.o
                0x1fff85f0                rangeMovementMultiplier
                0x1fff85f4                minMovementMultiplier
                0x1fff85f8                maxTurnCount
 *fill*         0x1fff85fa        0x2 
 .data          0x1fff85fc        0x4 .\CortexM3\ARM_GCC_541\Debug\Cm3Start.o
 .data          0x1fff8600       0x10 .\CortexM3\ARM_GCC_541\Debug\CS301_Class.a(CyLib.o)
                0x1fff8600                cydelay_freq_hz
                0x1fff8604                cydelay_freq_khz
                0x1fff8608                cydelay_freq_mhz
                0x1fff860c                cydelay_32k_ms
 .data          0x1fff8610       0x1a .\CortexM3\ARM_GCC_541\Debug\CS301_Class.a(USBUART_cdc.o)
                0x1fff8610                USBUART_linesCoding
 *fill*         0x1fff862a        0x2 
 .data.impure_data
                0x1fff862c       0x60 c:/program files (x86)/cypress/psoc creator/4.2/psoc creator/import/gnu/arm/5.4.1/bin/../lib/gcc/arm-none-eabi/5.4.1/../../../../arm-none-eabi/lib/armv7-m\libg_nano.a(lib_a-impure.o)
 .data._impure_ptr
                0x1fff868c        0x4 c:/program files (x86)/cypress/psoc creator/4.2/psoc creator/import/gnu/arm/5.4.1/bin/../lib/gcc/arm-none-eabi/5.4.1/../../../../arm-none-eabi/lib/armv7-m\libg_nano.a(lib_a-impure.o)
                0x1fff868c                _impure_ptr
                0x1fff8690                . = ALIGN (0x8)
 *(.ram)
                0x1fff8690                _edata = .

.igot.plt       0x1fff8690        0x0 load address 0x00007b18
 .igot.plt      0x1fff8690        0x0 c:/program files (x86)/cypress/psoc creator/4.2/psoc creator/import/gnu/arm/5.4.1/bin/../lib/gcc/arm-none-eabi/5.4.1/armv7-m/crtbegin.o

.bss            0x1fff8690     0x22c8 load address 0x00007b18
                0x1fff8690                PROVIDE (__bss_start__, .)
 *(.shbss)
 *(.bss .bss.* .gnu.linkonce.b.*)
 .bss           0x1fff8690       0x1c c:/program files (x86)/cypress/psoc creator/4.2/psoc creator/import/gnu/arm/5.4.1/bin/../lib/gcc/arm-none-eabi/5.4.1/armv7-m/crtbegin.o
 .bss           0x1fff86ac       0x2e .\CortexM3\ARM_GCC_541\Debug\main.o
                0x1fff86ac                ts
                0x1fff86ae                ts_enc
                0x1fff86b0                ts_update
                0x1fff86b2                ts_speed
                0x1fff86b4                ts_display
                0x1fff86b6                flag_ts_enc
                0x1fff86b7                flag_ts_update
                0x1fff86b8                flag_ts_speed
                0x1fff86b9                flag_ts_display
                0x1fff86ba                flag_rx
                0x1fff86bb                flag_packet
                0x1fff86bc                flag_KB_string
                0x1fff86bd                dataready_flag
                0x1fff86be                s6
                0x1fff86c0                totalMilliseconds
                0x1fff86c4                totalDistance
                0x1fff86c8                quadDec2Count
                0x1fff86cc                timerInt
                0x1fff86d0                keepLedOn
                0x1fff86d4                stopBuffer
                0x1fff86d8                stoppedAfterTurn
                0x1fff86d9                ignoreSensor
 *fill*         0x1fff86da        0x2 
 .bss           0x1fff86dc        0x8 .\CortexM3\ARM_GCC_541\Debug\pathfinding.o
                0x1fff86dc                ignoreR
                0x1fff86e0                ignoreL
 .bss           0x1fff86e4        0x1 .\CortexM3\ARM_GCC_541\Debug\usbUART.o
                0x1fff86e4                USBUART_initVar
 *fill*         0x1fff86e5        0x3 
 .bss           0x1fff86e8        0x2 .\CortexM3\ARM_GCC_541\Debug\CS301_Class.a(USBUART_std.o)
 .bss           0x1fff86ea        0x1 .\CortexM3\ARM_GCC_541\Debug\CS301_Class.a(PWM_1.o)
                0x1fff86ea                PWM_1_initVar
 .bss           0x1fff86eb        0x1 .\CortexM3\ARM_GCC_541\Debug\CS301_Class.a(PWM_2.o)
                0x1fff86eb                PWM_2_initVar
 .bss           0x1fff86ec        0x1 .\CortexM3\ARM_GCC_541\Debug\CS301_Class.a(QuadDec_M1.o)
                0x1fff86ec                QuadDec_M1_initVar
 .bss           0x1fff86ed        0x1 .\CortexM3\ARM_GCC_541\Debug\CS301_Class.a(QuadDec_M2.o)
                0x1fff86ed                QuadDec_M2_initVar
 .bss           0x1fff86ee        0x1 .\CortexM3\ARM_GCC_541\Debug\CS301_Class.a(QuadDec_M1_Cnt16.o)
                0x1fff86ee                QuadDec_M1_Cnt16_initVar
 .bss           0x1fff86ef        0x1 .\CortexM3\ARM_GCC_541\Debug\CS301_Class.a(QuadDec_M2_Cnt16.o)
                0x1fff86ef                QuadDec_M2_Cnt16_initVar
 .bss           0x1fff86f0        0x1 .\CortexM3\ARM_GCC_541\Debug\CS301_Class.a(SpeedTimer.o)
                0x1fff86f0                SpeedTimer_initVar
 .bss           0x1fff86f1        0x1 .\CortexM3\ARM_GCC_541\Debug\CS301_Class.a(Timer_LED.o)
                0x1fff86f1                Timer_LED_initVar
 *fill*         0x1fff86f2        0x2 
 .bss.__malloc_sbrk_start
                0x1fff86f4        0x4 c:/program files (x86)/cypress/psoc creator/4.2/psoc creator/import/gnu/arm/5.4.1/bin/../lib/gcc/arm-none-eabi/5.4.1/../../../../arm-none-eabi/lib/armv7-m\libg_nano.a(lib_a-nano-mallocr.o)
                0x1fff86f4                __malloc_sbrk_start
 .bss.__malloc_free_list
                0x1fff86f8        0x4 c:/program files (x86)/cypress/psoc creator/4.2/psoc creator/import/gnu/arm/5.4.1/bin/../lib/gcc/arm-none-eabi/5.4.1/../../../../arm-none-eabi/lib/armv7-m\libg_nano.a(lib_a-nano-mallocr.o)
                0x1fff86f8                __malloc_free_list
 *(COMMON)
 COMMON         0x1fff86fc      0x24b .\CortexM3\ARM_GCC_541\Debug\main.o
                0x1fff86fc                entry
                0x1fff873c                system_state
                0x1fff875c                previousRobotOrientation
                0x1fff8760                line
                0x1fff87a0                usbBuffer
                0x1fff87e0                buffer
                0x1fff8825                s4
                0x1fff8828                Instructions
                0x1fff8945                s5
                0x1fff8946                s3
 *fill*         0x1fff8947        0x1 
 COMMON         0x1fff8948     0x1f30 .\CortexM3\ARM_GCC_541\Debug\pathfinding.o
                0x1fff8948                path_of_coordinates
                0x1fff9230                numSteps
                0x1fff9234                instructionsList
                0x1fff9f90                list_of_optimal_coordinates
 COMMON         0x1fffa878       0x9a .\CortexM3\ARM_GCC_541\Debug\CS301_Class.a(USBUART_drv.o)
                0x1fffa878                USBUART_lastPacketSize
                0x1fffa879                USBUART_device
                0x1fffa87a                USBUART_transferByteCount
                0x1fffa87c                USBUART_transferState
                0x1fffa880                USBUART_interfaceSettingLast
                0x1fffa884                USBUART_currentTD
                0x1fffa890                USBUART_interfaceNumber
                0x1fffa894                USBUART_interfaceClass
                0x1fffa898                USBUART_configurationChanged
                0x1fffa899                USBUART_ep0Mode
                0x1fffa89a                USBUART_deviceAddress
                0x1fffa89b                USBUART_configuration
                0x1fffa89c                USBUART_ep0Count
                0x1fffa89d                USBUART_deviceStatus
                0x1fffa8a0                USBUART_EP
                0x1fffa90c                USBUART_interfaceSetting
                0x1fffa90e                USBUART_ep0Toggle
                0x1fffa910                USBUART_interfaceStatus
 *fill*         0x1fffa912        0x2 
 COMMON         0x1fffa914       0x18 .\CortexM3\ARM_GCC_541\Debug\CS301_Class.a(USBUART_cdc.o)
                0x1fffa914                USBUART_linesChanged
                0x1fffa918                USBUART_cdcDataInEp
                0x1fffa91c                USBUART_cdcCommInInterruptEp
                0x1fffa920                USBUART_cdcDataOutEp
                0x1fffa924                USBUART_serialStateBitmap
                0x1fffa928                USBUART_linesControlBitmap
 COMMON         0x1fffa92c       0x22 .\CortexM3\ARM_GCC_541\Debug\CS301_Class.a(USBUART_descr.o)
                0x1fffa92c                USBUART_idSerialNumberStringDescriptor
 *fill*         0x1fffa94e        0x2 
 COMMON         0x1fffa950        0x4 c:/program files (x86)/cypress/psoc creator/4.2/psoc creator/import/gnu/arm/5.4.1/bin/../lib/gcc/arm-none-eabi/5.4.1/../../../../arm-none-eabi/lib/armv7-m\libg_nano.a(lib_a-reent.o)
                0x1fffa950                errno
                0x1fffa958                . = ALIGN (0x8)
 *fill*         0x1fffa954        0x4 
 *(.ram.b)
                0x1fffa958                _end = .
                0x1fffa958                __end = .
                0x1fffa958                PROVIDE (end, .)
                0x1fffa958                PROVIDE (__bss_end__, .)
                0x00007550                __cy_region_init_ram = LOADADDR (.data)
                0x000005c8                __cy_region_init_size_ram = (_edata - ADDR (.data))
                0x000022c8                __cy_region_zero_size_ram = (_end - _edata)

.heap           0x1fffa958       0x80 load address 0x00007b18
                0x1fffa958                . = _end
                0x1fffa9d8                . = (. + 0x80)
 *fill*         0x1fffa958       0x80 
                0x1fffa9d8                __cy_heap_limit = .

.stack          0x20007800      0x800
                0x20007800                __cy_stack_limit = .
                0x20008000                . = (. + 0x800)
 *fill*         0x20007800      0x800 
                0x00000001                ASSERT ((__cy_stack_limit >= __cy_heap_limit), region RAM overflowed with stack)
                0x00000000                cy_checksum_exclude_size = (CY_APPL_LOADABLE == 0x1)?SIZEOF (.cy_checksum_exclude):0x0
                0x00000001                ASSERT ((cy_checksum_exclude_size <= CY_CHECKSUM_EXCLUDE_SIZE), CY_BOOT: Section .cy_checksum_exclude size exceedes specified limit.)

.cyloadermeta
 *(.cyloadermeta)

.cyloadablemeta
 *(.cyloadablemeta)

.cyconfigecc    0x80000000      0xd78
 *(.cyconfigecc)
 .cyconfigecc   0x80000000      0xd78 .\CortexM3\ARM_GCC_541\Debug\cymetadata.o
                0x80000000                cy_meta_configecc

.cycustnvl      0x90000000        0x4
 *(.cycustnvl)
 .cycustnvl     0x90000000        0x4 .\CortexM3\ARM_GCC_541\Debug\cymetadata.o
                0x90000000                cy_meta_custnvl

.cywolatch      0x90100000        0x4
 *(.cywolatch)
 .cywolatch     0x90100000        0x4 .\CortexM3\ARM_GCC_541\Debug\cymetadata.o
                0x90100000                cy_meta_wonvl

.cyeeprom       0x90200000        0x0
 *(.cyeeprom)
                0x00000001                ASSERT ((. <= ((0x90200000 + ee_offset) + ee_size)), .cyeeprom data will not fit in EEPROM)

.cyflashprotect
                0x90400000      0x100
 *(.cyflashprotect)
 .cyflashprotect
                0x90400000      0x100 .\CortexM3\ARM_GCC_541\Debug\cymetadata.o
                0x90400000                cy_meta_flashprotect

.cymeta         0x90500000        0xc
 *(.cymeta)
 .cymeta        0x90500000        0xc .\CortexM3\ARM_GCC_541\Debug\cymetadata.o
                0x90500000                cy_metadata

.rel.dyn        0x00007b18        0x0 load address 0x9050000c
 .rel.iplt      0x00007b18        0x0 c:/program files (x86)/cypress/psoc creator/4.2/psoc creator/import/gnu/arm/5.4.1/bin/../lib/gcc/arm-none-eabi/5.4.1/armv7-m/crtbegin.o

.stab           0x00000000       0x9c
 *(.stab)
 .stab          0x00000000       0x24 c:/program files (x86)/cypress/psoc creator/4.2/psoc creator/import/gnu/arm/5.4.1/bin/../lib/gcc/arm-none-eabi/5.4.1/../../../../arm-none-eabi/lib/armv7-m\libnosys.a(close.o)
 .stab          0x00000024       0x18 c:/program files (x86)/cypress/psoc creator/4.2/psoc creator/import/gnu/arm/5.4.1/bin/../lib/gcc/arm-none-eabi/5.4.1/../../../../arm-none-eabi/lib/armv7-m\libnosys.a(fstat.o)
                                 0x24 (size before relaxing)
 .stab          0x0000003c       0x18 c:/program files (x86)/cypress/psoc creator/4.2/psoc creator/import/gnu/arm/5.4.1/bin/../lib/gcc/arm-none-eabi/5.4.1/../../../../arm-none-eabi/lib/armv7-m\libnosys.a(isatty.o)
                                 0x24 (size before relaxing)
 .stab          0x00000054       0x18 c:/program files (x86)/cypress/psoc creator/4.2/psoc creator/import/gnu/arm/5.4.1/bin/../lib/gcc/arm-none-eabi/5.4.1/../../../../arm-none-eabi/lib/armv7-m\libnosys.a(lseek.o)
                                 0x24 (size before relaxing)
 .stab          0x0000006c       0x18 c:/program files (x86)/cypress/psoc creator/4.2/psoc creator/import/gnu/arm/5.4.1/bin/../lib/gcc/arm-none-eabi/5.4.1/../../../../arm-none-eabi/lib/armv7-m\libnosys.a(read.o)
                                 0x24 (size before relaxing)
 .stab          0x00000084       0x18 c:/program files (x86)/cypress/psoc creator/4.2/psoc creator/import/gnu/arm/5.4.1/bin/../lib/gcc/arm-none-eabi/5.4.1/../../../../arm-none-eabi/lib/armv7-m\libnosys.a(write.o)
                                 0x24 (size before relaxing)

.stabstr        0x00000000      0x14d
 *(.stabstr)
 .stabstr       0x00000000      0x14d c:/program files (x86)/cypress/psoc creator/4.2/psoc creator/import/gnu/arm/5.4.1/bin/../lib/gcc/arm-none-eabi/5.4.1/../../../../arm-none-eabi/lib/armv7-m\libnosys.a(close.o)

.debug
 *(.debug)

.line
 *(.line)

.debug_srcinfo
 *(.debug_srcinfo)

.debug_sfnames
 *(.debug_sfnames)

.debug_aranges  0x00000000     0x1280
 *(.debug_aranges)
 .debug_aranges
                0x00000000       0x80 .\CortexM3\ARM_GCC_541\Debug\main.o
 .debug_aranges
                0x00000080       0x28 .\CortexM3\ARM_GCC_541\Debug\tacho.o
 .debug_aranges
                0x000000a8       0x20 .\CortexM3\ARM_GCC_541\Debug\initialise.o
 .debug_aranges
                0x000000c8       0x68 .\CortexM3\ARM_GCC_541\Debug\pathfinding.o
 .debug_aranges
                0x00000130       0x50 .\CortexM3\ARM_GCC_541\Debug\movement.o
 .debug_aranges
                0x00000180       0xc8 .\CortexM3\ARM_GCC_541\Debug\usbUART.o
 .debug_aranges
                0x00000248       0x60 .\CortexM3\ARM_GCC_541\Debug\cyfitter_cfg.o
 .debug_aranges
                0x000002a8       0x18 .\CortexM3\ARM_GCC_541\Debug\cymetadata.o
 .debug_aranges
                0x000002c0       0x48 .\CortexM3\ARM_GCC_541\Debug\Cm3Start.o
 .debug_aranges
                0x00000308       0x98 .\CortexM3\ARM_GCC_541\Debug\CS301_Class.a(USBUART_drv.o)
 .debug_aranges
                0x000003a0       0x40 .\CortexM3\ARM_GCC_541\Debug\CS301_Class.a(USBUART_episr.o)
 .debug_aranges
                0x000003e0       0x40 .\CortexM3\ARM_GCC_541\Debug\CS301_Class.a(USBUART_pm.o)
 .debug_aranges
                0x00000420       0x80 .\CortexM3\ARM_GCC_541\Debug\CS301_Class.a(USBUART_std.o)
 .debug_aranges
                0x000004a0       0x20 .\CortexM3\ARM_GCC_541\Debug\CS301_Class.a(USBUART_vnd.o)
 .debug_aranges
                0x000004c0       0x48 .\CortexM3\ARM_GCC_541\Debug\CS301_Class.a(USBUART_Dp.o)
 .debug_aranges
                0x00000508      0x2a0 .\CortexM3\ARM_GCC_541\Debug\CS301_Class.a(CyLib.o)
 .debug_aranges
                0x000007a8       0x98 .\CortexM3\ARM_GCC_541\Debug\CS301_Class.a(cyPm.o)
 .debug_aranges
                0x00000840       0x78 .\CortexM3\ARM_GCC_541\Debug\CS301_Class.a(PWM_1.o)
 .debug_aranges
                0x000008b8       0x70 .\CortexM3\ARM_GCC_541\Debug\CS301_Class.a(Clock_PWM.o)
 .debug_aranges
                0x00000928       0x78 .\CortexM3\ARM_GCC_541\Debug\CS301_Class.a(PWM_2.o)
 .debug_aranges
                0x000009a0       0x60 .\CortexM3\ARM_GCC_541\Debug\CS301_Class.a(QuadDec_M1.o)
 .debug_aranges
                0x00000a00       0x60 .\CortexM3\ARM_GCC_541\Debug\CS301_Class.a(QuadDec_M2.o)
 .debug_aranges
                0x00000a60       0x98 .\CortexM3\ARM_GCC_541\Debug\CS301_Class.a(QuadDec_M1_Cnt16.o)
 .debug_aranges
                0x00000af8       0x98 .\CortexM3\ARM_GCC_541\Debug\CS301_Class.a(QuadDec_M2_Cnt16.o)
 .debug_aranges
                0x00000b90       0x28 .\CortexM3\ARM_GCC_541\Debug\CS301_Class.a(RF_BT_SELECT.o)
 .debug_aranges
                0x00000bb8       0x88 .\CortexM3\ARM_GCC_541\Debug\CS301_Class.a(SpeedTimer.o)
 .debug_aranges
                0x00000c40       0x80 .\CortexM3\ARM_GCC_541\Debug\CS301_Class.a(isr_speed.o)
 .debug_aranges
                0x00000cc0       0x70 .\CortexM3\ARM_GCC_541\Debug\CS301_Class.a(SpeedClock.o)
 .debug_aranges
                0x00000d30       0x88 .\CortexM3\ARM_GCC_541\Debug\CS301_Class.a(Timer_LED.o)
 .debug_aranges
                0x00000db8       0x80 .\CortexM3\ARM_GCC_541\Debug\CS301_Class.a(isr_Timer_LED.o)
 .debug_aranges
                0x00000e38       0x80 .\CortexM3\ARM_GCC_541\Debug\CS301_Class.a(S3_detected.o)
 .debug_aranges
                0x00000eb8       0x80 .\CortexM3\ARM_GCC_541\Debug\CS301_Class.a(S4_detected.o)
 .debug_aranges
                0x00000f38       0x80 .\CortexM3\ARM_GCC_541\Debug\CS301_Class.a(S5_detected.o)
 .debug_aranges
                0x00000fb8       0x80 .\CortexM3\ARM_GCC_541\Debug\CS301_Class.a(S6_detected.o)
 .debug_aranges
                0x00001038       0x20 .\CortexM3\ARM_GCC_541\Debug\CS301_Class.a(CyBootAsmGnu.o)
 .debug_aranges
                0x00001058       0xe8 .\CortexM3\ARM_GCC_541\Debug\CS301_Class.a(USBUART_cdc.o)
 .debug_aranges
                0x00001140       0x20 .\CortexM3\ARM_GCC_541\Debug\CS301_Class.a(USBUART_cls.o)
 .debug_aranges
                0x00001160       0x18 .\CortexM3\ARM_GCC_541\Debug\CS301_Class.a(USBUART_descr.o)
 .debug_aranges
                0x00001178       0x88 .\CortexM3\ARM_GCC_541\Debug\CS301_Class.a(CyFlash.o)
 .debug_aranges
                0x00001200       0x80 .\CortexM3\ARM_GCC_541\Debug\CS301_Class.a(CySpc.o)

.debug_pubnames
 *(.debug_pubnames)

.debug_info     0x00000000     0x8827
 *(.debug_info .gnu.linkonce.wi.*)
 .debug_info    0x00000000      0x733 .\CortexM3\ARM_GCC_541\Debug\main.o
 .debug_info    0x00000733      0x14e .\CortexM3\ARM_GCC_541\Debug\tacho.o
 .debug_info    0x00000881       0xc7 .\CortexM3\ARM_GCC_541\Debug\initialise.o
 .debug_info    0x00000948      0x821 .\CortexM3\ARM_GCC_541\Debug\pathfinding.o
 .debug_info    0x00001169      0x24c .\CortexM3\ARM_GCC_541\Debug\movement.o
 .debug_info    0x000013b5      0x717 .\CortexM3\ARM_GCC_541\Debug\usbUART.o
 .debug_info    0x00001acc      0x39a .\CortexM3\ARM_GCC_541\Debug\cyfitter_cfg.o
 .debug_info    0x00001e66      0x139 .\CortexM3\ARM_GCC_541\Debug\cymetadata.o
 .debug_info    0x00001f9f      0x32b .\CortexM3\ARM_GCC_541\Debug\Cm3Start.o
 .debug_info    0x000022ca      0x52d .\CortexM3\ARM_GCC_541\Debug\CS301_Class.a(USBUART_drv.o)
 .debug_info    0x000027f7      0x23b .\CortexM3\ARM_GCC_541\Debug\CS301_Class.a(USBUART_episr.o)
 .debug_info    0x00002a32      0x18d .\CortexM3\ARM_GCC_541\Debug\CS301_Class.a(USBUART_pm.o)
 .debug_info    0x00002bbf      0x961 .\CortexM3\ARM_GCC_541\Debug\CS301_Class.a(USBUART_std.o)
 .debug_info    0x00003520      0x1a9 .\CortexM3\ARM_GCC_541\Debug\CS301_Class.a(USBUART_vnd.o)
 .debug_info    0x000036c9      0x171 .\CortexM3\ARM_GCC_541\Debug\CS301_Class.a(USBUART_Dp.o)
 .debug_info    0x0000383a      0xe51 .\CortexM3\ARM_GCC_541\Debug\CS301_Class.a(CyLib.o)
 .debug_info    0x0000468b      0x57a .\CortexM3\ARM_GCC_541\Debug\CS301_Class.a(cyPm.o)
 .debug_info    0x00004c05      0x235 .\CortexM3\ARM_GCC_541\Debug\CS301_Class.a(PWM_1.o)
 .debug_info    0x00004e3a      0x25d .\CortexM3\ARM_GCC_541\Debug\CS301_Class.a(Clock_PWM.o)
 .debug_info    0x00005097      0x235 .\CortexM3\ARM_GCC_541\Debug\CS301_Class.a(PWM_2.o)
 .debug_info    0x000052cc      0x208 .\CortexM3\ARM_GCC_541\Debug\CS301_Class.a(QuadDec_M1.o)
 .debug_info    0x000054d4      0x208 .\CortexM3\ARM_GCC_541\Debug\CS301_Class.a(QuadDec_M2.o)
 .debug_info    0x000056dc      0x291 .\CortexM3\ARM_GCC_541\Debug\CS301_Class.a(QuadDec_M1_Cnt16.o)
 .debug_info    0x0000596d      0x291 .\CortexM3\ARM_GCC_541\Debug\CS301_Class.a(QuadDec_M2_Cnt16.o)
 .debug_info    0x00005bfe       0xd7 .\CortexM3\ARM_GCC_541\Debug\CS301_Class.a(RF_BT_SELECT.o)
 .debug_info    0x00005cd5      0x245 .\CortexM3\ARM_GCC_541\Debug\CS301_Class.a(SpeedTimer.o)
 .debug_info    0x00005f1a      0x241 .\CortexM3\ARM_GCC_541\Debug\CS301_Class.a(isr_speed.o)
 .debug_info    0x0000615b      0x25d .\CortexM3\ARM_GCC_541\Debug\CS301_Class.a(SpeedClock.o)
 .debug_info    0x000063b8      0x245 .\CortexM3\ARM_GCC_541\Debug\CS301_Class.a(Timer_LED.o)
 .debug_info    0x000065fd      0x241 .\CortexM3\ARM_GCC_541\Debug\CS301_Class.a(isr_Timer_LED.o)
 .debug_info    0x0000683e      0x241 .\CortexM3\ARM_GCC_541\Debug\CS301_Class.a(S3_detected.o)
 .debug_info    0x00006a7f      0x241 .\CortexM3\ARM_GCC_541\Debug\CS301_Class.a(S4_detected.o)
 .debug_info    0x00006cc0      0x241 .\CortexM3\ARM_GCC_541\Debug\CS301_Class.a(S5_detected.o)
 .debug_info    0x00006f01      0x241 .\CortexM3\ARM_GCC_541\Debug\CS301_Class.a(S6_detected.o)
 .debug_info    0x00007142       0x9f .\CortexM3\ARM_GCC_541\Debug\CS301_Class.a(CyBootAsmGnu.o)
 .debug_info    0x000071e1      0x924 .\CortexM3\ARM_GCC_541\Debug\CS301_Class.a(USBUART_cdc.o)
 .debug_info    0x00007b05      0x1c8 .\CortexM3\ARM_GCC_541\Debug\CS301_Class.a(USBUART_cls.o)
 .debug_info    0x00007ccd      0x2e1 .\CortexM3\ARM_GCC_541\Debug\CS301_Class.a(USBUART_descr.o)
 .debug_info    0x00007fae      0x3b9 .\CortexM3\ARM_GCC_541\Debug\CS301_Class.a(CyFlash.o)
 .debug_info    0x00008367      0x4c0 .\CortexM3\ARM_GCC_541\Debug\CS301_Class.a(CySpc.o)

.debug_abbrev   0x00000000     0x301c
 *(.debug_abbrev)
 .debug_abbrev  0x00000000      0x235 .\CortexM3\ARM_GCC_541\Debug\main.o
 .debug_abbrev  0x00000235       0x96 .\CortexM3\ARM_GCC_541\Debug\tacho.o
 .debug_abbrev  0x000002cb       0x65 .\CortexM3\ARM_GCC_541\Debug\initialise.o
 .debug_abbrev  0x00000330      0x213 .\CortexM3\ARM_GCC_541\Debug\pathfinding.o
 .debug_abbrev  0x00000543       0xaa .\CortexM3\ARM_GCC_541\Debug\movement.o
 .debug_abbrev  0x000005ed      0x1f3 .\CortexM3\ARM_GCC_541\Debug\usbUART.o
 .debug_abbrev  0x000007e0      0x19d .\CortexM3\ARM_GCC_541\Debug\cyfitter_cfg.o
 .debug_abbrev  0x0000097d       0x77 .\CortexM3\ARM_GCC_541\Debug\cymetadata.o
 .debug_abbrev  0x000009f4      0x1d6 .\CortexM3\ARM_GCC_541\Debug\Cm3Start.o
 .debug_abbrev  0x00000bca      0x161 .\CortexM3\ARM_GCC_541\Debug\CS301_Class.a(USBUART_drv.o)
 .debug_abbrev  0x00000d2b       0xfd .\CortexM3\ARM_GCC_541\Debug\CS301_Class.a(USBUART_episr.o)
 .debug_abbrev  0x00000e28       0xd1 .\CortexM3\ARM_GCC_541\Debug\CS301_Class.a(USBUART_pm.o)
 .debug_abbrev  0x00000ef9      0x1c2 .\CortexM3\ARM_GCC_541\Debug\CS301_Class.a(USBUART_std.o)
 .debug_abbrev  0x000010bb       0xc5 .\CortexM3\ARM_GCC_541\Debug\CS301_Class.a(USBUART_vnd.o)
 .debug_abbrev  0x00001180       0x90 .\CortexM3\ARM_GCC_541\Debug\CS301_Class.a(USBUART_Dp.o)
 .debug_abbrev  0x00001210      0x217 .\CortexM3\ARM_GCC_541\Debug\CS301_Class.a(CyLib.o)
 .debug_abbrev  0x00001427      0x161 .\CortexM3\ARM_GCC_541\Debug\CS301_Class.a(cyPm.o)
 .debug_abbrev  0x00001588      0x116 .\CortexM3\ARM_GCC_541\Debug\CS301_Class.a(PWM_1.o)
 .debug_abbrev  0x0000169e      0x11d .\CortexM3\ARM_GCC_541\Debug\CS301_Class.a(Clock_PWM.o)
 .debug_abbrev  0x000017bb      0x116 .\CortexM3\ARM_GCC_541\Debug\CS301_Class.a(PWM_2.o)
 .debug_abbrev  0x000018d1      0x130 .\CortexM3\ARM_GCC_541\Debug\CS301_Class.a(QuadDec_M1.o)
 .debug_abbrev  0x00001a01      0x130 .\CortexM3\ARM_GCC_541\Debug\CS301_Class.a(QuadDec_M2.o)
 .debug_abbrev  0x00001b31      0x12c .\CortexM3\ARM_GCC_541\Debug\CS301_Class.a(QuadDec_M1_Cnt16.o)
 .debug_abbrev  0x00001c5d      0x12c .\CortexM3\ARM_GCC_541\Debug\CS301_Class.a(QuadDec_M2_Cnt16.o)
 .debug_abbrev  0x00001d89       0x81 .\CortexM3\ARM_GCC_541\Debug\CS301_Class.a(RF_BT_SELECT.o)
 .debug_abbrev  0x00001e0a       0xe9 .\CortexM3\ARM_GCC_541\Debug\CS301_Class.a(SpeedTimer.o)
 .debug_abbrev  0x00001ef3      0x172 .\CortexM3\ARM_GCC_541\Debug\CS301_Class.a(isr_speed.o)
 .debug_abbrev  0x00002065      0x11d .\CortexM3\ARM_GCC_541\Debug\CS301_Class.a(SpeedClock.o)
 .debug_abbrev  0x00002182       0xe9 .\CortexM3\ARM_GCC_541\Debug\CS301_Class.a(Timer_LED.o)
 .debug_abbrev  0x0000226b      0x172 .\CortexM3\ARM_GCC_541\Debug\CS301_Class.a(isr_Timer_LED.o)
 .debug_abbrev  0x000023dd      0x172 .\CortexM3\ARM_GCC_541\Debug\CS301_Class.a(S3_detected.o)
 .debug_abbrev  0x0000254f      0x172 .\CortexM3\ARM_GCC_541\Debug\CS301_Class.a(S4_detected.o)
 .debug_abbrev  0x000026c1      0x172 .\CortexM3\ARM_GCC_541\Debug\CS301_Class.a(S5_detected.o)
 .debug_abbrev  0x00002833      0x172 .\CortexM3\ARM_GCC_541\Debug\CS301_Class.a(S6_detected.o)
 .debug_abbrev  0x000029a5       0x14 .\CortexM3\ARM_GCC_541\Debug\CS301_Class.a(CyBootAsmGnu.o)
 .debug_abbrev  0x000029b9      0x233 .\CortexM3\ARM_GCC_541\Debug\CS301_Class.a(USBUART_cdc.o)
 .debug_abbrev  0x00002bec       0xc5 .\CortexM3\ARM_GCC_541\Debug\CS301_Class.a(USBUART_cls.o)
 .debug_abbrev  0x00002cb1       0xb4 .\CortexM3\ARM_GCC_541\Debug\CS301_Class.a(USBUART_descr.o)
 .debug_abbrev  0x00002d65      0x14b .\CortexM3\ARM_GCC_541\Debug\CS301_Class.a(CyFlash.o)
 .debug_abbrev  0x00002eb0      0x16c .\CortexM3\ARM_GCC_541\Debug\CS301_Class.a(CySpc.o)

.debug_line     0x00000000     0x4a17
 *(.debug_line)
 .debug_line    0x00000000      0x437 .\CortexM3\ARM_GCC_541\Debug\main.o
 .debug_line    0x00000437      0x183 .\CortexM3\ARM_GCC_541\Debug\tacho.o
 .debug_line    0x000005ba      0x168 .\CortexM3\ARM_GCC_541\Debug\initialise.o
 .debug_line    0x00000722      0x432 .\CortexM3\ARM_GCC_541\Debug\pathfinding.o
 .debug_line    0x00000b54      0x1ec .\CortexM3\ARM_GCC_541\Debug\movement.o
 .debug_line    0x00000d40      0x307 .\CortexM3\ARM_GCC_541\Debug\usbUART.o
 .debug_line    0x00001047      0x1f8 .\CortexM3\ARM_GCC_541\Debug\cyfitter_cfg.o
 .debug_line    0x0000123f      0x141 .\CortexM3\ARM_GCC_541\Debug\cymetadata.o
 .debug_line    0x00001380      0x1dc .\CortexM3\ARM_GCC_541\Debug\Cm3Start.o
 .debug_line    0x0000155c      0x21f .\CortexM3\ARM_GCC_541\Debug\CS301_Class.a(USBUART_drv.o)
 .debug_line    0x0000177b       0xf2 .\CortexM3\ARM_GCC_541\Debug\CS301_Class.a(USBUART_episr.o)
 .debug_line    0x0000186d       0xe6 .\CortexM3\ARM_GCC_541\Debug\CS301_Class.a(USBUART_pm.o)
 .debug_line    0x00001953      0x470 .\CortexM3\ARM_GCC_541\Debug\CS301_Class.a(USBUART_std.o)
 .debug_line    0x00001dc3       0x8f .\CortexM3\ARM_GCC_541\Debug\CS301_Class.a(USBUART_vnd.o)
 .debug_line    0x00001e52       0xbf .\CortexM3\ARM_GCC_541\Debug\CS301_Class.a(USBUART_Dp.o)
 .debug_line    0x00001f11      0x883 .\CortexM3\ARM_GCC_541\Debug\CS301_Class.a(CyLib.o)
 .debug_line    0x00002794      0x38e .\CortexM3\ARM_GCC_541\Debug\CS301_Class.a(cyPm.o)
 .debug_line    0x00002b22      0x140 .\CortexM3\ARM_GCC_541\Debug\CS301_Class.a(PWM_1.o)
 .debug_line    0x00002c62      0x1a8 .\CortexM3\ARM_GCC_541\Debug\CS301_Class.a(Clock_PWM.o)
 .debug_line    0x00002e0a      0x140 .\CortexM3\ARM_GCC_541\Debug\CS301_Class.a(PWM_2.o)
 .debug_line    0x00002f4a      0x10a .\CortexM3\ARM_GCC_541\Debug\CS301_Class.a(QuadDec_M1.o)
 .debug_line    0x00003054      0x10a .\CortexM3\ARM_GCC_541\Debug\CS301_Class.a(QuadDec_M2.o)
 .debug_line    0x0000315e      0x18e .\CortexM3\ARM_GCC_541\Debug\CS301_Class.a(QuadDec_M1_Cnt16.o)
 .debug_line    0x000032ec      0x18e .\CortexM3\ARM_GCC_541\Debug\CS301_Class.a(QuadDec_M2_Cnt16.o)
 .debug_line    0x0000347a       0x75 .\CortexM3\ARM_GCC_541\Debug\CS301_Class.a(RF_BT_SELECT.o)
 .debug_line    0x000034ef      0x162 .\CortexM3\ARM_GCC_541\Debug\CS301_Class.a(SpeedTimer.o)