Archive member included to satisfy reference by file (symbol)

.\CortexM3\ARM_GCC_541\Debug\CS301_Class.a(USBUART_drv.o)
                              .\CortexM3\ARM_GCC_541\Debug\usbUART.o (USBUART_EP)
.\CortexM3\ARM_GCC_541\Debug\CS301_Class.a(USBUART_episr.o)
                              .\CortexM3\ARM_GCC_541\Debug\usbUART.o (USBUART_EP_1_ISR)
.\CortexM3\ARM_GCC_541\Debug\CS301_Class.a(USBUART_pm.o)
                              .\CortexM3\ARM_GCC_541\Debug\usbUART.o (USBUART_DP_ISR)
.\CortexM3\ARM_GCC_541\Debug\CS301_Class.a(USBUART_std.o)
                              .\CortexM3\ARM_GCC_541\Debug\CS301_Class.a(USBUART_drv.o) (USBUART_HandleStandardRqst)
.\CortexM3\ARM_GCC_541\Debug\CS301_Class.a(USBUART_vnd.o)
                              .\CortexM3\ARM_GCC_541\Debug\CS301_Class.a(USBUART_drv.o) (USBUART_HandleVendorRqst)
.\CortexM3\ARM_GCC_541\Debug\CS301_Class.a(USBUART_Dp.o)
                              .\CortexM3\ARM_GCC_541\Debug\usbUART.o (USBUART_Dp_ClearInterrupt)
.\CortexM3\ARM_GCC_541\Debug\CS301_Class.a(CyLib.o)
                              .\CortexM3\ARM_GCC_541\Debug\Cm3Start.o (CyResetStatus)
.\CortexM3\ARM_GCC_541\Debug\CS301_Class.a(cyPm.o)
                              .\CortexM3\ARM_GCC_541\Debug\CS301_Class.a(CyLib.o) (CyPmReadStatus)
.\CortexM3\ARM_GCC_541\Debug\CS301_Class.a(PWM_1.o)
                              .\CortexM3\ARM_GCC_541\Debug\initialise.o (PWM_1_Start)
.\CortexM3\ARM_GCC_541\Debug\CS301_Class.a(Clock_PWM.o)
                              .\CortexM3\ARM_GCC_541\Debug\initialise.o (Clock_PWM_Start)
.\CortexM3\ARM_GCC_541\Debug\CS301_Class.a(PWM_2.o)
                              .\CortexM3\ARM_GCC_541\Debug\initialise.o (PWM_2_Start)
.\CortexM3\ARM_GCC_541\Debug\CS301_Class.a(QuadDec_M1.o)
                              .\CortexM3\ARM_GCC_541\Debug\initialise.o (QuadDec_M1_Start)
.\CortexM3\ARM_GCC_541\Debug\CS301_Class.a(QuadDec_M2.o)
                              .\CortexM3\ARM_GCC_541\Debug\main.o (QuadDec_M2_Start)
.\CortexM3\ARM_GCC_541\Debug\CS301_Class.a(QuadDec_M1_Cnt16.o)
                              .\CortexM3\ARM_GCC_541\Debug\CS301_Class.a(QuadDec_M1.o) (QuadDec_M1_Cnt16_WriteCounter)
.\CortexM3\ARM_GCC_541\Debug\CS301_Class.a(QuadDec_M2_Cnt16.o)
                              .\CortexM3\ARM_GCC_541\Debug\CS301_Class.a(QuadDec_M2.o) (QuadDec_M2_Cnt16_WriteCounter)
.\CortexM3\ARM_GCC_541\Debug\CS301_Class.a(RF_BT_SELECT.o)
                              .\CortexM3\ARM_GCC_541\Debug\main.o (RF_BT_SELECT_Write)
.\CortexM3\ARM_GCC_541\Debug\CS301_Class.a(SpeedTimer.o)
                              .\CortexM3\ARM_GCC_541\Debug\initialise.o (SpeedTimer_Start)
.\CortexM3\ARM_GCC_541\Debug\CS301_Class.a(isr_speed.o)
                              .\CortexM3\ARM_GCC_541\Debug\main.o (isr_speed_StartEx)
.\CortexM3\ARM_GCC_541\Debug\CS301_Class.a(SpeedClock.o)
                              .\CortexM3\ARM_GCC_541\Debug\initialise.o (SpeedClock_Start)
.\CortexM3\ARM_GCC_541\Debug\CS301_Class.a(Timer_LED.o)
                              .\CortexM3\ARM_GCC_541\Debug\main.o (Timer_LED_Start)
.\CortexM3\ARM_GCC_541\Debug\CS301_Class.a(isr_Timer_LED.o)
                              .\CortexM3\ARM_GCC_541\Debug\main.o (isr_Timer_LED_StartEx)
.\CortexM3\ARM_GCC_541\Debug\CS301_Class.a(S3_detected.o)
                              .\CortexM3\ARM_GCC_541\Debug\main.o (S3_detected_StartEx)
.\CortexM3\ARM_GCC_541\Debug\CS301_Class.a(S4_detected.o)
                              .\CortexM3\ARM_GCC_541\Debug\main.o (S4_detected_StartEx)
.\CortexM3\ARM_GCC_541\Debug\CS301_Class.a(S5_detected.o)
                              .\CortexM3\ARM_GCC_541\Debug\main.o (S5_detected_StartEx)
.\CortexM3\ARM_GCC_541\Debug\CS301_Class.a(S6_detected.o)
                              .\CortexM3\ARM_GCC_541\Debug\main.o (S6_detected_StartEx)
.\CortexM3\ARM_GCC_541\Debug\CS301_Class.a(CyBootAsmGnu.o)
                              .\CortexM3\ARM_GCC_541\Debug\usbUART.o (CyDelayCycles)
.\CortexM3\ARM_GCC_541\Debug\CS301_Class.a(USBUART_cdc.o)
                              .\CortexM3\ARM_GCC_541\Debug\CS301_Class.a(USBUART_std.o) (USBUART_Cdc_EpInit)
.\CortexM3\ARM_GCC_541\Debug\CS301_Class.a(USBUART_cls.o)
                              .\CortexM3\ARM_GCC_541\Debug\CS301_Class.a(USBUART_drv.o) (USBUART_DispatchClassRqst)
.\CortexM3\ARM_GCC_541\Debug\CS301_Class.a(USBUART_descr.o)
                              .\CortexM3\ARM_GCC_541\Debug\CS301_Class.a(USBUART_std.o) (USBUART_DEVICE0_DESCR)
.\CortexM3\ARM_GCC_541\Debug\CS301_Class.a(CyFlash.o)
                              .\CortexM3\ARM_GCC_541\Debug\CS301_Class.a(cyPm.o) (CyFlash_SetWaitCycles)
.\CortexM3\ARM_GCC_541\Debug\CS301_Class.a(CySpc.o)
                              .\CortexM3\ARM_GCC_541\Debug\CS301_Class.a(CyFlash.o) (CySpcStart)
c:/program files (x86)/cypress/psoc creator/4.2/psoc creator/import/gnu/arm/5.4.1/bin/../lib/gcc/arm-none-eabi/5.4.1/armv7-m\libgcc.a(_arm_addsubdf3.o)
[...]
Memory Configuration

Name             Origin             Length             Attributes
rom              0x00000000         0x00040000         xr
ram              0x1fff8000         0x00010000         xrw
*default*        0x00000000         0xffffffff

Linker script and memory map

LOAD c:/program files (x86)/cypress/psoc creator/4.2/psoc creator/import/gnu/arm/5.4.1/bin/../lib/gcc/arm-none-eabi/5.4.1/armv7-m/crti.o
LOAD c:/program files (x86)/cypress/psoc creator/4.2/psoc creator/import/gnu/arm/5.4.1/bin/../lib/gcc/arm-none-eabi/5.4.1/armv7-m/crtbegin.o
LOAD c:/program files (x86)/cypress/psoc creator/4.2/psoc creator/import/gnu/arm/5.4.1/bin/../lib/gcc/arm-none-eabi/5.4.1/../../../../arm-none-eabi/lib/armv7-m/crt0.o
START GROUP
LOAD .\CortexM3\ARM_GCC_541\Debug\main.o
LOAD .\CortexM3\ARM_GCC_541\Debug\tacho.o
LOAD .\CortexM3\ARM_GCC_541\Debug\initialise.o
LOAD .\CortexM3\ARM_GCC_541\Debug\pathfinding.o
LOAD .\CortexM3\ARM_GCC_541\Debug\movement.o
LOAD .\CortexM3\ARM_GCC_541\Debug\usbUART.o
LOAD .\CortexM3\ARM_GCC_541\Debug\cyfitter_cfg.o
LOAD .\CortexM3\ARM_GCC_541\Debug\cymetadata.o
LOAD .\CortexM3\ARM_GCC_541\Debug\Cm3Start.o
LOAD .\CortexM3\ARM_GCC_541\Debug\CS301_Class.a
LOAD C:\Program Files (x86)\Cypress\PSoC Creator\4.2\PSoC Creator\psoc\content\cycomponentlibrary\CyComponentLibrary.cylib\CortexM3\ARM_GCC_541\Debug\CyComponentLibrary.a
END GROUP
START GROUP
LOAD c:/program files (x86)/cypress/psoc creator/4.2/psoc creator/import/gnu/arm/5.4.1/bin/../lib/gcc/arm-none-eabi/5.4.1/armv7-m\libgcc.a
LOAD c:/program files (x86)/cypress/psoc creator/4.2/psoc creator/import/gnu/arm/5.4.1/bin/../lib/gcc/arm-none-eabi/5.4.1/../../../../arm-none-eabi/lib/armv7-m\libg_nano.a
LOAD c:/program files (x86)/cypress/psoc creator/4.2/psoc creator/import/gnu/arm/5.4.1/bin/../lib/gcc/arm-none-eabi/5.4.1/../../../../arm-none-eabi/lib/armv7-m\libc_nano.a
END GROUP
START GROUP
LOAD c:/program files (x86)/cypress/psoc creator/4.2/psoc creator/import/gnu/arm/5.4.1/bin/../lib/gcc/arm-none-eabi/5.4.1/armv7-m\libgcc.a
LOAD c:/program files (x86)/cypress/psoc creator/4.2/psoc creator/import/gnu/arm/5.4.1/bin/../lib/gcc/arm-none-eabi/5.4.1/../../../../arm-none-eabi/lib/armv7-m\libc_nano.a
END GROUP
LOAD c:/program files (x86)/cypress/psoc creator/4.2/psoc creator/import/gnu/arm/5.4.1/bin/../lib/gcc/arm-none-eabi/5.4.1/armv7-m/crtend.o
LOAD c:/program files (x86)/cypress/psoc creator/4.2/psoc creator/import/gnu/arm/5.4.1/bin/../lib/gcc/arm-none-eabi/5.4.1/armv7-m/crtn.o
START GROUP
LOAD c:/program files (x86)/cypress/psoc creator/4.2/psoc creator/import/gnu/arm/5.4.1/bin/../lib/gcc/arm-none-eabi/5.4.1/armv7-m\libgcc.a
LOAD c:/program files (x86)/cypress/psoc creator/4.2/psoc creator/import/gnu/arm/5.4.1/bin/../lib/gcc/arm-none-eabi/5.4.1/../../../../arm-none-eabi/lib/armv7-m\libc.a
LOAD c:/program files (x86)/cypress/psoc creator/4.2/psoc creator/import/gnu/arm/5.4.1/bin/../lib/gcc/arm-none-eabi/5.4.1/../../../../arm-none-eabi/lib/armv7-m\libnosys.a
END GROUP
                0x00000000                CY_APPL_ORIGIN = 0x0
                0x00000100                CY_FLASH_ROW_SIZE = 0x100
                0x00000020                CY_ECC_ROW_SIZE = 0x20
                0x00000000                CY_EE_IN_BTLDR = 0x0
                0x00000000                CY_APPL_LOADABLE = 0x0
                0x00000800                CY_EE_SIZE = 0x800
                0x00000001                CY_APPL_NUM = 0x1
                0x00000001                CY_APPL_MAX = 0x1
                0x00000040                CY_METADATA_SIZE = 0x40
                0x00000000                CY_APPL_LOADABLE = 0x0
                0x00000000                CY_CHECKSUM_EXCLUDE_SIZE = ALIGN (0x0, CY_FLASH_ROW_SIZE)
                [!provide]                PROVIDE (__cy_heap_start, _end)
                0x00000001                PROVIDE (__cy_region_num, ((__cy_regions_end - __cy_regions) / 0x10))
                0x20008000                PROVIDE (__cy_stack, (ORIGIN (ram) + LENGTH (ram)))
                [!provide]                PROVIDE (__cy_heap_end, (__cy_stack - 0x800))

.cybootloader   0x00000000        0x0
 *(.cybootloader)
                0x00000000                appl1_start = CY_APPL_ORIGIN?CY_APPL_ORIGIN:ALIGN (CY_FLASH_ROW_SIZE)
                0x0001ff00                appl2_start = (appl1_start + ALIGN ((((LENGTH (rom) - appl1_start) - (0x2 * CY_FLASH_ROW_SIZE)) / 0x2), CY_FLASH_ROW_SIZE))
                0x00000000                appl_start = (CY_APPL_NUM == 0x1)?appl1_start:appl2_start
                0x00000000                ecc_offset = ((appl_start / CY_FLASH_ROW_SIZE) * CY_ECC_ROW_SIZE)
                0x00000000                ee_offset = (CY_APPL_LOADABLE && ! (CY_EE_IN_BTLDR))?((CY_EE_SIZE / CY_APPL_MAX) * (CY_APPL_NUM - 0x1)):0x0
                0x00000800                ee_size = (CY_APPL_LOADABLE && ! (CY_EE_IN_BTLDR))?(CY_EE_SIZE / CY_APPL_MAX):CY_EE_SIZE
                [!provide]                PROVIDE (CY_ECC_OFFSET, ecc_offset)

.text           0x00000000     0x7010
 CREATE_OBJECT_SYMBOLS
                0x00000000                PROVIDE (__cy_interrupt_vector, RomVectors)
 *(.romvectors)
 .romvectors    0x00000000       0x10 .\CortexM3\ARM_GCC_541\Debug\Cm3Start.o
                0x00000000                RomVectors
                0x00000001                ASSERT ((. != __cy_interrupt_vector), No interrupt vector)
                0x00000001                ASSERT (CY_APPL_ORIGIN?(SIZEOF (.cybootloader) <= CY_APPL_ORIGIN):0x1, Wrong image location)
                0x00000010                PROVIDE (__cy_reset, Reset)
 *(.text.Reset)
 .text.Reset    0x00000010       0x18 .\CortexM3\ARM_GCC_541\Debug\Cm3Start.o
                0x00000010                Reset
                0x00000001                ASSERT ((. != __cy_reset), No reset code)
 *(.dma_init)
                0x00000001                ASSERT ((((appl_start + .) <= 0x10000) || 0x1), DMA Init must be within the first 64k of flash)
 *(.text .text.* .gnu.linkonce.t.*)
 .text          0x00000028       0x5c c:/program files (x86)/cypress/psoc creator/4.2/psoc creator/import/gnu/arm/5.4.1/bin/../lib/gcc/arm-none-eabi/5.4.1/armv7-m/crtbegin.o
 *fill*         0x00000084        0x4 
 .text.speedTimer
                0x00000088       0xec .\CortexM3\ARM_GCC_541\Debug\main.o
                0x00000088                speedTimer
 .text.S3_DETECTED
                0x00000174       0x18 .\CortexM3\ARM_GCC_541\Debug\main.o
                0x00000174                S3_DETECTED
 .text.S4_DETECTED
                0x0000018c       0x18 .\CortexM3\ARM_GCC_541\Debug\main.o
                0x0000018c                S4_DETECTED
 .text.S5_DETECTED
                0x000001a4       0x18 .\CortexM3\ARM_GCC_541\Debug\main.o
                0x000001a4                S5_DETECTED
 .text.S6_DETECTED
                0x000001bc       0x18 .\CortexM3\ARM_GCC_541\Debug\main.o
                0x000001bc                S6_DETECTED
 .text.TIMER_FINISH
                0x000001d4       0x38 .\CortexM3\ARM_GCC_541\Debug\main.o
                0x000001d4                TIMER_FINISH
 .text.main     0x0000020c       0xc0 .\CortexM3\ARM_GCC_541\Debug\main.o
                0x0000020c                main
 .text.quadCountToRPM
                0x000002cc       0x54 .\CortexM3\ARM_GCC_541\Debug\main.o
                0x000002cc                quadCountToRPM
 .text.ResetSensorFlags
                0x00000320       0x34 .\CortexM3\ARM_GCC_541\Debug\main.o
                0x00000320                ResetSensorFlags
 .text.ForwardCourseCorrection
                0x00000354       0x84 .\CortexM3\ARM_GCC_541\Debug\main.o
                0x00000354                ForwardCourseCorrection
 .text.GetMovementAccordingToInstruction
                0x000003d8      0x2c8 .\CortexM3\ARM_GCC_541\Debug\main.o
                0x000003d8                GetMovementAccordingToInstruction
 .text.MoveToNextInstruction
                0x000006a0       0x1c .\CortexM3\ARM_GCC_541\Debug\main.o
                0x000006a0                MoveToNextInstruction
 .text.GetInstructionAtIndex
                0x000006bc       0x78 .\CortexM3\ARM_GCC_541\Debug\main.o
                0x000006bc                GetInstructionAtIndex
 .text.SetRobotMovement
                0x00000734       0xc8 .\CortexM3\ARM_GCC_541\Debug\main.o
                0x00000734                SetRobotMovement
 .text.init     0x000007fc       0x34 .\CortexM3\ARM_GCC_541\Debug\initialise.o
                0x000007fc                init
 .text.isValidMove
                0x00000830       0x58 .\CortexM3\ARM_GCC_541\Debug\pathfinding.o
                0x00000830                isValidMove
 .text.dijkstra
                0x00000888      0x94c .\CortexM3\ARM_GCC_541\Debug\pathfinding.o
                0x00000888                dijkstra
 .text.getPathInstructions
                0x000011d4      0x5b0 .\CortexM3\ARM_GCC_541\Debug\pathfinding.o
                0x000011d4                getPathInstructions
 .text.checkPathDirection
                0x00001784      0x10c .\CortexM3\ARM_GCC_541\Debug\pathfinding.o
                0x00001784                checkPathDirection
 .text.checkIgnoreTurn
                0x00001890      0x124 .\CortexM3\ARM_GCC_541\Debug\pathfinding.o
                0x00001890                checkIgnoreTurn
 .text.getTargetOrientation
                0x000019b4       0x9c .\CortexM3\ARM_GCC_541\Debug\pathfinding.o
                0x000019b4                getTargetOrientation
 .text.instructionsListLength
                0x00001a50       0x18 .\CortexM3\ARM_GCC_541\Debug\pathfinding.o
                0x00001a50                instructionsListLength
 .text.findPath
                0x00001a68       0x78 .\CortexM3\ARM_GCC_541\Debug\pathfinding.o
                0x00001a68                findPath
 .text.stopMoving
                0x00001ae0       0x18 .\CortexM3\ARM_GCC_541\Debug\movement.o
                0x00001ae0                stopMoving
 .text.adjustRight
                0x00001af8       0x84 .\CortexM3\ARM_GCC_541\Debug\movement.o
                0x00001af8                adjustRight
 .text.adjustLeft
                0x00001b7c       0x84 .\CortexM3\ARM_GCC_541\Debug\movement.o
                0x00001b7c                adjustLeft
 .text.turnLeft
                0x00001c00       0x2c .\CortexM3\ARM_GCC_541\Debug\movement.o
                0x00001c00                turnLeft
 .text.turnRight
                0x00001c2c       0x2c .\CortexM3\ARM_GCC_541\Debug\movement.o
                0x00001c2c                turnRight
 .text.moveForward
                0x00001c58       0xac .\CortexM3\ARM_GCC_541\Debug\movement.o
                0x00001c58                moveForward
 .text.moveBackward
                0x00001d04       0x18 .\CortexM3\ARM_GCC_541\Debug\movement.o
                0x00001d04                moveBackward
 .text.RotateClockwise180Degrees
                0x00001d1c       0x4c .\CortexM3\ARM_GCC_541\Debug\movement.o
                0x00001d1c                RotateClockwise180Degrees
 .text.USBUART_Start
                0x00001d68       0x3c .\CortexM3\ARM_GCC_541\Debug\usbUART.o
                0x00001d68                USBUART_Start
 .text.USBUART_Init
                0x00001da4      0x1a4 .\CortexM3\ARM_GCC_541\Debug\usbUART.o
                0x00001da4                USBUART_Init
 .text.USBUART_InitComponent
                0x00001f48      0x100 .\CortexM3\ARM_GCC_541\Debug\usbUART.o
                0x00001f48                USBUART_InitComponent
 .text.USBUART_ReInitComponent
                0x00002048       0x68 .\CortexM3\ARM_GCC_541\Debug\usbUART.o
                0x00002048                USBUART_ReInitComponent
 .text.CYMEMZERO
                0x000020b0       0x1c .\CortexM3\ARM_GCC_541\Debug\cyfitter_cfg.o
 .text.CYCONFIGCPY
                0x000020cc       0x20 .\CortexM3\ARM_GCC_541\Debug\cyfitter_cfg.o
 .text.CyClockStartupError
                0x000020ec        0xc .\CortexM3\ARM_GCC_541\Debug\cyfitter_cfg.o
 .text.cfg_write_bytes32
                0x000020f8       0x74 .\CortexM3\ARM_GCC_541\Debug\cyfitter_cfg.o
 .text.ClockSetup
                0x0000216c      0x158 .\CortexM3\ARM_GCC_541\Debug\cyfitter_cfg.o
 .text.AnalogSetDefault
                0x000022c4       0x44 .\CortexM3\ARM_GCC_541\Debug\cyfitter_cfg.o
 .text.cyfitter_cfg
                0x00002308      0x160 .\CortexM3\ARM_GCC_541\Debug\cyfitter_cfg.o
                0x00002308                cyfitter_cfg
 .text.IntDefaultHandler
                0x00002468       0x14 .\CortexM3\ARM_GCC_541\Debug\Cm3Start.o
                0x00002468                IntDefaultHandler
 .text._sbrk    0x0000247c       0x50 .\CortexM3\ARM_GCC_541\Debug\Cm3Start.o
                0x0000247c                _sbrk
 .text.Start_c  0x000024cc       0x98 .\CortexM3\ARM_GCC_541\Debug\Cm3Start.o
                0x000024cc                Start_c
 .text.initialize_psoc
                0x00002564       0x90 .\CortexM3\ARM_GCC_541\Debug\Cm3Start.o
                0x00002564                initialize_psoc
 .text.USBUART_EP_0_ISR
                0x000025f4       0xf8 .\CortexM3\ARM_GCC_541\Debug\CS301_Class.a(USBUART_drv.o)
                0x000025f4                USBUART_EP_0_ISR
 .text.USBUART_HandleSetup
                0x000026ec       0x88 .\CortexM3\ARM_GCC_541\Debug\CS301_Class.a(USBUART_drv.o)
                0x000026ec                USBUART_HandleSetup
 .text.USBUART_HandleIN
                0x00002774       0x4c .\CortexM3\ARM_GCC_541\Debug\CS301_Class.a(USBUART_drv.o)
                0x00002774                USBUART_HandleIN
 .text.USBUART_HandleOUT
                0x000027c0       0x58 .\CortexM3\ARM_GCC_541\Debug\CS301_Class.a(USBUART_drv.o)
                0x000027c0                USBUART_HandleOUT
 .text.USBUART_LoadEP0
                0x00002818       0xd0 .\CortexM3\ARM_GCC_541\Debug\CS301_Class.a(USBUART_drv.o)
                0x00002818                USBUART_LoadEP0
 .text.USBUART_InitControlRead
                0x000028e8       0x70 .\CortexM3\ARM_GCC_541\Debug\CS301_Class.a(USBUART_drv.o)
                0x000028e8                USBUART_InitControlRead
 .text.USBUART_InitZeroLengthControlTransfer
                0x00002958       0x40 .\CortexM3\ARM_GCC_541\Debug\CS301_Class.a(USBUART_drv.o)
                0x00002958                USBUART_InitZeroLengthControlTransfer
 .text.USBUART_ControlReadDataStage
                0x00002998        0xc .\CortexM3\ARM_GCC_541\Debug\CS301_Class.a(USBUART_drv.o)
                0x00002998                USBUART_ControlReadDataStage
 .text.USBUART_ControlReadStatusStage
                0x000029a4       0x40 .\CortexM3\ARM_GCC_541\Debug\CS301_Class.a(USBUART_drv.o)
                0x000029a4                USBUART_ControlReadStatusStage
 .text.USBUART_InitControlWrite
                0x000029e4       0x64 .\CortexM3\ARM_GCC_541\Debug\CS301_Class.a(USBUART_drv.o)
                0x000029e4                USBUART_InitControlWrite
 .text.USBUART_ControlWriteDataStage
                0x00002a48       0xb4 .\CortexM3\ARM_GCC_541\Debug\CS301_Class.a(USBUART_drv.o)
                0x00002a48                USBUART_ControlWriteDataStage
 .text.USBUART_ControlWriteStatusStage
                0x00002afc       0x24 .\CortexM3\ARM_GCC_541\Debug\CS301_Class.a(USBUART_drv.o)
                0x00002afc                USBUART_ControlWriteStatusStage
 .text.USBUART_InitNoDataControlTransfer
                0x00002b20       0x38 .\CortexM3\ARM_GCC_541\Debug\CS301_Class.a(USBUART_drv.o)
                0x00002b20                USBUART_InitNoDataControlTransfer
 .text.USBUART_NoDataControlStatusStage
                0x00002b58       0x4c .\CortexM3\ARM_GCC_541\Debug\CS301_Class.a(USBUART_drv.o)
                0x00002b58                USBUART_NoDataControlStatusStage
 .text.USBUART_UpdateStatusBlock
                0x00002ba4       0x40 .\CortexM3\ARM_GCC_541\Debug\CS301_Class.a(USBUART_drv.o)
                0x00002ba4                USBUART_UpdateStatusBlock
 .text.USBUART_InitializeStatusBlock
                0x00002be4       0x34 .\CortexM3\ARM_GCC_541\Debug\CS301_Class.a(USBUART_drv.o)
                0x00002be4                USBUART_InitializeStatusBlock
 .text.USBUART_EP_1_ISR
                0x00002c18       0x48 .\CortexM3\ARM_GCC_541\Debug\CS301_Class.a(USBUART_episr.o)
                0x00002c18                USBUART_EP_1_ISR
 .text.USBUART_EP_2_ISR
                0x00002c60       0x4c .\CortexM3\ARM_GCC_541\Debug\CS301_Class.a(USBUART_episr.o)
                0x00002c60                USBUART_EP_2_ISR
 .text.USBUART_EP_3_ISR
                0x00002cac       0x54 .\CortexM3\ARM_GCC_541\Debug\CS301_Class.a(USBUART_episr.o)
                0x00002cac                USBUART_EP_3_ISR
 .text.USBUART_SOF_ISR
                0x00002d00        0xc .\CortexM3\ARM_GCC_541\Debug\CS301_Class.a(USBUART_episr.o)
                0x00002d00                USBUART_SOF_ISR
 .text.USBUART_BUS_RESET_ISR
                0x00002d0c        0xc .\CortexM3\ARM_GCC_541\Debug\CS301_Class.a(USBUART_episr.o)
                0x00002d0c                USBUART_BUS_RESET_ISR
 .text.USBUART_DP_ISR
                0x00002d18        0xc .\CortexM3\ARM_GCC_541\Debug\CS301_Class.a(USBUART_pm.o)
                0x00002d18                USBUART_DP_ISR
 .text.USBUART_HandleStandardRqst
                0x00002d24      0x4a4 .\CortexM3\ARM_GCC_541\Debug\CS301_Class.a(USBUART_std.o)
                0x00002d24                USBUART_HandleStandardRqst
 .text.USBUART_ReadDieID
                0x000031c8       0xd8 .\CortexM3\ARM_GCC_541\Debug\CS301_Class.a(USBUART_std.o)
                0x000031c8                USBUART_ReadDieID
 .text.USBUART_ConfigReg
                0x000032a0      0x138 .\CortexM3\ARM_GCC_541\Debug\CS301_Class.a(USBUART_std.o)
                0x000032a0                USBUART_ConfigReg
 .text.USBUART_Config
                0x000033d8      0x3a4 .\CortexM3\ARM_GCC_541\Debug\CS301_Class.a(USBUART_std.o)
                0x000033d8                USBUART_Config
 .text.USBUART_ConfigAltChanged
                0x0000377c      0x25c .\CortexM3\ARM_GCC_541\Debug\CS301_Class.a(USBUART_std.o)
                0x0000377c                USBUART_ConfigAltChanged
 .text.USBUART_GetConfigTablePtr
                0x000039d8       0x50 .\CortexM3\ARM_GCC_541\Debug\CS301_Class.a(USBUART_std.o)
                0x000039d8                USBUART_GetConfigTablePtr
 .text.USBUART_GetDeviceTablePtr
                0x00003a28       0x24 .\CortexM3\ARM_GCC_541\Debug\CS301_Class.a(USBUART_std.o)
                0x00003a28                USBUART_GetDeviceTablePtr
 .text.USBUART_GetInterfaceClassTablePtr
                0x00003a4c       0x4c .\CortexM3\ARM_GCC_541\Debug\CS301_Class.a(USBUART_std.o)
                0x00003a4c                USBUART_GetInterfaceClassTablePtr
 .text.USBUART_SetEndpointHalt
                0x00003a98       0xe8 .\CortexM3\ARM_GCC_541\Debug\CS301_Class.a(USBUART_std.o)
                0x00003a98                USBUART_SetEndpointHalt
 .text.USBUART_ClearEndpointHalt
                0x00003b80      0x158 .\CortexM3\ARM_GCC_541\Debug\CS301_Class.a(USBUART_std.o)
                0x00003b80                USBUART_ClearEndpointHalt
 .text.USBUART_ValidateAlternateSetting
                0x00003cd8       0x70 .\CortexM3\ARM_GCC_541\Debug\CS301_Class.a(USBUART_std.o)
                0x00003cd8                USBUART_ValidateAlternateSetting
 .text.USBUART_HandleVendorRqst
                0x00003d48       0x54 .\CortexM3\ARM_GCC_541\Debug\CS301_Class.a(USBUART_vnd.o)
                0x00003d48                USBUART_HandleVendorRqst
 .text.USBUART_Dp_ClearInterrupt
                0x00003d9c       0x20 .\CortexM3\ARM_GCC_541\Debug\CS301_Class.a(USBUART_Dp.o)
                0x00003d9c                USBUART_Dp_ClearInterrupt
 .text.CyHalt   0x00003dbc       0x18 .\CortexM3\ARM_GCC_541\Debug\CS301_Class.a(CyLib.o)
                0x00003dbc                CyHalt
 .text.CyDelayUs
                0x00003dd4       0x28 .\CortexM3\ARM_GCC_541\Debug\CS301_Class.a(CyLib.o)
                0x00003dd4                CyDelayUs
 .text.CyIntSetVector
                0x00003dfc       0x50 .\CortexM3\ARM_GCC_541\Debug\CS301_Class.a(CyLib.o)
                0x00003dfc                CyIntSetVector
 .text.CyIntSetPriority
                0x00003e4c       0x48 .\CortexM3\ARM_GCC_541\Debug\CS301_Class.a(CyLib.o)
                0x00003e4c                CyIntSetPriority
 .text.CyGetUniqueId
                0x00003e94       0xc4 .\CortexM3\ARM_GCC_541\Debug\CS301_Class.a(CyLib.o)
                0x00003e94                CyGetUniqueId
 .text.PWM_1_Start
                0x00003f58       0x24 .\CortexM3\ARM_GCC_541\Debug\CS301_Class.a(PWM_1.o)
                0x00003f58                PWM_1_Start
 .text.PWM_1_Init
                0x00003f7c       0xc0 .\CortexM3\ARM_GCC_541\Debug\CS301_Class.a(PWM_1.o)
                0x00003f7c                PWM_1_Init
 .text.PWM_1_Enable
                0x0000403c       0x48 .\CortexM3\ARM_GCC_541\Debug\CS301_Class.a(PWM_1.o)
                0x0000403c                PWM_1_Enable
 .text.PWM_1_WritePeriod
                0x00004084       0x20 .\CortexM3\ARM_GCC_541\Debug\CS301_Class.a(PWM_1.o)
                0x00004084                PWM_1_WritePeriod
 .text.PWM_1_WriteCompare
                0x000040a4       0x20 .\CortexM3\ARM_GCC_541\Debug\CS301_Class.a(PWM_1.o)
                0x000040a4                PWM_1_WriteCompare
 .text.PWM_1_SetInterruptMode
                0x000040c4       0x20 .\CortexM3\ARM_GCC_541\Debug\CS301_Class.a(PWM_1.o)
                0x000040c4                PWM_1_SetInterruptMode
 .text.Clock_PWM_Start
                0x000040e4       0x34 .\CortexM3\ARM_GCC_541\Debug\CS301_Class.a(Clock_PWM.o)
                0x000040e4                Clock_PWM_Start
 .text.PWM_2_Start
                0x00004118       0x24 .\CortexM3\ARM_GCC_541\Debug\CS301_Class.a(PWM_2.o)
                0x00004118                PWM_2_Start
 .text.PWM_2_Init
                0x0000413c       0xc0 .\CortexM3\ARM_GCC_541\Debug\CS301_Class.a(PWM_2.o)
                0x0000413c                PWM_2_Init
 .text.PWM_2_Enable
                0x000041fc       0x48 .\CortexM3\ARM_GCC_541\Debug\CS301_Class.a(PWM_2.o)
                0x000041fc                PWM_2_Enable
 .text.PWM_2_WritePeriod
                0x00004244       0x20 .\CortexM3\ARM_GCC_541\Debug\CS301_Class.a(PWM_2.o)
                0x00004244                PWM_2_WritePeriod
 .text.PWM_2_WriteCompare
                0x00004264       0x20 .\CortexM3\ARM_GCC_541\Debug\CS301_Class.a(PWM_2.o)
                0x00004264                PWM_2_WriteCompare
 .text.PWM_2_SetInterruptMode
                0x00004284       0x20 .\CortexM3\ARM_GCC_541\Debug\CS301_Class.a(PWM_2.o)
                0x00004284                PWM_2_SetInterruptMode
 .text.QuadDec_M1_Init
                0x000042a4        0xc .\CortexM3\ARM_GCC_541\Debug\CS301_Class.a(QuadDec_M1.o)
                0x000042a4                QuadDec_M1_Init
 .text.QuadDec_M1_Enable
                0x000042b0       0x3c .\CortexM3\ARM_GCC_541\Debug\CS301_Class.a(QuadDec_M1.o)
                0x000042b0                QuadDec_M1_Enable
 .text.QuadDec_M1_Start
                0x000042ec       0x30 .\CortexM3\ARM_GCC_541\Debug\CS301_Class.a(QuadDec_M1.o)
                0x000042ec                QuadDec_M1_Start
 .text.QuadDec_M1_GetCounter
                0x0000431c       0x24 .\CortexM3\ARM_GCC_541\Debug\CS301_Class.a(QuadDec_M1.o)
                0x0000431c                QuadDec_M1_GetCounter
 .text.QuadDec_M1_SetCounter
                0x00004340       0x34 .\CortexM3\ARM_GCC_541\Debug\CS301_Class.a(QuadDec_M1.o)
                0x00004340                QuadDec_M1_SetCounter
 .text.QuadDec_M1_GetEvents
                0x00004374       0x1c .\CortexM3\ARM_GCC_541\Debug\CS301_Class.a(QuadDec_M1.o)
                0x00004374                QuadDec_M1_GetEvents
 .text.QuadDec_M1_SetInterruptMask
                0x00004390       0x20 .\CortexM3\ARM_GCC_541\Debug\CS301_Class.a(QuadDec_M1.o)
                0x00004390                QuadDec_M1_SetInterruptMask
 .text.QuadDec_M2_Init
                0x000043b0        0xc .\CortexM3\ARM_GCC_541\Debug\CS301_Class.a(QuadDec_M2.o)
                0x000043b0                QuadDec_M2_Init
 .text.QuadDec_M2_Enable
                0x000043bc       0x3c .\CortexM3\ARM_GCC_541\Debug\CS301_Class.a(QuadDec_M2.o)
                0x000043bc                QuadDec_M2_Enable
 .text.QuadDec_M2_Start
                0x000043f8       0x30 .\CortexM3\ARM_GCC_541\Debug\CS301_Class.a(QuadDec_M2.o)
                0x000043f8                QuadDec_M2_Start
 .text.QuadDec_M2_GetCounter
                0x00004428       0x24 .\CortexM3\ARM_GCC_541\Debug\CS301_Class.a(QuadDec_M2.o)
                0x00004428                QuadDec_M2_GetCounter
 .text.QuadDec_M2_SetCounter
                0x0000444c       0x34 .\CortexM3\ARM_GCC_541\Debug\CS301_Class.a(QuadDec_M2.o)
                0x0000444c                QuadDec_M2_SetCounter
 .text.QuadDec_M2_GetEvents
                0x00004480       0x1c .\CortexM3\ARM_GCC_541\Debug\CS301_Class.a(QuadDec_M2.o)
                0x00004480                QuadDec_M2_GetEvents
 .text.QuadDec_M2_SetInterruptMask
                0x0000449c       0x20 .\CortexM3\ARM_GCC_541\Debug\CS301_Class.a(QuadDec_M2.o)
                0x0000449c                QuadDec_M2_SetInterruptMask
 .text.QuadDec_M1_Cnt16_Init
                0x000044bc       0x80 .\CortexM3\ARM_GCC_541\Debug\CS301_Class.a(QuadDec_M1_Cnt16.o)
                0x000044bc                QuadDec_M1_Cnt16_Init
 .text.QuadDec_M1_Cnt16_Enable
                0x0000453c       0x20 .\CortexM3\ARM_GCC_541\Debug\CS301_Class.a(QuadDec_M1_Cnt16.o)
                0x0000453c                QuadDec_M1_Cnt16_Enable
 .text.QuadDec_M1_Cnt16_Start
                0x0000455c       0x24 .\CortexM3\ARM_GCC_541\Debug\CS301_Class.a(QuadDec_M1_Cnt16.o)
                0x0000455c                QuadDec_M1_Cnt16_Start
 .text.QuadDec_M1_Cnt16_SetInterruptMode
                0x00004580       0x20 .\CortexM3\ARM_GCC_541\Debug\CS301_Class.a(QuadDec_M1_Cnt16.o)
                0x00004580                QuadDec_M1_Cnt16_SetInterruptMode
 .text.QuadDec_M1_Cnt16_ReadStatusRegister
                0x000045a0       0x18 .\CortexM3\ARM_GCC_541\Debug\CS301_Class.a(QuadDec_M1_Cnt16.o)
                0x000045a0                QuadDec_M1_Cnt16_ReadStatusRegister
 .text.QuadDec_M1_Cnt16_WriteCounter
                0x000045b8       0x20 .\CortexM3\ARM_GCC_541\Debug\CS301_Class.a(QuadDec_M1_Cnt16.o)
                0x000045b8                QuadDec_M1_Cnt16_WriteCounter
 .text.QuadDec_M1_Cnt16_ReadCounter
                0x000045d8       0x20 .\CortexM3\ARM_GCC_541\Debug\CS301_Class.a(QuadDec_M1_Cnt16.o)
                0x000045d8                QuadDec_M1_Cnt16_ReadCounter
 .text.QuadDec_M1_Cnt16_ReadCapture
                0x000045f8       0x18 .\CortexM3\ARM_GCC_541\Debug\CS301_Class.a(QuadDec_M1_Cnt16.o)
                0x000045f8                QuadDec_M1_Cnt16_ReadCapture
 .text.QuadDec_M1_Cnt16_WritePeriod
                0x00004610       0x20 .\CortexM3\ARM_GCC_541\Debug\CS301_Class.a(QuadDec_M1_Cnt16.o)
                0x00004610                QuadDec_M1_Cnt16_WritePeriod
 .text.QuadDec_M1_Cnt16_WriteCompare
                0x00004630       0x20 .\CortexM3\ARM_GCC_541\Debug\CS301_Class.a(QuadDec_M1_Cnt16.o)
                0x00004630                QuadDec_M1_Cnt16_WriteCompare
 .text.QuadDec_M1_Cnt16_ClearFIFO
                0x00004650       0x1c .\CortexM3\ARM_GCC_541\Debug\CS301_Class.a(QuadDec_M1_Cnt16.o)
                0x00004650                QuadDec_M1_Cnt16_ClearFIFO
 .text.QuadDec_M2_Cnt16_Init
                0x0000466c       0x80 .\CortexM3\ARM_GCC_541\Debug\CS301_Class.a(QuadDec_M2_Cnt16.o)
                0x0000466c                QuadDec_M2_Cnt16_Init
 .text.QuadDec_M2_Cnt16_Enable
                0x000046ec       0x20 .\CortexM3\ARM_GCC_541\Debug\CS301_Class.a(QuadDec_M2_Cnt16.o)
                0x000046ec                QuadDec_M2_Cnt16_Enable
 .text.QuadDec_M2_Cnt16_Start
                0x0000470c       0x24 .\CortexM3\ARM_GCC_541\Debug\CS301_Class.a(QuadDec_M2_Cnt16.o)
                0x0000470c                QuadDec_M2_Cnt16_Start
 .text.QuadDec_M2_Cnt16_SetInterruptMode
                0x00004730       0x20 .\CortexM3\ARM_GCC_541\Debug\CS301_Class.a(QuadDec_M2_Cnt16.o)
                0x00004730                QuadDec_M2_Cnt16_SetInterruptMode
 .text.QuadDec_M2_Cnt16_ReadStatusRegister
                0x00004750       0x18 .\CortexM3\ARM_GCC_541\Debug\CS301_Class.a(QuadDec_M2_Cnt16.o)
                0x00004750                QuadDec_M2_Cnt16_ReadStatusRegister
 .text.QuadDec_M2_Cnt16_WriteCounter
                0x00004768       0x20 .\CortexM3\ARM_GCC_541\Debug\CS301_Class.a(QuadDec_M2_Cnt16.o)
                0x00004768                QuadDec_M2_Cnt16_WriteCounter
 .text.QuadDec_M2_Cnt16_ReadCounter
                0x00004788       0x20 .\CortexM3\ARM_GCC_541\Debug\CS301_Class.a(QuadDec_M2_Cnt16.o)
                0x00004788                QuadDec_M2_Cnt16_ReadCounter
 .text.QuadDec_M2_Cnt16_ReadCapture
                0x000047a8       0x18 .\CortexM3\ARM_GCC_541\Debug\CS301_Class.a(QuadDec_M2_Cnt16.o)
                0x000047a8                QuadDec_M2_Cnt16_ReadCapture
 .text.QuadDec_M2_Cnt16_WritePeriod
                0x000047c0       0x20 .\CortexM3\ARM_GCC_541\Debug\CS301_Class.a(QuadDec_M2_Cnt16.o)
                0x000047c0                QuadDec_M2_Cnt16_WritePeriod
 .text.QuadDec_M2_Cnt16_WriteCompare
                0x000047e0       0x20 .\CortexM3\ARM_GCC_541\Debug\CS301_Class.a(QuadDec_M2_Cnt16.o)
                0x000047e0                QuadDec_M2_Cnt16_WriteCompare
 .text.QuadDec_M2_Cnt16_ClearFIFO
                0x00004800       0x1c .\CortexM3\ARM_GCC_541\Debug\CS301_Class.a(QuadDec_M2_Cnt16.o)
                0x00004800                QuadDec_M2_Cnt16_ClearFIFO
 .text.RF_BT_SELECT_Write
                0x0000481c       0x20 .\CortexM3\ARM_GCC_541\Debug\CS301_Class.a(RF_BT_SELECT.o)
                0x0000481c                RF_BT_SELECT_Write
 .text.SpeedTimer_Init
                0x0000483c       0x9c .\CortexM3\ARM_GCC_541\Debug\CS301_Class.a(SpeedTimer.o)
                0x0000483c                SpeedTimer_Init
 .text.SpeedTimer_Enable
                0x000048d8       0x48 .\CortexM3\ARM_GCC_541\Debug\CS301_Class.a(SpeedTimer.o)
                0x000048d8                SpeedTimer_Enable
 .text.SpeedTimer_Start
                0x00004920       0x24 .\CortexM3\ARM_GCC_541\Debug\CS301_Class.a(SpeedTimer.o)
                0x00004920                SpeedTimer_Start
 .text.SpeedTimer_SetInterruptMode
                0x00004944       0x20 .\CortexM3\ARM_GCC_541\Debug\CS301_Class.a(SpeedTimer.o)
                0x00004944                SpeedTimer_SetInterruptMode
 .text.SpeedTimer_ReadStatusRegister
                0x00004964       0x18 .\CortexM3\ARM_GCC_541\Debug\CS301_Class.a(SpeedTimer.o)
                0x00004964                SpeedTimer_ReadStatusRegister
 .text.SpeedTimer_WritePeriod
                0x0000497c       0x24 .\CortexM3\ARM_GCC_541\Debug\CS301_Class.a(SpeedTimer.o)
                0x0000497c                SpeedTimer_WritePeriod
 .text.SpeedTimer_WriteCounter
                0x000049a0       0x20 .\CortexM3\ARM_GCC_541\Debug\CS301_Class.a(SpeedTimer.o)
                0x000049a0                SpeedTimer_WriteCounter
 .text.isr_speed_StartEx
                0x000049c0       0x24 .\CortexM3\ARM_GCC_541\Debug\CS301_Class.a(isr_speed.o)
                0x000049c0                isr_speed_StartEx
 .text.isr_speed_SetVector
                0x000049e4       0x24 .\CortexM3\ARM_GCC_541\Debug\CS301_Class.a(isr_speed.o)
                0x000049e4                isr_speed_SetVector
 .text.isr_speed_SetPriority
                0x00004a08       0x24 .\CortexM3\ARM_GCC_541\Debug\CS301_Class.a(isr_speed.o)
                0x00004a08                isr_speed_SetPriority
 .text.isr_speed_Enable
                0x00004a2c       0x18 .\CortexM3\ARM_GCC_541\Debug\CS301_Class.a(isr_speed.o)
                0x00004a2c                isr_speed_Enable
 .text.isr_speed_Disable
                0x00004a44       0x18 .\CortexM3\ARM_GCC_541\Debug\CS301_Class.a(isr_speed.o)
                0x00004a44                isr_speed_Disable
 .text.SpeedClock_Start
                0x00004a5c       0x34 .\CortexM3\ARM_GCC_541\Debug\CS301_Class.a(SpeedClock.o)
                0x00004a5c                SpeedClock_Start
 .text.Timer_LED_Init
                0x00004a90       0xa0 .\CortexM3\ARM_GCC_541\Debug\CS301_Class.a(Timer_LED.o)
                0x00004a90                Timer_LED_Init
 .text.Timer_LED_Enable
                0x00004b30       0x48 .\CortexM3\ARM_GCC_541\Debug\CS301_Class.a(Timer_LED.o)
                0x00004b30                Timer_LED_Enable
 .text.Timer_LED_Start
                0x00004b78       0x24 .\CortexM3\ARM_GCC_541\Debug\CS301_Class.a(Timer_LED.o)
                0x00004b78                Timer_LED_Start
 .text.Timer_LED_SetInterruptMode
                0x00004b9c       0x20 .\CortexM3\ARM_GCC_541\Debug\CS301_Class.a(Timer_LED.o)
                0x00004b9c                Timer_LED_SetInterruptMode
 .text.Timer_LED_ReadStatusRegister
                0x00004bbc       0x18 .\CortexM3\ARM_GCC_541\Debug\CS301_Class.a(Timer_LED.o)
                0x00004bbc                Timer_LED_ReadStatusRegister
 .text.Timer_LED_WritePeriod
                0x00004bd4       0x24 .\CortexM3\ARM_GCC_541\Debug\CS301_Class.a(Timer_LED.o)
                0x00004bd4                Timer_LED_WritePeriod
 .text.Timer_LED_WriteCounter
                0x00004bf8       0x20 .\CortexM3\ARM_GCC_541\Debug\CS301_Class.a(Timer_LED.o)
                0x00004bf8                Timer_LED_WriteCounter
 .text.isr_Timer_LED_StartEx
                0x00004c18       0x24 .\CortexM3\ARM_GCC_541\Debug\CS301_Class.a(isr_Timer_LED.o)
                0x00004c18                isr_Timer_LED_StartEx
 .text.isr_Timer_LED_SetVector
                0x00004c3c       0x24 .\CortexM3\ARM_GCC_541\Debug\CS301_Class.a(isr_Timer_LED.o)
                0x00004c3c                isr_Timer_LED_SetVector
 .text.isr_Timer_LED_SetPriority
                0x00004c60       0x24 .\CortexM3\ARM_GCC_541\Debug\CS301_Class.a(isr_Timer_LED.o)
                0x00004c60                isr_Timer_LED_SetPriority
 .text.isr_Timer_LED_Enable
                0x00004c84       0x18 .\CortexM3\ARM_GCC_541\Debug\CS301_Class.a(isr_Timer_LED.o)
                0x00004c84                isr_Timer_LED_Enable
 .text.isr_Timer_LED_Disable
                0x00004c9c       0x18 .\CortexM3\ARM_GCC_541\Debug\CS301_Class.a(isr_Timer_LED.o)
                0x00004c9c                isr_Timer_LED_Disable
 .text.S3_detected_StartEx
                0x00004cb4       0x24 .\CortexM3\ARM_GCC_541\Debug\CS301_Class.a(S3_detected.o)
                0x00004cb4                S3_detected_StartEx
 .text.S3_detected_SetVector
                0x00004cd8       0x24 .\CortexM3\ARM_GCC_541\Debug\CS301_Class.a(S3_detected.o)
                0x00004cd8                S3_detected_SetVector
 .text.S3_detected_SetPriority
                0x00004cfc       0x24 .\CortexM3\ARM_GCC_541\Debug\CS301_Class.a(S3_detected.o)
                0x00004cfc                S3_detected_SetPriority
 .text.S3_detected_Enable
                0x00004d20       0x18 .\CortexM3\ARM_GCC_541\Debug\CS301_Class.a(S3_detected.o)
                0x00004d20                S3_detected_Enable
 .text.S3_detected_Disable
                0x00004d38       0x18 .\CortexM3\ARM_GCC_541\Debug\CS301_Class.a(S3_detected.o)
                0x00004d38                S3_detected_Disable
 .text.S4_detected_StartEx
                0x00004d50       0x24 .\CortexM3\ARM_GCC_541\Debug\CS301_Class.a(S4_detected.o)
                0x00004d50                S4_detected_StartEx
 .text.S4_detected_SetVector
                0x00004d74       0x24 .\CortexM3\ARM_GCC_541\Debug\CS301_Class.a(S4_detected.o)
                0x00004d74                S4_detected_SetVector
 .text.S4_detected_SetPriority
                0x00004d98       0x24 .\CortexM3\ARM_GCC_541\Debug\CS301_Class.a(S4_detected.o)
                0x00004d98                S4_detected_SetPriority
 .text.S4_detected_Enable
                0x00004dbc       0x18 .\CortexM3\ARM_GCC_541\Debug\CS301_Class.a(S4_detected.o)
                0x00004dbc                S4_detected_Enable
 .text.S4_detected_Disable
                0x00004dd4       0x18 .\CortexM3\ARM_GCC_541\Debug\CS301_Class.a(S4_detected.o)
                0x00004dd4                S4_detected_Disable
 .text.S5_detected_StartEx
                0x00004dec       0x24 .\CortexM3\ARM_GCC_541\Debug\CS301_Class.a(S5_detected.o)
                0x00004dec                S5_detected_StartEx
 .text.S5_detected_SetVector
                0x00004e10       0x24 .\CortexM3\ARM_GCC_541\Debug\CS301_Class.a(S5_detected.o)
                0x00004e10                S5_detected_SetVector
 .text.S5_detected_SetPriority
                0x00004e34       0x24 .\CortexM3\ARM_GCC_541\Debug\CS301_Class.a(S5_detected.o)
                0x00004e34                S5_detected_SetPriority
 .text.S5_detected_Enable
                0x00004e58       0x18 .\CortexM3\ARM_GCC_541\Debug\CS301_Class.a(S5_detected.o)
                0x00004e58                S5_detected_Enable
 .text.S5_detected_Disable
                0x00004e70       0x18 .\CortexM3\ARM_GCC_541\Debug\CS301_Class.a(S5_detected.o)
                0x00004e70                S5_detected_Disable
 .text.S6_detected_StartEx
                0x00004e88       0x24 .\CortexM3\ARM_GCC_541\Debug\CS301_Class.a(S6_detected.o)
                0x00004e88                S6_detected_StartEx
 .text.S6_detected_SetVector
                0x00004eac       0x24 .\CortexM3\ARM_GCC_541\Debug\CS301_Class.a(S6_detected.o)
                0x00004eac                S6_detected_SetVector
 .text.S6_detected_SetPriority
                0x00004ed0       0x24 .\CortexM3\ARM_GCC_541\Debug\CS301_Class.a(S6_detected.o)
                0x00004ed0                S6_detected_SetPriority
 .text.S6_detected_Enable
                0x00004ef4       0x18 .\CortexM3\ARM_GCC_541\Debug\CS301_Class.a(S6_detected.o)
                0x00004ef4                S6_detected_Enable
 .text.S6_detected_Disable
                0x00004f0c       0x18 .\CortexM3\ARM_GCC_541\Debug\CS301_Class.a(S6_detected.o)
                0x00004f0c                S6_detected_Disable
 *fill*         0x00004f24        0x4 
 .text          0x00004f28       0x20 .\CortexM3\ARM_GCC_541\Debug\CS301_Class.a(CyBootAsmGnu.o)
                0x00004f28                CyDelayCycles
                0x00004f38                CyEnterCriticalSection
                0x00004f40                CyExitCriticalSection
 .text.USBUART_DispatchCDCClassRqst
                0x00004f48       0xe4 .\CortexM3\ARM_GCC_541\Debug\CS301_Class.a(USBUART_cdc.o)
                0x00004f48                USBUART_DispatchCDCClassRqst
 .text.USBUART_GetInterfaceComPort
                0x0000502c       0x60 .\CortexM3\ARM_GCC_541\Debug\CS301_Class.a(USBUART_cdc.o)
                0x0000502c                USBUART_GetInterfaceComPort
 .text.USBUART_Cdc_EpInit
                0x0000508c       0x90 .\CortexM3\ARM_GCC_541\Debug\CS301_Class.a(USBUART_cdc.o)
                0x0000508c                USBUART_Cdc_EpInit
 .text.USBUART_DispatchClassRqst
                0x0000511c       0x84 .\CortexM3\ARM_GCC_541\Debug\CS301_Class.a(USBUART_cls.o)
                0x0000511c                USBUART_DispatchClassRqst
 .text          0x000051a0      0x370 c:/program files (x86)/cypress/psoc creator/4.2/psoc creator/import/gnu/arm/5.4.1/bin/../lib/gcc/arm-none-eabi/5.4.1/armv7-m\libgcc.a(_arm_addsubdf3.o)
                0x000051a0                __aeabi_drsub
                0x000051a8                __aeabi_dsub
                0x000051a8                __subdf3
                0x000051ac                __aeabi_dadd
                0x000051ac                __adddf3
                0x00005424                __floatunsidf
                0x00005424                __aeabi_ui2d
                0x00005444                __floatsidf
                0x00005444                __aeabi_i2d
                0x00005468                __aeabi_f2d
                0x00005468                __extendsfdf2
                0x000054a4                __floatundidf
                0x000054a4                __aeabi_ul2d
                0x000054b4                __floatdidf
                0x000054b4                __aeabi_l2d
 .text          0x00005510      0x424 c:/program files (x86)/cypress/psoc creator/4.2/psoc creator/import/gnu/arm/5.4.1/bin/../lib/gcc/arm-none-eabi/5.4.1/armv7-m\libgcc.a(_arm_muldivdf3.o)
                0x00005510                __aeabi_dmul
                0x00005510                __muldf3
                0x00005764                __divdf3
                0x00005764                __aeabi_ddiv
 .text          0x00005934       0x40 c:/program files (x86)/cypress/psoc creator/4.2/psoc creator/import/gnu/arm/5.4.1/bin/../lib/gcc/arm-none-eabi/5.4.1/armv7-m\libgcc.a(_arm_fixunsdfsi.o)
                0x00005934                __aeabi_d2uiz
                0x00005934                __fixunsdfsi
 .text          0x00005974       0xa0 c:/program files (x86)/cypress/psoc creator/4.2/psoc creator/import/gnu/arm/5.4.1/bin/../lib/gcc/arm-none-eabi/5.4.1/armv7-m\libgcc.a(_arm_truncdfsf2.o)
                0x00005974                __truncdfsf2
                0x00005974                __aeabi_d2f
 .text          0x00005a14      0x21c c:/program files (x86)/cypress/psoc creator/4.2/psoc creator/import/gnu/arm/5.4.1/bin/../lib/gcc/arm-none-eabi/5.4.1/armv7-m\libgcc.a(_arm_addsubsf3.o)
                0x00005a14                __aeabi_frsub
                0x00005a1c                __subsf3
                0x00005a1c                __aeabi_fsub
                0x00005a20                __aeabi_fadd
                0x00005a20                __addsf3
                0x00005b80                __aeabi_ui2f
                0x00005b80                __floatunsisf
                0x00005b88                __aeabi_i2f
                0x00005b88                __floatsisf
                0x00005ba4                __aeabi_ul2f
                0x00005ba4                __floatundisf
                0x00005bb4                __aeabi_l2f
                0x00005bb4                __floatdisf
 .text          0x00005c30      0x2a0 c:/program files (x86)/cypress/psoc creator/4.2/psoc creator/import/gnu/arm/5.4.1/bin/../lib/gcc/arm-none-eabi/5.4.1/armv7-m\libgcc.a(_arm_muldivsf3.o)
                0x00005c30                __mulsf3
                0x00005c30                __aeabi_fmul
                0x00005d98                __aeabi_fdiv
                0x00005d98                __divsf3
 .text          0x00005ed0       0xec c:/program files (x86)/cypress/psoc creator/4.2/psoc creator/import/gnu/arm/5.4.1/bin/../lib/gcc/arm-none-eabi/5.4.1/armv7-m\libgcc.a(_arm_cmpsf2.o)
                0x00005ed0                __gesf2
                0x00005ed0                __gtsf2
                0x00005ed8                __lesf2
                0x00005ed8                __ltsf2
                0x00005ee0                __nesf2
                0x00005ee0                __eqsf2
                0x00005ee0                __cmpsf2
                0x00005f40                __aeabi_cfrcmple
                0x00005f48                __aeabi_cfcmpeq
                0x00005f48                __aeabi_cfcmple
                0x00005f58                __aeabi_fcmpeq
                0x00005f6c                __aeabi_fcmplt
                0x00005f80                __aeabi_fcmple
                0x00005f94                __aeabi_fcmpge
                0x00005fa8                __aeabi_fcmpgt
 .text          0x00005fbc       0x4c c:/program files (x86)/cypress/psoc creator/4.2/psoc creator/import/gnu/arm/5.4.1/bin/../lib/gcc/arm-none-eabi/5.4.1/armv7-m\libgcc.a(_arm_fixsfsi.o)
                0x00005fbc                __aeabi_f2iz
                0x00005fbc                __fixsfsi
 .text          0x00006008       0x40 c:/program files (x86)/cypress/psoc creator/4.2/psoc creator/import/gnu/arm/5.4.1/bin/../lib/gcc/arm-none-eabi/5.4.1/armv7-m\libgcc.a(_arm_fixunssfsi.o)
                0x00006008                __fixunssfsi
                0x00006008                __aeabi_f2uiz
 .text.__errno  0x00006048        0xc c:/program files (x86)/cypress/psoc creator/4.2/psoc creator/import/gnu/arm/5.4.1/bin/../lib/gcc/arm-none-eabi/5.4.1/../../../../arm-none-eabi/lib/armv7-m\libg_nano.a(lib_a-errno.o)
                0x00006048                __errno
 .text.__libc_init_array
                0x00006054       0x4c c:/program files (x86)/cypress/psoc creator/4.2/psoc creator/import/gnu/arm/5.4.1/bin/../lib/gcc/arm-none-eabi/5.4.1/../../../../arm-none-eabi/lib/armv7-m\libg_nano.a(lib_a-init.o)
                0x00006054                __libc_init_array
 .text.malloc   0x000060a0       0x10 c:/program files (x86)/cypress/psoc creator/4.2/psoc creator/import/gnu/arm/5.4.1/bin/../lib/gcc/arm-none-eabi/5.4.1/../../../../arm-none-eabi/lib/armv7-m\libg_nano.a(lib_a-malloc.o)
                0x000060a0                malloc
 .text.memcpy   0x000060b0       0x16 c:/program files (x86)/cypress/psoc creator/4.2/psoc creator/import/gnu/arm/5.4.1/bin/../lib/gcc/arm-none-eabi/5.4.1/../../../../arm-none-eabi/lib/armv7-m\libg_nano.a(lib_a-memcpy-stub.o)
                0x000060b0                memcpy
 .text.memset   0x000060c6       0x10 c:/program files (x86)/cypress/psoc creator/4.2/psoc creator/import/gnu/arm/5.4.1/bin/../lib/gcc/arm-none-eabi/5.4.1/../../../../arm-none-eabi/lib/armv7-m\libg_nano.a(lib_a-memset.o)
                0x000060c6                memset
 *fill*         0x000060d6        0x2 
 .text._free_r  0x000060d8       0x98 c:/program files (x86)/cypress/psoc creator/4.2/psoc creator/import/gnu/arm/5.4.1/bin/../lib/gcc/arm-none-eabi/5.4.1/../../../../arm-none-eabi/lib/armv7-m\libg_nano.a(lib_a-nano-freer.o)
                0x000060d8                _free_r
 .text._malloc_r
                0x00006170       0xbc c:/program files (x86)/cypress/psoc creator/4.2/psoc creator/import/gnu/arm/5.4.1/bin/../lib/gcc/arm-none-eabi/5.4.1/../../../../arm-none-eabi/lib/armv7-m\libg_nano.a(lib_a-nano-mallocr.o)
                0x00006170                _malloc_r
 .text.printf   0x0000622c       0x30 c:/program files (x86)/cypress/psoc creator/4.2/psoc creator/import/gnu/arm/5.4.1/bin/../lib/gcc/arm-none-eabi/5.4.1/../../../../arm-none-eabi/lib/armv7-m\libg_nano.a(lib_a-printf.o)
                0x0000622c                iprintf
                0x0000622c                printf
 .text._puts_r  0x0000625c       0xb4 c:/program files (x86)/cypress/psoc creator/4.2/psoc creator/import/gnu/arm/5.4.1/bin/../lib/gcc/arm-none-eabi/5.4.1/../../../../arm-none-eabi/lib/armv7-m\libg_nano.a(lib_a-puts.o)
                0x0000625c                _puts_r
 .text.puts     0x00006310       0x10 c:/program files (x86)/cypress/psoc creator/4.2/psoc creator/import/gnu/arm/5.4.1/bin/../lib/gcc/arm-none-eabi/5.4.1/../../../../arm-none-eabi/lib/armv7-m\libg_nano.a(lib_a-puts.o)
                0x00006310                puts
 .text._sbrk_r  0x00006320       0x20 c:/program files (x86)/cypress/psoc creator/4.2/psoc creator/import/gnu/arm/5.4.1/bin/../lib/gcc/arm-none-eabi/5.4.1/../../../../arm-none-eabi/lib/armv7-m\libg_nano.a(lib_a-sbrkr.o)
                0x00006320                _sbrk_r
 .text.__swbuf_r
                0x00006340       0xa8 c:/program files (x86)/cypress/psoc creator/4.2/psoc creator/import/gnu/arm/5.4.1/bin/../lib/gcc/arm-none-eabi/5.4.1/../../../../arm-none-eabi/lib/armv7-m\libg_nano.a(lib_a-wbuf.o)
                0x00006340                __swbuf_r
 .text.__swsetup_r
                0x000063e8       0xdc c:/program files (x86)/cypress/psoc creator/4.2/psoc creator/import/gnu/arm/5.4.1/bin/../lib/gcc/arm-none-eabi/5.4.1/../../../../arm-none-eabi/lib/armv7-m\libg_nano.a(lib_a-wsetup.o)
                0x000063e8                __swsetup_r
 .text.__sflush_r
                0x000064c4      0x10c c:/program files (x86)/cypress/psoc creator/4.2/psoc creator/import/gnu/arm/5.4.1/bin/../lib/gcc/arm-none-eabi/5.4.1/../../../../arm-none-eabi/lib/armv7-m\libg_nano.a(lib_a-fflush.o)
                0x000064c4                __sflush_r
 .text._fflush_r
                0x000065d0       0x54 c:/program files (x86)/cypress/psoc creator/4.2/psoc creator/import/gnu/arm/5.4.1/bin/../lib/gcc/arm-none-eabi/5.4.1/../../../../arm-none-eabi/lib/armv7-m\libg_nano.a(lib_a-fflush.o)
                0x000065d0                _fflush_r
 .text._cleanup_r
                0x00006624        0xc c:/program files (x86)/cypress/psoc creator/4.2/psoc creator/import/gnu/arm/5.4.1/bin/../lib/gcc/arm-none-eabi/5.4.1/../../../../arm-none-eabi/lib/armv7-m\libg_nano.a(lib_a-findfp.o)
                0x00006624                _cleanup_r
 .text.std.isra.0
                0x00006630       0x48 c:/program files (x86)/cypress/psoc creator/4.2/psoc creator/import/gnu/arm/5.4.1/bin/../lib/gcc/arm-none-eabi/5.4.1/../../../../arm-none-eabi/lib/armv7-m\libg_nano.a(lib_a-findfp.o)
 .text.__sfmoreglue
                0x00006678       0x2c c:/program files (x86)/cypress/psoc creator/4.2/psoc creator/import/gnu/arm/5.4.1/bin/../lib/gcc/arm-none-eabi/5.4.1/../../../../arm-none-eabi/lib/armv7-m\libg_nano.a(lib_a-findfp.o)
                0x00006678                __sfmoreglue
 .text.__sinit  0x000066a4       0x60 c:/program files (x86)/cypress/psoc creator/4.2/psoc creator/import/gnu/arm/5.4.1/bin/../lib/gcc/arm-none-eabi/5.4.1/../../../../arm-none-eabi/lib/armv7-m\libg_nano.a(lib_a-findfp.o)
                0x000066a4                __sinit
 .text.__sfp    0x00006704       0x78 c:/program files (x86)/cypress/psoc creator/4.2/psoc creator/import/gnu/arm/5.4.1/bin/../lib/gcc/arm-none-eabi/5.4.1/../../../../arm-none-eabi/lib/armv7-m\libg_nano.a(lib_a-findfp.o)
                0x00006704                __sfp
 .text._fwalk_reent
                0x0000677c       0x3c c:/program files (x86)/cypress/psoc creator/4.2/psoc creator/import/gnu/arm/5.4.1/bin/../lib/gcc/arm-none-eabi/5.4.1/../../../../arm-none-eabi/lib/armv7-m\libg_nano.a(lib_a-fwalk.o)
                0x0000677c                _fwalk_reent
 .text.__swhatbuf_r
                0x000067b8       0x46 c:/program files (x86)/cypress/psoc creator/4.2/psoc creator/import/gnu/arm/5.4.1/bin/../lib/gcc/arm-none-eabi/5.4.1/../../../../arm-none-eabi/lib/armv7-m\libg_nano.a(lib_a-makebuf.o)
                0x000067b8                __swhatbuf_r
 *fill*         0x000067fe        0x2 
 .text.__smakebuf_r
                0x00006800       0x78 c:/program files (x86)/cypress/psoc creator/4.2/psoc creator/import/gnu/arm/5.4.1/bin/../lib/gcc/arm-none-eabi/5.4.1/../../../../arm-none-eabi/lib/armv7-m\libg_nano.a(lib_a-makebuf.o)
                0x00006800                __smakebuf_r
 .text.__malloc_lock
                0x00006878        0x2 c:/program files (x86)/cypress/psoc creator/4.2/psoc creator/import/gnu/arm/5.4.1/bin/../lib/gcc/arm-none-eabi/5.4.1/../../../../arm-none-eabi/lib/armv7-m\libg_nano.a(lib_a-mlock.o)
                0x00006878                __malloc_lock
 .text.__malloc_unlock
                0x0000687a        0x2 c:/program files (x86)/cypress/psoc creator/4.2/psoc creator/import/gnu/arm/5.4.1/bin/../lib/gcc/arm-none-eabi/5.4.1/../../../../arm-none-eabi/lib/armv7-m\libg_nano.a(lib_a-mlock.o)
                0x0000687a                __malloc_unlock
 .text.__sfputc_r
                0x0000687c       0x2c c:/program files (x86)/cypress/psoc creator/4.2/psoc creator/import/gnu/arm/5.4.1/bin/../lib/gcc/arm-none-eabi/5.4.1/../../../../arm-none-eabi/lib/armv7-m\libg_nano.a(lib_a-nano-vfprintf.o)
 .text.__sfputs_r
                0x000068a8       0x24 c:/program files (x86)/cypress/psoc creator/4.2/psoc creator/import/gnu/arm/5.4.1/bin/../lib/gcc/arm-none-eabi/5.4.1/../../../../arm-none-eabi/lib/armv7-m\libg_nano.a(lib_a-nano-vfprintf.o)
                0x000068a8                __sfputs_r
 .text._vfprintf_r
                0x000068cc      0x238 c:/program files (x86)/cypress/psoc creator/4.2/psoc creator/import/gnu/arm/5.4.1/bin/../lib/gcc/arm-none-eabi/5.4.1/../../../../arm-none-eabi/lib/armv7-m\libg_nano.a(lib_a-nano-vfprintf.o)
                0x000068cc                _vfprintf_r
                0x000068cc                _vfiprintf_r
 .text._printf_common
                0x00006b04       0xec c:/program files (x86)/cypress/psoc creator/4.2/psoc creator/import/gnu/arm/5.4.1/bin/../lib/gcc/arm-none-eabi/5.4.1/../../../../arm-none-eabi/lib/armv7-m\libg_nano.a(lib_a-nano-vfprintf_i.o)
                0x00006b04                _printf_common
 .text._printf_i
                0x00006bf0      0x24c c:/program files (x86)/cypress/psoc creator/4.2/psoc creator/import/gnu/arm/5.4.1/bin/../lib/gcc/arm-none-eabi/5.4.1/../../../../arm-none-eabi/lib/armv7-m\libg_nano.a(lib_a-nano-vfprintf_i.o)
                0x00006bf0                _printf_i
 .text.__sread  0x00006e3c       0x22 c:/program files (x86)/cypress/psoc creator/4.2/psoc creator/import/gnu/arm/5.4.1/bin/../lib/gcc/arm-none-eabi/5.4.1/../../../../arm-none-eabi/lib/armv7-m\libg_nano.a(lib_a-stdio.o)
                0x00006e3c                __sread
 .text.__swrite
                0x00006e5e       0x38 c:/program files (x86)/cypress/psoc creator/4.2/psoc creator/import/gnu/arm/5.4.1/bin/../lib/gcc/arm-none-eabi/5.4.1/../../../../arm-none-eabi/lib/armv7-m\libg_nano.a(lib_a-stdio.o)
                0x00006e5e                __swrite
 .text.__sseek  0x00006e96       0x24 c:/program files (x86)/cypress/psoc creator/4.2/psoc creator/import/gnu/arm/5.4.1/bin/../lib/gcc/arm-none-eabi/5.4.1/../../../../arm-none-eabi/lib/armv7-m\libg_nano.a(lib_a-stdio.o)
                0x00006e96                __sseek
 .text.__sclose
                0x00006eba        0x8 c:/program files (x86)/cypress/psoc creator/4.2/psoc creator/import/gnu/arm/5.4.1/bin/../lib/gcc/arm-none-eabi/5.4.1/../../../../arm-none-eabi/lib/armv7-m\libg_nano.a(lib_a-stdio.o)
                0x00006eba                __sclose
 *fill*         0x00006ec2        0x2 
 .text._write_r
                0x00006ec4       0x24 c:/program files (x86)/cypress/psoc creator/4.2/psoc creator/import/gnu/arm/5.4.1/bin/../lib/gcc/arm-none-eabi/5.4.1/../../../../arm-none-eabi/lib/armv7-m\libg_nano.a(lib_a-writer.o)
                0x00006ec4                _write_r
 .text._close_r
                0x00006ee8       0x20 c:/program files (x86)/cypress/psoc creator/4.2/psoc creator/import/gnu/arm/5.4.1/bin/../lib/gcc/arm-none-eabi/5.4.1/../../../../arm-none-eabi/lib/armv7-m\libg_nano.a(lib_a-closer.o)
                0x00006ee8                _close_r
 .text._fstat_r
                0x00006f08       0x24 c:/program files (x86)/cypress/psoc creator/4.2/psoc creator/import/gnu/arm/5.4.1/bin/../lib/gcc/arm-none-eabi/5.4.1/../../../../arm-none-eabi/lib/armv7-m\libg_nano.a(lib_a-fstatr.o)
                0x00006f08                _fstat_r
 .text._isatty_r
                0x00006f2c       0x20 c:/program files (x86)/cypress/psoc creator/4.2/psoc creator/import/gnu/arm/5.4.1/bin/../lib/gcc/arm-none-eabi/5.4.1/../../../../arm-none-eabi/lib/armv7-m\libg_nano.a(lib_a-isattyr.o)
                0x00006f2c                _isatty_r
 .text._lseek_r
                0x00006f4c       0x24 c:/program files (x86)/cypress/psoc creator/4.2/psoc creator/import/gnu/arm/5.4.1/bin/../lib/gcc/arm-none-eabi/5.4.1/../../../../arm-none-eabi/lib/armv7-m\libg_nano.a(lib_a-lseekr.o)
                0x00006f4c                _lseek_r
 .text.memchr   0x00006f70       0x1c c:/program files (x86)/cypress/psoc creator/4.2/psoc creator/import/gnu/arm/5.4.1/bin/../lib/gcc/arm-none-eabi/5.4.1/../../../../arm-none-eabi/lib/armv7-m\libg_nano.a(lib_a-memchr-stub.o)
                0x00006f70                memchr
 .text._read_r  0x00006f8c       0x24 c:/program files (x86)/cypress/psoc creator/4.2/psoc creator/import/gnu/arm/5.4.1/bin/../lib/gcc/arm-none-eabi/5.4.1/../../../../arm-none-eabi/lib/armv7-m\libg_nano.a(lib_a-readr.o)
                0x00006f8c                _read_r
 .text._close   0x00006fb0       0x10 c:/program files (x86)/cypress/psoc creator/4.2/psoc creator/import/gnu/arm/5.4.1/bin/../lib/gcc/arm-none-eabi/5.4.1/../../../../arm-none-eabi/lib/armv7-m\libnosys.a(close.o)
                0x00006fb0                _close
 .text._fstat   0x00006fc0       0x10 c:/program files (x86)/cypress/psoc creator/4.2/psoc creator/import/gnu/arm/5.4.1/bin/../lib/gcc/arm-none-eabi/5.4.1/../../../../arm-none-eabi/lib/armv7-m\libnosys.a(fstat.o)
                0x00006fc0                _fstat
 .text._isatty  0x00006fd0       0x10 c:/program files (x86)/cypress/psoc creator/4.2/psoc creator/import/gnu/arm/5.4.1/bin/../lib/gcc/arm-none-eabi/5.4.1/../../../../arm-none-eabi/lib/armv7-m\libnosys.a(isatty.o)
                0x00006fd0                _isatty
 .text._lseek   0x00006fe0       0x10 c:/program files (x86)/cypress/psoc creator/4.2/psoc creator/import/gnu/arm/5.4.1/bin/../lib/gcc/arm-none-eabi/5.4.1/../../../../arm-none-eabi/lib/armv7-m\libnosys.a(lseek.o)
                0x00006fe0                _lseek
 .text._read    0x00006ff0       0x10 c:/program files (x86)/cypress/psoc creator/4.2/psoc creator/import/gnu/arm/5.4.1/bin/../lib/gcc/arm-none-eabi/5.4.1/../../../../arm-none-eabi/lib/armv7-m\libnosys.a(read.o)
                0x00006ff0                _read
 .text._write   0x00007000       0x10 c:/program files (x86)/cypress/psoc creator/4.2/psoc creator/import/gnu/arm/5.4.1/bin/../lib/gcc/arm-none-eabi/5.4.1/../../../../arm-none-eabi/lib/armv7-m\libnosys.a(write.o)
                0x00007000                _write
 *(.plt)
 *(.gnu.warning)
 *(.glue_7t)
 .glue_7t       0x00007010        0x0 linker stubs
 *(.glue_7)
 .glue_7        0x00007010        0x0 linker stubs
 *(.vfp11_veneer)
 .vfp11_veneer  0x00007010        0x0 linker stubs
 *(.bootloader)
 *(.ARM.extab* .gnu.linkonce.armextab.*)
 *(.gcc_except_table)

.v4_bx          0x00007010        0x0
 .v4_bx         0x00007010        0x0 linker stubs

.iplt           0x00007010        0x0
 .iplt          0x00007010        0x0 c:/program files (x86)/cypress/psoc creator/4.2/psoc creator/import/gnu/arm/5.4.1/bin/../lib/gcc/arm-none-eabi/5.4.1/armv7-m/crtbegin.o

.eh_frame_hdr
 *(.eh_frame_hdr)

.eh_frame       0x00007010        0x4
 *(.eh_frame)
 .eh_frame      0x00007010        0x0 c:/program files (x86)/cypress/psoc creator/4.2/psoc creator/import/gnu/arm/5.4.1/bin/../lib/gcc/arm-none-eabi/5.4.1/armv7-m/crtbegin.o
 .eh_frame      0x00007010        0x4 c:/program files (x86)/cypress/psoc creator/4.2/psoc creator/import/gnu/arm/5.4.1/bin/../lib/gcc/arm-none-eabi/5.4.1/armv7-m/crtend.o
                [!provide]                PROVIDE (__exidx_start, .)

.ARM.exidx
 *(.ARM.exidx* .gnu.linkonce.armexidx.*)
                0x00007014                __exidx_end = .

.rodata         0x00007014      0x31c
 *(.rodata .rodata.* .gnu.linkonce.r.*)
 .rodata        0x00007014       0x6f .\CortexM3\ARM_GCC_541\Debug\pathfinding.o
 *fill*         0x00007083        0x1 
 .rodata        0x00007084       0x2a .\CortexM3\ARM_GCC_541\Debug\cyfitter_cfg.o
 *fill*         0x000070ae        0x2 
 .rodata        0x000070b0       0x11 .\CortexM3\ARM_GCC_541\Debug\CS301_Class.a(USBUART_std.o)
 *fill*         0x000070c1        0x3 
 .rodata        0x000070c4      0x19c .\CortexM3\ARM_GCC_541\Debug\CS301_Class.a(USBUART_descr.o)
                0x000070c4                USBUART_DEVICE0_DESCR
                0x000070d8                USBUART_DEVICE0_CONFIGURATION0_DESCR
                0x0000711c                USBUART_STRING_DESCRIPTORS
                0x000071bc                USBUART_SN_STRING_DESCRIPTOR
                0x000071c0                USBUART_DEVICE0_CONFIGURATION0_EP_SETTINGS_TABLE
                0x000071d8                USBUART_DEVICE0_CONFIGURATION0_INTERFACE_CLASS
                0x000071dc                USBUART_DEVICE0_CONFIGURATION0_TABLE
                0x00007204                USBUART_DEVICE0_TABLE
                0x0000721c                USBUART_TABLE
                0x00007224                USBUART_MSOS_DESCRIPTOR
                0x00007238                USBUART_MSOS_CONFIGURATION_DESCR
 .rodata.str1.1
                0x00007260        0x2 c:/program files (x86)/cypress/psoc creator/4.2/psoc creator/import/gnu/arm/5.4.1/bin/../lib/gcc/arm-none-eabi/5.4.1/../../../../arm-none-eabi/lib/armv7-m\libg_nano.a(lib_a-impure.o)
 *fill*         0x00007262        0x2 
 .rodata._global_impure_ptr
                0x00007264        0x4 c:/program files (x86)/cypress/psoc creator/4.2/psoc creator/import/gnu/arm/5.4.1/bin/../lib/gcc/arm-none-eabi/5.4.1/../../../../arm-none-eabi/lib/armv7-m\libg_nano.a(lib_a-impure.o)
                0x00007264                _global_impure_ptr
 .rodata.__sf_fake_stdin
                0x00007268       0x20 c:/program files (x86)/cypress/psoc creator/4.2/psoc creator/import/gnu/arm/5.4.1/bin/../lib/gcc/arm-none-eabi/5.4.1/../../../../arm-none-eabi/lib/armv7-m\libg_nano.a(lib_a-findfp.o)
                0x00007268                __sf_fake_stdin
 .rodata.__sf_fake_stdout
                0x00007288       0x20 c:/program files (x86)/cypress/psoc creator/4.2/psoc creator/import/gnu/arm/5.4.1/bin/../lib/gcc/arm-none-eabi/5.4.1/../../../../arm-none-eabi/lib/armv7-m\libg_nano.a(lib_a-findfp.o)
                0x00007288                __sf_fake_stdout
 .rodata.__sf_fake_stderr
                0x000072a8       0x20 c:/program files (x86)/cypress/psoc creator/4.2/psoc creator/import/gnu/arm/5.4.1/bin/../lib/gcc/arm-none-eabi/5.4.1/../../../../arm-none-eabi/lib/armv7-m\libg_nano.a(lib_a-findfp.o)
                0x000072a8                __sf_fake_stderr
 .rodata.str1.1
                0x000072c8       0x11 c:/program files (x86)/cypress/psoc creator/4.2/psoc creator/import/gnu/arm/5.4.1/bin/../lib/gcc/arm-none-eabi/5.4.1/../../../../arm-none-eabi/lib/armv7-m\libg_nano.a(lib_a-nano-vfprintf.o)
 .rodata.str1.1
                0x000072d9       0x22 c:/program files (x86)/cypress/psoc creator/4.2/psoc creator/import/gnu/arm/5.4.1/bin/../lib/gcc/arm-none-eabi/5.4.1/../../../../arm-none-eabi/lib/armv7-m\libg_nano.a(lib_a-nano-vfprintf_i.o)
                0x000072fc                . = ALIGN (0x4)
 *fill*         0x000072fb        0x1 
 *(.init)
 .init          0x000072fc        0x4 c:/program files (x86)/cypress/psoc creator/4.2/psoc creator/import/gnu/arm/5.4.1/bin/../lib/gcc/arm-none-eabi/5.4.1/armv7-m/crti.o
                0x000072fc                _init
 .init          0x00007300        0x8 c:/program files (x86)/cypress/psoc creator/4.2/psoc creator/import/gnu/arm/5.4.1/bin/../lib/gcc/arm-none-eabi/5.4.1/armv7-m/crtn.o
                0x00007308                . = ALIGN (0x4)
                0x00007308                __preinit_array_start = .
 *(.preinit_array)
                0x00007308                __preinit_array_end = .
                0x00007308                . = ALIGN (0x4)
                0x00007308                __init_array_start = .
 *(SORT(.init_array.*))
 *(.init_array)
 .init_array    0x00007308        0x4 c:/program files (x86)/cypress/psoc creator/4.2/psoc creator/import/gnu/arm/5.4.1/bin/../lib/gcc/arm-none-eabi/5.4.1/armv7-m/crtbegin.o
 .init_array    0x0000730c        0x4 .\CortexM3\ARM_GCC_541\Debug\Cm3Start.o
                0x00007310                __init_array_end = .
                0x00007310                . = ALIGN (0x4)
 *(.fini)
 .fini          0x00007310        0x4 c:/program files (x86)/cypress/psoc creator/4.2/psoc creator/import/gnu/arm/5.4.1/bin/../lib/gcc/arm-none-eabi/5.4.1/armv7-m/crti.o
                0x00007310                _fini
 .fini          0x00007314        0x8 c:/program files (x86)/cypress/psoc creator/4.2/psoc creator/import/gnu/arm/5.4.1/bin/../lib/gcc/arm-none-eabi/5.4.1/armv7-m/crtn.o
                0x0000731c                . = ALIGN (0x4)
                0x0000731c                __fini_array_start = .
 *(.fini_array)
 .fini_array    0x0000731c        0x4 c:/program files (x86)/cypress/psoc creator/4.2/psoc creator/import/gnu/arm/5.4.1/bin/../lib/gcc/arm-none-eabi/5.4.1/armv7-m/crtbegin.o
 *(SORT(.fini_array.*))
                0x00007320                __fini_array_end = .
                0x00007320                . = ALIGN (0x4)
 *crtbegin.o(.ctors)
 *(EXCLUDE_FILE(*crtend.o) .ctors)
 *(SORT(.ctors.*))
 *crtend.o(.ctors)
                0x00007320                . = ALIGN (0x4)
 *crtbegin.o(.dtors)
 *(EXCLUDE_FILE(*crtend.o) .dtors)
 *(SORT(.dtors.*))
 *crtend.o(.dtors)
                0x00007320                . = ALIGN (0x4)
                0x00007320                __cy_regions = .
                0x00007320        0x4 LONG 0x7330 __cy_region_init_ram
                0x00007324        0x4 LONG 0x1fff80c8 __cy_region_start_data
                0x00007328        0x4 LONG 0x5c8 __cy_region_init_size_ram
                0x0000732c        0x4 LONG 0x1d78 __cy_region_zero_size_ram
                0x00007330                __cy_regions_end = .
                0x00007330                . = ALIGN (0x8)
                0x00007330                _etext = .

.cy_checksum_exclude
                0x00007330        0x0
 *(.cy_checksum_exclude)

.ramvectors     0x1fff8000       0xc0
                0x1fff8000                __cy_region_start_ram = .
 *(.ramvectors)
 .ramvectors    0x1fff8000       0xc0 .\CortexM3\ARM_GCC_541\Debug\Cm3Start.o
                0x1fff8000                CyRamVectors

.noinit         0x1fff80c0        0x5
 *(.noinit)
 .noinit        0x1fff80c0        0x4 .\CortexM3\ARM_GCC_541\Debug\Cm3Start.o
 .noinit        0x1fff80c4        0x1 .\CortexM3\ARM_GCC_541\Debug\CS301_Class.a(CyLib.o)
                0x1fff80c4                CyResetStatus

.data           0x1fff80c8      0x5c8 load address 0x00007330
                0x1fff80c8                __cy_region_start_data = .
 *(.jcr)
 .jcr           0x1fff80c8        0x0 c:/program files (x86)/cypress/psoc creator/4.2/psoc creator/import/gnu/arm/5.4.1/bin/../lib/gcc/arm-none-eabi/5.4.1/armv7-m/crtbegin.o
 .jcr           0x1fff80c8        0x4 c:/program files (x86)/cypress/psoc creator/4.2/psoc creator/import/gnu/arm/5.4.1/bin/../lib/gcc/arm-none-eabi/5.4.1/armv7-m/crtend.o
 *(.got.plt)
 *(.got)
 *(.shdata)
 *(.data .data.* .gnu.linkonce.d.*)
 .data          0x1fff80cc       0x58 .\CortexM3\ARM_GCC_541\Debug\main.o
                0x1fff80cc                flag_rf_transmission_active
                0x1fff80d0                displaystring
                0x1fff8110                previousOrientation
                0x1fff8114                xBlocksize
                0x1fff8118                yBlocksize
                0x1fff811c                currentRow
                0x1fff811d                currentCol
                0x1fff811e                lastDirectionAfter180
                0x1fff8120                currentIgnoreR
 .data          0x1fff8124      0x4c8 .\CortexM3\ARM_GCC_541\Debug\pathfinding.o
                0x1fff8124                currentRobotOrientation
                0x1fff8128                map
                0x1fff859c                start_pos
                0x1fff85a4                food_list
                0x1fff85cc                moves
 .data          0x1fff85ec        0xa .\CortexM3\ARM_GCC_541\Debug\movement.o
                0x1fff85ec                rangeMovementMultiplier
                0x1fff85f0                minMovementMultiplier
                0x1fff85f4                maxTurnCount
 *fill*         0x1fff85f6        0x2 
 .data          0x1fff85f8        0x4 .\CortexM3\ARM_GCC_541\Debug\Cm3Start.o
 .data          0x1fff85fc       0x10 .\CortexM3\ARM_GCC_541\Debug\CS301_Class.a(CyLib.o)
                0x1fff85fc                cydelay_freq_hz
                0x1fff8600                cydelay_freq_khz
                0x1fff8604                cydelay_freq_mhz
                0x1fff8608                cydelay_32k_ms
 .data          0x1fff860c       0x1a .\CortexM3\ARM_GCC_541\Debug\CS301_Class.a(USBUART_cdc.o)
                0x1fff860c                USBUART_linesCoding
 *fill*         0x1fff8626        0x2 
 .data.impure_data
                0x1fff8628       0x60 c:/program files (x86)/cypress/psoc creator/4.2/psoc creator/import/gnu/arm/5.4.1/bin/../lib/gcc/arm-none-eabi/5.4.1/../../../../arm-none-eabi/lib/armv7-m\libg_nano.a(lib_a-impure.o)
 .data._impure_ptr
                0x1fff8688        0x4 c:/program files (x86)/cypress/psoc creator/4.2/psoc creator/import/gnu/arm/5.4.1/bin/../lib/gcc/arm-none-eabi/5.4.1/../../../../arm-none-eabi/lib/armv7-m\libg_nano.a(lib_a-impure.o)
                0x1fff8688                _impure_ptr
                0x1fff8690                . = ALIGN (0x8)
 *fill*         0x1fff868c        0x4 
 *(.ram)
                0x1fff8690                _edata = .

.igot.plt       0x1fff8690        0x0 load address 0x000078f8
 .igot.plt      0x1fff8690        0x0 c:/program files (x86)/cypress/psoc creator/4.2/psoc creator/import/gnu/arm/5.4.1/bin/../lib/gcc/arm-none-eabi/5.4.1/armv7-m/crtbegin.o

.bss            0x1fff8690     0x1d78 load address 0x000078f8
                0x1fff8690                PROVIDE (__bss_start__, .)
 *(.shbss)
 *(.bss .bss.* .gnu.linkonce.b.*)
 .bss           0x1fff8690       0x1c c:/program files (x86)/cypress/psoc creator/4.2/psoc creator/import/gnu/arm/5.4.1/bin/../lib/gcc/arm-none-eabi/5.4.1/armv7-m/crtbegin.o
 .bss           0x1fff86ac       0x54 .\CortexM3\ARM_GCC_541\Debug\main.o
                0x1fff86ac                ts
                0x1fff86ae                ts_enc
                0x1fff86b0                ts_update
                0x1fff86b2                ts_speed
                0x1fff86b4                ts_display
                0x1fff86b6                flag_ts_enc
                0x1fff86b7                flag_ts_update
                0x1fff86b8                flag_ts_speed
                0x1fff86b9                flag_ts_display
                0x1fff86ba                flag_rx
                0x1fff86bb                flag_packet
                0x1fff86bc                flag_KB_string
                0x1fff86bd                dataready_flag
                0x1fff86be                previousDirection
                0x1fff86c0                instructionIndex
                0x1fff86c4                s6
                0x1fff86c8                totalMilliseconds
                0x1fff86cc                totalDistance
                0x1fff86d0                quadDec2Count
                0x1fff86d4                timerInt
                0x1fff86d8                keepLedOn
                0x1fff86dc                stopBuffer
                0x1fff86e0                turnStartedFlag
                0x1fff86e1                turnFinishedFlag
                0x1fff86e2                forwardUntilTargetStartedFlag
                0x1fff86e3                uTurnStartedFlag
                0x1fff86e4                uTurnFinishedFlag
                0x1fff86e8                junctionConfiguration
                0x1fff86ec                blockSizeTotal
                0x1fff86f0                stoppedAfterTurn
                0x1fff86f1                ignoreSensor
                0x1fff86f2                spinCourseCorrectionStarted
                0x1fff86f4                currentIgnoreL
                0x1fff86f8                leftWingFlag
                0x1fff86fc                rightWingFlag
 .bss           0x1fff8700     0x11dc .\CortexM3\ARM_GCC_541\Debug\pathfinding.o
                0x1fff98d4                ignoreR
                0x1fff98d8                ignoreL
 .bss           0x1fff98dc        0x1 .\CortexM3\ARM_GCC_541\Debug\usbUART.o
                0x1fff98dc                USBUART_initVar
 *fill*         0x1fff98dd        0x3 
 .bss           0x1fff98e0        0x2 .\CortexM3\ARM_GCC_541\Debug\CS301_Class.a(USBUART_std.o)
 .bss           0x1fff98e2        0x1 .\CortexM3\ARM_GCC_541\Debug\CS301_Class.a(PWM_1.o)
                0x1fff98e2                PWM_1_initVar
 .bss           0x1fff98e3        0x1 .\CortexM3\ARM_GCC_541\Debug\CS301_Class.a(PWM_2.o)
                0x1fff98e3                PWM_2_initVar
 .bss           0x1fff98e4        0x1 .\CortexM3\ARM_GCC_541\Debug\CS301_Class.a(QuadDec_M1.o)
                0x1fff98e4                QuadDec_M1_initVar
 .bss           0x1fff98e5        0x1 .\CortexM3\ARM_GCC_541\Debug\CS301_Class.a(QuadDec_M2.o)
                0x1fff98e5                QuadDec_M2_initVar
 .bss           0x1fff98e6        0x1 .\CortexM3\ARM_GCC_541\Debug\CS301_Class.a(QuadDec_M1_Cnt16.o)
                0x1fff98e6                QuadDec_M1_Cnt16_initVar
 .bss           0x1fff98e7        0x1 .\CortexM3\ARM_GCC_541\Debug\CS301_Class.a(QuadDec_M2_Cnt16.o)
                0x1fff98e7                QuadDec_M2_Cnt16_initVar
 .bss           0x1fff98e8        0x1 .\CortexM3\ARM_GCC_541\Debug\CS301_Class.a(SpeedTimer.o)
                0x1fff98e8                SpeedTimer_initVar
 .bss           0x1fff98e9        0x1 .\CortexM3\ARM_GCC_541\Debug\CS301_Class.a(Timer_LED.o)
                0x1fff98e9                Timer_LED_initVar
 *fill*         0x1fff98ea        0x2 
 .bss.__malloc_sbrk_start
                0x1fff98ec        0x4 c:/program files (x86)/cypress/psoc creator/4.2/psoc creator/import/gnu/arm/5.4.1/bin/../lib/gcc/arm-none-eabi/5.4.1/../../../../arm-none-eabi/lib/armv7-m\libg_nano.a(lib_a-nano-mallocr.o)
                0x1fff98ec                __malloc_sbrk_start
 .bss.__malloc_free_list
                0x1fff98f0        0x4 c:/program files (x86)/cypress/psoc creator/4.2/psoc creator/import/gnu/arm/5.4.1/bin/../lib/gcc/arm-none-eabi/5.4.1/../../../../arm-none-eabi/lib/armv7-m\libg_nano.a(lib_a-nano-mallocr.o)
                0x1fff98f0                __malloc_free_list
 *(COMMON)
 COMMON         0x1fff98f4      0x145 .\CortexM3\ARM_GCC_541\Debug\main.o
                0x1fff98f4                entry
                0x1fff9934                system_state
                0x1fff9954                currentDirection
                0x1fff9958                instructionList
                0x1fff995c                line
                0x1fff999c                usbBuffer
                0x1fff99dc                numSteps
                0x1fff99e0                buffer
                0x1fff9a25                s4
                0x1fff9a26                s5
                0x1fff9a28                currentInstruction
                0x1fff9a38                s3
 *fill*         0x1fff9a39        0x3 
 COMMON         0x1fff9a3c      0x8ec .\CortexM3\ARM_GCC_541\Debug\pathfinding.o
                0x1fff9a3c                previousRobotOrientation
                0x1fff9a40                list_of_optimal_coordinates
 COMMON         0x1fffa328       0x9a .\CortexM3\ARM_GCC_541\Debug\CS301_Class.a(USBUART_drv.o)
                0x1fffa328                USBUART_lastPacketSize
                0x1fffa329                USBUART_device
                0x1fffa32a                USBUART_transferByteCount
                0x1fffa32c                USBUART_transferState
                0x1fffa330                USBUART_interfaceSettingLast
                0x1fffa334                USBUART_currentTD
                0x1fffa340                USBUART_interfaceNumber
                0x1fffa344                USBUART_interfaceClass
                0x1fffa348                USBUART_configurationChanged
                0x1fffa349                USBUART_ep0Mode
                0x1fffa34a                USBUART_deviceAddress
                0x1fffa34b                USBUART_configuration
                0x1fffa34c                USBUART_ep0Count
                0x1fffa34d                USBUART_deviceStatus
                0x1fffa350                USBUART_EP
                0x1fffa3bc                USBUART_interfaceSetting
                0x1fffa3be                USBUART_ep0Toggle
                0x1fffa3c0                USBUART_interfaceStatus
 *fill*         0x1fffa3c2        0x2 
 COMMON         0x1fffa3c4       0x18 .\CortexM3\ARM_GCC_541\Debug\CS301_Class.a(USBUART_cdc.o)
                0x1fffa3c4                USBUART_linesChanged
                0x1fffa3c8                USBUART_cdcDataInEp
                0x1fffa3cc                USBUART_cdcCommInInterruptEp
                0x1fffa3d0                USBUART_cdcDataOutEp
                0x1fffa3d4                USBUART_serialStateBitmap
                0x1fffa3d8                USBUART_linesControlBitmap
 COMMON         0x1fffa3dc       0x22 .\CortexM3\ARM_GCC_541\Debug\CS301_Class.a(USBUART_descr.o)
                0x1fffa3dc                USBUART_idSerialNumberStringDescriptor
 *fill*         0x1fffa3fe        0x2 
 COMMON         0x1fffa400        0x4 c:/program files (x86)/cypress/psoc creator/4.2/psoc creator/import/gnu/arm/5.4.1/bin/../lib/gcc/arm-none-eabi/5.4.1/../../../../arm-none-eabi/lib/armv7-m\libg_nano.a(lib_a-reent.o)
                0x1fffa400                errno
                0x1fffa408                . = ALIGN (0x8)
 *fill*         0x1fffa404        0x4 
 *(.ram.b)
                0x1fffa408                _end = .
                0x1fffa408                __end = .
                0x1fffa408                PROVIDE (end, .)
                0x1fffa408                PROVIDE (__bss_end__, .)
                0x00007330                __cy_region_init_ram = LOADADDR (.data)
                0x000005c8                __cy_region_init_size_ram = (_edata - ADDR (.data))
                0x00001d78                __cy_region_zero_size_ram = (_end - _edata)

.heap           0x1fffa408       0x80 load address 0x000078f8
                0x1fffa408                . = _end
                0x1fffa488                . = (. + 0x80)
 *fill*         0x1fffa408       0x80 
                0x1fffa488                __cy_heap_limit = .

.stack          0x20007800      0x800
                0x20007800                __cy_stack_limit = .
                0x20008000                . = (. + 0x800)
 *fill*         0x20007800      0x800 
                0x00000001                ASSERT ((__cy_stack_limit >= __cy_heap_limit), region RAM overflowed with stack)
                0x00000000                cy_checksum_exclude_size = (CY_APPL_LOADABLE == 0x1)?SIZEOF (.cy_checksum_exclude):0x0
                0x00000001                ASSERT ((cy_checksum_exclude_size <= CY_CHECKSUM_EXCLUDE_SIZE), CY_BOOT: Section .cy_checksum_exclude size exceedes specified limit.)

.cyloadermeta
 *(.cyloadermeta)

.cyloadablemeta
 *(.cyloadablemeta)

.cyconfigecc    0x80000000      0xd78
 *(.cyconfigecc)
 .cyconfigecc   0x80000000      0xd78 .\CortexM3\ARM_GCC_541\Debug\cymetadata.o
                0x80000000                cy_meta_configecc

.cycustnvl      0x90000000        0x4
 *(.cycustnvl)
 .cycustnvl     0x90000000        0x4 .\CortexM3\ARM_GCC_541\Debug\cymetadata.o
                0x90000000                cy_meta_custnvl

.cywolatch      0x90100000        0x4
 *(.cywolatch)
 .cywolatch     0x90100000        0x4 .\CortexM3\ARM_GCC_541\Debug\cymetadata.o
                0x90100000                cy_meta_wonvl

.cyeeprom       0x90200000        0x0
 *(.cyeeprom)
                0x00000001                ASSERT ((. <= ((0x90200000 + ee_offset) + ee_size)), .cyeeprom data will not fit in EEPROM)

.cyflashprotect
                0x90400000      0x100
 *(.cyflashprotect)
 .cyflashprotect
                0x90400000      0x100 .\CortexM3\ARM_GCC_541\Debug\cymetadata.o
                0x90400000                cy_meta_flashprotect

.cymeta         0x90500000        0xc
 *(.cymeta)
 .cymeta        0x90500000        0xc .\CortexM3\ARM_GCC_541\Debug\cymetadata.o
                0x90500000                cy_metadata

.rel.dyn        0x000078f8        0x0 load address 0x9050000c
 .rel.iplt      0x000078f8        0x0 c:/program files (x86)/cypress/psoc creator/4.2/psoc creator/import/gnu/arm/5.4.1/bin/../lib/gcc/arm-none-eabi/5.4.1/armv7-m/crtbegin.o

.stab           0x00000000       0x9c
 *(.stab)
 .stab          0x00000000       0x24 c:/program files (x86)/cypress/psoc creator/4.2/psoc creator/import/gnu/arm/5.4.1/bin/../lib/gcc/arm-none-eabi/5.4.1/../../../../arm-none-eabi/lib/armv7-m\libnosys.a(close.o)
 .stab          0x00000024       0x18 c:/program files (x86)/cypress/psoc creator/4.2/psoc creator/import/gnu/arm/5.4.1/bin/../lib/gcc/arm-none-eabi/5.4.1/../../../../arm-none-eabi/lib/armv7-m\libnosys.a(fstat.o)
                                 0x24 (size before relaxing)
 .stab          0x0000003c       0x18 c:/program files (x86)/cypress/psoc creator/4.2/psoc creator/import/gnu/arm/5.4.1/bin/../lib/gcc/arm-none-eabi/5.4.1/../../../../arm-none-eabi/lib/armv7-m\libnosys.a(isatty.o)
                                 0x24 (size before relaxing)
 .stab          0x00000054       0x18 c:/program files (x86)/cypress/psoc creator/4.2/psoc creator/import/gnu/arm/5.4.1/bin/../lib/gcc/arm-none-eabi/5.4.1/../../../../arm-none-eabi/lib/armv7-m\libnosys.a(lseek.o)
                                 0x24 (size before relaxing)
 .stab          0x0000006c       0x18 c:/program files (x86)/cypress/psoc creator/4.2/psoc creator/import/gnu/arm/5.4.1/bin/../lib/gcc/arm-none-eabi/5.4.1/../../../../arm-none-eabi/lib/armv7-m\libnosys.a(read.o)
                                 0x24 (size before relaxing)
 .stab          0x00000084       0x18 c:/program files (x86)/cypress/psoc creator/4.2/psoc creator/import/gnu/arm/5.4.1/bin/../lib/gcc/arm-none-eabi/5.4.1/../../../../arm-none-eabi/lib/armv7-m\libnosys.a(write.o)
                                 0x24 (size before relaxing)

.stabstr        0x00000000      0x14d
 *(.stabstr)
 .stabstr       0x00000000      0x14d c:/program files (x86)/cypress/psoc creator/4.2/psoc creator/import/gnu/arm/5.4.1/bin/../lib/gcc/arm-none-eabi/5.4.1/../../../../arm-none-eabi/lib/armv7-m\libnosys.a(close.o)

.debug
 *(.debug)

.line
 *(.line)

.debug_srcinfo
 *(.debug_srcinfo)

.debug_sfnames
 *(.debug_sfnames)

.debug_aranges  0x00000000     0x12a0
 *(.debug_aranges)
 .debug_aranges
                0x00000000       0x98 .\CortexM3\ARM_GCC_541\Debug\main.o
 .debug_aranges
                0x00000098       0x28 .\CortexM3\ARM_GCC_541\Debug\tacho.o
 .debug_aranges
                0x000000c0       0x20 .\CortexM3\ARM_GCC_541\Debug\initialise.o
 .debug_aranges
                0x000000e0       0x68 .\CortexM3\ARM_GCC_541\Debug\pathfinding.o
 .debug_aranges
                0x00000148       0x58 .\CortexM3\ARM_GCC_541\Debug\movement.o
 .debug_aranges
                0x000001a0       0xc8 .\CortexM3\ARM_GCC_541\Debug\usbUART.o
 .debug_aranges
                0x00000268       0x60 .\CortexM3\ARM_GCC_541\Debug\cyfitter_cfg.o
 .debug_aranges
                0x000002c8       0x18 .\CortexM3\ARM_GCC_541\Debug\cymetadata.o
 .debug_aranges
                0x000002e0       0x48 .\CortexM3\ARM_GCC_541\Debug\Cm3Start.o
 .debug_aranges
                0x00000328       0x98 .\CortexM3\ARM_GCC_541\Debug\CS301_Class.a(USBUART_drv.o)
 .debug_aranges
                0x000003c0       0x40 .\CortexM3\ARM_GCC_541\Debug\CS301_Class.a(USBUART_episr.o)
 .debug_aranges
                0x00000400       0x40 .\CortexM3\ARM_GCC_541\Debug\CS301_Class.a(USBUART_pm.o)
 .debug_aranges
                0x00000440       0x80 .\CortexM3\ARM_GCC_541\Debug\CS301_Class.a(USBUART_std.o)
 .debug_aranges
                0x000004c0       0x20 .\CortexM3\ARM_GCC_541\Debug\CS301_Class.a(USBUART_vnd.o)
 .debug_aranges
                0x000004e0       0x48 .\CortexM3\ARM_GCC_541\Debug\CS301_Class.a(USBUART_Dp.o)
 .debug_aranges
                0x00000528      0x2a0 .\CortexM3\ARM_GCC_541\Debug\CS301_Class.a(CyLib.o)
 .debug_aranges
                0x000007c8       0x98 .\CortexM3\ARM_GCC_541\Debug\CS301_Class.a(cyPm.o)
 .debug_aranges
                0x00000860       0x78 .\CortexM3\ARM_GCC_541\Debug\CS301_Class.a(PWM_1.o)
 .debug_aranges
                0x000008d8       0x70 .\CortexM3\ARM_GCC_541\Debug\CS301_Class.a(Clock_PWM.o)
 .debug_aranges
                0x00000948       0x78 .\CortexM3\ARM_GCC_541\Debug\CS301_Class.a(PWM_2.o)
 .debug_aranges
                0x000009c0       0x60 .\CortexM3\ARM_GCC_541\Debug\CS301_Class.a(QuadDec_M1.o)
 .debug_aranges
                0x00000a20       0x60 .\CortexM3\ARM_GCC_541\Debug\CS301_Class.a(QuadDec_M2.o)
 .debug_aranges
                0x00000a80       0x98 .\CortexM3\ARM_GCC_541\Debug\CS301_Class.a(QuadDec_M1_Cnt16.o)
 .debug_aranges
                0x00000b18       0x98 .\CortexM3\ARM_GCC_541\Debug\CS301_Class.a(QuadDec_M2_Cnt16.o)
 .debug_aranges
                0x00000bb0       0x28 .\CortexM3\ARM_GCC_541\Debug\CS301_Class.a(RF_BT_SELECT.o)
 .debug_aranges
                0x00000bd8       0x88 .\CortexM3\ARM_GCC_541\Debug\CS301_Class.a(SpeedTimer.o)
 .debug_aranges
                0x00000c60       0x80 .\CortexM3\ARM_GCC_541\Debug\CS301_Class.a(isr_speed.o)
 .debug_aranges
                0x00000ce0       0x70 .\CortexM3\ARM_GCC_541\Debug\CS301_Class.a(SpeedClock.o)
 .debug_aranges
                0x00000d50       0x88 .\CortexM3\ARM_GCC_541\Debug\CS301_Class.a(Timer_LED.o)
 .debug_aranges
                0x00000dd8       0x80 .\CortexM3\ARM_GCC_541\Debug\CS301_Class.a(isr_Timer_LED.o)
 .debug_aranges
                0x00000e58       0x80 .\CortexM3\ARM_GCC_541\Debug\CS301_Class.a(S3_detected.o)
 .debug_aranges
                0x00000ed8       0x80 .\CortexM3\ARM_GCC_541\Debug\CS301_Class.a(S4_detected.o)
 .debug_aranges
                0x00000f58       0x80 .\CortexM3\ARM_GCC_541\Debug\CS301_Class.a(S5_detected.o)
 .debug_aranges
                0x00000fd8       0x80 .\CortexM3\ARM_GCC_541\Debug\CS301_Class.a(S6_detected.o)
 .debug_aranges
                0x00001058       0x20 .\CortexM3\ARM_GCC_541\Debug\CS301_Class.a(CyBootAsmGnu.o)
 .debug_aranges
                0x00001078       0xe8 .\CortexM3\ARM_GCC_541\Debug\CS301_Class.a(USBUART_cdc.o)
 .debug_aranges
                0x00001160       0x20 .\CortexM3\ARM_GCC_541\Debug\CS301_Class.a(USBUART_cls.o)
 .debug_aranges
                0x00001180       0x18 .\CortexM3\ARM_GCC_541\Debug\CS301_Class.a(USBUART_descr.o)
 .debug_aranges
                0x00001198       0x88 .\CortexM3\ARM_GCC_541\Debug\CS301_Class.a(CyFlash.o)
 .debug_aranges
                0x00001220       0x80 .\CortexM3\ARM_GCC_541\Debug\CS301_Class.a(CySpc.o)

.debug_pubnames
 *(.debug_pubnames)

.debug_info     0x00000000     0x8ba9
 *(.debug_info .gnu.linkonce.wi.*)
 .debug_info    0x00000000      0x9bf .\CortexM3\ARM_GCC_541\Debug\main.o
 .debug_info    0x000009bf      0x14e .\CortexM3\ARM_GCC_541\Debug\tacho.o
 .debug_info    0x00000b0d       0xc7 .\CortexM3\ARM_GCC_541\Debug\initialise.o
 .debug_info    0x00000bd4      0x8d7 .\CortexM3\ARM_GCC_541\Debug\pathfinding.o
 .debug_info    0x000014ab      0x28c .\CortexM3\ARM_GCC_541\Debug\movement.o
 .debug_info    0x00001737      0x717 .\CortexM3\ARM_GCC_541\Debug\usbUART.o
 .debug_info    0x00001e4e      0x39a .\CortexM3\ARM_GCC_541\Debug\cyfitter_cfg.o
 .debug_info    0x000021e8      0x139 .\CortexM3\ARM_GCC_541\Debug\cymetadata.o
 .debug_info    0x00002321      0x32b .\CortexM3\ARM_GCC_541\Debug\Cm3Start.o
 .debug_info    0x0000264c      0x52d .\CortexM3\ARM_GCC_541\Debug\CS301_Class.a(USBUART_drv.o)
 .debug_info    0x00002b79      0x23b .\CortexM3\ARM_GCC_541\Debug\CS301_Class.a(USBUART_episr.o)
 .debug_info    0x00002db4      0x18d .\CortexM3\ARM_GCC_541\Debug\CS301_Class.a(USBUART_pm.o)
 .debug_info    0x00002f41      0x961 .\CortexM3\ARM_GCC_541\Debug\CS301_Class.a(USBUART_std.o)
 .debug_info    0x000038a2      0x1a9 .\CortexM3\ARM_GCC_541\Debug\CS301_Class.a(USBUART_vnd.o)
 .debug_info    0x00003a4b      0x171 .\CortexM3\ARM_GCC_541\Debug\CS301_Class.a(USBUART_Dp.o)
 .debug_info    0x00003bbc      0xe51 .\CortexM3\ARM_GCC_541\Debug\CS301_Class.a(CyLib.o)
 .debug_info    0x00004a0d      0x57a .\CortexM3\ARM_GCC_541\Debug\CS301_Class.a(cyPm.o)
 .debug_info    0x00004f87      0x235 .\CortexM3\ARM_GCC_541\Debug\CS301_Class.a(PWM_1.o)
 .debug_info    0x000051bc      0x25d .\CortexM3\ARM_GCC_541\Debug\CS301_Class.a(Clock_PWM.o)
 .debug_info    0x00005419      0x235 .\CortexM3\ARM_GCC_541\Debug\CS301_Class.a(PWM_2.o)
 .debug_info    0x0000564e      0x208 .\CortexM3\ARM_GCC_541\Debug\CS301_Class.a(QuadDec_M1.o)
 .debug_info    0x00005856      0x208 .\CortexM3\ARM_GCC_541\Debug\CS301_Class.a(QuadDec_M2.o)
 .debug_info    0x00005a5e      0x291 .\CortexM3\ARM_GCC_541\Debug\CS301_Class.a(QuadDec_M1_Cnt16.o)
 .debug_info    0x00005cef      0x291 .\CortexM3\ARM_GCC_541\Debug\CS301_Class.a(QuadDec_M2_Cnt16.o)
 .debug_info    0x00005f80       0xd7 .\CortexM3\ARM_GCC_541\Debug\CS301_Class.a(RF_BT_SELECT.o)
 .debug_info    0x00006057      0x245 .\CortexM3\ARM_GCC_541\Debug\CS301_Class.a(SpeedTimer.o)
 .debug_info    0x0000629c      0x241 .\CortexM3\ARM_GCC_541\Debug\CS301_Class.a(isr_speed.o)
 .debug_info    0x000064dd      0x25d .\CortexM3\ARM_GCC_541\Debug\CS301_Class.a(SpeedClock.o)
 .debug_info    0x0000673a      0x245 .\CortexM3\ARM_GCC_541\Debug\CS301_Class.a(Timer_LED.o)
 .debug_info    0x0000697f      0x241 .\CortexM3\ARM_GCC_541\Debug\CS301_Class.a(isr_Timer_LED.o)
 .debug_info    0x00006bc0      0x241 .\CortexM3\ARM_GCC_541\Debug\CS301_Class.a(S3_detected.o)
 .debug_info    0x00006e01      0x241 .\CortexM3\ARM_GCC_541\Debug\CS301_Class.a(S4_detected.o)
 .debug_info    0x00007042      0x241 .\CortexM3\ARM_GCC_541\Debug\CS301_Class.a(S5_detected.o)
 .debug_info    0x00007283      0x241 .\CortexM3\ARM_GCC_541\Debug\CS301_Class.a(S6_detected.o)
 .debug_info    0x000074c4       0x9f .\CortexM3\ARM_GCC_541\Debug\CS301_Class.a(CyBootAsmGnu.o)
 .debug_info    0x00007563      0x924 .\CortexM3\ARM_GCC_541\Debug\CS301_Class.a(USBUART_cdc.o)
 .debug_info    0x00007e87      0x1c8 .\CortexM3\ARM_GCC_541\Debug\CS301_Class.a(USBUART_cls.o)
 .debug_info    0x0000804f      0x2e1 .\CortexM3\ARM_GCC_541\Debug\CS301_Class.a(USBUART_descr.o)
 .debug_info    0x00008330      0x3b9 .\CortexM3\ARM_GCC_541\Debug\CS301_Class.a(CyFlash.o)
 .debug_info    0x000086e9      0x4c0 .\CortexM3\ARM_GCC_541\Debug\CS301_Class.a(CySpc.o)

.debug_abbrev   0x00000000     0x30a1
 *(.debug_abbrev)
 .debug_abbrev  0x00000000      0x2aa .\CortexM3\ARM_GCC_541\Debug\main.o
 .debug_abbrev  0x000002aa       0x96 .\CortexM3\ARM_GCC_541\Debug\tacho.o
 .debug_abbrev  0x00000340       0x65 .\CortexM3\ARM_GCC_541\Debug\initialise.o
 .debug_abbrev  0x000003a5      0x223 .\CortexM3\ARM_GCC_541\Debug\pathfinding.o
 .debug_abbrev  0x000005c8       0xaa .\CortexM3\ARM_GCC_541\Debug\movement.o
 .debug_abbrev  0x00000672      0x1f3 .\CortexM3\ARM_GCC_541\Debug\usbUART.o
 .debug_abbrev  0x00000865      0x19d .\CortexM3\ARM_GCC_541\Debug\cyfitter_cfg.o
 .debug_abbrev  0x00000a02       0x77 .\CortexM3\ARM_GCC_541\Debug\cymetadata.o
 .debug_abbrev  0x00000a79      0x1d6 .\CortexM3\ARM_GCC_541\Debug\Cm3Start.o
 .debug_abbrev  0x00000c4f      0x161 .\CortexM3\ARM_GCC_541\Debug\CS301_Class.a(USBUART_drv.o)
 .debug_abbrev  0x00000db0       0xfd .\CortexM3\ARM_GCC_541\Debug\CS301_Class.a(USBUART_episr.o)
 .debug_abbrev  0x00000ead       0xd1 .\CortexM3\ARM_GCC_541\Debug\CS301_Class.a(USBUART_pm.o)
 .debug_abbrev  0x00000f7e      0x1c2 .\CortexM3\ARM_GCC_541\Debug\CS301_Class.a(USBUART_std.o)
 .debug_abbrev  0x00001140       0xc5 .\CortexM3\ARM_GCC_541\Debug\CS301_Class.a(USBUART_vnd.o)
 .debug_abbrev  0x00001205       0x90 .\CortexM3\ARM_GCC_541\Debug\CS301_Class.a(USBUART_Dp.o)
 .debug_abbrev  0x00001295      0x217 .\CortexM3\ARM_GCC_541\Debug\CS301_Class.a(CyLib.o)
 .debug_abbrev  0x000014ac      0x161 .\CortexM3\ARM_GCC_541\Debug\CS301_Class.a(cyPm.o)
 .debug_abbrev  0x0000160d      0x116 .\CortexM3\ARM_GCC_541\Debug\CS301_Class.a(PWM_1.o)
 .debug_abbrev  0x00001723      0x11d .\CortexM3\ARM_GCC_541\Debug\CS301_Class.a(Clock_PWM.o)
 .debug_abbrev  0x00001840      0x116 .\CortexM3\ARM_GCC_541\Debug\CS301_Class.a(PWM_2.o)
 .debug_abbrev  0x00001956      0x130 .\CortexM3\ARM_GCC_541\Debug\CS301_Class.a(QuadDec_M1.o)
 .debug_abbrev  0x00001a86      0x130 .\CortexM3\ARM_GCC_541\Debug\CS301_Class.a(QuadDec_M2.o)
 .debug_abbrev  0x00001bb6      0x12c .\CortexM3\ARM_GCC_541\Debug\CS301_Class.a(QuadDec_M1_Cnt16.o)
 .debug_abbrev  0x00001ce2      0x12c .\CortexM3\ARM_GCC_541\Debug\CS301_Class.a(QuadDec_M2_Cnt16.o)
 .debug_abbrev  0x00001e0e       0x81 .\CortexM3\ARM_GCC_541\Debug\CS301_Class.a(RF_BT_SELECT.o)
 .debug_abbrev  0x00001e8f       0xe9 .\CortexM3\ARM_GCC_541\Debug\CS301_Class.a(SpeedTimer.o)
 .debug_abbrev  0x00001f78      0x172 .\CortexM3\ARM_GCC_541\Debug\CS301_Class.a(isr_speed.o)
 .debug_abbrev  0x000020ea      0x11d .\CortexM3\ARM_GCC_541\Debug\CS301_Class.a(SpeedClock.o)
 .debug_abbrev  0x00002207       0xe9 .\CortexM3\ARM_GCC_541\Debug\CS301_Class.a(Timer_LED.o)
 .debug_abbrev  0x000022f0      0x172 .\CortexM3\ARM_GCC_541\Debug\CS301_Class.a(isr_Timer_LED.o)
 .debug_abbrev  0x00002462      0x172 .\CortexM3\ARM_GCC_541\Debug\CS301_Class.a(S3_detected.o)
 .debug_abbrev  0x000025d4      0x172 .\CortexM3\ARM_GCC_541\Debug\CS301_Class.a(S4_detected.o)
 .debug_abbrev  0x00002746      0x172 .\CortexM3\ARM_GCC_541\Debug\CS301_Class.a(S5_detected.o)
 .debug_abbrev  0x000028b8      0x172 .\CortexM3\ARM_GCC_541\Debug\CS301_Class.a(S6_detected.o)
 .debug_abbrev  0x00002a2a       0x14 .\CortexM3\ARM_GCC_541\Debug\CS301_Class.a(CyBootAsmGnu.o)
 .debug_abbrev  0x00002a3e      0x233 .\CortexM3\ARM_GCC_541\Debug\CS301_Class.a(USBUART_cdc.o)
 .debug_abbrev  0x00002c71       0xc5 .\CortexM3\ARM_GCC_541\Debug\CS301_Class.a(USBUART_cls.o)
 .debug_abbrev  0x00002d36       0xb4 .\CortexM3\ARM_GCC_541\Debug\CS301_Class.a(USBUART_descr.o)
 .debug_abbrev  0x00002dea      0x14b .\CortexM3\ARM_GCC_541\Debug\CS301_Class.a(CyFlash.o)
 .debug_abbrev  0x00002f35      0x16c .\CortexM3\ARM_GCC_541\Debug\CS301_Class.a(CySpc.o)

.debug_line     0x00000000     0x4ad3
 *(.debug_line)
 .debug_line    0x00000000      0x44d .\CortexM3\ARM_GCC_541\Debug\main.o
 .debug_line    0x0000044d      0x183 .\CortexM3\ARM_GCC_541\Debug\tacho.o
 .debug_line    0x000005d0      0x168 .\CortexM3\ARM_GCC_541\Debug\initialise.o
 .debug_line    0x00000738      0x4c0 .\CortexM3\ARM_GCC_541\Debug\pathfinding.o
 .debug_line    0x00000bf8      0x204 .\CortexM3\ARM_GCC_541\Debug\movement.o
 .debug_line    0x00000dfc      0x307 .\CortexM3\ARM_GCC_541\Debug\usbUART.o
 .debug_line    0x00001103      0x1f8 .\CortexM3\ARM_GCC_541\Debug\cyfitter_cfg.o
 .debug_line    0x000012fb      0x141 .\CortexM3\ARM_GCC_541\Debug\cymetadata.o
 .debug_line    0x0000143c      0x1dc .\CortexM3\ARM_GCC_541\Debug\Cm3Start.o