Archive member included to satisfy reference by file (symbol)

.\CortexM3\ARM_GCC_541\Debug\CS301_Class.a(A0.o)
                              .\CortexM3\ARM_GCC_541\Debug\main.o (A0_Read)
.\CortexM3\ARM_GCC_541\Debug\CS301_Class.a(ADC.o)
                              .\CortexM3\ARM_GCC_541\Debug\main.o (ADC_Start)
.\CortexM3\ARM_GCC_541\Debug\CS301_Class.a(ADC_INT.o)
                              .\CortexM3\ARM_GCC_541\Debug\CS301_Class.a(ADC.o) (ADC_ISR)
.\CortexM3\ARM_GCC_541\Debug\CS301_Class.a(USBUART.o)
                              .\CortexM3\ARM_GCC_541\Debug\main.o (USBUART_Start)
.\CortexM3\ARM_GCC_541\Debug\CS301_Class.a(USBUART_drv.o)
                              .\CortexM3\ARM_GCC_541\Debug\CS301_Class.a(USBUART.o) (USBUART_EP)
.\CortexM3\ARM_GCC_541\Debug\CS301_Class.a(USBUART_episr.o)
                              .\CortexM3\ARM_GCC_541\Debug\CS301_Class.a(USBUART.o) (USBUART_EP_1_ISR)
.\CortexM3\ARM_GCC_541\Debug\CS301_Class.a(USBUART_pm.o)
                              .\CortexM3\ARM_GCC_541\Debug\CS301_Class.a(USBUART.o) (USBUART_DP_ISR)
.\CortexM3\ARM_GCC_541\Debug\CS301_Class.a(USBUART_std.o)
                              .\CortexM3\ARM_GCC_541\Debug\CS301_Class.a(USBUART_drv.o) (USBUART_HandleStandardRqst)
.\CortexM3\ARM_GCC_541\Debug\CS301_Class.a(USBUART_vnd.o)
                              .\CortexM3\ARM_GCC_541\Debug\CS301_Class.a(USBUART_drv.o) (USBUART_HandleVendorRqst)
.\CortexM3\ARM_GCC_541\Debug\CS301_Class.a(ADC_SAR.o)
                              .\CortexM3\ARM_GCC_541\Debug\CS301_Class.a(ADC.o) (ADC_SAR_shift)
.\CortexM3\ARM_GCC_541\Debug\CS301_Class.a(ADC_TempBuf_dma.o)
                              .\CortexM3\ARM_GCC_541\Debug\CS301_Class.a(ADC.o) (ADC_TempBuf_DmaInitialize)
.\CortexM3\ARM_GCC_541\Debug\CS301_Class.a(ADC_FinalBuf_dma.o)
                              .\CortexM3\ARM_GCC_541\Debug\CS301_Class.a(ADC.o) (ADC_FinalBuf_DmaInitialize)
.\CortexM3\ARM_GCC_541\Debug\CS301_Class.a(ADC_IRQ.o)
                              .\CortexM3\ARM_GCC_541\Debug\CS301_Class.a(ADC.o) (ADC_IRQ_SetVector)
.\CortexM3\ARM_GCC_541\Debug\CS301_Class.a(USBUART_Dp.o)
                              .\CortexM3\ARM_GCC_541\Debug\CS301_Class.a(USBUART.o) (USBUART_Dp_ClearInterrupt)
.\CortexM3\ARM_GCC_541\Debug\CS301_Class.a(CyDmac.o)
                              .\CortexM3\ARM_GCC_541\Debug\Cm3Start.o (CyDmacConfigure)
.\CortexM3\ARM_GCC_541\Debug\CS301_Class.a(CyLib.o)
                              .\CortexM3\ARM_GCC_541\Debug\Cm3Start.o (CyResetStatus)
.\CortexM3\ARM_GCC_541\Debug\CS301_Class.a(cyPm.o)
                              .\CortexM3\ARM_GCC_541\Debug\CS301_Class.a(CyLib.o) (CyPmReadStatus)
.\CortexM3\ARM_GCC_541\Debug\CS301_Class.a(PWM_1.o)
                              .\CortexM3\ARM_GCC_541\Debug\initialise.o (PWM_1_Start)
.\CortexM3\ARM_GCC_541\Debug\CS301_Class.a(Clock_PWM.o)
                              .\CortexM3\ARM_GCC_541\Debug\initialise.o (Clock_PWM_Start)
.\CortexM3\ARM_GCC_541\Debug\CS301_Class.a(isr_eoc.o)
                              .\CortexM3\ARM_GCC_541\Debug\main.o (isr_eoc_StartEx)
.\CortexM3\ARM_GCC_541\Debug\CS301_Class.a(PWM_2.o)
                              .\CortexM3\ARM_GCC_541\Debug\initialise.o (PWM_2_Start)
.\CortexM3\ARM_GCC_541\Debug\CS301_Class.a(LED.o)
                              .\CortexM3\ARM_GCC_541\Debug\main.o (LED_Write)
.\CortexM3\ARM_GCC_541\Debug\CS301_Class.a(QuadDec_M1.o)
                              .\CortexM3\ARM_GCC_541\Debug\initialise.o (QuadDec_M1_Start)
.\CortexM3\ARM_GCC_541\Debug\CS301_Class.a(QuadDec_M2.o)
                              .\CortexM3\ARM_GCC_541\Debug\main.o (QuadDec_M2_Start)
.\CortexM3\ARM_GCC_541\Debug\CS301_Class.a(QuadDec_M1_Cnt16.o)
                              .\CortexM3\ARM_GCC_541\Debug\CS301_Class.a(QuadDec_M1.o) (QuadDec_M1_Cnt16_WriteCounter)
.\CortexM3\ARM_GCC_541\Debug\CS301_Class.a(QuadDec_M2_Cnt16.o)
                              .\CortexM3\ARM_GCC_541\Debug\CS301_Class.a(QuadDec_M2.o) (QuadDec_M2_Cnt16_WriteCounter)
.\CortexM3\ARM_GCC_541\Debug\CS301_Class.a(RF_BT_SELECT.o)
                              .\CortexM3\ARM_GCC_541\Debug\main.o (RF_BT_SELECT_Write)
.\CortexM3\ARM_GCC_541\Debug\CS301_Class.a(SpeedTimer.o)
                              .\CortexM3\ARM_GCC_541\Debug\initialise.o (SpeedTimer_Start)
.\CortexM3\ARM_GCC_541\Debug\CS301_Class.a(isr_speed.o)
                              .\CortexM3\ARM_GCC_541\Debug\main.o (isr_speed_StartEx)
.\CortexM3\ARM_GCC_541\Debug\CS301_Class.a(SpeedClock.o)
                              .\CortexM3\ARM_GCC_541\Debug\initialise.o (SpeedClock_Start)
.\CortexM3\ARM_GCC_541\Debug\CS301_Class.a(CyBootAsmGnu.o)
                              .\CortexM3\ARM_GCC_541\Debug\cyfitter_cfg.o (CyDelayCycles)
.\CortexM3\ARM_GCC_541\Debug\CS301_Class.a(USBUART_cdc.o)
                              .\CortexM3\ARM_GCC_541\Debug\CS301_Class.a(USBUART_std.o) (USBUART_Cdc_EpInit)
.\CortexM3\ARM_GCC_541\Debug\CS301_Class.a(USBUART_cls.o)
[...]
Memory Configuration

Name             Origin             Length             Attributes
rom              0x00000000         0x00040000         xr
ram              0x1fff8000         0x00010000         xrw
*default*        0x00000000         0xffffffff

Linker script and memory map

LOAD c:/program files (x86)/cypress/psoc creator/4.2/psoc creator/import/gnu/arm/5.4.1/bin/../lib/gcc/arm-none-eabi/5.4.1/armv7-m/crti.o
LOAD c:/program files (x86)/cypress/psoc creator/4.2/psoc creator/import/gnu/arm/5.4.1/bin/../lib/gcc/arm-none-eabi/5.4.1/armv7-m/crtbegin.o
LOAD c:/program files (x86)/cypress/psoc creator/4.2/psoc creator/import/gnu/arm/5.4.1/bin/../lib/gcc/arm-none-eabi/5.4.1/../../../../arm-none-eabi/lib/armv7-m/crt0.o
START GROUP
LOAD .\CortexM3\ARM_GCC_541\Debug\main.o
LOAD .\CortexM3\ARM_GCC_541\Debug\tacho.o
LOAD .\CortexM3\ARM_GCC_541\Debug\initialise.o
LOAD .\CortexM3\ARM_GCC_541\Debug\pathfinding.o
LOAD .\CortexM3\ARM_GCC_541\Debug\movement.o
LOAD .\CortexM3\ARM_GCC_541\Debug\cyfitter_cfg.o
LOAD .\CortexM3\ARM_GCC_541\Debug\cymetadata.o
LOAD .\CortexM3\ARM_GCC_541\Debug\Cm3Start.o
LOAD .\CortexM3\ARM_GCC_541\Debug\CS301_Class.a
LOAD C:\Program Files (x86)\Cypress\PSoC Creator\4.2\PSoC Creator\psoc\content\cycomponentlibrary\CyComponentLibrary.cylib\CortexM3\ARM_GCC_541\Debug\CyComponentLibrary.a
END GROUP
START GROUP
LOAD c:/program files (x86)/cypress/psoc creator/4.2/psoc creator/import/gnu/arm/5.4.1/bin/../lib/gcc/arm-none-eabi/5.4.1/armv7-m\libgcc.a
LOAD c:/program files (x86)/cypress/psoc creator/4.2/psoc creator/import/gnu/arm/5.4.1/bin/../lib/gcc/arm-none-eabi/5.4.1/../../../../arm-none-eabi/lib/armv7-m\libg_nano.a
LOAD c:/program files (x86)/cypress/psoc creator/4.2/psoc creator/import/gnu/arm/5.4.1/bin/../lib/gcc/arm-none-eabi/5.4.1/../../../../arm-none-eabi/lib/armv7-m\libc_nano.a
END GROUP
START GROUP
LOAD c:/program files (x86)/cypress/psoc creator/4.2/psoc creator/import/gnu/arm/5.4.1/bin/../lib/gcc/arm-none-eabi/5.4.1/armv7-m\libgcc.a
LOAD c:/program files (x86)/cypress/psoc creator/4.2/psoc creator/import/gnu/arm/5.4.1/bin/../lib/gcc/arm-none-eabi/5.4.1/../../../../arm-none-eabi/lib/armv7-m\libc_nano.a
END GROUP
LOAD c:/program files (x86)/cypress/psoc creator/4.2/psoc creator/import/gnu/arm/5.4.1/bin/../lib/gcc/arm-none-eabi/5.4.1/armv7-m/crtend.o
LOAD c:/program files (x86)/cypress/psoc creator/4.2/psoc creator/import/gnu/arm/5.4.1/bin/../lib/gcc/arm-none-eabi/5.4.1/armv7-m/crtn.o
START GROUP
LOAD c:/program files (x86)/cypress/psoc creator/4.2/psoc creator/import/gnu/arm/5.4.1/bin/../lib/gcc/arm-none-eabi/5.4.1/armv7-m\libgcc.a
LOAD c:/program files (x86)/cypress/psoc creator/4.2/psoc creator/import/gnu/arm/5.4.1/bin/../lib/gcc/arm-none-eabi/5.4.1/../../../../arm-none-eabi/lib/armv7-m\libc.a
LOAD c:/program files (x86)/cypress/psoc creator/4.2/psoc creator/import/gnu/arm/5.4.1/bin/../lib/gcc/arm-none-eabi/5.4.1/../../../../arm-none-eabi/lib/armv7-m\libnosys.a
END GROUP
                0x00000000                CY_APPL_ORIGIN = 0x0
                0x00000100                CY_FLASH_ROW_SIZE = 0x100
                0x00000020                CY_ECC_ROW_SIZE = 0x20
                0x00000000                CY_EE_IN_BTLDR = 0x0
                0x00000000                CY_APPL_LOADABLE = 0x0
                0x00000800                CY_EE_SIZE = 0x800
                0x00000001                CY_APPL_NUM = 0x1
                0x00000001                CY_APPL_MAX = 0x1
                0x00000040                CY_METADATA_SIZE = 0x40
                0x00000000                CY_APPL_LOADABLE = 0x0
                0x00000000                CY_CHECKSUM_EXCLUDE_SIZE = ALIGN (0x0, CY_FLASH_ROW_SIZE)
                [!provide]                PROVIDE (__cy_heap_start, _end)
                0x00000001                PROVIDE (__cy_region_num, ((__cy_regions_end - __cy_regions) / 0x10))
                0x20008000                PROVIDE (__cy_stack, (ORIGIN (ram) + LENGTH (ram)))
                [!provide]                PROVIDE (__cy_heap_end, (__cy_stack - 0x800))

.cybootloader   0x00000000        0x0
 *(.cybootloader)
                0x00000000                appl1_start = CY_APPL_ORIGIN?CY_APPL_ORIGIN:ALIGN (CY_FLASH_ROW_SIZE)
                0x0001ff00                appl2_start = (appl1_start + ALIGN ((((LENGTH (rom) - appl1_start) - (0x2 * CY_FLASH_ROW_SIZE)) / 0x2), CY_FLASH_ROW_SIZE))
                0x00000000                appl_start = (CY_APPL_NUM == 0x1)?appl1_start:appl2_start
                0x00000000                ecc_offset = ((appl_start / CY_FLASH_ROW_SIZE) * CY_ECC_ROW_SIZE)
                0x00000000                ee_offset = (CY_APPL_LOADABLE && ! (CY_EE_IN_BTLDR))?((CY_EE_SIZE / CY_APPL_MAX) * (CY_APPL_NUM - 0x1)):0x0
                0x00000800                ee_size = (CY_APPL_LOADABLE && ! (CY_EE_IN_BTLDR))?(CY_EE_SIZE / CY_APPL_MAX):CY_EE_SIZE
                [!provide]                PROVIDE (CY_ECC_OFFSET, ecc_offset)

.text           0x00000000     0x3cb6
 CREATE_OBJECT_SYMBOLS
                0x00000000                PROVIDE (__cy_interrupt_vector, RomVectors)
 *(.romvectors)
 .romvectors    0x00000000       0x10 .\CortexM3\ARM_GCC_541\Debug\Cm3Start.o
                0x00000000                RomVectors
                0x00000001                ASSERT ((. != __cy_interrupt_vector), No interrupt vector)
                0x00000001                ASSERT (CY_APPL_ORIGIN?(SIZEOF (.cybootloader) <= CY_APPL_ORIGIN):0x1, Wrong image location)
                0x00000010                PROVIDE (__cy_reset, Reset)
 *(.text.Reset)
 .text.Reset    0x00000010       0x18 .\CortexM3\ARM_GCC_541\Debug\Cm3Start.o
                0x00000010                Reset
                0x00000001                ASSERT ((. != __cy_reset), No reset code)
 *(.dma_init)
                0x00000001                ASSERT ((((appl_start + .) <= 0x10000) || 0x1), DMA Init must be within the first 64k of flash)
 *(.text .text.* .gnu.linkonce.t.*)
 .text          0x00000028       0x5c c:/program files (x86)/cypress/psoc creator/4.2/psoc creator/import/gnu/arm/5.4.1/bin/../lib/gcc/arm-none-eabi/5.4.1/armv7-m/crtbegin.o
 .text.speedTimer
                0x00000084       0x30 .\CortexM3\ARM_GCC_541\Debug\main.o
                0x00000084                speedTimer
 .text.ADC_CONV_FINISH
                0x000000b4       0x30 .\CortexM3\ARM_GCC_541\Debug\main.o
                0x000000b4                ADC_CONV_FINISH
 .text.main     0x000000e4       0x5c .\CortexM3\ARM_GCC_541\Debug\main.o
                0x000000e4                main
 .text.init     0x00000140       0x30 .\CortexM3\ARM_GCC_541\Debug\initialise.o
                0x00000140                init
 .text.CYMEMZERO
                0x00000170       0x1c .\CortexM3\ARM_GCC_541\Debug\cyfitter_cfg.o
 .text.CYCONFIGCPY
                0x0000018c       0x20 .\CortexM3\ARM_GCC_541\Debug\cyfitter_cfg.o
 .text.CyClockStartupError
                0x000001ac        0xc .\CortexM3\ARM_GCC_541\Debug\cyfitter_cfg.o
 .text.cfg_write_bytes32
                0x000001b8       0x74 .\CortexM3\ARM_GCC_541\Debug\cyfitter_cfg.o
 .text.ClockSetup
                0x0000022c      0x16c .\CortexM3\ARM_GCC_541\Debug\cyfitter_cfg.o
 .text.AnalogSetDefault
                0x00000398       0xd8 .\CortexM3\ARM_GCC_541\Debug\cyfitter_cfg.o
 .text.cyfitter_cfg
                0x00000470      0x1d8 .\CortexM3\ARM_GCC_541\Debug\cyfitter_cfg.o
                0x00000470                cyfitter_cfg
 .text.IntDefaultHandler
                0x00000648       0x14 .\CortexM3\ARM_GCC_541\Debug\Cm3Start.o
                0x00000648                IntDefaultHandler
 .text.Start_c  0x0000065c       0x98 .\CortexM3\ARM_GCC_541\Debug\Cm3Start.o
                0x0000065c                Start_c
 .text.initialize_psoc
                0x000006f4       0x94 .\CortexM3\ARM_GCC_541\Debug\Cm3Start.o
                0x000006f4                initialize_psoc
 .text.A0_Read  0x00000788       0x20 .\CortexM3\ARM_GCC_541\Debug\CS301_Class.a(A0.o)
                0x00000788                A0_Read
 .text.ADC_Init
                0x000007a8       0x50 .\CortexM3\ARM_GCC_541\Debug\CS301_Class.a(ADC.o)
                0x000007a8                ADC_Init
 .text.ADC_Enable
                0x000007f8      0x130 .\CortexM3\ARM_GCC_541\Debug\CS301_Class.a(ADC.o)
                0x000007f8                ADC_Enable
 .text.ADC_Start
                0x00000928       0x30 .\CortexM3\ARM_GCC_541\Debug\CS301_Class.a(ADC.o)
                0x00000928                ADC_Start
 .text.ADC_GetAdcResult
                0x00000958       0x10 .\CortexM3\ARM_GCC_541\Debug\CS301_Class.a(ADC.o)
                0x00000958                ADC_GetAdcResult
 .text.ADC_CountsTo_mVolts
                0x00000968       0x20 .\CortexM3\ARM_GCC_541\Debug\CS301_Class.a(ADC.o)
                0x00000968                ADC_CountsTo_mVolts
 .text.ADC_ISR  0x00000988        0xc .\CortexM3\ARM_GCC_541\Debug\CS301_Class.a(ADC_INT.o)
                0x00000988                ADC_ISR
 .text.USBUART_Start
                0x00000994       0x3c .\CortexM3\ARM_GCC_541\Debug\CS301_Class.a(USBUART.o)
                0x00000994                USBUART_Start
 .text.USBUART_Init
                0x000009d0      0x1a4 .\CortexM3\ARM_GCC_541\Debug\CS301_Class.a(USBUART.o)
                0x000009d0                USBUART_Init
 .text.USBUART_InitComponent
                0x00000b74      0x100 .\CortexM3\ARM_GCC_541\Debug\CS301_Class.a(USBUART.o)
                0x00000b74                USBUART_InitComponent
 .text.USBUART_ReInitComponent
                0x00000c74       0x68 .\CortexM3\ARM_GCC_541\Debug\CS301_Class.a(USBUART.o)
                0x00000c74                USBUART_ReInitComponent
 .text.USBUART_EP_0_ISR
                0x00000cdc       0xf8 .\CortexM3\ARM_GCC_541\Debug\CS301_Class.a(USBUART_drv.o)
                0x00000cdc                USBUART_EP_0_ISR
 .text.USBUART_HandleSetup
                0x00000dd4       0x88 .\CortexM3\ARM_GCC_541\Debug\CS301_Class.a(USBUART_drv.o)
                0x00000dd4                USBUART_HandleSetup
 .text.USBUART_HandleIN
                0x00000e5c       0x4c .\CortexM3\ARM_GCC_541\Debug\CS301_Class.a(USBUART_drv.o)
                0x00000e5c                USBUART_HandleIN
 .text.USBUART_HandleOUT
                0x00000ea8       0x58 .\CortexM3\ARM_GCC_541\Debug\CS301_Class.a(USBUART_drv.o)
                0x00000ea8                USBUART_HandleOUT
 .text.USBUART_LoadEP0
                0x00000f00       0xd0 .\CortexM3\ARM_GCC_541\Debug\CS301_Class.a(USBUART_drv.o)
                0x00000f00                USBUART_LoadEP0
 .text.USBUART_InitControlRead
                0x00000fd0       0x70 .\CortexM3\ARM_GCC_541\Debug\CS301_Class.a(USBUART_drv.o)
                0x00000fd0                USBUART_InitControlRead
 .text.USBUART_InitZeroLengthControlTransfer
                0x00001040       0x40 .\CortexM3\ARM_GCC_541\Debug\CS301_Class.a(USBUART_drv.o)
                0x00001040                USBUART_InitZeroLengthControlTransfer
 .text.USBUART_ControlReadDataStage
                0x00001080        0xc .\CortexM3\ARM_GCC_541\Debug\CS301_Class.a(USBUART_drv.o)
                0x00001080                USBUART_ControlReadDataStage
 .text.USBUART_ControlReadStatusStage
                0x0000108c       0x40 .\CortexM3\ARM_GCC_541\Debug\CS301_Class.a(USBUART_drv.o)
                0x0000108c                USBUART_ControlReadStatusStage
 .text.USBUART_InitControlWrite
                0x000010cc       0x64 .\CortexM3\ARM_GCC_541\Debug\CS301_Class.a(USBUART_drv.o)
                0x000010cc                USBUART_InitControlWrite
 .text.USBUART_ControlWriteDataStage
                0x00001130       0xb4 .\CortexM3\ARM_GCC_541\Debug\CS301_Class.a(USBUART_drv.o)
                0x00001130                USBUART_ControlWriteDataStage
 .text.USBUART_ControlWriteStatusStage
                0x000011e4       0x24 .\CortexM3\ARM_GCC_541\Debug\CS301_Class.a(USBUART_drv.o)
                0x000011e4                USBUART_ControlWriteStatusStage
 .text.USBUART_InitNoDataControlTransfer
                0x00001208       0x38 .\CortexM3\ARM_GCC_541\Debug\CS301_Class.a(USBUART_drv.o)
                0x00001208                USBUART_InitNoDataControlTransfer
 .text.USBUART_NoDataControlStatusStage
                0x00001240       0x4c .\CortexM3\ARM_GCC_541\Debug\CS301_Class.a(USBUART_drv.o)
                0x00001240                USBUART_NoDataControlStatusStage
 .text.USBUART_UpdateStatusBlock
                0x0000128c       0x40 .\CortexM3\ARM_GCC_541\Debug\CS301_Class.a(USBUART_drv.o)
                0x0000128c                USBUART_UpdateStatusBlock
 .text.USBUART_InitializeStatusBlock
                0x000012cc       0x34 .\CortexM3\ARM_GCC_541\Debug\CS301_Class.a(USBUART_drv.o)
                0x000012cc                USBUART_InitializeStatusBlock
 .text.USBUART_EP_1_ISR
                0x00001300       0x48 .\CortexM3\ARM_GCC_541\Debug\CS301_Class.a(USBUART_episr.o)
                0x00001300                USBUART_EP_1_ISR
 .text.USBUART_EP_2_ISR
                0x00001348       0x4c .\CortexM3\ARM_GCC_541\Debug\CS301_Class.a(USBUART_episr.o)
                0x00001348                USBUART_EP_2_ISR
 .text.USBUART_EP_3_ISR
                0x00001394       0x54 .\CortexM3\ARM_GCC_541\Debug\CS301_Class.a(USBUART_episr.o)
                0x00001394                USBUART_EP_3_ISR
 .text.USBUART_SOF_ISR
                0x000013e8        0xc .\CortexM3\ARM_GCC_541\Debug\CS301_Class.a(USBUART_episr.o)
                0x000013e8                USBUART_SOF_ISR
 .text.USBUART_BUS_RESET_ISR
                0x000013f4        0xc .\CortexM3\ARM_GCC_541\Debug\CS301_Class.a(USBUART_episr.o)
                0x000013f4                USBUART_BUS_RESET_ISR
 .text.USBUART_DP_ISR
                0x00001400        0xc .\CortexM3\ARM_GCC_541\Debug\CS301_Class.a(USBUART_pm.o)
                0x00001400                USBUART_DP_ISR
 .text.USBUART_HandleStandardRqst
                0x0000140c      0x4a4 .\CortexM3\ARM_GCC_541\Debug\CS301_Class.a(USBUART_std.o)
                0x0000140c                USBUART_HandleStandardRqst
 .text.USBUART_ReadDieID
                0x000018b0       0xd8 .\CortexM3\ARM_GCC_541\Debug\CS301_Class.a(USBUART_std.o)
                0x000018b0                USBUART_ReadDieID
 .text.USBUART_ConfigReg
                0x00001988      0x138 .\CortexM3\ARM_GCC_541\Debug\CS301_Class.a(USBUART_std.o)
                0x00001988                USBUART_ConfigReg
 .text.USBUART_Config
                0x00001ac0      0x3a4 .\CortexM3\ARM_GCC_541\Debug\CS301_Class.a(USBUART_std.o)
                0x00001ac0                USBUART_Config
 .text.USBUART_ConfigAltChanged
                0x00001e64      0x25c .\CortexM3\ARM_GCC_541\Debug\CS301_Class.a(USBUART_std.o)
                0x00001e64                USBUART_ConfigAltChanged
 .text.USBUART_GetConfigTablePtr
                0x000020c0       0x50 .\CortexM3\ARM_GCC_541\Debug\CS301_Class.a(USBUART_std.o)
                0x000020c0                USBUART_GetConfigTablePtr
 .text.USBUART_GetDeviceTablePtr
                0x00002110       0x24 .\CortexM3\ARM_GCC_541\Debug\CS301_Class.a(USBUART_std.o)
                0x00002110                USBUART_GetDeviceTablePtr
 .text.USBUART_GetInterfaceClassTablePtr
                0x00002134       0x4c .\CortexM3\ARM_GCC_541\Debug\CS301_Class.a(USBUART_std.o)
                0x00002134                USBUART_GetInterfaceClassTablePtr
 .text.USBUART_SetEndpointHalt
                0x00002180       0xe8 .\CortexM3\ARM_GCC_541\Debug\CS301_Class.a(USBUART_std.o)
                0x00002180                USBUART_SetEndpointHalt
 .text.USBUART_ClearEndpointHalt
                0x00002268      0x158 .\CortexM3\ARM_GCC_541\Debug\CS301_Class.a(USBUART_std.o)
                0x00002268                USBUART_ClearEndpointHalt
 .text.USBUART_ValidateAlternateSetting
                0x000023c0       0x70 .\CortexM3\ARM_GCC_541\Debug\CS301_Class.a(USBUART_std.o)
                0x000023c0                USBUART_ValidateAlternateSetting
 .text.USBUART_HandleVendorRqst
                0x00002430       0x54 .\CortexM3\ARM_GCC_541\Debug\CS301_Class.a(USBUART_vnd.o)
                0x00002430                USBUART_HandleVendorRqst
 .text.ADC_SAR_Start
                0x00002484       0x24 .\CortexM3\ARM_GCC_541\Debug\CS301_Class.a(ADC_SAR.o)
                0x00002484                ADC_SAR_Start
 .text.ADC_SAR_Init
                0x000024a8       0x2c .\CortexM3\ARM_GCC_541\Debug\CS301_Class.a(ADC_SAR.o)
                0x000024a8                ADC_SAR_Init
 .text.ADC_SAR_Enable
                0x000024d4       0xc4 .\CortexM3\ARM_GCC_541\Debug\CS301_Class.a(ADC_SAR.o)
                0x000024d4                ADC_SAR_Enable
 .text.ADC_SAR_SetResolution
                0x00002598       0x54 .\CortexM3\ARM_GCC_541\Debug\CS301_Class.a(ADC_SAR.o)
                0x00002598                ADC_SAR_SetResolution
 .text.ADC_SAR_GetResult16
                0x000025ec       0x30 .\CortexM3\ARM_GCC_541\Debug\CS301_Class.a(ADC_SAR.o)
                0x000025ec                ADC_SAR_GetResult16
 .text.ADC_SAR_CalcGain
                0x0000261c       0x80 .\CortexM3\ARM_GCC_541\Debug\CS301_Class.a(ADC_SAR.o)
 .text.ADC_SAR_CountsTo_mVolts
                0x0000269c       0x8c .\CortexM3\ARM_GCC_541\Debug\CS301_Class.a(ADC_SAR.o)
                0x0000269c                ADC_SAR_CountsTo_mVolts
 .text.ADC_TempBuf_DmaInitialize
                0x00002728       0x64 .\CortexM3\ARM_GCC_541\Debug\CS301_Class.a(ADC_TempBuf_dma.o)
                0x00002728                ADC_TempBuf_DmaInitialize
 .text.ADC_FinalBuf_DmaInitialize
                0x0000278c       0x64 .\CortexM3\ARM_GCC_541\Debug\CS301_Class.a(ADC_FinalBuf_dma.o)
                0x0000278c                ADC_FinalBuf_DmaInitialize
 .text.ADC_IRQ_SetVector
                0x000027f0       0x24 .\CortexM3\ARM_GCC_541\Debug\CS301_Class.a(ADC_IRQ.o)
                0x000027f0                ADC_IRQ_SetVector
 .text.ADC_IRQ_SetPriority
                0x00002814       0x24 .\CortexM3\ARM_GCC_541\Debug\CS301_Class.a(ADC_IRQ.o)
                0x00002814                ADC_IRQ_SetPriority
 .text.USBUART_Dp_ClearInterrupt
                0x00002838       0x20 .\CortexM3\ARM_GCC_541\Debug\CS301_Class.a(USBUART_Dp.o)
                0x00002838                USBUART_Dp_ClearInterrupt
 .text.CyDmacConfigure
                0x00002858       0x5c .\CortexM3\ARM_GCC_541\Debug\CS301_Class.a(CyDmac.o)
                0x00002858                CyDmacConfigure
 .text.CyDmaChEnable
                0x000028b4       0x8c .\CortexM3\ARM_GCC_541\Debug\CS301_Class.a(CyDmac.o)
                0x000028b4                CyDmaChEnable
 .text.CyDmaClearPendingDrq
                0x00002940       0x60 .\CortexM3\ARM_GCC_541\Debug\CS301_Class.a(CyDmac.o)
                0x00002940                CyDmaClearPendingDrq
 .text.CyDmaChPriority
                0x000029a0       0x64 .\CortexM3\ARM_GCC_541\Debug\CS301_Class.a(CyDmac.o)
                0x000029a0                CyDmaChPriority
 .text.CyDmaChSetExtendedAddress
                0x00002a04       0x78 .\CortexM3\ARM_GCC_541\Debug\CS301_Class.a(CyDmac.o)
                0x00002a04                CyDmaChSetExtendedAddress
 .text.CyDmaChSetInitialTd
                0x00002a7c       0x3c .\CortexM3\ARM_GCC_541\Debug\CS301_Class.a(CyDmac.o)
                0x00002a7c                CyDmaChSetInitialTd
 .text.CyDmaChSetConfiguration
                0x00002ab8       0xa0 .\CortexM3\ARM_GCC_541\Debug\CS301_Class.a(CyDmac.o)
                0x00002ab8                CyDmaChSetConfiguration
 .text.CyDmaTdAllocate
                0x00002b58       0x5c .\CortexM3\ARM_GCC_541\Debug\CS301_Class.a(CyDmac.o)
                0x00002b58                CyDmaTdAllocate
 .text.CyDmaTdSetConfiguration
                0x00002bb4       0x80 .\CortexM3\ARM_GCC_541\Debug\CS301_Class.a(CyDmac.o)
                0x00002bb4                CyDmaTdSetConfiguration
 .text.CyDmaTdSetAddress
                0x00002c34       0x5c .\CortexM3\ARM_GCC_541\Debug\CS301_Class.a(CyDmac.o)
                0x00002c34                CyDmaTdSetAddress
 .text.CyHalt   0x00002c90       0x18 .\CortexM3\ARM_GCC_541\Debug\CS301_Class.a(CyLib.o)
                0x00002c90                CyHalt
 .text.CyDelayUs
                0x00002ca8       0x28 .\CortexM3\ARM_GCC_541\Debug\CS301_Class.a(CyLib.o)
                0x00002ca8                CyDelayUs
 .text.CyIntSetVector
                0x00002cd0       0x50 .\CortexM3\ARM_GCC_541\Debug\CS301_Class.a(CyLib.o)
                0x00002cd0                CyIntSetVector
 .text.CyIntSetPriority
                0x00002d20       0x48 .\CortexM3\ARM_GCC_541\Debug\CS301_Class.a(CyLib.o)
                0x00002d20                CyIntSetPriority
 .text.CyGetUniqueId
                0x00002d68       0xc4 .\CortexM3\ARM_GCC_541\Debug\CS301_Class.a(CyLib.o)
                0x00002d68                CyGetUniqueId
 .text.PWM_1_Start
                0x00002e2c       0x24 .\CortexM3\ARM_GCC_541\Debug\CS301_Class.a(PWM_1.o)
                0x00002e2c                PWM_1_Start
 .text.PWM_1_Init
                0x00002e50       0xbc .\CortexM3\ARM_GCC_541\Debug\CS301_Class.a(PWM_1.o)
                0x00002e50                PWM_1_Init
 .text.PWM_1_Enable
                0x00002f0c       0x48 .\CortexM3\ARM_GCC_541\Debug\CS301_Class.a(PWM_1.o)
                0x00002f0c                PWM_1_Enable
 .text.PWM_1_WritePeriod
                0x00002f54       0x20 .\CortexM3\ARM_GCC_541\Debug\CS301_Class.a(PWM_1.o)
                0x00002f54                PWM_1_WritePeriod
 .text.PWM_1_WriteCompare
                0x00002f74       0x20 .\CortexM3\ARM_GCC_541\Debug\CS301_Class.a(PWM_1.o)
                0x00002f74                PWM_1_WriteCompare
 .text.PWM_1_SetInterruptMode
                0x00002f94       0x20 .\CortexM3\ARM_GCC_541\Debug\CS301_Class.a(PWM_1.o)
                0x00002f94                PWM_1_SetInterruptMode
 .text.Clock_PWM_Start
                0x00002fb4       0x34 .\CortexM3\ARM_GCC_541\Debug\CS301_Class.a(Clock_PWM.o)
                0x00002fb4                Clock_PWM_Start
 .text.isr_eoc_StartEx
                0x00002fe8       0x24 .\CortexM3\ARM_GCC_541\Debug\CS301_Class.a(isr_eoc.o)
                0x00002fe8                isr_eoc_StartEx
 .text.isr_eoc_SetVector
                0x0000300c       0x24 .\CortexM3\ARM_GCC_541\Debug\CS301_Class.a(isr_eoc.o)
                0x0000300c                isr_eoc_SetVector
 .text.isr_eoc_SetPriority
                0x00003030       0x24 .\CortexM3\ARM_GCC_541\Debug\CS301_Class.a(isr_eoc.o)
                0x00003030                isr_eoc_SetPriority
 .text.isr_eoc_Enable
                0x00003054       0x18 .\CortexM3\ARM_GCC_541\Debug\CS301_Class.a(isr_eoc.o)
                0x00003054                isr_eoc_Enable
 .text.isr_eoc_Disable
                0x0000306c       0x18 .\CortexM3\ARM_GCC_541\Debug\CS301_Class.a(isr_eoc.o)
                0x0000306c                isr_eoc_Disable
 .text.PWM_2_Start
                0x00003084       0x24 .\CortexM3\ARM_GCC_541\Debug\CS301_Class.a(PWM_2.o)
                0x00003084                PWM_2_Start
 .text.PWM_2_Init
                0x000030a8       0xbc .\CortexM3\ARM_GCC_541\Debug\CS301_Class.a(PWM_2.o)
                0x000030a8                PWM_2_Init
 .text.PWM_2_Enable
                0x00003164       0x48 .\CortexM3\ARM_GCC_541\Debug\CS301_Class.a(PWM_2.o)
                0x00003164                PWM_2_Enable
 .text.PWM_2_WritePeriod
                0x000031ac       0x20 .\CortexM3\ARM_GCC_541\Debug\CS301_Class.a(PWM_2.o)
                0x000031ac                PWM_2_WritePeriod
 .text.PWM_2_WriteCompare
                0x000031cc       0x20 .\CortexM3\ARM_GCC_541\Debug\CS301_Class.a(PWM_2.o)
                0x000031cc                PWM_2_WriteCompare
 .text.PWM_2_SetInterruptMode
                0x000031ec       0x20 .\CortexM3\ARM_GCC_541\Debug\CS301_Class.a(PWM_2.o)
                0x000031ec                PWM_2_SetInterruptMode
 .text.LED_Write
                0x0000320c       0x3c .\CortexM3\ARM_GCC_541\Debug\CS301_Class.a(LED.o)
                0x0000320c                LED_Write
 .text.QuadDec_M1_Init
                0x00003248        0xc .\CortexM3\ARM_GCC_541\Debug\CS301_Class.a(QuadDec_M1.o)
                0x00003248                QuadDec_M1_Init
 .text.QuadDec_M1_Enable
                0x00003254       0x3c .\CortexM3\ARM_GCC_541\Debug\CS301_Class.a(QuadDec_M1.o)
                0x00003254                QuadDec_M1_Enable
 .text.QuadDec_M1_Start
                0x00003290       0x30 .\CortexM3\ARM_GCC_541\Debug\CS301_Class.a(QuadDec_M1.o)
                0x00003290                QuadDec_M1_Start
 .text.QuadDec_M1_GetEvents
                0x000032c0       0x1c .\CortexM3\ARM_GCC_541\Debug\CS301_Class.a(QuadDec_M1.o)
                0x000032c0                QuadDec_M1_GetEvents
 .text.QuadDec_M1_SetInterruptMask
                0x000032dc       0x20 .\CortexM3\ARM_GCC_541\Debug\CS301_Class.a(QuadDec_M1.o)
                0x000032dc                QuadDec_M1_SetInterruptMask
 .text.QuadDec_M2_Init
                0x000032fc        0xc .\CortexM3\ARM_GCC_541\Debug\CS301_Class.a(QuadDec_M2.o)
                0x000032fc                QuadDec_M2_Init
 .text.QuadDec_M2_Enable
                0x00003308       0x3c .\CortexM3\ARM_GCC_541\Debug\CS301_Class.a(QuadDec_M2.o)
                0x00003308                QuadDec_M2_Enable
 .text.QuadDec_M2_Start
                0x00003344       0x30 .\CortexM3\ARM_GCC_541\Debug\CS301_Class.a(QuadDec_M2.o)
                0x00003344                QuadDec_M2_Start
 .text.QuadDec_M2_GetCounter
                0x00003374       0x24 .\CortexM3\ARM_GCC_541\Debug\CS301_Class.a(QuadDec_M2.o)
                0x00003374                QuadDec_M2_GetCounter
 .text.QuadDec_M2_SetCounter
                0x00003398       0x34 .\CortexM3\ARM_GCC_541\Debug\CS301_Class.a(QuadDec_M2.o)
                0x00003398                QuadDec_M2_SetCounter
 .text.QuadDec_M2_GetEvents
                0x000033cc       0x1c .\CortexM3\ARM_GCC_541\Debug\CS301_Class.a(QuadDec_M2.o)
                0x000033cc                QuadDec_M2_GetEvents
 .text.QuadDec_M2_SetInterruptMask
                0x000033e8       0x20 .\CortexM3\ARM_GCC_541\Debug\CS301_Class.a(QuadDec_M2.o)
                0x000033e8                QuadDec_M2_SetInterruptMask
 .text.QuadDec_M1_Cnt16_Init
                0x00003408       0x80 .\CortexM3\ARM_GCC_541\Debug\CS301_Class.a(QuadDec_M1_Cnt16.o)
                0x00003408                QuadDec_M1_Cnt16_Init
 .text.QuadDec_M1_Cnt16_Enable
                0x00003488       0x20 .\CortexM3\ARM_GCC_541\Debug\CS301_Class.a(QuadDec_M1_Cnt16.o)
                0x00003488                QuadDec_M1_Cnt16_Enable
 .text.QuadDec_M1_Cnt16_Start
                0x000034a8       0x24 .\CortexM3\ARM_GCC_541\Debug\CS301_Class.a(QuadDec_M1_Cnt16.o)
                0x000034a8                QuadDec_M1_Cnt16_Start
 .text.QuadDec_M1_Cnt16_SetInterruptMode
                0x000034cc       0x20 .\CortexM3\ARM_GCC_541\Debug\CS301_Class.a(QuadDec_M1_Cnt16.o)
                0x000034cc                QuadDec_M1_Cnt16_SetInterruptMode
 .text.QuadDec_M1_Cnt16_ReadStatusRegister
                0x000034ec       0x18 .\CortexM3\ARM_GCC_541\Debug\CS301_Class.a(QuadDec_M1_Cnt16.o)
                0x000034ec                QuadDec_M1_Cnt16_ReadStatusRegister
 .text.QuadDec_M1_Cnt16_WriteCounter
                0x00003504       0x20 .\CortexM3\ARM_GCC_541\Debug\CS301_Class.a(QuadDec_M1_Cnt16.o)
                0x00003504                QuadDec_M1_Cnt16_WriteCounter
 .text.QuadDec_M1_Cnt16_ReadCapture
                0x00003524       0x18 .\CortexM3\ARM_GCC_541\Debug\CS301_Class.a(QuadDec_M1_Cnt16.o)
                0x00003524                QuadDec_M1_Cnt16_ReadCapture
 .text.QuadDec_M1_Cnt16_WritePeriod
                0x0000353c       0x20 .\CortexM3\ARM_GCC_541\Debug\CS301_Class.a(QuadDec_M1_Cnt16.o)
                0x0000353c                QuadDec_M1_Cnt16_WritePeriod
 .text.QuadDec_M1_Cnt16_WriteCompare
                0x0000355c       0x20 .\CortexM3\ARM_GCC_541\Debug\CS301_Class.a(QuadDec_M1_Cnt16.o)
                0x0000355c                QuadDec_M1_Cnt16_WriteCompare
 .text.QuadDec_M1_Cnt16_ClearFIFO
                0x0000357c       0x1c .\CortexM3\ARM_GCC_541\Debug\CS301_Class.a(QuadDec_M1_Cnt16.o)
                0x0000357c                QuadDec_M1_Cnt16_ClearFIFO
 .text.QuadDec_M2_Cnt16_Init
                0x00003598       0x80 .\CortexM3\ARM_GCC_541\Debug\CS301_Class.a(QuadDec_M2_Cnt16.o)
                0x00003598                QuadDec_M2_Cnt16_Init
 .text.QuadDec_M2_Cnt16_Enable
                0x00003618       0x20 .\CortexM3\ARM_GCC_541\Debug\CS301_Class.a(QuadDec_M2_Cnt16.o)
                0x00003618                QuadDec_M2_Cnt16_Enable
 .text.QuadDec_M2_Cnt16_Start
                0x00003638       0x24 .\CortexM3\ARM_GCC_541\Debug\CS301_Class.a(QuadDec_M2_Cnt16.o)
                0x00003638                QuadDec_M2_Cnt16_Start
 .text.QuadDec_M2_Cnt16_SetInterruptMode
                0x0000365c       0x20 .\CortexM3\ARM_GCC_541\Debug\CS301_Class.a(QuadDec_M2_Cnt16.o)
                0x0000365c                QuadDec_M2_Cnt16_SetInterruptMode
 .text.QuadDec_M2_Cnt16_ReadStatusRegister
                0x0000367c       0x18 .\CortexM3\ARM_GCC_541\Debug\CS301_Class.a(QuadDec_M2_Cnt16.o)
                0x0000367c                QuadDec_M2_Cnt16_ReadStatusRegister
 .text.QuadDec_M2_Cnt16_WriteCounter
                0x00003694       0x20 .\CortexM3\ARM_GCC_541\Debug\CS301_Class.a(QuadDec_M2_Cnt16.o)
                0x00003694                QuadDec_M2_Cnt16_WriteCounter
 .text.QuadDec_M2_Cnt16_ReadCounter
                0x000036b4       0x20 .\CortexM3\ARM_GCC_541\Debug\CS301_Class.a(QuadDec_M2_Cnt16.o)
                0x000036b4                QuadDec_M2_Cnt16_ReadCounter
 .text.QuadDec_M2_Cnt16_ReadCapture
                0x000036d4       0x18 .\CortexM3\ARM_GCC_541\Debug\CS301_Class.a(QuadDec_M2_Cnt16.o)
                0x000036d4                QuadDec_M2_Cnt16_ReadCapture
 .text.QuadDec_M2_Cnt16_WritePeriod
                0x000036ec       0x20 .\CortexM3\ARM_GCC_541\Debug\CS301_Class.a(QuadDec_M2_Cnt16.o)
                0x000036ec                QuadDec_M2_Cnt16_WritePeriod
 .text.QuadDec_M2_Cnt16_WriteCompare
                0x0000370c       0x20 .\CortexM3\ARM_GCC_541\Debug\CS301_Class.a(QuadDec_M2_Cnt16.o)
                0x0000370c                QuadDec_M2_Cnt16_WriteCompare
 .text.QuadDec_M2_Cnt16_ClearFIFO
                0x0000372c       0x1c .\CortexM3\ARM_GCC_541\Debug\CS301_Class.a(QuadDec_M2_Cnt16.o)
                0x0000372c                QuadDec_M2_Cnt16_ClearFIFO
 .text.RF_BT_SELECT_Write
                0x00003748       0x20 .\CortexM3\ARM_GCC_541\Debug\CS301_Class.a(RF_BT_SELECT.o)
                0x00003748                RF_BT_SELECT_Write
 .text.SpeedTimer_Init
                0x00003768       0xa0 .\CortexM3\ARM_GCC_541\Debug\CS301_Class.a(SpeedTimer.o)
                0x00003768                SpeedTimer_Init
 .text.SpeedTimer_Enable
                0x00003808       0x48 .\CortexM3\ARM_GCC_541\Debug\CS301_Class.a(SpeedTimer.o)
                0x00003808                SpeedTimer_Enable
 .text.SpeedTimer_Start
                0x00003850       0x24 .\CortexM3\ARM_GCC_541\Debug\CS301_Class.a(SpeedTimer.o)
                0x00003850                SpeedTimer_Start
 .text.SpeedTimer_SetInterruptMode
                0x00003874       0x20 .\CortexM3\ARM_GCC_541\Debug\CS301_Class.a(SpeedTimer.o)
                0x00003874                SpeedTimer_SetInterruptMode
 .text.SpeedTimer_ReadStatusRegister
                0x00003894       0x18 .\CortexM3\ARM_GCC_541\Debug\CS301_Class.a(SpeedTimer.o)
                0x00003894                SpeedTimer_ReadStatusRegister
 .text.SpeedTimer_WritePeriod
                0x000038ac       0x24 .\CortexM3\ARM_GCC_541\Debug\CS301_Class.a(SpeedTimer.o)
                0x000038ac                SpeedTimer_WritePeriod
 .text.SpeedTimer_WriteCounter
                0x000038d0       0x20 .\CortexM3\ARM_GCC_541\Debug\CS301_Class.a(SpeedTimer.o)
                0x000038d0                SpeedTimer_WriteCounter
 .text.isr_speed_StartEx
                0x000038f0       0x24 .\CortexM3\ARM_GCC_541\Debug\CS301_Class.a(isr_speed.o)
                0x000038f0                isr_speed_StartEx
 .text.isr_speed_SetVector
                0x00003914       0x24 .\CortexM3\ARM_GCC_541\Debug\CS301_Class.a(isr_speed.o)
                0x00003914                isr_speed_SetVector
 .text.isr_speed_SetPriority
                0x00003938       0x24 .\CortexM3\ARM_GCC_541\Debug\CS301_Class.a(isr_speed.o)
                0x00003938                isr_speed_SetPriority
 .text.isr_speed_Enable
                0x0000395c       0x18 .\CortexM3\ARM_GCC_541\Debug\CS301_Class.a(isr_speed.o)
                0x0000395c                isr_speed_Enable
 .text.isr_speed_Disable
                0x00003974       0x18 .\CortexM3\ARM_GCC_541\Debug\CS301_Class.a(isr_speed.o)
                0x00003974                isr_speed_Disable
 .text.SpeedClock_Start
                0x0000398c       0x34 .\CortexM3\ARM_GCC_541\Debug\CS301_Class.a(SpeedClock.o)
                0x0000398c                SpeedClock_Start
 .text          0x000039c0       0x20 .\CortexM3\ARM_GCC_541\Debug\CS301_Class.a(CyBootAsmGnu.o)
                0x000039c0                CyDelayCycles
                0x000039d0                CyEnterCriticalSection
                0x000039d8                CyExitCriticalSection
 .text.USBUART_DispatchCDCClassRqst
                0x000039e0       0xe4 .\CortexM3\ARM_GCC_541\Debug\CS301_Class.a(USBUART_cdc.o)
                0x000039e0                USBUART_DispatchCDCClassRqst
 .text.USBUART_GetInterfaceComPort
                0x00003ac4       0x60 .\CortexM3\ARM_GCC_541\Debug\CS301_Class.a(USBUART_cdc.o)
                0x00003ac4                USBUART_GetInterfaceComPort
 .text.USBUART_Cdc_EpInit
                0x00003b24       0x90 .\CortexM3\ARM_GCC_541\Debug\CS301_Class.a(USBUART_cdc.o)
                0x00003b24                USBUART_Cdc_EpInit
 .text.USBUART_DispatchClassRqst
                0x00003bb4       0x84 .\CortexM3\ARM_GCC_541\Debug\CS301_Class.a(USBUART_cls.o)
                0x00003bb4                USBUART_DispatchClassRqst
 .text.__errno  0x00003c38        0xc c:/program files (x86)/cypress/psoc creator/4.2/psoc creator/import/gnu/arm/5.4.1/bin/../lib/gcc/arm-none-eabi/5.4.1/../../../../arm-none-eabi/lib/armv7-m\libg_nano.a(lib_a-errno.o)
                0x00003c38                __errno
 .text.__libc_init_array
                0x00003c44       0x4c c:/program files (x86)/cypress/psoc creator/4.2/psoc creator/import/gnu/arm/5.4.1/bin/../lib/gcc/arm-none-eabi/5.4.1/../../../../arm-none-eabi/lib/armv7-m\libg_nano.a(lib_a-init.o)
                0x00003c44                __libc_init_array
 .text.memcpy   0x00003c90       0x16 c:/program files (x86)/cypress/psoc creator/4.2/psoc creator/import/gnu/arm/5.4.1/bin/../lib/gcc/arm-none-eabi/5.4.1/../../../../arm-none-eabi/lib/armv7-m\libg_nano.a(lib_a-memcpy-stub.o)
                0x00003c90                memcpy
 .text.memset   0x00003ca6       0x10 c:/program files (x86)/cypress/psoc creator/4.2/psoc creator/import/gnu/arm/5.4.1/bin/../lib/gcc/arm-none-eabi/5.4.1/../../../../arm-none-eabi/lib/armv7-m\libg_nano.a(lib_a-memset.o)
                0x00003ca6                memset
 *(.plt)
 *(.gnu.warning)
 *(.glue_7t)
 .glue_7t       0x00003cb6        0x0 linker stubs
 *(.glue_7)
 .glue_7        0x00003cb6        0x0 linker stubs
 *(.vfp11_veneer)
 .vfp11_veneer  0x00003cb6        0x0 linker stubs
 *(.bootloader)
 *(.ARM.extab* .gnu.linkonce.armextab.*)
 *(.gcc_except_table)

.v4_bx          0x00003cb8        0x0
 .v4_bx         0x00003cb8        0x0 linker stubs

.iplt           0x00003cb8        0x0
 .iplt          0x00003cb8        0x0 c:/program files (x86)/cypress/psoc creator/4.2/psoc creator/import/gnu/arm/5.4.1/bin/../lib/gcc/arm-none-eabi/5.4.1/armv7-m/crtbegin.o

.eh_frame_hdr
 *(.eh_frame_hdr)

.eh_frame       0x00003cb8        0x4
 *(.eh_frame)
 .eh_frame      0x00003cb8        0x0 c:/program files (x86)/cypress/psoc creator/4.2/psoc creator/import/gnu/arm/5.4.1/bin/../lib/gcc/arm-none-eabi/5.4.1/armv7-m/crtbegin.o
 .eh_frame      0x00003cb8        0x4 c:/program files (x86)/cypress/psoc creator/4.2/psoc creator/import/gnu/arm/5.4.1/bin/../lib/gcc/arm-none-eabi/5.4.1/armv7-m/crtend.o
                [!provide]                PROVIDE (__exidx_start, .)

.ARM.exidx
 *(.ARM.exidx* .gnu.linkonce.armexidx.*)
                0x00003cbc                __exidx_end = .

.rodata         0x00003cbc      0x284
 *(.rodata .rodata.* .gnu.linkonce.r.*)
 .rodata        0x00003cbc       0x36 .\CortexM3\ARM_GCC_541\Debug\cyfitter_cfg.o
 *fill*         0x00003cf2        0x2 
 .rodata        0x00003cf4       0x11 .\CortexM3\ARM_GCC_541\Debug\CS301_Class.a(USBUART_std.o)
 *fill*         0x00003d05        0x3 
 .rodata        0x00003d08      0x19c .\CortexM3\ARM_GCC_541\Debug\CS301_Class.a(USBUART_descr.o)
                0x00003d08                USBUART_DEVICE0_DESCR
                0x00003d1c                USBUART_DEVICE0_CONFIGURATION0_DESCR
                0x00003d60                USBUART_STRING_DESCRIPTORS
                0x00003e00                USBUART_SN_STRING_DESCRIPTOR
                0x00003e04                USBUART_DEVICE0_CONFIGURATION0_EP_SETTINGS_TABLE
                0x00003e1c                USBUART_DEVICE0_CONFIGURATION0_INTERFACE_CLASS
                0x00003e20                USBUART_DEVICE0_CONFIGURATION0_TABLE
                0x00003e48                USBUART_DEVICE0_TABLE
                0x00003e60                USBUART_TABLE
                0x00003e68                USBUART_MSOS_DESCRIPTOR
                0x00003e7c                USBUART_MSOS_CONFIGURATION_DESCR
 .rodata.__sf_fake_stdin
                0x00003ea4       0x20 c:/program files (x86)/cypress/psoc creator/4.2/psoc creator/import/gnu/arm/5.4.1/bin/../lib/gcc/arm-none-eabi/5.4.1/../../../../arm-none-eabi/lib/armv7-m\libg_nano.a(lib_a-findfp.o)
                0x00003ea4                __sf_fake_stdin
 .rodata.__sf_fake_stdout
                0x00003ec4       0x20 c:/program files (x86)/cypress/psoc creator/4.2/psoc creator/import/gnu/arm/5.4.1/bin/../lib/gcc/arm-none-eabi/5.4.1/../../../../arm-none-eabi/lib/armv7-m\libg_nano.a(lib_a-findfp.o)
                0x00003ec4                __sf_fake_stdout
 .rodata.__sf_fake_stderr
                0x00003ee4       0x20 c:/program files (x86)/cypress/psoc creator/4.2/psoc creator/import/gnu/arm/5.4.1/bin/../lib/gcc/arm-none-eabi/5.4.1/../../../../arm-none-eabi/lib/armv7-m\libg_nano.a(lib_a-findfp.o)
                0x00003ee4                __sf_fake_stderr
 .rodata.str1.1
                0x00003f04        0x2 c:/program files (x86)/cypress/psoc creator/4.2/psoc creator/import/gnu/arm/5.4.1/bin/../lib/gcc/arm-none-eabi/5.4.1/../../../../arm-none-eabi/lib/armv7-m\libg_nano.a(lib_a-impure.o)
                0x00003f08                . = ALIGN (0x4)
 *fill*         0x00003f06        0x2 
 *(.init)
 .init          0x00003f08        0x4 c:/program files (x86)/cypress/psoc creator/4.2/psoc creator/import/gnu/arm/5.4.1/bin/../lib/gcc/arm-none-eabi/5.4.1/armv7-m/crti.o
                0x00003f08                _init
 .init          0x00003f0c        0x8 c:/program files (x86)/cypress/psoc creator/4.2/psoc creator/import/gnu/arm/5.4.1/bin/../lib/gcc/arm-none-eabi/5.4.1/armv7-m/crtn.o
                0x00003f14                . = ALIGN (0x4)
                0x00003f14                __preinit_array_start = .
 *(.preinit_array)
                0x00003f14                __preinit_array_end = .
                0x00003f14                . = ALIGN (0x4)
                0x00003f14                __init_array_start = .
 *(SORT(.init_array.*))
 *(.init_array)
 .init_array    0x00003f14        0x4 c:/program files (x86)/cypress/psoc creator/4.2/psoc creator/import/gnu/arm/5.4.1/bin/../lib/gcc/arm-none-eabi/5.4.1/armv7-m/crtbegin.o
 .init_array    0x00003f18        0x4 .\CortexM3\ARM_GCC_541\Debug\Cm3Start.o
                0x00003f1c                __init_array_end = .
                0x00003f1c                . = ALIGN (0x4)
 *(.fini)
 .fini          0x00003f1c        0x4 c:/program files (x86)/cypress/psoc creator/4.2/psoc creator/import/gnu/arm/5.4.1/bin/../lib/gcc/arm-none-eabi/5.4.1/armv7-m/crti.o
                0x00003f1c                _fini
 .fini          0x00003f20        0x8 c:/program files (x86)/cypress/psoc creator/4.2/psoc creator/import/gnu/arm/5.4.1/bin/../lib/gcc/arm-none-eabi/5.4.1/armv7-m/crtn.o
                0x00003f28                . = ALIGN (0x4)
                0x00003f28                __fini_array_start = .
 *(.fini_array)
 .fini_array    0x00003f28        0x4 c:/program files (x86)/cypress/psoc creator/4.2/psoc creator/import/gnu/arm/5.4.1/bin/../lib/gcc/arm-none-eabi/5.4.1/armv7-m/crtbegin.o
 *(SORT(.fini_array.*))
                0x00003f2c                __fini_array_end = .
                0x00003f2c                . = ALIGN (0x4)
 *crtbegin.o(.ctors)
 *(EXCLUDE_FILE(*crtend.o) .ctors)
 *(SORT(.ctors.*))
 *crtend.o(.ctors)
                0x00003f2c                . = ALIGN (0x4)
 *crtbegin.o(.dtors)
 *(EXCLUDE_FILE(*crtend.o) .dtors)
 *(SORT(.dtors.*))
 *crtend.o(.dtors)
                0x00003f2c                . = ALIGN (0x4)
                0x00003f2c                __cy_regions = .
                0x00003f2c        0x4 LONG 0x3f40 __cy_region_init_ram
                0x00003f30        0x4 LONG 0x1fff80c8 __cy_region_start_data
                0x00003f34        0x4 LONG 0xa0 __cy_region_init_size_ram
                0x00003f38        0x4 LONG 0x158 __cy_region_zero_size_ram
                0x00003f3c                __cy_regions_end = .
                0x00003f40                . = ALIGN (0x8)
 *fill*         0x00003f3c        0x4 
                0x00003f40                _etext = .

.cy_checksum_exclude
                0x00003f40        0x0
 *(.cy_checksum_exclude)

.ramvectors     0x1fff8000       0xc0
                0x1fff8000                __cy_region_start_ram = .
 *(.ramvectors)
 .ramvectors    0x1fff8000       0xc0 .\CortexM3\ARM_GCC_541\Debug\Cm3Start.o
                0x1fff8000                CyRamVectors

.noinit         0x1fff80c0        0x5
 *(.noinit)
 .noinit        0x1fff80c0        0x4 .\CortexM3\ARM_GCC_541\Debug\Cm3Start.o
 .noinit        0x1fff80c4        0x1 .\CortexM3\ARM_GCC_541\Debug\CS301_Class.a(CyLib.o)
                0x1fff80c4                CyResetStatus

.data           0x1fff80c8       0xa0 load address 0x00003f40
                0x1fff80c8                __cy_region_start_data = .
 *(.jcr)
 .jcr           0x1fff80c8        0x0 c:/program files (x86)/cypress/psoc creator/4.2/psoc creator/import/gnu/arm/5.4.1/bin/../lib/gcc/arm-none-eabi/5.4.1/armv7-m/crtbegin.o
 .jcr           0x1fff80c8        0x4 c:/program files (x86)/cypress/psoc creator/4.2/psoc creator/import/gnu/arm/5.4.1/bin/../lib/gcc/arm-none-eabi/5.4.1/armv7-m/crtend.o
 *(.got.plt)
 *(.got)
 *(.shdata)
 *(.data .data.* .gnu.linkonce.d.*)
 .data          0x1fff80cc        0x2 .\CortexM3\ARM_GCC_541\Debug\CS301_Class.a(ADC.o)
 .data          0x1fff80ce        0x1 .\CortexM3\ARM_GCC_541\Debug\CS301_Class.a(ADC_TempBuf_dma.o)
                0x1fff80ce                ADC_TempBuf_DmaHandle
 .data          0x1fff80cf        0x1 .\CortexM3\ARM_GCC_541\Debug\CS301_Class.a(ADC_FinalBuf_dma.o)
                0x1fff80cf                ADC_FinalBuf_DmaHandle
 .data          0x1fff80d0        0x8 .\CortexM3\ARM_GCC_541\Debug\CS301_Class.a(CyDmac.o)
 .data          0x1fff80d8       0x10 .\CortexM3\ARM_GCC_541\Debug\CS301_Class.a(CyLib.o)
                0x1fff80d8                cydelay_freq_hz
                0x1fff80dc                cydelay_freq_khz
                0x1fff80e0                cydelay_freq_mhz
                0x1fff80e4                cydelay_32k_ms
 .data          0x1fff80e8       0x1a .\CortexM3\ARM_GCC_541\Debug\CS301_Class.a(USBUART_cdc.o)
                0x1fff80e8                USBUART_linesCoding
 *fill*         0x1fff8102        0x2 
 .data.impure_data
                0x1fff8104       0x60 c:/program files (x86)/cypress/psoc creator/4.2/psoc creator/import/gnu/arm/5.4.1/bin/../lib/gcc/arm-none-eabi/5.4.1/../../../../arm-none-eabi/lib/armv7-m\libg_nano.a(lib_a-impure.o)
 .data._impure_ptr
                0x1fff8164        0x4 c:/program files (x86)/cypress/psoc creator/4.2/psoc creator/import/gnu/arm/5.4.1/bin/../lib/gcc/arm-none-eabi/5.4.1/../../../../arm-none-eabi/lib/armv7-m\libg_nano.a(lib_a-impure.o)
                0x1fff8164                _impure_ptr
                0x1fff8168                . = ALIGN (0x8)
 *(.ram)
                0x1fff8168                _edata = .

.igot.plt       0x1fff8168        0x0 load address 0x00003fe0
 .igot.plt      0x1fff8168        0x0 c:/program files (x86)/cypress/psoc creator/4.2/psoc creator/import/gnu/arm/5.4.1/bin/../lib/gcc/arm-none-eabi/5.4.1/armv7-m/crtbegin.o

.bss            0x1fff8168      0x158 load address 0x00003fe0
                0x1fff8168                PROVIDE (__bss_start__, .)
 *(.shbss)
 *(.bss .bss.* .gnu.linkonce.b.*)
 .bss           0x1fff8168       0x1c c:/program files (x86)/cypress/psoc creator/4.2/psoc creator/import/gnu/arm/5.4.1/bin/../lib/gcc/arm-none-eabi/5.4.1/armv7-m/crtbegin.o
 .bss           0x1fff8184       0x1c .\CortexM3\ARM_GCC_541\Debug\main.o
                0x1fff8184                ts
                0x1fff8186                ts_enc
                0x1fff8188                ts_update
                0x1fff818a                ts_speed
                0x1fff818c                ts_display
                0x1fff818e                flag_ts_enc
                0x1fff818f                flag_ts_update
                0x1fff8190                flag_ts_speed
                0x1fff8191                flag_ts_display
                0x1fff8192                flag_rx
                0x1fff8193                flag_packet
                0x1fff8194                flag_KB_string
                0x1fff8195                dataready_flag
                0x1fff8198                quadDec2Count
                0x1fff819c                timerInt
 .bss           0x1fff81a0       0x18 .\CortexM3\ARM_GCC_541\Debug\CS301_Class.a(ADC.o)
                0x1fff81a0                ADC_initVar
 .bss           0x1fff81b8        0x1 .\CortexM3\ARM_GCC_541\Debug\CS301_Class.a(USBUART.o)
                0x1fff81b8                USBUART_initVar
 *fill*         0x1fff81b9        0x3 
 .bss           0x1fff81bc        0x2 .\CortexM3\ARM_GCC_541\Debug\CS301_Class.a(USBUART_std.o)
 .bss           0x1fff81be        0x1 .\CortexM3\ARM_GCC_541\Debug\CS301_Class.a(ADC_SAR.o)
                0x1fff81be                ADC_SAR_initVar
 .bss           0x1fff81bf        0x1 .\CortexM3\ARM_GCC_541\Debug\CS301_Class.a(PWM_1.o)
                0x1fff81bf                PWM_1_initVar
 .bss           0x1fff81c0        0x1 .\CortexM3\ARM_GCC_541\Debug\CS301_Class.a(PWM_2.o)
                0x1fff81c0                PWM_2_initVar
 .bss           0x1fff81c1        0x1 .\CortexM3\ARM_GCC_541\Debug\CS301_Class.a(QuadDec_M1.o)
                0x1fff81c1                QuadDec_M1_initVar
 .bss           0x1fff81c2        0x1 .\CortexM3\ARM_GCC_541\Debug\CS301_Class.a(QuadDec_M2.o)
                0x1fff81c2                QuadDec_M2_initVar
 .bss           0x1fff81c3        0x1 .\CortexM3\ARM_GCC_541\Debug\CS301_Class.a(QuadDec_M1_Cnt16.o)
                0x1fff81c3                QuadDec_M1_Cnt16_initVar
 .bss           0x1fff81c4        0x1 .\CortexM3\ARM_GCC_541\Debug\CS301_Class.a(QuadDec_M2_Cnt16.o)
                0x1fff81c4                QuadDec_M2_Cnt16_initVar
 .bss           0x1fff81c5        0x1 .\CortexM3\ARM_GCC_541\Debug\CS301_Class.a(SpeedTimer.o)
                0x1fff81c5                SpeedTimer_initVar
 *(COMMON)
 *fill*         0x1fff81c6        0x2 
 COMMON         0x1fff81c8       0x10 .\CortexM3\ARM_GCC_541\Debug\CS301_Class.a(ADC.o)
                0x1fff81c8                ADC_finalArray
 COMMON         0x1fff81d8       0x9a .\CortexM3\ARM_GCC_541\Debug\CS301_Class.a(USBUART_drv.o)
                0x1fff81d8                USBUART_lastPacketSize
                0x1fff81d9                USBUART_device
                0x1fff81da                USBUART_transferByteCount
                0x1fff81dc                USBUART_transferState
                0x1fff81e0                USBUART_interfaceSettingLast
                0x1fff81e4                USBUART_currentTD
                0x1fff81f0                USBUART_interfaceNumber
                0x1fff81f4                USBUART_interfaceClass
                0x1fff81f8                USBUART_configurationChanged
                0x1fff81f9                USBUART_ep0Mode
                0x1fff81fa                USBUART_deviceAddress
                0x1fff81fb                USBUART_configuration
                0x1fff81fc                USBUART_ep0Count
                0x1fff81fd                USBUART_deviceStatus
                0x1fff8200                USBUART_EP
                0x1fff826c                USBUART_interfaceSetting
                0x1fff826e                USBUART_ep0Toggle
                0x1fff8270                USBUART_interfaceStatus
 *fill*         0x1fff8272        0x2 
 COMMON         0x1fff8274        0xa .\CortexM3\ARM_GCC_541\Debug\CS301_Class.a(ADC_SAR.o)
                0x1fff8274                ADC_SAR_countsPerVolt
                0x1fff8276                ADC_SAR_shift
                0x1fff8278                ADC_SAR_countsPer10Volt
                0x1fff827c                ADC_SAR_offset
 *fill*         0x1fff827e        0x2 
 COMMON         0x1fff8280       0x18 .\CortexM3\ARM_GCC_541\Debug\CS301_Class.a(USBUART_cdc.o)
                0x1fff8280                USBUART_linesChanged
                0x1fff8284                USBUART_cdcDataInEp
                0x1fff8288                USBUART_cdcCommInInterruptEp
                0x1fff828c                USBUART_cdcDataOutEp
                0x1fff8290                USBUART_serialStateBitmap
                0x1fff8294                USBUART_linesControlBitmap
 COMMON         0x1fff8298       0x22 .\CortexM3\ARM_GCC_541\Debug\CS301_Class.a(USBUART_descr.o)
                0x1fff8298                USBUART_idSerialNumberStringDescriptor
                0x1fff82c0                . = ALIGN (0x8)
 *fill*         0x1fff82ba        0x6 
 *(.ram.b)
                0x1fff82c0                _end = .
                0x1fff82c0                __end = .
                0x1fff82c0                PROVIDE (end, .)
                0x1fff82c0                PROVIDE (__bss_end__, .)
                0x00003f40                __cy_region_init_ram = LOADADDR (.data)
                0x000000a0                __cy_region_init_size_ram = (_edata - ADDR (.data))
                0x00000158                __cy_region_zero_size_ram = (_end - _edata)

.heap           0x1fff82c0       0x80 load address 0x00003fe0
                0x1fff82c0                . = _end
                0x1fff8340                . = (. + 0x80)
 *fill*         0x1fff82c0       0x80 
                0x1fff8340                __cy_heap_limit = .

.stack          0x20007800      0x800
                0x20007800                __cy_stack_limit = .
                0x20008000                . = (. + 0x800)
 *fill*         0x20007800      0x800 
                0x00000001                ASSERT ((__cy_stack_limit >= __cy_heap_limit), region RAM overflowed with stack)
                0x00000000                cy_checksum_exclude_size = (CY_APPL_LOADABLE == 0x1)?SIZEOF (.cy_checksum_exclude):0x0
                0x00000001                ASSERT ((cy_checksum_exclude_size <= CY_CHECKSUM_EXCLUDE_SIZE), CY_BOOT: Section .cy_checksum_exclude size exceedes specified limit.)

.cyloadermeta
 *(.cyloadermeta)

.cyloadablemeta
 *(.cyloadablemeta)

.cyconfigecc    0x80000000      0xfbc
 *(.cyconfigecc)
 .cyconfigecc   0x80000000      0xfbc .\CortexM3\ARM_GCC_541\Debug\cymetadata.o
                0x80000000                cy_meta_configecc

.cycustnvl      0x90000000        0x4
 *(.cycustnvl)
 .cycustnvl     0x90000000        0x4 .\CortexM3\ARM_GCC_541\Debug\cymetadata.o
                0x90000000                cy_meta_custnvl

.cywolatch      0x90100000        0x4
 *(.cywolatch)
 .cywolatch     0x90100000        0x4 .\CortexM3\ARM_GCC_541\Debug\cymetadata.o
                0x90100000                cy_meta_wonvl

.cyeeprom       0x90200000        0x0
 *(.cyeeprom)
                0x00000001                ASSERT ((. <= ((0x90200000 + ee_offset) + ee_size)), .cyeeprom data will not fit in EEPROM)

.cyflashprotect
                0x90400000      0x100
 *(.cyflashprotect)
 .cyflashprotect
                0x90400000      0x100 .\CortexM3\ARM_GCC_541\Debug\cymetadata.o
                0x90400000                cy_meta_flashprotect

.cymeta         0x90500000        0xc
 *(.cymeta)
 .cymeta        0x90500000        0xc .\CortexM3\ARM_GCC_541\Debug\cymetadata.o
                0x90500000                cy_metadata

.rel.dyn        0x00003fe0        0x0 load address 0x9050000c
 .rel.iplt      0x00003fe0        0x0 c:/program files (x86)/cypress/psoc creator/4.2/psoc creator/import/gnu/arm/5.4.1/bin/../lib/gcc/arm-none-eabi/5.4.1/armv7-m/crtbegin.o

.stab           0x00000000       0xb4
 *(.stab)
 .stab          0x00000000       0x24 c:/program files (x86)/cypress/psoc creator/4.2/psoc creator/import/gnu/arm/5.4.1/bin/../lib/gcc/arm-none-eabi/5.4.1/../../../../arm-none-eabi/lib/armv7-m\libnosys.a(close.o)
 .stab          0x00000024       0x18 c:/program files (x86)/cypress/psoc creator/4.2/psoc creator/import/gnu/arm/5.4.1/bin/../lib/gcc/arm-none-eabi/5.4.1/../../../../arm-none-eabi/lib/armv7-m\libnosys.a(fstat.o)
                                 0x24 (size before relaxing)
 .stab          0x0000003c       0x18 c:/program files (x86)/cypress/psoc creator/4.2/psoc creator/import/gnu/arm/5.4.1/bin/../lib/gcc/arm-none-eabi/5.4.1/../../../../arm-none-eabi/lib/armv7-m\libnosys.a(isatty.o)
                                 0x24 (size before relaxing)
 .stab          0x00000054       0x18 c:/program files (x86)/cypress/psoc creator/4.2/psoc creator/import/gnu/arm/5.4.1/bin/../lib/gcc/arm-none-eabi/5.4.1/../../../../arm-none-eabi/lib/armv7-m\libnosys.a(lseek.o)
                                 0x24 (size before relaxing)
 .stab          0x0000006c       0x18 c:/program files (x86)/cypress/psoc creator/4.2/psoc creator/import/gnu/arm/5.4.1/bin/../lib/gcc/arm-none-eabi/5.4.1/../../../../arm-none-eabi/lib/armv7-m\libnosys.a(open.o)
                                 0x24 (size before relaxing)
 .stab          0x00000084       0x18 c:/program files (x86)/cypress/psoc creator/4.2/psoc creator/import/gnu/arm/5.4.1/bin/../lib/gcc/arm-none-eabi/5.4.1/../../../../arm-none-eabi/lib/armv7-m\libnosys.a(read.o)
                                 0x24 (size before relaxing)
 .stab          0x0000009c       0x18 c:/program files (x86)/cypress/psoc creator/4.2/psoc creator/import/gnu/arm/5.4.1/bin/../lib/gcc/arm-none-eabi/5.4.1/../../../../arm-none-eabi/lib/armv7-m\libnosys.a(write.o)
                                 0x24 (size before relaxing)

.stabstr        0x00000000      0x181
 *(.stabstr)
 .stabstr       0x00000000      0x181 c:/program files (x86)/cypress/psoc creator/4.2/psoc creator/import/gnu/arm/5.4.1/bin/../lib/gcc/arm-none-eabi/5.4.1/../../../../arm-none-eabi/lib/armv7-m\libnosys.a(close.o)

.debug
 *(.debug)

.line
 *(.line)

.debug_srcinfo
 *(.debug_srcinfo)

.debug_sfnames
 *(.debug_sfnames)

.debug_aranges  0x00000000     0x1300
 *(.debug_aranges)
 .debug_aranges
                0x00000000       0x38 .\CortexM3\ARM_GCC_541\Debug\main.o
 .debug_aranges
                0x00000038       0x28 .\CortexM3\ARM_GCC_541\Debug\tacho.o
 .debug_aranges
                0x00000060       0x20 .\CortexM3\ARM_GCC_541\Debug\initialise.o
 .debug_aranges
                0x00000080       0x50 .\CortexM3\ARM_GCC_541\Debug\pathfinding.o
 .debug_aranges
                0x000000d0       0x38 .\CortexM3\ARM_GCC_541\Debug\movement.o
 .debug_aranges
                0x00000108       0x60 .\CortexM3\ARM_GCC_541\Debug\cyfitter_cfg.o
 .debug_aranges
                0x00000168       0x18 .\CortexM3\ARM_GCC_541\Debug\cymetadata.o
 .debug_aranges
                0x00000180       0x48 .\CortexM3\ARM_GCC_541\Debug\Cm3Start.o
 .debug_aranges
                0x000001c8       0x38 .\CortexM3\ARM_GCC_541\Debug\CS301_Class.a(A0.o)
 .debug_aranges
                0x00000200       0xa0 .\CortexM3\ARM_GCC_541\Debug\CS301_Class.a(ADC.o)
 .debug_aranges
                0x000002a0       0x20 .\CortexM3\ARM_GCC_541\Debug\CS301_Class.a(ADC_INT.o)
 .debug_aranges
                0x000002c0       0xc8 .\CortexM3\ARM_GCC_541\Debug\CS301_Class.a(USBUART.o)
 .debug_aranges
                0x00000388       0x98 .\CortexM3\ARM_GCC_541\Debug\CS301_Class.a(USBUART_drv.o)
 .debug_aranges
                0x00000420       0x40 .\CortexM3\ARM_GCC_541\Debug\CS301_Class.a(USBUART_episr.o)
 .debug_aranges
                0x00000460       0x40 .\CortexM3\ARM_GCC_541\Debug\CS301_Class.a(USBUART_pm.o)
 .debug_aranges
                0x000004a0       0x80 .\CortexM3\ARM_GCC_541\Debug\CS301_Class.a(USBUART_std.o)
 .debug_aranges
                0x00000520       0x20 .\CortexM3\ARM_GCC_541\Debug\CS301_Class.a(USBUART_vnd.o)
 .debug_aranges
                0x00000540       0xa8 .\CortexM3\ARM_GCC_541\Debug\CS301_Class.a(ADC_SAR.o)
 .debug_aranges
                0x000005e8       0x28 .\CortexM3\ARM_GCC_541\Debug\CS301_Class.a(ADC_TempBuf_dma.o)
 .debug_aranges
                0x00000610       0x28 .\CortexM3\ARM_GCC_541\Debug\CS301_Class.a(ADC_FinalBuf_dma.o)
 .debug_aranges
                0x00000638       0x80 .\CortexM3\ARM_GCC_541\Debug\CS301_Class.a(ADC_IRQ.o)
 .debug_aranges
                0x000006b8       0x48 .\CortexM3\ARM_GCC_541\Debug\CS301_Class.a(USBUART_Dp.o)
 .debug_aranges
                0x00000700       0xd8 .\CortexM3\ARM_GCC_541\Debug\CS301_Class.a(CyDmac.o)
 .debug_aranges
                0x000007d8      0x2a0 .\CortexM3\ARM_GCC_541\Debug\CS301_Class.a(CyLib.o)
 .debug_aranges
                0x00000a78       0x98 .\CortexM3\ARM_GCC_541\Debug\CS301_Class.a(cyPm.o)
 .debug_aranges
                0x00000b10       0x78 .\CortexM3\ARM_GCC_541\Debug\CS301_Class.a(PWM_1.o)
 .debug_aranges
                0x00000b88       0x70 .\CortexM3\ARM_GCC_541\Debug\CS301_Class.a(Clock_PWM.o)
 .debug_aranges
                0x00000bf8       0x80 .\CortexM3\ARM_GCC_541\Debug\CS301_Class.a(isr_eoc.o)
 .debug_aranges
                0x00000c78       0x78 .\CortexM3\ARM_GCC_541\Debug\CS301_Class.a(PWM_2.o)
 .debug_aranges
                0x00000cf0       0x38 .\CortexM3\ARM_GCC_541\Debug\CS301_Class.a(LED.o)
 .debug_aranges
                0x00000d28       0x60 .\CortexM3\ARM_GCC_541\Debug\CS301_Class.a(QuadDec_M1.o)
 .debug_aranges
                0x00000d88       0x60 .\CortexM3\ARM_GCC_541\Debug\CS301_Class.a(QuadDec_M2.o)
 .debug_aranges
                0x00000de8       0x98 .\CortexM3\ARM_GCC_541\Debug\CS301_Class.a(QuadDec_M1_Cnt16.o)
 .debug_aranges
                0x00000e80       0x98 .\CortexM3\ARM_GCC_541\Debug\CS301_Class.a(QuadDec_M2_Cnt16.o)
 .debug_aranges
                0x00000f18       0x28 .\CortexM3\ARM_GCC_541\Debug\CS301_Class.a(RF_BT_SELECT.o)
 .debug_aranges
                0x00000f40       0x88 .\CortexM3\ARM_GCC_541\Debug\CS301_Class.a(SpeedTimer.o)
 .debug_aranges
                0x00000fc8       0x80 .\CortexM3\ARM_GCC_541\Debug\CS301_Class.a(isr_speed.o)
 .debug_aranges
                0x00001048       0x70 .\CortexM3\ARM_GCC_541\Debug\CS301_Class.a(SpeedClock.o)
 .debug_aranges
                0x000010b8       0x20 .\CortexM3\ARM_GCC_541\Debug\CS301_Class.a(CyBootAsmGnu.o)
 .debug_aranges
                0x000010d8       0xe8 .\CortexM3\ARM_GCC_541\Debug\CS301_Class.a(USBUART_cdc.o)
 .debug_aranges
                0x000011c0       0x20 .\CortexM3\ARM_GCC_541\Debug\CS301_Class.a(USBUART_cls.o)
 .debug_aranges
                0x000011e0       0x18 .\CortexM3\ARM_GCC_541\Debug\CS301_Class.a(USBUART_descr.o)
 .debug_aranges
                0x000011f8       0x88 .\CortexM3\ARM_GCC_541\Debug\CS301_Class.a(CyFlash.o)
 .debug_aranges
                0x00001280       0x80 .\CortexM3\ARM_GCC_541\Debug\CS301_Class.a(CySpc.o)

.debug_pubnames
 *(.debug_pubnames)

.debug_info     0x00000000     0x9878
 *(.debug_info .gnu.linkonce.wi.*)
 .debug_info    0x00000000      0x402 .\CortexM3\ARM_GCC_541\Debug\main.o
 .debug_info    0x00000402      0x14e .\CortexM3\ARM_GCC_541\Debug\tacho.o
 .debug_info    0x00000550       0xc7 .\CortexM3\ARM_GCC_541\Debug\initialise.o
 .debug_info    0x00000617      0xe4d .\CortexM3\ARM_GCC_541\Debug\pathfinding.o
 .debug_info    0x00001464      0x14e .\CortexM3\ARM_GCC_541\Debug\movement.o
 .debug_info    0x000015b2      0x481 .\CortexM3\ARM_GCC_541\Debug\cyfitter_cfg.o
 .debug_info    0x00001a33      0x139 .\CortexM3\ARM_GCC_541\Debug\cymetadata.o
 .debug_info    0x00001b6c      0x32b .\CortexM3\ARM_GCC_541\Debug\Cm3Start.o
 .debug_info    0x00001e97      0x11e .\CortexM3\ARM_GCC_541\Debug\CS301_Class.a(A0.o)
 .debug_info    0x00001fb5      0x3ab .\CortexM3\ARM_GCC_541\Debug\CS301_Class.a(ADC.o)
 .debug_info    0x00002360       0xa0 .\CortexM3\ARM_GCC_541\Debug\CS301_Class.a(ADC_INT.o)
 .debug_info    0x00002400      0x717 .\CortexM3\ARM_GCC_541\Debug\CS301_Class.a(USBUART.o)
 .debug_info    0x00002b17      0x52d .\CortexM3\ARM_GCC_541\Debug\CS301_Class.a(USBUART_drv.o)
 .debug_info    0x00003044      0x23b .\CortexM3\ARM_GCC_541\Debug\CS301_Class.a(USBUART_episr.o)
 .debug_info    0x0000327f      0x18d .\CortexM3\ARM_GCC_541\Debug\CS301_Class.a(USBUART_pm.o)
 .debug_info    0x0000340c      0x961 .\CortexM3\ARM_GCC_541\Debug\CS301_Class.a(USBUART_std.o)
 .debug_info    0x00003d6d      0x1a9 .\CortexM3\ARM_GCC_541\Debug\CS301_Class.a(USBUART_vnd.o)
 .debug_info    0x00003f16      0x462 .\CortexM3\ARM_GCC_541\Debug\CS301_Class.a(ADC_SAR.o)
 .debug_info    0x00004378      0x11b .\CortexM3\ARM_GCC_541\Debug\CS301_Class.a(ADC_TempBuf_dma.o)
 .debug_info    0x00004493      0x11b .\CortexM3\ARM_GCC_541\Debug\CS301_Class.a(ADC_FinalBuf_dma.o)
 .debug_info    0x000045ae      0x241 .\CortexM3\ARM_GCC_541\Debug\CS301_Class.a(ADC_IRQ.o)
 .debug_info    0x000047ef      0x171 .\CortexM3\ARM_GCC_541\Debug\CS301_Class.a(USBUART_Dp.o)
 .debug_info    0x00004960      0x8c0 .\CortexM3\ARM_GCC_541\Debug\CS301_Class.a(CyDmac.o)
 .debug_info    0x00005220      0xe51 .\CortexM3\ARM_GCC_541\Debug\CS301_Class.a(CyLib.o)
 .debug_info    0x00006071      0x57a .\CortexM3\ARM_GCC_541\Debug\CS301_Class.a(cyPm.o)
 .debug_info    0x000065eb      0x235 .\CortexM3\ARM_GCC_541\Debug\CS301_Class.a(PWM_1.o)
 .debug_info    0x00006820      0x25d .\CortexM3\ARM_GCC_541\Debug\CS301_Class.a(Clock_PWM.o)
 .debug_info    0x00006a7d      0x29a .\CortexM3\ARM_GCC_541\Debug\CS301_Class.a(isr_eoc.o)
 .debug_info    0x00006d17      0x235 .\CortexM3\ARM_GCC_541\Debug\CS301_Class.a(PWM_2.o)
 .debug_info    0x00006f4c      0x11e .\CortexM3\ARM_GCC_541\Debug\CS301_Class.a(LED.o)
 .debug_info    0x0000706a      0x208 .\CortexM3\ARM_GCC_541\Debug\CS301_Class.a(QuadDec_M1.o)
 .debug_info    0x00007272      0x208 .\CortexM3\ARM_GCC_541\Debug\CS301_Class.a(QuadDec_M2.o)
 .debug_info    0x0000747a      0x291 .\CortexM3\ARM_GCC_541\Debug\CS301_Class.a(QuadDec_M1_Cnt16.o)
 .debug_info    0x0000770b      0x291 .\CortexM3\ARM_GCC_541\Debug\CS301_Class.a(QuadDec_M2_Cnt16.o)
 .debug_info    0x0000799c       0xd7 .\CortexM3\ARM_GCC_541\Debug\CS301_Class.a(RF_BT_SELECT.o)
 .debug_info    0x00007a73      0x245 .\CortexM3\ARM_GCC_541\Debug\CS301_Class.a(SpeedTimer.o)
 .debug_info    0x00007cb8      0x241 .\CortexM3\ARM_GCC_541\Debug\CS301_Class.a(isr_speed.o)
 .debug_info    0x00007ef9      0x25d .\CortexM3\ARM_GCC_541\Debug\CS301_Class.a(SpeedClock.o)
 .debug_info    0x00008156       0xdc .\CortexM3\ARM_GCC_541\Debug\CS301_Class.a(CyBootAsmGnu.o)
 .debug_info    0x00008232      0x924 .\CortexM3\ARM_GCC_541\Debug\CS301_Class.a(USBUART_cdc.o)
 .debug_info    0x00008b56      0x1c8 .\CortexM3\ARM_GCC_541\Debug\CS301_Class.a(USBUART_cls.o)
 .debug_info    0x00008d1e      0x2e1 .\CortexM3\ARM_GCC_541\Debug\CS301_Class.a(USBUART_descr.o)
 .debug_info    0x00008fff      0x3b9 .\CortexM3\ARM_GCC_541\Debug\CS301_Class.a(CyFlash.o)
 .debug_info    0x000093b8      0x4c0 .\CortexM3\ARM_GCC_541\Debug\CS301_Class.a(CySpc.o)

.debug_abbrev   0x00000000     0x313d
 *(.debug_abbrev)
 .debug_abbrev  0x00000000      0x116 .\CortexM3\ARM_GCC_541\Debug\main.o
 .debug_abbrev  0x00000116       0x96 .\CortexM3\ARM_GCC_541\Debug\tacho.o
 .debug_abbrev  0x000001ac       0x65 .\CortexM3\ARM_GCC_541\Debug\initialise.o
 .debug_abbrev  0x00000211      0x27b .\CortexM3\ARM_GCC_541\Debug\pathfinding.o
 .debug_abbrev  0x0000048c       0xaa .\CortexM3\ARM_GCC_541\Debug\movement.o
 .debug_abbrev  0x00000536      0x1b7 .\CortexM3\ARM_GCC_541\Debug\cyfitter_cfg.o
 .debug_abbrev  0x000006ed       0x77 .\CortexM3\ARM_GCC_541\Debug\cymetadata.o
 .debug_abbrev  0x00000764      0x1d6 .\CortexM3\ARM_GCC_541\Debug\Cm3Start.o
 .debug_abbrev  0x0000093a       0x90 .\CortexM3\ARM_GCC_541\Debug\CS301_Class.a(A0.o)
 .debug_abbrev  0x000009ca      0x155 .\CortexM3\ARM_GCC_541\Debug\CS301_Class.a(ADC.o)
 .debug_abbrev  0x00000b1f       0x42 .\CortexM3\ARM_GCC_541\Debug\CS301_Class.a(ADC_INT.o)
 .debug_abbrev  0x00000b61      0x1f3 .\CortexM3\ARM_GCC_541\Debug\CS301_Class.a(USBUART.o)
 .debug_abbrev  0x00000d54      0x161 .\CortexM3\ARM_GCC_541\Debug\CS301_Class.a(USBUART_drv.o)
 .debug_abbrev  0x00000eb5       0xfd .\CortexM3\ARM_GCC_541\Debug\CS301_Class.a(USBUART_episr.o)
 .debug_abbrev  0x00000fb2       0xd1 .\CortexM3\ARM_GCC_541\Debug\CS301_Class.a(USBUART_pm.o)
 .debug_abbrev  0x00001083      0x1c2 .\CortexM3\ARM_GCC_541\Debug\CS301_Class.a(USBUART_std.o)
 .debug_abbrev  0x00001245       0xc5 .\CortexM3\ARM_GCC_541\Debug\CS301_Class.a(USBUART_vnd.o)
 .debug_abbrev  0x0000130a      0x173 .\CortexM3\ARM_GCC_541\Debug\CS301_Class.a(ADC_SAR.o)
 .debug_abbrev  0x0000147d       0x8b .\CortexM3\ARM_GCC_541\Debug\CS301_Class.a(ADC_TempBuf_dma.o)
 .debug_abbrev  0x00001508       0x8b .\CortexM3\ARM_GCC_541\Debug\CS301_Class.a(ADC_FinalBuf_dma.o)
 .debug_abbrev  0x00001593      0x172 .\CortexM3\ARM_GCC_541\Debug\CS301_Class.a(ADC_IRQ.o)
 .debug_abbrev  0x00001705       0x90 .\CortexM3\ARM_GCC_541\Debug\CS301_Class.a(USBUART_Dp.o)
 .debug_abbrev  0x00001795      0x194 .\CortexM3\ARM_GCC_541\Debug\CS301_Class.a(CyDmac.o)
 .debug_abbrev  0x00001929      0x217 .\CortexM3\ARM_GCC_541\Debug\CS301_Class.a(CyLib.o)
 .debug_abbrev  0x00001b40      0x161 .\CortexM3\ARM_GCC_541\Debug\CS301_Class.a(cyPm.o)
 .debug_abbrev  0x00001ca1      0x116 .\CortexM3\ARM_GCC_541\Debug\CS301_Class.a(PWM_1.o)
 .debug_abbrev  0x00001db7      0x11d .\CortexM3\ARM_GCC_541\Debug\CS301_Class.a(Clock_PWM.o)
 .debug_abbrev  0x00001ed4      0x19b .\CortexM3\ARM_GCC_541\Debug\CS301_Class.a(isr_eoc.o)
 .debug_abbrev  0x0000206f      0x116 .\CortexM3\ARM_GCC_541\Debug\CS301_Class.a(PWM_2.o)
 .debug_abbrev  0x00002185       0x90 .\CortexM3\ARM_GCC_541\Debug\CS301_Class.a(LED.o)
 .debug_abbrev  0x00002215      0x130 .\CortexM3\ARM_GCC_541\Debug\CS301_Class.a(QuadDec_M1.o)
 .debug_abbrev  0x00002345      0x130 .\CortexM3\ARM_GCC_541\Debug\CS301_Class.a(QuadDec_M2.o)
 .debug_abbrev  0x00002475      0x12c .\CortexM3\ARM_GCC_541\Debug\CS301_Class.a(QuadDec_M1_Cnt16.o)
 .debug_abbrev  0x000025a1      0x12c .\CortexM3\ARM_GCC_541\Debug\CS301_Class.a(QuadDec_M2_Cnt16.o)
 .debug_abbrev  0x000026cd       0x81 .\CortexM3\ARM_GCC_541\Debug\CS301_Class.a(RF_BT_SELECT.o)
 .debug_abbrev  0x0000274e       0xe9 .\CortexM3\ARM_GCC_541\Debug\CS301_Class.a(SpeedTimer.o)
 .debug_abbrev  0x00002837      0x172 .\CortexM3\ARM_GCC_541\Debug\CS301_Class.a(isr_speed.o)
 .debug_abbrev  0x000029a9      0x11d .\CortexM3\ARM_GCC_541\Debug\CS301_Class.a(SpeedClock.o)
 .debug_abbrev  0x00002ac6       0x14 .\CortexM3\ARM_GCC_541\Debug\CS301_Class.a(CyBootAsmGnu.o)
 .debug_abbrev  0x00002ada      0x233 .\CortexM3\ARM_GCC_541\Debug\CS301_Class.a(USBUART_cdc.o)
 .debug_abbrev  0x00002d0d       0xc5 .\CortexM3\ARM_GCC_541\Debug\CS301_Class.a(USBUART_cls.o)
 .debug_abbrev  0x00002dd2       0xb4 .\CortexM3\ARM_GCC_541\Debug\CS301_Class.a(USBUART_descr.o)
 .debug_abbrev  0x00002e86      0x14b .\CortexM3\ARM_GCC_541\Debug\CS301_Class.a(CyFlash.o)
 .debug_abbrev  0x00002fd1      0x16c .\CortexM3\ARM_GCC_541\Debug\CS301_Class.a(CySpc.o)

.debug_line     0x00000000     0x4c0e
 *(.debug_line)
 .debug_line    0x00000000      0x1bc .\CortexM3\ARM_GCC_541\Debug\main.o
 .debug_line    0x000001bc      0x183 .\CortexM3\ARM_GCC_541\Debug\tacho.o
 .debug_line    0x0000033f      0x168 .\CortexM3\ARM_GCC_541\Debug\initialise.o
 .debug_line    0x000004a7      0x40b .\CortexM3\ARM_GCC_541\Debug\pathfinding.o
 .debug_line    0x000008b2      0x1ae .\CortexM3\ARM_GCC_541\Debug\movement.o
 .debug_line    0x00000a60      0x239 .\CortexM3\ARM_GCC_541\Debug\cyfitter_cfg.o
 .debug_line    0x00000c99      0x141 .\CortexM3\ARM_GCC_541\Debug\cymetadata.o
 .debug_line    0x00000dda      0x1db .\CortexM3\ARM_GCC_541\Debug\Cm3Start.o
 .debug_line    0x00000fb5       0x92 .\CortexM3\ARM_GCC_541\Debug\CS301_Class.a(A0.o)
 .debug_line    0x00001047      0x1bf .\CortexM3\ARM_GCC_541\Debug\CS301_Class.a(ADC.o)
 .debug_line    0x00001206       0x53 .\CortexM3\ARM_GCC_541\Debug\CS301_Class.a(ADC_INT.o)
 .debug_line    0x00001259      0x307 .\CortexM3\ARM_GCC_541\Debug\CS301_Class.a(USBUART.o)
 .debug_line    0x00001560      0x21f .\CortexM3\ARM_GCC_541\Debug\CS301_Class.a(USBUART_drv.o)
 .debug_line    0x0000177f       0xf2 .\CortexM3\ARM_GCC_541\Debug\CS301_Class.a(USBUART_episr.o)
 .debug_line    0x00001871       0xe6 .\CortexM3\ARM_GCC_541\Debug\CS301_Class.a(USBUART_pm.o)
 .debug_line    0x00001957      0x470 .\CortexM3\ARM_GCC_541\Debug\CS301_Class.a(USBUART_std.o)
 .debug_line    0x00001dc7       0x8f .\CortexM3\ARM_GCC_541\Debug\CS301_Class.a(USBUART_vnd.o)
 .debug_line    0x00001e56      0x207 .\CortexM3\ARM_GCC_541\Debug\CS301_Class.a(ADC_SAR.o)
 .debug_line    0x0000205d       0x7e .\CortexM3\ARM_GCC_541\Debug\CS301_Class.a(ADC_TempBuf_dma.o)
 .debug_line    0x000020db       0x7f .\CortexM3\ARM_GCC_541\Debug\CS301_Class.a(ADC_FinalBuf_dma.o)
 .debug_line    0x0000215a      0x142 .\CortexM3\ARM_GCC_541\Debug\CS301_Class.a(ADC_IRQ.o)
 .debug_line    0x0000229c       0xbf .\CortexM3\ARM_GCC_541\Debug\CS301_Class.a(USBUART_Dp.o)
 .debug_line    0x0000235b      0x2b6 .\CortexM3\ARM_GCC_541\Debug\CS301_Class.a(CyDmac.o)
 .debug_line    0x00002611      0x883 .\CortexM3\ARM_GCC_541\Debug\CS301_Class.a(CyLib.o)
 .debug_line    0x00002e94      0x38e .\CortexM3\ARM_GCC_541\Debug\CS301_Class.a(cyPm.o)
 .debug_line    0x00003222      0x140 .\CortexM3\ARM_GCC_541\Debug\CS301_Class.a(PWM_1.o)
 .debug_line    0x00003362      0x1a8 .\CortexM3\ARM_GCC_541\Debug\CS301_Class.a(Clock_PWM.o)
 .debug_line    0x0000350a      0x265 .\CortexM3\ARM_GCC_541\Debug\CS301_Class.a(isr_eoc.o)
 .debug_line    0x0000376f      0x140 .\CortexM3\ARM_GCC_541\Debug\CS301_Class.a(PWM_2.o)
 .debug_line    0x000038af       0x93 .\CortexM3\ARM_GCC_541\Debug\CS301_Class.a(LED.o)
 .debug_line    0x00003942      0x10a .\CortexM3\ARM_GCC_541\Debug\CS301_Class.a(QuadDec_M1.o)
 .debug_line    0x00003a4c      0x10a .\CortexM3\ARM_GCC_541\Debug\CS301_Class.a(QuadDec_M2.o)
 .debug_line    0x00003b56      0x18e .\CortexM3\ARM_GCC_541\Debug\CS301_Class.a(QuadDec_M1_Cnt16.o)
 .debug_line    0x00003ce4      0x18e .\CortexM3\ARM_GCC_541\Debug\CS301_Class.a(QuadDec_M2_Cnt16.o)
 .debug_line    0x00003e72       0x75 .\CortexM3\ARM_GCC_541\Debug\CS301_Class.a(RF_BT_SELECT.o)
 .debug_line    0x00003ee7      0x162 .\CortexM3\ARM_GCC_541\Debug\CS301_Class.a(SpeedTimer.o)
 .debug_line    0x00004049      0x154 .\CortexM3\ARM_GCC_541\Debug\CS301_Class.a(isr_speed.o)
 .debug_line    0x0000419d      0x1a9 .\CortexM3\ARM_GCC_541\Debug\CS301_Class.a(SpeedClock.o)
 .debug_line    0x00004346       0x66 .\CortexM3\ARM_GCC_541\Debug\CS301_Class.a(CyBootAsmGnu.o)
 .debug_line    0x000043ac      0x30c .\CortexM3\ARM_GCC_541\Debug\CS301_Class.a(USBUART_cdc.o)
 .debug_line    0x000046b8       0x95 .\CortexM3\ARM_GCC_541\Debug\CS301_Class.a(USBUART_cls.o)
 .debug_line    0x0000474d       0x61 .\CortexM3\ARM_GCC_541\Debug\CS301_Class.a(USBUART_descr.o)
 .debug_line    0x000047ae      0x22f .\CortexM3\ARM_GCC_541\Debug\CS301_Class.a(CyFlash.o)
 .debug_line    0x000049dd      0x231 .\CortexM3\ARM_GCC_541\Debug\CS301_Class.a(CySpc.o)

.debug_frame    0x00000000     0x55d4
 *(.debug_frame)
 .debug_frame   0x00000000       0x8c .\CortexM3\ARM_GCC_541\Debug\main.o
 .debug_frame   0x0000008c       0x60 .\CortexM3\ARM_GCC_541\Debug\tacho.o
 .debug_frame   0x000000ec       0x2c .\CortexM3\ARM_GCC_541\Debug\initialise.o
 .debug_frame   0x00000118      0x150 .\CortexM3\ARM_GCC_541\Debug\pathfinding.o
 .debug_frame   0x00000268       0x98 .\CortexM3\ARM_GCC_541\Debug\movement.o
 .debug_frame   0x00000300      0x16c .\CortexM3\ARM_GCC_541\Debug\cyfitter_cfg.o
 .debug_frame   0x0000046c       0xd8 .\CortexM3\ARM_GCC_541\Debug\Cm3Start.o
 .debug_frame   0x00000544       0xa8 .\CortexM3\ARM_GCC_541\Debug\CS301_Class.a(A0.o)
 .debug_frame   0x000005ec      0x264 .\CortexM3\ARM_GCC_541\Debug\CS301_Class.a(ADC.o)
 .debug_frame   0x00000850       0x34 .\CortexM3\ARM_GCC_541\Debug\CS301_Class.a(ADC_INT.o)
 .debug_frame   0x00000884      0x37c .\CortexM3\ARM_GCC_541\Debug\CS301_Class.a(USBUART.o)
 .debug_frame   0x00000c00      0x23c .\CortexM3\ARM_GCC_541\Debug\CS301_Class.a(USBUART_drv.o)
 .debug_frame   0x00000e3c       0xbc .\CortexM3\ARM_GCC_541\Debug\CS301_Class.a(USBUART_episr.o)
 .debug_frame   0x00000ef8       0xbc .\CortexM3\ARM_GCC_541\Debug\CS301_Class.a(USBUART_pm.o)
 .debug_frame   0x00000fb4      0x224 .\CortexM3\ARM_GCC_541\Debug\CS301_Class.a(USBUART_std.o)
 .debug_frame   0x000011d8       0x38 .\CortexM3\ARM_GCC_541\Debug\CS301_Class.a(USBUART_vnd.o)
 .debug_frame   0x00001210      0x2bc .\CortexM3\ARM_GCC_541\Debug\CS301_Class.a(ADC_SAR.o)
 .debug_frame   0x000014cc       0x58 .\CortexM3\ARM_GCC_541\Debug\CS301_Class.a(ADC_TempBuf_dma.o)
 .debug_frame   0x00001524       0x58 .\CortexM3\ARM_GCC_541\Debug\CS301_Class.a(ADC_FinalBuf_dma.o)
 .debug_frame   0x0000157c      0x1e8 .\CortexM3\ARM_GCC_541\Debug\CS301_Class.a(ADC_IRQ.o)
 .debug_frame   0x00001764       0xf4 .\CortexM3\ARM_GCC_541\Debug\CS301_Class.a(USBUART_Dp.o)
 .debug_frame   0x00001858      0x3d0 .\CortexM3\ARM_GCC_541\Debug\CS301_Class.a(CyDmac.o)
 .debug_frame   0x00001c28      0xc0c .\CortexM3\ARM_GCC_541\Debug\CS301_Class.a(CyLib.o)
 .debug_frame   0x00002834      0x234 .\CortexM3\ARM_GCC_541\Debug\CS301_Class.a(cyPm.o)
 .debug_frame   0x00002a68      0x1d0 .\CortexM3\ARM_GCC_541\Debug\CS301_Class.a(PWM_1.o)
 .debug_frame   0x00002c38      0x1b4 .\CortexM3\ARM_GCC_541\Debug\CS301_Class.a(Clock_PWM.o)
 .debug_frame   0x00002dec      0x1e0 .\CortexM3\ARM_GCC_541\Debug\CS301_Class.a(isr_eoc.o)
 .debug_frame   0x00002fcc      0x1d0 .\CortexM3\ARM_GCC_541\Debug\CS301_Class.a(PWM_2.o)
 .debug_frame   0x0000319c       0xa8 .\CortexM3\ARM_GCC_541\Debug\CS301_Class.a(LED.o)
 .debug_frame   0x00003244      0x160 .\CortexM3\ARM_GCC_541\Debug\CS301_Class.a(QuadDec_M1.o)
 .debug_frame   0x000033a4      0x160 .\CortexM3\ARM_GCC_541\Debug\CS301_Class.a(QuadDec_M2.o)
 .debug_frame   0x00003504      0x258 .\CortexM3\ARM_GCC_541\Debug\CS301_Class.a(QuadDec_M1_Cnt16.o)
 .debug_frame   0x0000375c      0x258 .\CortexM3\ARM_GCC_541\Debug\CS301_Class.a(QuadDec_M2_Cnt16.o)
 .debug_frame   0x000039b4       0x5c .\CortexM3\ARM_GCC_541\Debug\CS301_Class.a(RF_BT_SELECT.o)
 .debug_frame   0x00003a10      0x208 .\CortexM3\ARM_GCC_541\Debug\CS301_Class.a(SpeedTimer.o)
 .debug_frame   0x00003c18      0x1e8 .\CortexM3\ARM_GCC_541\Debug\CS301_Class.a(isr_speed.o)
 .debug_frame   0x00003e00      0x1b4 .\CortexM3\ARM_GCC_541\Debug\CS301_Class.a(SpeedClock.o)
 .debug_frame   0x00003fb4      0x3ec .\CortexM3\ARM_GCC_541\Debug\CS301_Class.a(USBUART_cdc.o)
 .debug_frame   0x000043a0       0x38 .\CortexM3\ARM_GCC_541\Debug\CS301_Class.a(USBUART_cls.o)
 .debug_frame   0x000043d8      0x238 .\CortexM3\ARM_GCC_541\Debug\CS301_Class.a(CyFlash.o)
 .debug_frame   0x00004610      0x228 .\CortexM3\ARM_GCC_541\Debug\CS301_Class.a(CySpc.o)
 .debug_frame   0x00004838       0x44 c:/program files (x86)/cypress/psoc creator/4.2/psoc creator/import/gnu/arm/5.4.1/bin/../lib/gcc/arm-none-eabi/5.4.1/armv7-m\libgcc.a(_aeabi_ldivmod.o)
 .debug_frame   0x0000487c       0x38 c:/program files (x86)/cypress/psoc creator/4.2/psoc creator/import/gnu/arm/5.4.1/bin/../lib/gcc/arm-none-eabi/5.4.1/armv7-m\libgcc.a(_udivmoddi4.o)
 .debug_frame   0x000048b4       0x20 c:/program files (x86)/cypress/psoc creator/4.2/psoc creator/import/gnu/arm/5.4.1/bin/../lib/gcc/arm-none-eabi/5.4.1/../../../../arm-none-eabi/lib/armv7-m\libg_nano.a(lib_a-errno.o)
 .debug_frame   0x000048d4       0x28 c:/program files (x86)/cypress/psoc creator/4.2/psoc creator/import/gnu/arm/5.4.1/bin/../lib/gcc/arm-none-eabi/5.4.1/../../../../arm-none-eabi/lib/armv7-m\libg_nano.a(lib_a-exit.o)
 .debug_frame   0x000048fc       0x3c c:/program files (x86)/cypress/psoc creator/4.2/psoc creator/import/gnu/arm/5.4.1/bin/../lib/gcc/arm-none-eabi/5.4.1/../../../../arm-none-eabi/lib/armv7-m\libg_nano.a(lib_a-fclose.o)
 .debug_frame   0x00004938       0x68 c:/program files (x86)/cypress/psoc creator/4.2/psoc creator/import/gnu/arm/5.4.1/bin/../lib/gcc/arm-none-eabi/5.4.1/../../../../arm-none-eabi/lib/armv7-m\libg_nano.a(lib_a-fflush.o)
 .debug_frame   0x000049a0       0x48 c:/program files (x86)/cypress/psoc creator/4.2/psoc creator/import/gnu/arm/5.4.1/bin/../lib/gcc/arm-none-eabi/5.4.1/../../../../arm-none-eabi/lib/armv7-m\libg_nano.a(lib_a-fgetc.o)
 .debug_frame   0x000049e8      0x11c c:/program files (x86)/cypress/psoc creator/4.2/psoc creator/import/gnu/arm/5.4.1/bin/../lib/gcc/arm-none-eabi/5.4.1/../../../../arm-none-eabi/lib/armv7-m\libg_nano.a(lib_a-findfp.o)
 .debug_frame   0x00004b04       0x40 c:/program files (x86)/cypress/psoc creator/4.2/psoc creator/import/gnu/arm/5.4.1/bin/../lib/gcc/arm-none-eabi/5.4.1/../../../../arm-none-eabi/lib/armv7-m\libg_nano.a(lib_a-fopen.o)
 .debug_frame   0x00004b44       0x30 c:/program files (x86)/cypress/psoc creator/4.2/psoc creator/import/gnu/arm/5.4.1/bin/../lib/gcc/arm-none-eabi/5.4.1/../../../../arm-none-eabi/lib/armv7-m\libg_nano.a(lib_a-fseek.o)
 .debug_frame   0x00004b74       0x44 c:/program files (x86)/cypress/psoc creator/4.2/psoc creator/import/gnu/arm/5.4.1/bin/../lib/gcc/arm-none-eabi/5.4.1/../../../../arm-none-eabi/lib/armv7-m\libg_nano.a(lib_a-fseeko.o)
 .debug_frame   0x00004bb8       0x54 c:/program files (x86)/cypress/psoc creator/4.2/psoc creator/import/gnu/arm/5.4.1/bin/../lib/gcc/arm-none-eabi/5.4.1/../../../../arm-none-eabi/lib/armv7-m\libg_nano.a(lib_a-fwalk.o)
 .debug_frame   0x00004c0c       0x2c c:/program files (x86)/cypress/psoc creator/4.2/psoc creator/import/gnu/arm/5.4.1/bin/../lib/gcc/arm-none-eabi/5.4.1/../../../../arm-none-eabi/lib/armv7-m\libg_nano.a(lib_a-init.o)
 .debug_frame   0x00004c38       0x54 c:/program files (x86)/cypress/psoc creator/4.2/psoc creator/import/gnu/arm/5.4.1/bin/../lib/gcc/arm-none-eabi/5.4.1/../../../../arm-none-eabi/lib/armv7-m\libg_nano.a(lib_a-makebuf.o)
 .debug_frame   0x00004c8c       0x28 c:/program files (x86)/cypress/psoc creator/4.2/psoc creator/import/gnu/arm/5.4.1/bin/../lib/gcc/arm-none-eabi/5.4.1/../../../../arm-none-eabi/lib/armv7-m\libg_nano.a(lib_a-memcpy-stub.o)
 .debug_frame   0x00004cb4       0x20 c:/program files (x86)/cypress/psoc creator/4.2/psoc creator/import/gnu/arm/5.4.1/bin/../lib/gcc/arm-none-eabi/5.4.1/../../../../arm-none-eabi/lib/armv7-m\libg_nano.a(lib_a-memset.o)
 .debug_frame   0x00004cd4       0x38 c:/program files (x86)/cypress/psoc creator/4.2/psoc creator/import/gnu/arm/5.4.1/bin/../lib/gcc/arm-none-eabi/5.4.1/../../../../arm-none-eabi/lib/armv7-m\libg_nano.a(lib_a-nano-freer.o)
 .debug_frame   0x00004d0c       0x2c c:/program files (x86)/cypress/psoc creator/4.2/psoc creator/import/gnu/arm/5.4.1/bin/../lib/gcc/arm-none-eabi/5.4.1/../../../../arm-none-eabi/lib/armv7-m\libg_nano.a(lib_a-nano-mallocr.o)
 .debug_frame   0x00004d38       0x2c c:/program files (x86)/cypress/psoc creator/4.2/psoc creator/import/gnu/arm/5.4.1/bin/../lib/gcc/arm-none-eabi/5.4.1/../../../../arm-none-eabi/lib/armv7-m\libg_nano.a(lib_a-openr.o)
 .debug_frame   0x00004d64       0x3c c:/program files (x86)/cypress/psoc creator/4.2/psoc creator/import/gnu/arm/5.4.1/bin/../lib/gcc/arm-none-eabi/5.4.1/../../../../arm-none-eabi/lib/armv7-m\libg_nano.a(lib_a-perror.o)
 .debug_frame   0x00004da0       0x58 c:/program files (x86)/cypress/psoc creator/4.2/psoc creator/import/gnu/arm/5.4.1/bin/../lib/gcc/arm-none-eabi/5.4.1/../../../../arm-none-eabi/lib/armv7-m\libg_nano.a(lib_a-putchar.o)
 .debug_frame   0x00004df8       0x44 c:/program files (x86)/cypress/psoc creator/4.2/psoc creator/import/gnu/arm/5.4.1/bin/../lib/gcc/arm-none-eabi/5.4.1/../../../../arm-none-eabi/lib/armv7-m\libg_nano.a(lib_a-rand.o)
 .debug_frame   0x00004e3c       0x5c c:/program files (x86)/cypress/psoc creator/4.2/psoc creator/import/gnu/arm/5.4.1/bin/../lib/gcc/arm-none-eabi/5.4.1/../../../../arm-none-eabi/lib/armv7-m\libg_nano.a(lib_a-reent.o)
 .debug_frame   0x00004e98       0x3c c:/program files (x86)/cypress/psoc creator/4.2/psoc creator/import/gnu/arm/5.4.1/bin/../lib/gcc/arm-none-eabi/5.4.1/../../../../arm-none-eabi/lib/armv7-m\libg_nano.a(lib_a-rget.o)
 .debug_frame   0x00004ed4       0x2c c:/program files (x86)/cypress/psoc creator/4.2/psoc creator/import/gnu/arm/5.4.1/bin/../lib/gcc/arm-none-eabi/5.4.1/../../../../arm-none-eabi/lib/armv7-m\libg_nano.a(lib_a-sbrkr.o)
 .debug_frame   0x00004f00       0x70 c:/program files (x86)/cypress/psoc creator/4.2/psoc creator/import/gnu/arm/5.4.1/bin/../lib/gcc/arm-none-eabi/5.4.1/../../../../arm-none-eabi/lib/armv7-m\libg_nano.a(lib_a-sprintf.o)
 .debug_frame   0x00004f70       0x88 c:/program files (x86)/cypress/psoc creator/4.2/psoc creator/import/gnu/arm/5.4.1/bin/../lib/gcc/arm-none-eabi/5.4.1/../../../../arm-none-eabi/lib/armv7-m\libg_nano.a(lib_a-stdio.o)
 .debug_frame   0x00004ff8       0x38 c:/program files (x86)/cypress/psoc creator/4.2/psoc creator/import/gnu/arm/5.4.1/bin/../lib/gcc/arm-none-eabi/5.4.1/../../../../arm-none-eabi/lib/armv7-m\libg_nano.a(lib_a-strerror.o)
 .debug_frame   0x00005030       0x20 c:/program files (x86)/cypress/psoc creator/4.2/psoc creator/import/gnu/arm/5.4.1/bin/../lib/gcc/arm-none-eabi/5.4.1/../../../../arm-none-eabi/lib/armv7-m\libg_nano.a(lib_a-u_strerr.o)
 .debug_frame   0x00005050       0x2c c:/program files (x86)/cypress/psoc creator/4.2/psoc creator/import/gnu/arm/5.4.1/bin/../lib/gcc/arm-none-eabi/5.4.1/../../../../arm-none-eabi/lib/armv7-m\libg_nano.a(lib_a-writer.o)
 .debug_frame   0x0000507c       0x2c c:/program files (x86)/cypress/psoc creator/4.2/psoc creator/import/gnu/arm/5.4.1/bin/../lib/gcc/arm-none-eabi/5.4.1/../../../../arm-none-eabi/lib/armv7-m\libg_nano.a(lib_a-closer.o)
 .debug_frame   0x000050a8       0x2c c:/program files (x86)/cypress/psoc creator/4.2/psoc creator/import/gnu/arm/5.4.1/bin/../lib/gcc/arm-none-eabi/5.4.1/../../../../arm-none-eabi/lib/armv7-m\libg_nano.a(lib_a-flags.o)
 .debug_frame   0x000050d4       0x44 c:/program files (x86)/cypress/psoc creator/4.2/psoc creator/import/gnu/arm/5.4.1/bin/../lib/gcc/arm-none-eabi/5.4.1/../../../../arm-none-eabi/lib/armv7-m\libg_nano.a(lib_a-fputc.o)
 .debug_frame   0x00005118       0x3c c:/program files (x86)/cypress/psoc creator/4.2/psoc creator/import/gnu/arm/5.4.1/bin/../lib/gcc/arm-none-eabi/5.4.1/../../../../arm-none-eabi/lib/armv7-m\libg_nano.a(lib_a-fputs.o)
 .debug_frame   0x00005154       0x2c c:/program files (x86)/cypress/psoc creator/4.2/psoc creator/import/gnu/arm/5.4.1/bin/../lib/gcc/arm-none-eabi/5.4.1/../../../../arm-none-eabi/lib/armv7-m\libg_nano.a(lib_a-fstatr.o)
 .debug_frame   0x00005180       0x2c c:/program files (x86)/cypress/psoc creator/4.2/psoc creator/import/gnu/arm/5.4.1/bin/../lib/gcc/arm-none-eabi/5.4.1/../../../../arm-none-eabi/lib/armv7-m\libg_nano.a(lib_a-isattyr.o)
 .debug_frame   0x000051ac       0x2c c:/program files (x86)/cypress/psoc creator/4.2/psoc creator/import/gnu/arm/5.4.1/bin/../lib/gcc/arm-none-eabi/5.4.1/../../../../arm-none-eabi/lib/armv7-m\libg_nano.a(lib_a-lseekr.o)
 .debug_frame   0x000051d8       0x30 c:/program files (x86)/cypress/psoc creator/4.2/psoc creator/import/gnu/arm/5.4.1/bin/../lib/gcc/arm-none-eabi/5.4.1/../../../../arm-none-eabi/lib/armv7-m\libg_nano.a(lib_a-malloc.o)
 .debug_frame   0x00005208       0x30 c:/program files (x86)/cypress/psoc creator/4.2/psoc creator/import/gnu/arm/5.4.1/bin/../lib/gcc/arm-none-eabi/5.4.1/../../../../arm-none-eabi/lib/armv7-m\libg_nano.a(lib_a-mlock.o)
 .debug_frame   0x00005238       0x90 c:/program files (x86)/cypress/psoc creator/4.2/psoc creator/import/gnu/arm/5.4.1/bin/../lib/gcc/arm-none-eabi/5.4.1/../../../../arm-none-eabi/lib/armv7-m\libg_nano.a(lib_a-nano-svfprintf.o)
 .debug_frame   0x000052c8       0x60 c:/program files (x86)/cypress/psoc creator/4.2/psoc creator/import/gnu/arm/5.4.1/bin/../lib/gcc/arm-none-eabi/5.4.1/../../../../arm-none-eabi/lib/armv7-m\libg_nano.a(lib_a-nano-vfprintf_i.o)
 .debug_frame   0x00005328       0x48 c:/program files (x86)/cypress/psoc creator/4.2/psoc creator/import/gnu/arm/5.4.1/bin/../lib/gcc/arm-none-eabi/5.4.1/../../../../arm-none-eabi/lib/armv7-m\libg_nano.a(lib_a-putc.o)
 .debug_frame   0x00005370       0x2c c:/program files (x86)/cypress/psoc creator/4.2/psoc creator/import/gnu/arm/5.4.1/bin/../lib/gcc/arm-none-eabi/5.4.1/../../../../arm-none-eabi/lib/armv7-m\libg_nano.a(lib_a-readr.o)
 .debug_frame   0x0000539c       0x40 c:/program files (x86)/cypress/psoc creator/4.2/psoc creator/import/gnu/arm/5.4.1/bin/../lib/gcc/arm-none-eabi/5.4.1/../../../../arm-none-eabi/lib/armv7-m\libg_nano.a(lib_a-refill.o)
 .debug_frame   0x000053dc       0x40 c:/program files (x86)/cypress/psoc creator/4.2/psoc creator/import/gnu/arm/5.4.1/bin/../lib/gcc/arm-none-eabi/5.4.1/../../../../arm-none-eabi/lib/armv7-m\libg_nano.a(lib_a-wbuf.o)
 .debug_frame   0x0000541c       0x2c c:/program files (x86)/cypress/psoc creator/4.2/psoc creator/import/gnu/arm/5.4.1/bin/../lib/gcc/arm-none-eabi/5.4.1/../../../../arm-none-eabi/lib/armv7-m\libg_nano.a(lib_a-wsetup.o)
 .debug_frame   0x00005448       0x28 c:/program files (x86)/cypress/psoc creator/4.2/psoc creator/import/gnu/arm/5.4.1/bin/../lib/gcc/arm-none-eabi/5.4.1/../../../../arm-none-eabi/lib/armv7-m\libg_nano.a(lib_a-memchr-stub.o)
 .debug_frame   0x00005470       0x28 c:/program files (x86)/cypress/psoc creator/4.2/psoc creator/import/gnu/arm/5.4.1/bin/../lib/gcc/arm-none-eabi/5.4.1/../../../../arm-none-eabi/lib/armv7-m\libg_nano.a(lib_a-memmove.o)
 .debug_frame   0x00005498       0x3c c:/program files (x86)/cypress/psoc creator/4.2/psoc creator/import/gnu/arm/5.4.1/bin/../lib/gcc/arm-none-eabi/5.4.1/../../../../arm-none-eabi/lib/armv7-m\libg_nano.a(lib_a-nano-reallocr.o)
 .debug_frame   0x000054d4       0x20 c:/program files (x86)/cypress/psoc creator/4.2/psoc creator/import/gnu/arm/5.4.1/bin/../lib/gcc/arm-none-eabi/5.4.1/../../../../arm-none-eabi/lib/armv7-m\libg_nano.a(lib_a-nano-msizer.o)
 .debug_frame   0x000054f4       0x20 c:/program files (x86)/cypress/psoc creator/4.2/psoc creator/import/gnu/arm/5.4.1/bin/../lib/gcc/arm-none-eabi/5.4.1/../../../../arm-none-eabi/lib/armv7-m\libnosys.a(close.o)
 .debug_frame   0x00005514       0x20 c:/program files (x86)/cypress/psoc creator/4.2/psoc creator/import/gnu/arm/5.4.1/bin/../lib/gcc/arm-none-eabi/5.4.1/../../../../arm-none-eabi/lib/armv7-m\libnosys.a(fstat.o)
 .debug_frame   0x00005534       0x20 c:/program files (x86)/cypress/psoc creator/4.2/psoc creator/import/gnu/arm/5.4.1/bin/../lib/gcc/arm-none-eabi/5.4.1/../../../../arm-none-eabi/lib/armv7-m\libnosys.a(isatty.o)
 .debug_frame   0x00005554       0x20 c:/program files (x86)/cypress/psoc creator/4.2/psoc creator/import/gnu/arm/5.4.1/bin/../lib/gcc/arm-none-eabi/5.4.1/../../../../arm-none-eabi/lib/armv7-m\libnosys.a(lseek.o)
 .debug_frame   0x00005574       0x20 c:/program files (x86)/cypress/psoc creator/4.2/psoc creator/import/gnu/arm/5.4.1/bin/../lib/gcc/arm-none-eabi/5.4.1/../../../../arm-none-eabi/lib/armv7-m\libnosys.a(open.o)
 .debug_frame   0x00005594       0x20 c:/program files (x86)/cypress/psoc creator/4.2/psoc creator/import/gnu/arm/5.4.1/bin/../lib/gcc/arm-none-eabi/5.4.1/../../../../arm-none-eabi/lib/armv7-m\libnosys.a(read.o)
 .debug_frame   0x000055b4       0x20 c:/program files (x86)/cypress/psoc creator/4.2/psoc creator/import/gnu/arm/5.4.1/bin/../lib/gcc/arm-none-eabi/5.4.1/../../../../arm-none-eabi/lib/armv7-m\libnosys.a(write.o)

.debug_str      0x00000000     0x4517
 *(.debug_str)
 .debug_str     0x00000000      0x360 .\CortexM3\ARM_GCC_541\Debug\main.o
                                0x3e3 (size before relaxing)
 .debug_str     0x00000360       0x37 .\CortexM3\ARM_GCC_541\Debug\tacho.o
                                0x223 (size before relaxing)
 .debug_str     0x00000397        0xd .\CortexM3\ARM_GCC_541\Debug\initialise.o
                                0x1f8 (size before relaxing)
 .debug_str     0x000003a4      0x524 .\CortexM3\ARM_GCC_541\Debug\pathfinding.o
                                0x715 (size before relaxing)
 .debug_str     0x000008c8       0x70 .\CortexM3\ARM_GCC_541\Debug\movement.o
                                0x25d (size before relaxing)
 .debug_str     0x00000938      0x196 .\CortexM3\ARM_GCC_541\Debug\cyfitter_cfg.o
                                0x38a (size before relaxing)
 .debug_str     0x00000ace       0x7f .\CortexM3\ARM_GCC_541\Debug\cymetadata.o
                                0x230 (size before relaxing)
 .debug_str     0x00000b4d      0x118 .\CortexM3\ARM_GCC_541\Debug\Cm3Start.o
                                0x323 (size before relaxing)
 .debug_str     0x00000c65       0x5c .\CortexM3\ARM_GCC_541\Debug\CS301_Class.a(A0.o)
                                0x21f (size before relaxing)
 .debug_str     0x00000cc1      0x1cb .\CortexM3\ARM_GCC_541\Debug\CS301_Class.a(ADC.o)
                                0x3cb (size before relaxing)
 .debug_str     0x00000e8c       0x29 .\CortexM3\ARM_GCC_541\Debug\CS301_Class.a(ADC_INT.o)
                                0x1f0 (size before relaxing)
 .debug_str     0x00000eb5      0x417 .\CortexM3\ARM_GCC_541\Debug\CS301_Class.a(USBUART.o)
                                0x637 (size before relaxing)
 .debug_str     0x000012cc      0x30c .\CortexM3\ARM_GCC_541\Debug\CS301_Class.a(USBUART_drv.o)
                                0x646 (size before relaxing)
 .debug_str     0x000015d8       0x80 .\CortexM3\ARM_GCC_541\Debug\CS301_Class.a(USBUART_episr.o)
                                0x313 (size before relaxing)
 .debug_str     0x00001658       0xac .\CortexM3\ARM_GCC_541\Debug\CS301_Class.a(USBUART_pm.o)
                                0x2b7 (size before relaxing)
 .debug_str     0x00001704      0x30b .\CortexM3\ARM_GCC_541\Debug\CS301_Class.a(USBUART_std.o)
                                0x7a6 (size before relaxing)
 .debug_str     0x00001a0f       0x5f .\CortexM3\ARM_GCC_541\Debug\CS301_Class.a(USBUART_vnd.o)
                                0x2c3 (size before relaxing)
 .debug_str     0x00001a6e      0x1e4 .\CortexM3\ARM_GCC_541\Debug\CS301_Class.a(ADC_SAR.o)
                                0x44c (size before relaxing)
 .debug_str     0x00001c52       0xab .\CortexM3\ARM_GCC_541\Debug\CS301_Class.a(ADC_TempBuf_dma.o)
                                0x27f (size before relaxing)
 .debug_str     0x00001cfd       0x74 .\CortexM3\ARM_GCC_541\Debug\CS301_Class.a(ADC_FinalBuf_dma.o)
                                0x283 (size before relaxing)
 .debug_str     0x00001d71      0x11a .\CortexM3\ARM_GCC_541\Debug\CS301_Class.a(ADC_IRQ.o)
                                0x30e (size before relaxing)
 .debug_str     0x00001e8b       0xaa .\CortexM3\ARM_GCC_541\Debug\CS301_Class.a(USBUART_Dp.o)
                                0x28d (size before relaxing)
 .debug_str     0x00001f35      0x340 .\CortexM3\ARM_GCC_541\Debug\CS301_Class.a(CyDmac.o)
                                0x569 (size before relaxing)
 .debug_str     0x00002275      0x7b9 .\CortexM3\ARM_GCC_541\Debug\CS301_Class.a(CyLib.o)
                                0xa36 (size before relaxing)
 .debug_str     0x00002a2e      0x371 .\CortexM3\ARM_GCC_541\Debug\CS301_Class.a(cyPm.o)
                                0x58f (size before relaxing)
 .debug_str     0x00002d9f      0x133 .\CortexM3\ARM_GCC_541\Debug\CS301_Class.a(PWM_1.o)
                                0x319 (size before relaxing)
 .debug_str     0x00002ed2      0x17a .\CortexM3\ARM_GCC_541\Debug\CS301_Class.a(Clock_PWM.o)
                                0x352 (size before relaxing)
 .debug_str     0x0000304c      0x10b .\CortexM3\ARM_GCC_541\Debug\CS301_Class.a(isr_eoc.o)
                                0x34c (size before relaxing)
 .debug_str     0x00003157      0x109 .\CortexM3\ARM_GCC_541\Debug\CS301_Class.a(PWM_2.o)
                                0x319 (size before relaxing)
 .debug_str     0x00003260       0x51 .\CortexM3\ARM_GCC_541\Debug\CS301_Class.a(LED.o)
                                0x224 (size before relaxing)
 .debug_str     0x000032b1       0xfa .\CortexM3\ARM_GCC_541\Debug\CS301_Class.a(QuadDec_M1.o)
                                0x301 (size before relaxing)
 .debug_str     0x000033ab       0xf3 .\CortexM3\ARM_GCC_541\Debug\CS301_Class.a(QuadDec_M2.o)
                                0x301 (size before relaxing)
 .debug_str     0x0000349e      0x24d .\CortexM3\ARM_GCC_541\Debug\CS301_Class.a(QuadDec_M1_Cnt16.o)
                                0x448 (size before relaxing)
 .debug_str     0x000036eb      0x236 .\CortexM3\ARM_GCC_541\Debug\CS301_Class.a(QuadDec_M2_Cnt16.o)
                                0x448 (size before relaxing)
 .debug_str     0x00003921       0x4b .\CortexM3\ARM_GCC_541\Debug\CS301_Class.a(RF_BT_SELECT.o)
                                0x210 (size before relaxing)
 .debug_str     0x0000396c      0x18d .\CortexM3\ARM_GCC_541\Debug\CS301_Class.a(SpeedTimer.o)
                                0x391 (size before relaxing)
 .debug_str     0x00003af9      0x11e .\CortexM3\ARM_GCC_541\Debug\CS301_Class.a(isr_speed.o)
                                0x32a (size before relaxing)