Archive member included to satisfy reference by file (symbol)

.\CortexM3\ARM_GCC_541\Debug\CS301_Class.a(USBUART_drv.o)
                              .\CortexM3\ARM_GCC_541\Debug\usbUART.o (USBUART_EP)
.\CortexM3\ARM_GCC_541\Debug\CS301_Class.a(USBUART_episr.o)
                              .\CortexM3\ARM_GCC_541\Debug\usbUART.o (USBUART_EP_1_ISR)
.\CortexM3\ARM_GCC_541\Debug\CS301_Class.a(USBUART_pm.o)
                              .\CortexM3\ARM_GCC_541\Debug\usbUART.o (USBUART_DP_ISR)
.\CortexM3\ARM_GCC_541\Debug\CS301_Class.a(USBUART_std.o)
                              .\CortexM3\ARM_GCC_541\Debug\CS301_Class.a(USBUART_drv.o) (USBUART_HandleStandardRqst)
.\CortexM3\ARM_GCC_541\Debug\CS301_Class.a(USBUART_vnd.o)
                              .\CortexM3\ARM_GCC_541\Debug\CS301_Class.a(USBUART_drv.o) (USBUART_HandleVendorRqst)
.\CortexM3\ARM_GCC_541\Debug\CS301_Class.a(USBUART_Dp.o)
                              .\CortexM3\ARM_GCC_541\Debug\usbUART.o (USBUART_Dp_ClearInterrupt)
.\CortexM3\ARM_GCC_541\Debug\CS301_Class.a(CyLib.o)
                              .\CortexM3\ARM_GCC_541\Debug\Cm3Start.o (CyResetStatus)
.\CortexM3\ARM_GCC_541\Debug\CS301_Class.a(cyPm.o)
                              .\CortexM3\ARM_GCC_541\Debug\CS301_Class.a(CyLib.o) (CyPmReadStatus)
.\CortexM3\ARM_GCC_541\Debug\CS301_Class.a(PWM_1.o)
                              .\CortexM3\ARM_GCC_541\Debug\initialise.o (PWM_1_Start)
.\CortexM3\ARM_GCC_541\Debug\CS301_Class.a(Clock_PWM.o)
                              .\CortexM3\ARM_GCC_541\Debug\initialise.o (Clock_PWM_Start)
.\CortexM3\ARM_GCC_541\Debug\CS301_Class.a(PWM_2.o)
                              .\CortexM3\ARM_GCC_541\Debug\initialise.o (PWM_2_Start)
.\CortexM3\ARM_GCC_541\Debug\CS301_Class.a(QuadDec_M1.o)
                              .\CortexM3\ARM_GCC_541\Debug\initialise.o (QuadDec_M1_Start)
.\CortexM3\ARM_GCC_541\Debug\CS301_Class.a(QuadDec_M2.o)
                              .\CortexM3\ARM_GCC_541\Debug\main.o (QuadDec_M2_Start)
.\CortexM3\ARM_GCC_541\Debug\CS301_Class.a(QuadDec_M1_Cnt16.o)
                              .\CortexM3\ARM_GCC_541\Debug\CS301_Class.a(QuadDec_M1.o) (QuadDec_M1_Cnt16_WriteCounter)
.\CortexM3\ARM_GCC_541\Debug\CS301_Class.a(QuadDec_M2_Cnt16.o)
                              .\CortexM3\ARM_GCC_541\Debug\CS301_Class.a(QuadDec_M2.o) (QuadDec_M2_Cnt16_WriteCounter)
.\CortexM3\ARM_GCC_541\Debug\CS301_Class.a(RF_BT_SELECT.o)
                              .\CortexM3\ARM_GCC_541\Debug\main.o (RF_BT_SELECT_Write)
.\CortexM3\ARM_GCC_541\Debug\CS301_Class.a(SpeedTimer.o)
                              .\CortexM3\ARM_GCC_541\Debug\initialise.o (SpeedTimer_Start)
.\CortexM3\ARM_GCC_541\Debug\CS301_Class.a(isr_speed.o)
                              .\CortexM3\ARM_GCC_541\Debug\main.o (isr_speed_StartEx)
.\CortexM3\ARM_GCC_541\Debug\CS301_Class.a(SpeedClock.o)
                              .\CortexM3\ARM_GCC_541\Debug\initialise.o (SpeedClock_Start)
.\CortexM3\ARM_GCC_541\Debug\CS301_Class.a(Timer_LED.o)
                              .\CortexM3\ARM_GCC_541\Debug\main.o (Timer_LED_Start)
.\CortexM3\ARM_GCC_541\Debug\CS301_Class.a(isr_Timer_LED.o)
                              .\CortexM3\ARM_GCC_541\Debug\main.o (isr_Timer_LED_StartEx)
.\CortexM3\ARM_GCC_541\Debug\CS301_Class.a(S1_detected.o)
                              .\CortexM3\ARM_GCC_541\Debug\main.o (S1_detected_StartEx)
.\CortexM3\ARM_GCC_541\Debug\CS301_Class.a(S2_detected.o)
                              .\CortexM3\ARM_GCC_541\Debug\main.o (S2_detected_StartEx)
.\CortexM3\ARM_GCC_541\Debug\CS301_Class.a(S3_detected.o)
                              .\CortexM3\ARM_GCC_541\Debug\main.o (S3_detected_StartEx)
.\CortexM3\ARM_GCC_541\Debug\CS301_Class.a(S4_detected.o)
                              .\CortexM3\ARM_GCC_541\Debug\main.o (S4_detected_StartEx)
.\CortexM3\ARM_GCC_541\Debug\CS301_Class.a(S5_detected.o)
                              .\CortexM3\ARM_GCC_541\Debug\main.o (S5_detected_StartEx)
.\CortexM3\ARM_GCC_541\Debug\CS301_Class.a(S6_detected.o)
                              .\CortexM3\ARM_GCC_541\Debug\main.o (S6_detected_StartEx)
.\CortexM3\ARM_GCC_541\Debug\CS301_Class.a(CyBootAsmGnu.o)
                              .\CortexM3\ARM_GCC_541\Debug\usbUART.o (CyDelayCycles)
.\CortexM3\ARM_GCC_541\Debug\CS301_Class.a(USBUART_cdc.o)
                              .\CortexM3\ARM_GCC_541\Debug\CS301_Class.a(USBUART_std.o) (USBUART_Cdc_EpInit)
.\CortexM3\ARM_GCC_541\Debug\CS301_Class.a(USBUART_cls.o)
                              .\CortexM3\ARM_GCC_541\Debug\CS301_Class.a(USBUART_drv.o) (USBUART_DispatchClassRqst)
.\CortexM3\ARM_GCC_541\Debug\CS301_Class.a(USBUART_descr.o)
                              .\CortexM3\ARM_GCC_541\Debug\CS301_Class.a(USBUART_std.o) (USBUART_DEVICE0_DESCR)
.\CortexM3\ARM_GCC_541\Debug\CS301_Class.a(CyFlash.o)
                              .\CortexM3\ARM_GCC_541\Debug\CS301_Class.a(cyPm.o) (CyFlash_SetWaitCycles)
.\CortexM3\ARM_GCC_541\Debug\CS301_Class.a(CySpc.o)
[...]
Memory Configuration

Name             Origin             Length             Attributes
rom              0x00000000         0x00040000         xr
ram              0x1fff8000         0x00010000         xrw
*default*        0x00000000         0xffffffff

Linker script and memory map

LOAD c:/program files (x86)/cypress/psoc creator/4.2/psoc creator/import/gnu/arm/5.4.1/bin/../lib/gcc/arm-none-eabi/5.4.1/armv7-m/crti.o
LOAD c:/program files (x86)/cypress/psoc creator/4.2/psoc creator/import/gnu/arm/5.4.1/bin/../lib/gcc/arm-none-eabi/5.4.1/armv7-m/crtbegin.o
LOAD c:/program files (x86)/cypress/psoc creator/4.2/psoc creator/import/gnu/arm/5.4.1/bin/../lib/gcc/arm-none-eabi/5.4.1/../../../../arm-none-eabi/lib/armv7-m/crt0.o
START GROUP
LOAD .\CortexM3\ARM_GCC_541\Debug\main.o
LOAD .\CortexM3\ARM_GCC_541\Debug\tacho.o
LOAD .\CortexM3\ARM_GCC_541\Debug\initialise.o
LOAD .\CortexM3\ARM_GCC_541\Debug\pathfinding.o
LOAD .\CortexM3\ARM_GCC_541\Debug\movement.o
LOAD .\CortexM3\ARM_GCC_541\Debug\usbUART.o
LOAD .\CortexM3\ARM_GCC_541\Debug\cyfitter_cfg.o
LOAD .\CortexM3\ARM_GCC_541\Debug\cymetadata.o
LOAD .\CortexM3\ARM_GCC_541\Debug\Cm3Start.o
LOAD .\CortexM3\ARM_GCC_541\Debug\CS301_Class.a
LOAD C:\Program Files (x86)\Cypress\PSoC Creator\4.2\PSoC Creator\psoc\content\cycomponentlibrary\CyComponentLibrary.cylib\CortexM3\ARM_GCC_541\Debug\CyComponentLibrary.a
END GROUP
START GROUP
LOAD c:/program files (x86)/cypress/psoc creator/4.2/psoc creator/import/gnu/arm/5.4.1/bin/../lib/gcc/arm-none-eabi/5.4.1/armv7-m\libgcc.a
LOAD c:/program files (x86)/cypress/psoc creator/4.2/psoc creator/import/gnu/arm/5.4.1/bin/../lib/gcc/arm-none-eabi/5.4.1/../../../../arm-none-eabi/lib/armv7-m\libg_nano.a
LOAD c:/program files (x86)/cypress/psoc creator/4.2/psoc creator/import/gnu/arm/5.4.1/bin/../lib/gcc/arm-none-eabi/5.4.1/../../../../arm-none-eabi/lib/armv7-m\libc_nano.a
END GROUP
START GROUP
LOAD c:/program files (x86)/cypress/psoc creator/4.2/psoc creator/import/gnu/arm/5.4.1/bin/../lib/gcc/arm-none-eabi/5.4.1/armv7-m\libgcc.a
LOAD c:/program files (x86)/cypress/psoc creator/4.2/psoc creator/import/gnu/arm/5.4.1/bin/../lib/gcc/arm-none-eabi/5.4.1/../../../../arm-none-eabi/lib/armv7-m\libc_nano.a
END GROUP
LOAD c:/program files (x86)/cypress/psoc creator/4.2/psoc creator/import/gnu/arm/5.4.1/bin/../lib/gcc/arm-none-eabi/5.4.1/armv7-m/crtend.o
LOAD c:/program files (x86)/cypress/psoc creator/4.2/psoc creator/import/gnu/arm/5.4.1/bin/../lib/gcc/arm-none-eabi/5.4.1/armv7-m/crtn.o
START GROUP
LOAD c:/program files (x86)/cypress/psoc creator/4.2/psoc creator/import/gnu/arm/5.4.1/bin/../lib/gcc/arm-none-eabi/5.4.1/armv7-m\libgcc.a
LOAD c:/program files (x86)/cypress/psoc creator/4.2/psoc creator/import/gnu/arm/5.4.1/bin/../lib/gcc/arm-none-eabi/5.4.1/../../../../arm-none-eabi/lib/armv7-m\libc.a
LOAD c:/program files (x86)/cypress/psoc creator/4.2/psoc creator/import/gnu/arm/5.4.1/bin/../lib/gcc/arm-none-eabi/5.4.1/../../../../arm-none-eabi/lib/armv7-m\libnosys.a
END GROUP
                0x00000000                CY_APPL_ORIGIN = 0x0
                0x00000100                CY_FLASH_ROW_SIZE = 0x100
                0x00000020                CY_ECC_ROW_SIZE = 0x20
                0x00000000                CY_EE_IN_BTLDR = 0x0
                0x00000000                CY_APPL_LOADABLE = 0x0
                0x00000800                CY_EE_SIZE = 0x800
                0x00000001                CY_APPL_NUM = 0x1
                0x00000001                CY_APPL_MAX = 0x1
                0x00000040                CY_METADATA_SIZE = 0x40
                0x00000000                CY_APPL_LOADABLE = 0x0
                0x00000000                CY_CHECKSUM_EXCLUDE_SIZE = ALIGN (0x0, CY_FLASH_ROW_SIZE)
                [!provide]                PROVIDE (__cy_heap_start, _end)
                0x00000001                PROVIDE (__cy_region_num, ((__cy_regions_end - __cy_regions) / 0x10))
                0x20008000                PROVIDE (__cy_stack, (ORIGIN (ram) + LENGTH (ram)))
                [!provide]                PROVIDE (__cy_heap_end, (__cy_stack - 0x800))

.cybootloader   0x00000000        0x0
 *(.cybootloader)
                0x00000000                appl1_start = CY_APPL_ORIGIN?CY_APPL_ORIGIN:ALIGN (CY_FLASH_ROW_SIZE)
                0x0001ff00                appl2_start = (appl1_start + ALIGN ((((LENGTH (rom) - appl1_start) - (0x2 * CY_FLASH_ROW_SIZE)) / 0x2), CY_FLASH_ROW_SIZE))
                0x00000000                appl_start = (CY_APPL_NUM == 0x1)?appl1_start:appl2_start
                0x00000000                ecc_offset = ((appl_start / CY_FLASH_ROW_SIZE) * CY_ECC_ROW_SIZE)
                0x00000000                ee_offset = (CY_APPL_LOADABLE && ! (CY_EE_IN_BTLDR))?((CY_EE_SIZE / CY_APPL_MAX) * (CY_APPL_NUM - 0x1)):0x0
                0x00000800                ee_size = (CY_APPL_LOADABLE && ! (CY_EE_IN_BTLDR))?(CY_EE_SIZE / CY_APPL_MAX):CY_EE_SIZE
                [!provide]                PROVIDE (CY_ECC_OFFSET, ecc_offset)

.text           0x00000000     0x4ca6
 CREATE_OBJECT_SYMBOLS
                0x00000000                PROVIDE (__cy_interrupt_vector, RomVectors)
 *(.romvectors)
 .romvectors    0x00000000       0x10 .\CortexM3\ARM_GCC_541\Debug\Cm3Start.o
                0x00000000                RomVectors
                0x00000001                ASSERT ((. != __cy_interrupt_vector), No interrupt vector)
                0x00000001                ASSERT (CY_APPL_ORIGIN?(SIZEOF (.cybootloader) <= CY_APPL_ORIGIN):0x1, Wrong image location)
                0x00000010                PROVIDE (__cy_reset, Reset)
 *(.text.Reset)
 .text.Reset    0x00000010       0x18 .\CortexM3\ARM_GCC_541\Debug\Cm3Start.o
                0x00000010                Reset
                0x00000001                ASSERT ((. != __cy_reset), No reset code)
 *(.dma_init)
                0x00000001                ASSERT ((((appl_start + .) <= 0x10000) || 0x1), DMA Init must be within the first 64k of flash)
 *(.text .text.* .gnu.linkonce.t.*)
 .text          0x00000028       0x5c c:/program files (x86)/cypress/psoc creator/4.2/psoc creator/import/gnu/arm/5.4.1/bin/../lib/gcc/arm-none-eabi/5.4.1/armv7-m/crtbegin.o
 *fill*         0x00000084        0x4 
 .text.speedTimer
                0x00000088       0xec .\CortexM3\ARM_GCC_541\Debug\main.o
                0x00000088                speedTimer
 .text.S1_DETECTED
                0x00000174       0x18 .\CortexM3\ARM_GCC_541\Debug\main.o
                0x00000174                S1_DETECTED
 .text.S2_DETECTED
                0x0000018c       0x18 .\CortexM3\ARM_GCC_541\Debug\main.o
                0x0000018c                S2_DETECTED
 .text.S3_DETECTED
                0x000001a4       0x18 .\CortexM3\ARM_GCC_541\Debug\main.o
                0x000001a4                S3_DETECTED
 .text.S4_DETECTED
                0x000001bc       0x18 .\CortexM3\ARM_GCC_541\Debug\main.o
                0x000001bc                S4_DETECTED
 .text.S5_DETECTED
                0x000001d4       0x18 .\CortexM3\ARM_GCC_541\Debug\main.o
                0x000001d4                S5_DETECTED
 .text.S6_DETECTED
                0x000001ec       0x18 .\CortexM3\ARM_GCC_541\Debug\main.o
                0x000001ec                S6_DETECTED
 .text.TIMER_FINISH
                0x00000204       0x38 .\CortexM3\ARM_GCC_541\Debug\main.o
                0x00000204                TIMER_FINISH
 .text.main     0x0000023c       0xa8 .\CortexM3\ARM_GCC_541\Debug\main.o
                0x0000023c                main
 .text.quadCountToRPM
                0x000002e4       0x54 .\CortexM3\ARM_GCC_541\Debug\main.o
                0x000002e4                quadCountToRPM
 .text.ResetSensorFlags
                0x00000338       0x48 .\CortexM3\ARM_GCC_541\Debug\main.o
                0x00000338                ResetSensorFlags
 .text.CheckSensorDirection
                0x00000380      0x264 .\CortexM3\ARM_GCC_541\Debug\main.o
                0x00000380                CheckSensorDirection
 .text.SetRobotMovement
                0x000005e4       0x88 .\CortexM3\ARM_GCC_541\Debug\main.o
                0x000005e4                SetRobotMovement
 .text.init     0x0000066c       0x34 .\CortexM3\ARM_GCC_541\Debug\initialise.o
                0x0000066c                init
 .text.stopMoving
                0x000006a0       0x18 .\CortexM3\ARM_GCC_541\Debug\movement.o
                0x000006a0                stopMoving
 .text.adjustRight
                0x000006b8       0x84 .\CortexM3\ARM_GCC_541\Debug\movement.o
                0x000006b8                adjustRight
 .text.adjustLeft
                0x0000073c       0x84 .\CortexM3\ARM_GCC_541\Debug\movement.o
                0x0000073c                adjustLeft
 .text.turnLeft
                0x000007c0       0x2c .\CortexM3\ARM_GCC_541\Debug\movement.o
                0x000007c0                turnLeft
 .text.turnRight
                0x000007ec       0x2c .\CortexM3\ARM_GCC_541\Debug\movement.o
                0x000007ec                turnRight
 .text.moveForward
                0x00000818       0x80 .\CortexM3\ARM_GCC_541\Debug\movement.o
                0x00000818                moveForward
 .text.moveBackward
                0x00000898       0x18 .\CortexM3\ARM_GCC_541\Debug\movement.o
                0x00000898                moveBackward
 .text.USBUART_Start
                0x000008b0       0x3c .\CortexM3\ARM_GCC_541\Debug\usbUART.o
                0x000008b0                USBUART_Start
 .text.USBUART_Init
                0x000008ec      0x1a4 .\CortexM3\ARM_GCC_541\Debug\usbUART.o
                0x000008ec                USBUART_Init
 .text.USBUART_InitComponent
                0x00000a90      0x104 .\CortexM3\ARM_GCC_541\Debug\usbUART.o
                0x00000a90                USBUART_InitComponent
 .text.USBUART_ReInitComponent
                0x00000b94       0x68 .\CortexM3\ARM_GCC_541\Debug\usbUART.o
                0x00000b94                USBUART_ReInitComponent
 .text.CYMEMZERO
                0x00000bfc       0x1c .\CortexM3\ARM_GCC_541\Debug\cyfitter_cfg.o
 .text.CYCONFIGCPY
                0x00000c18       0x20 .\CortexM3\ARM_GCC_541\Debug\cyfitter_cfg.o
 .text.CyClockStartupError
                0x00000c38        0xc .\CortexM3\ARM_GCC_541\Debug\cyfitter_cfg.o
 .text.cfg_write_bytes32
                0x00000c44       0x74 .\CortexM3\ARM_GCC_541\Debug\cyfitter_cfg.o
 .text.ClockSetup
                0x00000cb8      0x158 .\CortexM3\ARM_GCC_541\Debug\cyfitter_cfg.o
 .text.AnalogSetDefault
                0x00000e10       0x44 .\CortexM3\ARM_GCC_541\Debug\cyfitter_cfg.o
 .text.cyfitter_cfg
                0x00000e54      0x1c8 .\CortexM3\ARM_GCC_541\Debug\cyfitter_cfg.o
                0x00000e54                cyfitter_cfg
 .text.IntDefaultHandler
                0x0000101c       0x14 .\CortexM3\ARM_GCC_541\Debug\Cm3Start.o
                0x0000101c                IntDefaultHandler
 .text.Start_c  0x00001030       0x98 .\CortexM3\ARM_GCC_541\Debug\Cm3Start.o
                0x00001030                Start_c
 .text.initialize_psoc
                0x000010c8       0x90 .\CortexM3\ARM_GCC_541\Debug\Cm3Start.o
                0x000010c8                initialize_psoc
 .text.USBUART_EP_0_ISR
                0x00001158       0xf8 .\CortexM3\ARM_GCC_541\Debug\CS301_Class.a(USBUART_drv.o)
                0x00001158                USBUART_EP_0_ISR
 .text.USBUART_HandleSetup
                0x00001250       0x88 .\CortexM3\ARM_GCC_541\Debug\CS301_Class.a(USBUART_drv.o)
                0x00001250                USBUART_HandleSetup
 .text.USBUART_HandleIN
                0x000012d8       0x4c .\CortexM3\ARM_GCC_541\Debug\CS301_Class.a(USBUART_drv.o)
                0x000012d8                USBUART_HandleIN
 .text.USBUART_HandleOUT
                0x00001324       0x58 .\CortexM3\ARM_GCC_541\Debug\CS301_Class.a(USBUART_drv.o)
                0x00001324                USBUART_HandleOUT
 .text.USBUART_LoadEP0
                0x0000137c       0xd0 .\CortexM3\ARM_GCC_541\Debug\CS301_Class.a(USBUART_drv.o)
                0x0000137c                USBUART_LoadEP0
 .text.USBUART_InitControlRead
                0x0000144c       0x70 .\CortexM3\ARM_GCC_541\Debug\CS301_Class.a(USBUART_drv.o)
                0x0000144c                USBUART_InitControlRead
 .text.USBUART_InitZeroLengthControlTransfer
                0x000014bc       0x40 .\CortexM3\ARM_GCC_541\Debug\CS301_Class.a(USBUART_drv.o)
                0x000014bc                USBUART_InitZeroLengthControlTransfer
 .text.USBUART_ControlReadDataStage
                0x000014fc        0xc .\CortexM3\ARM_GCC_541\Debug\CS301_Class.a(USBUART_drv.o)
                0x000014fc                USBUART_ControlReadDataStage
 .text.USBUART_ControlReadStatusStage
                0x00001508       0x40 .\CortexM3\ARM_GCC_541\Debug\CS301_Class.a(USBUART_drv.o)
                0x00001508                USBUART_ControlReadStatusStage
 .text.USBUART_InitControlWrite
                0x00001548       0x64 .\CortexM3\ARM_GCC_541\Debug\CS301_Class.a(USBUART_drv.o)
                0x00001548                USBUART_InitControlWrite
 .text.USBUART_ControlWriteDataStage
                0x000015ac       0xb4 .\CortexM3\ARM_GCC_541\Debug\CS301_Class.a(USBUART_drv.o)
                0x000015ac                USBUART_ControlWriteDataStage
 .text.USBUART_ControlWriteStatusStage
                0x00001660       0x24 .\CortexM3\ARM_GCC_541\Debug\CS301_Class.a(USBUART_drv.o)
                0x00001660                USBUART_ControlWriteStatusStage
 .text.USBUART_InitNoDataControlTransfer
                0x00001684       0x38 .\CortexM3\ARM_GCC_541\Debug\CS301_Class.a(USBUART_drv.o)
                0x00001684                USBUART_InitNoDataControlTransfer
 .text.USBUART_NoDataControlStatusStage
                0x000016bc       0x4c .\CortexM3\ARM_GCC_541\Debug\CS301_Class.a(USBUART_drv.o)
                0x000016bc                USBUART_NoDataControlStatusStage
 .text.USBUART_UpdateStatusBlock
                0x00001708       0x40 .\CortexM3\ARM_GCC_541\Debug\CS301_Class.a(USBUART_drv.o)
                0x00001708                USBUART_UpdateStatusBlock
 .text.USBUART_InitializeStatusBlock
                0x00001748       0x34 .\CortexM3\ARM_GCC_541\Debug\CS301_Class.a(USBUART_drv.o)
                0x00001748                USBUART_InitializeStatusBlock
 .text.USBUART_EP_1_ISR
                0x0000177c       0x48 .\CortexM3\ARM_GCC_541\Debug\CS301_Class.a(USBUART_episr.o)
                0x0000177c                USBUART_EP_1_ISR
 .text.USBUART_EP_2_ISR
                0x000017c4       0x4c .\CortexM3\ARM_GCC_541\Debug\CS301_Class.a(USBUART_episr.o)
                0x000017c4                USBUART_EP_2_ISR
 .text.USBUART_EP_3_ISR
                0x00001810       0x54 .\CortexM3\ARM_GCC_541\Debug\CS301_Class.a(USBUART_episr.o)
                0x00001810                USBUART_EP_3_ISR
 .text.USBUART_SOF_ISR
                0x00001864        0xc .\CortexM3\ARM_GCC_541\Debug\CS301_Class.a(USBUART_episr.o)
                0x00001864                USBUART_SOF_ISR
 .text.USBUART_BUS_RESET_ISR
                0x00001870        0xc .\CortexM3\ARM_GCC_541\Debug\CS301_Class.a(USBUART_episr.o)
                0x00001870                USBUART_BUS_RESET_ISR
 .text.USBUART_DP_ISR
                0x0000187c        0xc .\CortexM3\ARM_GCC_541\Debug\CS301_Class.a(USBUART_pm.o)
                0x0000187c                USBUART_DP_ISR
 .text.USBUART_HandleStandardRqst
                0x00001888      0x4a4 .\CortexM3\ARM_GCC_541\Debug\CS301_Class.a(USBUART_std.o)
                0x00001888                USBUART_HandleStandardRqst
 .text.USBUART_ReadDieID
                0x00001d2c       0xd8 .\CortexM3\ARM_GCC_541\Debug\CS301_Class.a(USBUART_std.o)
                0x00001d2c                USBUART_ReadDieID
 .text.USBUART_ConfigReg
                0x00001e04      0x138 .\CortexM3\ARM_GCC_541\Debug\CS301_Class.a(USBUART_std.o)
                0x00001e04                USBUART_ConfigReg
 .text.USBUART_Config
                0x00001f3c      0x3a4 .\CortexM3\ARM_GCC_541\Debug\CS301_Class.a(USBUART_std.o)
                0x00001f3c                USBUART_Config
 .text.USBUART_ConfigAltChanged
                0x000022e0      0x25c .\CortexM3\ARM_GCC_541\Debug\CS301_Class.a(USBUART_std.o)
                0x000022e0                USBUART_ConfigAltChanged
 .text.USBUART_GetConfigTablePtr
                0x0000253c       0x50 .\CortexM3\ARM_GCC_541\Debug\CS301_Class.a(USBUART_std.o)
                0x0000253c                USBUART_GetConfigTablePtr
 .text.USBUART_GetDeviceTablePtr
                0x0000258c       0x24 .\CortexM3\ARM_GCC_541\Debug\CS301_Class.a(USBUART_std.o)
                0x0000258c                USBUART_GetDeviceTablePtr
 .text.USBUART_GetInterfaceClassTablePtr
                0x000025b0       0x4c .\CortexM3\ARM_GCC_541\Debug\CS301_Class.a(USBUART_std.o)
                0x000025b0                USBUART_GetInterfaceClassTablePtr
 .text.USBUART_SetEndpointHalt
                0x000025fc       0xe8 .\CortexM3\ARM_GCC_541\Debug\CS301_Class.a(USBUART_std.o)
                0x000025fc                USBUART_SetEndpointHalt
 .text.USBUART_ClearEndpointHalt
                0x000026e4      0x158 .\CortexM3\ARM_GCC_541\Debug\CS301_Class.a(USBUART_std.o)
                0x000026e4                USBUART_ClearEndpointHalt
 .text.USBUART_ValidateAlternateSetting
                0x0000283c       0x70 .\CortexM3\ARM_GCC_541\Debug\CS301_Class.a(USBUART_std.o)
                0x0000283c                USBUART_ValidateAlternateSetting
 .text.USBUART_HandleVendorRqst
                0x000028ac       0x54 .\CortexM3\ARM_GCC_541\Debug\CS301_Class.a(USBUART_vnd.o)
                0x000028ac                USBUART_HandleVendorRqst
 .text.USBUART_Dp_ClearInterrupt
                0x00002900       0x20 .\CortexM3\ARM_GCC_541\Debug\CS301_Class.a(USBUART_Dp.o)
                0x00002900                USBUART_Dp_ClearInterrupt
 .text.CyHalt   0x00002920       0x18 .\CortexM3\ARM_GCC_541\Debug\CS301_Class.a(CyLib.o)
                0x00002920                CyHalt
 .text.CyDelayUs
                0x00002938       0x28 .\CortexM3\ARM_GCC_541\Debug\CS301_Class.a(CyLib.o)
                0x00002938                CyDelayUs
 .text.CyIntSetVector
                0x00002960       0x50 .\CortexM3\ARM_GCC_541\Debug\CS301_Class.a(CyLib.o)
                0x00002960                CyIntSetVector
 .text.CyIntSetPriority
                0x000029b0       0x48 .\CortexM3\ARM_GCC_541\Debug\CS301_Class.a(CyLib.o)
                0x000029b0                CyIntSetPriority
 .text.CyGetUniqueId
                0x000029f8       0xc4 .\CortexM3\ARM_GCC_541\Debug\CS301_Class.a(CyLib.o)
                0x000029f8                CyGetUniqueId
 .text.PWM_1_Start
                0x00002abc       0x24 .\CortexM3\ARM_GCC_541\Debug\CS301_Class.a(PWM_1.o)
                0x00002abc                PWM_1_Start
 .text.PWM_1_Init
                0x00002ae0       0xc0 .\CortexM3\ARM_GCC_541\Debug\CS301_Class.a(PWM_1.o)
                0x00002ae0                PWM_1_Init
 .text.PWM_1_Enable
                0x00002ba0       0x48 .\CortexM3\ARM_GCC_541\Debug\CS301_Class.a(PWM_1.o)
                0x00002ba0                PWM_1_Enable
 .text.PWM_1_WritePeriod
                0x00002be8       0x20 .\CortexM3\ARM_GCC_541\Debug\CS301_Class.a(PWM_1.o)
                0x00002be8                PWM_1_WritePeriod
 .text.PWM_1_WriteCompare
                0x00002c08       0x20 .\CortexM3\ARM_GCC_541\Debug\CS301_Class.a(PWM_1.o)
                0x00002c08                PWM_1_WriteCompare
 .text.PWM_1_SetInterruptMode
                0x00002c28       0x20 .\CortexM3\ARM_GCC_541\Debug\CS301_Class.a(PWM_1.o)
                0x00002c28                PWM_1_SetInterruptMode
 .text.Clock_PWM_Start
                0x00002c48       0x34 .\CortexM3\ARM_GCC_541\Debug\CS301_Class.a(Clock_PWM.o)
                0x00002c48                Clock_PWM_Start
 .text.PWM_2_Start
                0x00002c7c       0x24 .\CortexM3\ARM_GCC_541\Debug\CS301_Class.a(PWM_2.o)
                0x00002c7c                PWM_2_Start
 .text.PWM_2_Init
                0x00002ca0       0xc0 .\CortexM3\ARM_GCC_541\Debug\CS301_Class.a(PWM_2.o)
                0x00002ca0                PWM_2_Init
 .text.PWM_2_Enable
                0x00002d60       0x48 .\CortexM3\ARM_GCC_541\Debug\CS301_Class.a(PWM_2.o)
                0x00002d60                PWM_2_Enable
 .text.PWM_2_WritePeriod
                0x00002da8       0x20 .\CortexM3\ARM_GCC_541\Debug\CS301_Class.a(PWM_2.o)
                0x00002da8                PWM_2_WritePeriod
 .text.PWM_2_WriteCompare
                0x00002dc8       0x20 .\CortexM3\ARM_GCC_541\Debug\CS301_Class.a(PWM_2.o)
                0x00002dc8                PWM_2_WriteCompare
 .text.PWM_2_SetInterruptMode
                0x00002de8       0x20 .\CortexM3\ARM_GCC_541\Debug\CS301_Class.a(PWM_2.o)
                0x00002de8                PWM_2_SetInterruptMode
 .text.QuadDec_M1_Init
                0x00002e08        0xc .\CortexM3\ARM_GCC_541\Debug\CS301_Class.a(QuadDec_M1.o)
                0x00002e08                QuadDec_M1_Init
 .text.QuadDec_M1_Enable
                0x00002e14       0x3c .\CortexM3\ARM_GCC_541\Debug\CS301_Class.a(QuadDec_M1.o)
                0x00002e14                QuadDec_M1_Enable
 .text.QuadDec_M1_Start
                0x00002e50       0x30 .\CortexM3\ARM_GCC_541\Debug\CS301_Class.a(QuadDec_M1.o)
                0x00002e50                QuadDec_M1_Start
 .text.QuadDec_M1_GetEvents
                0x00002e80       0x1c .\CortexM3\ARM_GCC_541\Debug\CS301_Class.a(QuadDec_M1.o)
                0x00002e80                QuadDec_M1_GetEvents
 .text.QuadDec_M1_SetInterruptMask
                0x00002e9c       0x20 .\CortexM3\ARM_GCC_541\Debug\CS301_Class.a(QuadDec_M1.o)
                0x00002e9c                QuadDec_M1_SetInterruptMask
 .text.QuadDec_M2_Init
                0x00002ebc        0xc .\CortexM3\ARM_GCC_541\Debug\CS301_Class.a(QuadDec_M2.o)
                0x00002ebc                QuadDec_M2_Init
 .text.QuadDec_M2_Enable
                0x00002ec8       0x3c .\CortexM3\ARM_GCC_541\Debug\CS301_Class.a(QuadDec_M2.o)
                0x00002ec8                QuadDec_M2_Enable
 .text.QuadDec_M2_Start
                0x00002f04       0x30 .\CortexM3\ARM_GCC_541\Debug\CS301_Class.a(QuadDec_M2.o)
                0x00002f04                QuadDec_M2_Start
 .text.QuadDec_M2_GetCounter
                0x00002f34       0x24 .\CortexM3\ARM_GCC_541\Debug\CS301_Class.a(QuadDec_M2.o)
                0x00002f34                QuadDec_M2_GetCounter
 .text.QuadDec_M2_SetCounter
                0x00002f58       0x34 .\CortexM3\ARM_GCC_541\Debug\CS301_Class.a(QuadDec_M2.o)
                0x00002f58                QuadDec_M2_SetCounter
 .text.QuadDec_M2_GetEvents
                0x00002f8c       0x1c .\CortexM3\ARM_GCC_541\Debug\CS301_Class.a(QuadDec_M2.o)
                0x00002f8c                QuadDec_M2_GetEvents
 .text.QuadDec_M2_SetInterruptMask
                0x00002fa8       0x20 .\CortexM3\ARM_GCC_541\Debug\CS301_Class.a(QuadDec_M2.o)
                0x00002fa8                QuadDec_M2_SetInterruptMask
 .text.QuadDec_M1_Cnt16_Init
                0x00002fc8       0x80 .\CortexM3\ARM_GCC_541\Debug\CS301_Class.a(QuadDec_M1_Cnt16.o)
                0x00002fc8                QuadDec_M1_Cnt16_Init
 .text.QuadDec_M1_Cnt16_Enable
                0x00003048       0x20 .\CortexM3\ARM_GCC_541\Debug\CS301_Class.a(QuadDec_M1_Cnt16.o)
                0x00003048                QuadDec_M1_Cnt16_Enable
 .text.QuadDec_M1_Cnt16_Start
                0x00003068       0x24 .\CortexM3\ARM_GCC_541\Debug\CS301_Class.a(QuadDec_M1_Cnt16.o)
                0x00003068                QuadDec_M1_Cnt16_Start
 .text.QuadDec_M1_Cnt16_SetInterruptMode
                0x0000308c       0x20 .\CortexM3\ARM_GCC_541\Debug\CS301_Class.a(QuadDec_M1_Cnt16.o)
                0x0000308c                QuadDec_M1_Cnt16_SetInterruptMode
 .text.QuadDec_M1_Cnt16_ReadStatusRegister
                0x000030ac       0x18 .\CortexM3\ARM_GCC_541\Debug\CS301_Class.a(QuadDec_M1_Cnt16.o)
                0x000030ac                QuadDec_M1_Cnt16_ReadStatusRegister
 .text.QuadDec_M1_Cnt16_WriteCounter
                0x000030c4       0x20 .\CortexM3\ARM_GCC_541\Debug\CS301_Class.a(QuadDec_M1_Cnt16.o)
                0x000030c4                QuadDec_M1_Cnt16_WriteCounter
 .text.QuadDec_M1_Cnt16_ReadCapture
                0x000030e4       0x18 .\CortexM3\ARM_GCC_541\Debug\CS301_Class.a(QuadDec_M1_Cnt16.o)
                0x000030e4                QuadDec_M1_Cnt16_ReadCapture
 .text.QuadDec_M1_Cnt16_WritePeriod
                0x000030fc       0x20 .\CortexM3\ARM_GCC_541\Debug\CS301_Class.a(QuadDec_M1_Cnt16.o)
                0x000030fc                QuadDec_M1_Cnt16_WritePeriod
 .text.QuadDec_M1_Cnt16_WriteCompare
                0x0000311c       0x20 .\CortexM3\ARM_GCC_541\Debug\CS301_Class.a(QuadDec_M1_Cnt16.o)
                0x0000311c                QuadDec_M1_Cnt16_WriteCompare
 .text.QuadDec_M1_Cnt16_ClearFIFO
                0x0000313c       0x1c .\CortexM3\ARM_GCC_541\Debug\CS301_Class.a(QuadDec_M1_Cnt16.o)
                0x0000313c                QuadDec_M1_Cnt16_ClearFIFO
 .text.QuadDec_M2_Cnt16_Init
                0x00003158       0x80 .\CortexM3\ARM_GCC_541\Debug\CS301_Class.a(QuadDec_M2_Cnt16.o)
                0x00003158                QuadDec_M2_Cnt16_Init
 .text.QuadDec_M2_Cnt16_Enable
                0x000031d8       0x20 .\CortexM3\ARM_GCC_541\Debug\CS301_Class.a(QuadDec_M2_Cnt16.o)
                0x000031d8                QuadDec_M2_Cnt16_Enable
 .text.QuadDec_M2_Cnt16_Start
                0x000031f8       0x24 .\CortexM3\ARM_GCC_541\Debug\CS301_Class.a(QuadDec_M2_Cnt16.o)
                0x000031f8                QuadDec_M2_Cnt16_Start
 .text.QuadDec_M2_Cnt16_SetInterruptMode
                0x0000321c       0x20 .\CortexM3\ARM_GCC_541\Debug\CS301_Class.a(QuadDec_M2_Cnt16.o)
                0x0000321c                QuadDec_M2_Cnt16_SetInterruptMode
 .text.QuadDec_M2_Cnt16_ReadStatusRegister
                0x0000323c       0x18 .\CortexM3\ARM_GCC_541\Debug\CS301_Class.a(QuadDec_M2_Cnt16.o)
                0x0000323c                QuadDec_M2_Cnt16_ReadStatusRegister
 .text.QuadDec_M2_Cnt16_WriteCounter
                0x00003254       0x20 .\CortexM3\ARM_GCC_541\Debug\CS301_Class.a(QuadDec_M2_Cnt16.o)
                0x00003254                QuadDec_M2_Cnt16_WriteCounter
 .text.QuadDec_M2_Cnt16_ReadCounter
                0x00003274       0x20 .\CortexM3\ARM_GCC_541\Debug\CS301_Class.a(QuadDec_M2_Cnt16.o)
                0x00003274                QuadDec_M2_Cnt16_ReadCounter
 .text.QuadDec_M2_Cnt16_ReadCapture
                0x00003294       0x18 .\CortexM3\ARM_GCC_541\Debug\CS301_Class.a(QuadDec_M2_Cnt16.o)
                0x00003294                QuadDec_M2_Cnt16_ReadCapture
 .text.QuadDec_M2_Cnt16_WritePeriod
                0x000032ac       0x20 .\CortexM3\ARM_GCC_541\Debug\CS301_Class.a(QuadDec_M2_Cnt16.o)
                0x000032ac                QuadDec_M2_Cnt16_WritePeriod
 .text.QuadDec_M2_Cnt16_WriteCompare
                0x000032cc       0x20 .\CortexM3\ARM_GCC_541\Debug\CS301_Class.a(QuadDec_M2_Cnt16.o)
                0x000032cc                QuadDec_M2_Cnt16_WriteCompare
 .text.QuadDec_M2_Cnt16_ClearFIFO
                0x000032ec       0x1c .\CortexM3\ARM_GCC_541\Debug\CS301_Class.a(QuadDec_M2_Cnt16.o)
                0x000032ec                QuadDec_M2_Cnt16_ClearFIFO
 .text.RF_BT_SELECT_Write
                0x00003308       0x20 .\CortexM3\ARM_GCC_541\Debug\CS301_Class.a(RF_BT_SELECT.o)
                0x00003308                RF_BT_SELECT_Write
 .text.SpeedTimer_Init
                0x00003328       0x9c .\CortexM3\ARM_GCC_541\Debug\CS301_Class.a(SpeedTimer.o)
                0x00003328                SpeedTimer_Init
 .text.SpeedTimer_Enable
                0x000033c4       0x48 .\CortexM3\ARM_GCC_541\Debug\CS301_Class.a(SpeedTimer.o)
                0x000033c4                SpeedTimer_Enable
 .text.SpeedTimer_Start
                0x0000340c       0x24 .\CortexM3\ARM_GCC_541\Debug\CS301_Class.a(SpeedTimer.o)
                0x0000340c                SpeedTimer_Start
 .text.SpeedTimer_SetInterruptMode
                0x00003430       0x20 .\CortexM3\ARM_GCC_541\Debug\CS301_Class.a(SpeedTimer.o)
                0x00003430                SpeedTimer_SetInterruptMode
 .text.SpeedTimer_ReadStatusRegister
                0x00003450       0x18 .\CortexM3\ARM_GCC_541\Debug\CS301_Class.a(SpeedTimer.o)
                0x00003450                SpeedTimer_ReadStatusRegister
 .text.SpeedTimer_WritePeriod
                0x00003468       0x24 .\CortexM3\ARM_GCC_541\Debug\CS301_Class.a(SpeedTimer.o)
                0x00003468                SpeedTimer_WritePeriod
 .text.SpeedTimer_WriteCounter
                0x0000348c       0x20 .\CortexM3\ARM_GCC_541\Debug\CS301_Class.a(SpeedTimer.o)
                0x0000348c                SpeedTimer_WriteCounter
 .text.isr_speed_StartEx
                0x000034ac       0x24 .\CortexM3\ARM_GCC_541\Debug\CS301_Class.a(isr_speed.o)
                0x000034ac                isr_speed_StartEx
 .text.isr_speed_SetVector
                0x000034d0       0x24 .\CortexM3\ARM_GCC_541\Debug\CS301_Class.a(isr_speed.o)
                0x000034d0                isr_speed_SetVector
 .text.isr_speed_SetPriority
                0x000034f4       0x24 .\CortexM3\ARM_GCC_541\Debug\CS301_Class.a(isr_speed.o)
                0x000034f4                isr_speed_SetPriority
 .text.isr_speed_Enable
                0x00003518       0x18 .\CortexM3\ARM_GCC_541\Debug\CS301_Class.a(isr_speed.o)
                0x00003518                isr_speed_Enable
 .text.isr_speed_Disable
                0x00003530       0x18 .\CortexM3\ARM_GCC_541\Debug\CS301_Class.a(isr_speed.o)
                0x00003530                isr_speed_Disable
 .text.SpeedClock_Start
                0x00003548       0x34 .\CortexM3\ARM_GCC_541\Debug\CS301_Class.a(SpeedClock.o)
                0x00003548                SpeedClock_Start
 .text.Timer_LED_Init
                0x0000357c       0xa0 .\CortexM3\ARM_GCC_541\Debug\CS301_Class.a(Timer_LED.o)
                0x0000357c                Timer_LED_Init
 .text.Timer_LED_Enable
                0x0000361c       0x48 .\CortexM3\ARM_GCC_541\Debug\CS301_Class.a(Timer_LED.o)
                0x0000361c                Timer_LED_Enable
 .text.Timer_LED_Start
                0x00003664       0x24 .\CortexM3\ARM_GCC_541\Debug\CS301_Class.a(Timer_LED.o)
                0x00003664                Timer_LED_Start
 .text.Timer_LED_SetInterruptMode
                0x00003688       0x20 .\CortexM3\ARM_GCC_541\Debug\CS301_Class.a(Timer_LED.o)
                0x00003688                Timer_LED_SetInterruptMode
 .text.Timer_LED_ReadStatusRegister
                0x000036a8       0x18 .\CortexM3\ARM_GCC_541\Debug\CS301_Class.a(Timer_LED.o)
                0x000036a8                Timer_LED_ReadStatusRegister
 .text.Timer_LED_WritePeriod
                0x000036c0       0x24 .\CortexM3\ARM_GCC_541\Debug\CS301_Class.a(Timer_LED.o)
                0x000036c0                Timer_LED_WritePeriod
 .text.Timer_LED_WriteCounter
                0x000036e4       0x20 .\CortexM3\ARM_GCC_541\Debug\CS301_Class.a(Timer_LED.o)
                0x000036e4                Timer_LED_WriteCounter
 .text.isr_Timer_LED_StartEx
                0x00003704       0x24 .\CortexM3\ARM_GCC_541\Debug\CS301_Class.a(isr_Timer_LED.o)
                0x00003704                isr_Timer_LED_StartEx
 .text.isr_Timer_LED_SetVector
                0x00003728       0x24 .\CortexM3\ARM_GCC_541\Debug\CS301_Class.a(isr_Timer_LED.o)
                0x00003728                isr_Timer_LED_SetVector
 .text.isr_Timer_LED_SetPriority
                0x0000374c       0x24 .\CortexM3\ARM_GCC_541\Debug\CS301_Class.a(isr_Timer_LED.o)
                0x0000374c                isr_Timer_LED_SetPriority
 .text.isr_Timer_LED_Enable
                0x00003770       0x18 .\CortexM3\ARM_GCC_541\Debug\CS301_Class.a(isr_Timer_LED.o)
                0x00003770                isr_Timer_LED_Enable
 .text.isr_Timer_LED_Disable
                0x00003788       0x18 .\CortexM3\ARM_GCC_541\Debug\CS301_Class.a(isr_Timer_LED.o)
                0x00003788                isr_Timer_LED_Disable
 .text.S1_detected_StartEx
                0x000037a0       0x24 .\CortexM3\ARM_GCC_541\Debug\CS301_Class.a(S1_detected.o)
                0x000037a0                S1_detected_StartEx
 .text.S1_detected_SetVector
                0x000037c4       0x24 .\CortexM3\ARM_GCC_541\Debug\CS301_Class.a(S1_detected.o)
                0x000037c4                S1_detected_SetVector
 .text.S1_detected_SetPriority
                0x000037e8       0x24 .\CortexM3\ARM_GCC_541\Debug\CS301_Class.a(S1_detected.o)
                0x000037e8                S1_detected_SetPriority
 .text.S1_detected_Enable
                0x0000380c       0x18 .\CortexM3\ARM_GCC_541\Debug\CS301_Class.a(S1_detected.o)
                0x0000380c                S1_detected_Enable
 .text.S1_detected_Disable
                0x00003824       0x18 .\CortexM3\ARM_GCC_541\Debug\CS301_Class.a(S1_detected.o)
                0x00003824                S1_detected_Disable
 .text.S2_detected_StartEx
                0x0000383c       0x24 .\CortexM3\ARM_GCC_541\Debug\CS301_Class.a(S2_detected.o)
                0x0000383c                S2_detected_StartEx
 .text.S2_detected_SetVector
                0x00003860       0x24 .\CortexM3\ARM_GCC_541\Debug\CS301_Class.a(S2_detected.o)
                0x00003860                S2_detected_SetVector
 .text.S2_detected_SetPriority
                0x00003884       0x24 .\CortexM3\ARM_GCC_541\Debug\CS301_Class.a(S2_detected.o)
                0x00003884                S2_detected_SetPriority
 .text.S2_detected_Enable
                0x000038a8       0x18 .\CortexM3\ARM_GCC_541\Debug\CS301_Class.a(S2_detected.o)
                0x000038a8                S2_detected_Enable
 .text.S2_detected_Disable
                0x000038c0       0x18 .\CortexM3\ARM_GCC_541\Debug\CS301_Class.a(S2_detected.o)
                0x000038c0                S2_detected_Disable
 .text.S3_detected_StartEx
                0x000038d8       0x24 .\CortexM3\ARM_GCC_541\Debug\CS301_Class.a(S3_detected.o)
                0x000038d8                S3_detected_StartEx
 .text.S3_detected_SetVector
                0x000038fc       0x24 .\CortexM3\ARM_GCC_541\Debug\CS301_Class.a(S3_detected.o)
                0x000038fc                S3_detected_SetVector
 .text.S3_detected_SetPriority
                0x00003920       0x24 .\CortexM3\ARM_GCC_541\Debug\CS301_Class.a(S3_detected.o)
                0x00003920                S3_detected_SetPriority
 .text.S3_detected_Enable
                0x00003944       0x18 .\CortexM3\ARM_GCC_541\Debug\CS301_Class.a(S3_detected.o)
                0x00003944                S3_detected_Enable
 .text.S3_detected_Disable
                0x0000395c       0x18 .\CortexM3\ARM_GCC_541\Debug\CS301_Class.a(S3_detected.o)
                0x0000395c                S3_detected_Disable
 .text.S4_detected_StartEx
                0x00003974       0x24 .\CortexM3\ARM_GCC_541\Debug\CS301_Class.a(S4_detected.o)
                0x00003974                S4_detected_StartEx
 .text.S4_detected_SetVector
                0x00003998       0x24 .\CortexM3\ARM_GCC_541\Debug\CS301_Class.a(S4_detected.o)
                0x00003998                S4_detected_SetVector
 .text.S4_detected_SetPriority
                0x000039bc       0x24 .\CortexM3\ARM_GCC_541\Debug\CS301_Class.a(S4_detected.o)
                0x000039bc                S4_detected_SetPriority
 .text.S4_detected_Enable
                0x000039e0       0x18 .\CortexM3\ARM_GCC_541\Debug\CS301_Class.a(S4_detected.o)
                0x000039e0                S4_detected_Enable
 .text.S4_detected_Disable
                0x000039f8       0x18 .\CortexM3\ARM_GCC_541\Debug\CS301_Class.a(S4_detected.o)
                0x000039f8                S4_detected_Disable
 .text.S5_detected_StartEx
                0x00003a10       0x24 .\CortexM3\ARM_GCC_541\Debug\CS301_Class.a(S5_detected.o)
                0x00003a10                S5_detected_StartEx
 .text.S5_detected_SetVector
                0x00003a34       0x24 .\CortexM3\ARM_GCC_541\Debug\CS301_Class.a(S5_detected.o)
                0x00003a34                S5_detected_SetVector
 .text.S5_detected_SetPriority
                0x00003a58       0x24 .\CortexM3\ARM_GCC_541\Debug\CS301_Class.a(S5_detected.o)
                0x00003a58                S5_detected_SetPriority
 .text.S5_detected_Enable
                0x00003a7c       0x18 .\CortexM3\ARM_GCC_541\Debug\CS301_Class.a(S5_detected.o)
                0x00003a7c                S5_detected_Enable
 .text.S5_detected_Disable
                0x00003a94       0x18 .\CortexM3\ARM_GCC_541\Debug\CS301_Class.a(S5_detected.o)
                0x00003a94                S5_detected_Disable
 .text.S6_detected_StartEx
                0x00003aac       0x24 .\CortexM3\ARM_GCC_541\Debug\CS301_Class.a(S6_detected.o)
                0x00003aac                S6_detected_StartEx
 .text.S6_detected_SetVector
                0x00003ad0       0x24 .\CortexM3\ARM_GCC_541\Debug\CS301_Class.a(S6_detected.o)
                0x00003ad0                S6_detected_SetVector
 .text.S6_detected_SetPriority
                0x00003af4       0x24 .\CortexM3\ARM_GCC_541\Debug\CS301_Class.a(S6_detected.o)
                0x00003af4                S6_detected_SetPriority
 .text.S6_detected_Enable
                0x00003b18       0x18 .\CortexM3\ARM_GCC_541\Debug\CS301_Class.a(S6_detected.o)
                0x00003b18                S6_detected_Enable
 .text.S6_detected_Disable
                0x00003b30       0x18 .\CortexM3\ARM_GCC_541\Debug\CS301_Class.a(S6_detected.o)
                0x00003b30                S6_detected_Disable
 .text          0x00003b48       0x20 .\CortexM3\ARM_GCC_541\Debug\CS301_Class.a(CyBootAsmGnu.o)
                0x00003b48                CyDelayCycles
                0x00003b58                CyEnterCriticalSection
                0x00003b60                CyExitCriticalSection
 .text.USBUART_DispatchCDCClassRqst
                0x00003b68       0xe4 .\CortexM3\ARM_GCC_541\Debug\CS301_Class.a(USBUART_cdc.o)
                0x00003b68                USBUART_DispatchCDCClassRqst
 .text.USBUART_GetInterfaceComPort
                0x00003c4c       0x60 .\CortexM3\ARM_GCC_541\Debug\CS301_Class.a(USBUART_cdc.o)
                0x00003c4c                USBUART_GetInterfaceComPort
 .text.USBUART_Cdc_EpInit
                0x00003cac       0x90 .\CortexM3\ARM_GCC_541\Debug\CS301_Class.a(USBUART_cdc.o)
                0x00003cac                USBUART_Cdc_EpInit
 .text.USBUART_DispatchClassRqst
                0x00003d3c       0x84 .\CortexM3\ARM_GCC_541\Debug\CS301_Class.a(USBUART_cls.o)
                0x00003d3c                USBUART_DispatchClassRqst
 .text          0x00003dc0      0x370 c:/program files (x86)/cypress/psoc creator/4.2/psoc creator/import/gnu/arm/5.4.1/bin/../lib/gcc/arm-none-eabi/5.4.1/armv7-m\libgcc.a(_arm_addsubdf3.o)
                0x00003dc0                __aeabi_drsub
                0x00003dc8                __aeabi_dsub
                0x00003dc8                __subdf3
                0x00003dcc                __aeabi_dadd
                0x00003dcc                __adddf3
                0x00004044                __floatunsidf
                0x00004044                __aeabi_ui2d
                0x00004064                __floatsidf
                0x00004064                __aeabi_i2d
                0x00004088                __aeabi_f2d
                0x00004088                __extendsfdf2
                0x000040c4                __floatundidf
                0x000040c4                __aeabi_ul2d
                0x000040d4                __floatdidf
                0x000040d4                __aeabi_l2d
 .text          0x00004130      0x424 c:/program files (x86)/cypress/psoc creator/4.2/psoc creator/import/gnu/arm/5.4.1/bin/../lib/gcc/arm-none-eabi/5.4.1/armv7-m\libgcc.a(_arm_muldivdf3.o)
                0x00004130                __aeabi_dmul
                0x00004130                __muldf3
                0x00004384                __divdf3
                0x00004384                __aeabi_ddiv
 .text          0x00004554       0xa0 c:/program files (x86)/cypress/psoc creator/4.2/psoc creator/import/gnu/arm/5.4.1/bin/../lib/gcc/arm-none-eabi/5.4.1/armv7-m\libgcc.a(_arm_truncdfsf2.o)
                0x00004554                __truncdfsf2
                0x00004554                __aeabi_d2f
 .text          0x000045f4      0x21c c:/program files (x86)/cypress/psoc creator/4.2/psoc creator/import/gnu/arm/5.4.1/bin/../lib/gcc/arm-none-eabi/5.4.1/armv7-m\libgcc.a(_arm_addsubsf3.o)
                0x000045f4                __aeabi_frsub
                0x000045fc                __subsf3
                0x000045fc                __aeabi_fsub
                0x00004600                __aeabi_fadd
                0x00004600                __addsf3
                0x00004760                __aeabi_ui2f
                0x00004760                __floatunsisf
                0x00004768                __aeabi_i2f
                0x00004768                __floatsisf
                0x00004784                __aeabi_ul2f
                0x00004784                __floatundisf
                0x00004794                __aeabi_l2f
                0x00004794                __floatdisf
 .text          0x00004810      0x2a0 c:/program files (x86)/cypress/psoc creator/4.2/psoc creator/import/gnu/arm/5.4.1/bin/../lib/gcc/arm-none-eabi/5.4.1/armv7-m\libgcc.a(_arm_muldivsf3.o)
                0x00004810                __mulsf3
                0x00004810                __aeabi_fmul
                0x00004978                __aeabi_fdiv
                0x00004978                __divsf3
 .text          0x00004ab0       0xec c:/program files (x86)/cypress/psoc creator/4.2/psoc creator/import/gnu/arm/5.4.1/bin/../lib/gcc/arm-none-eabi/5.4.1/armv7-m\libgcc.a(_arm_cmpsf2.o)
                0x00004ab0                __gesf2
                0x00004ab0                __gtsf2
                0x00004ab8                __lesf2
                0x00004ab8                __ltsf2
                0x00004ac0                __nesf2
                0x00004ac0                __eqsf2
                0x00004ac0                __cmpsf2
                0x00004b20                __aeabi_cfrcmple
                0x00004b28                __aeabi_cfcmpeq
                0x00004b28                __aeabi_cfcmple
                0x00004b38                __aeabi_fcmpeq
                0x00004b4c                __aeabi_fcmplt
                0x00004b60                __aeabi_fcmple
                0x00004b74                __aeabi_fcmpge
                0x00004b88                __aeabi_fcmpgt
 .text          0x00004b9c       0x4c c:/program files (x86)/cypress/psoc creator/4.2/psoc creator/import/gnu/arm/5.4.1/bin/../lib/gcc/arm-none-eabi/5.4.1/armv7-m\libgcc.a(_arm_fixsfsi.o)
                0x00004b9c                __aeabi_f2iz
                0x00004b9c                __fixsfsi
 .text          0x00004be8       0x40 c:/program files (x86)/cypress/psoc creator/4.2/psoc creator/import/gnu/arm/5.4.1/bin/../lib/gcc/arm-none-eabi/5.4.1/armv7-m\libgcc.a(_arm_fixunssfsi.o)
                0x00004be8                __fixunssfsi
                0x00004be8                __aeabi_f2uiz
 .text.__errno  0x00004c28        0xc c:/program files (x86)/cypress/psoc creator/4.2/psoc creator/import/gnu/arm/5.4.1/bin/../lib/gcc/arm-none-eabi/5.4.1/../../../../arm-none-eabi/lib/armv7-m\libg_nano.a(lib_a-errno.o)
                0x00004c28                __errno
 .text.__libc_init_array
                0x00004c34       0x4c c:/program files (x86)/cypress/psoc creator/4.2/psoc creator/import/gnu/arm/5.4.1/bin/../lib/gcc/arm-none-eabi/5.4.1/../../../../arm-none-eabi/lib/armv7-m\libg_nano.a(lib_a-init.o)
                0x00004c34                __libc_init_array
 .text.memcpy   0x00004c80       0x16 c:/program files (x86)/cypress/psoc creator/4.2/psoc creator/import/gnu/arm/5.4.1/bin/../lib/gcc/arm-none-eabi/5.4.1/../../../../arm-none-eabi/lib/armv7-m\libg_nano.a(lib_a-memcpy-stub.o)
                0x00004c80                memcpy
 .text.memset   0x00004c96       0x10 c:/program files (x86)/cypress/psoc creator/4.2/psoc creator/import/gnu/arm/5.4.1/bin/../lib/gcc/arm-none-eabi/5.4.1/../../../../arm-none-eabi/lib/armv7-m\libg_nano.a(lib_a-memset.o)
                0x00004c96                memset
 *(.plt)
 *(.gnu.warning)
 *(.glue_7t)
 .glue_7t       0x00004ca6        0x0 linker stubs
 *(.glue_7)
 .glue_7        0x00004ca6        0x0 linker stubs
 *(.vfp11_veneer)
 .vfp11_veneer  0x00004ca6        0x0 linker stubs
 *(.bootloader)
 *(.ARM.extab* .gnu.linkonce.armextab.*)
 *(.gcc_except_table)

.v4_bx          0x00004ca8        0x0
 .v4_bx         0x00004ca8        0x0 linker stubs

.iplt           0x00004ca8        0x0
 .iplt          0x00004ca8        0x0 c:/program files (x86)/cypress/psoc creator/4.2/psoc creator/import/gnu/arm/5.4.1/bin/../lib/gcc/arm-none-eabi/5.4.1/armv7-m/crtbegin.o

.eh_frame_hdr
 *(.eh_frame_hdr)

.eh_frame       0x00004ca8        0x4
 *(.eh_frame)
 .eh_frame      0x00004ca8        0x0 c:/program files (x86)/cypress/psoc creator/4.2/psoc creator/import/gnu/arm/5.4.1/bin/../lib/gcc/arm-none-eabi/5.4.1/armv7-m/crtbegin.o
 .eh_frame      0x00004ca8        0x4 c:/program files (x86)/cypress/psoc creator/4.2/psoc creator/import/gnu/arm/5.4.1/bin/../lib/gcc/arm-none-eabi/5.4.1/armv7-m/crtend.o
                [!provide]                PROVIDE (__exidx_start, .)

.ARM.exidx
 *(.ARM.exidx* .gnu.linkonce.armexidx.*)
                0x00004cac                __exidx_end = .

.rodata         0x00004cac      0x22c
 *(.rodata .rodata.* .gnu.linkonce.r.*)
 .rodata        0x00004cac       0x44 .\CortexM3\ARM_GCC_541\Debug\cyfitter_cfg.o
 .rodata        0x00004cf0       0x11 .\CortexM3\ARM_GCC_541\Debug\CS301_Class.a(USBUART_std.o)
 *fill*         0x00004d01        0x3 
 .rodata        0x00004d04      0x19c .\CortexM3\ARM_GCC_541\Debug\CS301_Class.a(USBUART_descr.o)
                0x00004d04                USBUART_DEVICE0_DESCR
                0x00004d18                USBUART_DEVICE0_CONFIGURATION0_DESCR
                0x00004d5c                USBUART_STRING_DESCRIPTORS
                0x00004dfc                USBUART_SN_STRING_DESCRIPTOR
                0x00004e00                USBUART_DEVICE0_CONFIGURATION0_EP_SETTINGS_TABLE
                0x00004e18                USBUART_DEVICE0_CONFIGURATION0_INTERFACE_CLASS
                0x00004e1c                USBUART_DEVICE0_CONFIGURATION0_TABLE
                0x00004e44                USBUART_DEVICE0_TABLE
                0x00004e5c                USBUART_TABLE
                0x00004e64                USBUART_MSOS_DESCRIPTOR
                0x00004e78                USBUART_MSOS_CONFIGURATION_DESCR
 .rodata.str1.1
                0x00004ea0        0x2 c:/program files (x86)/cypress/psoc creator/4.2/psoc creator/import/gnu/arm/5.4.1/bin/../lib/gcc/arm-none-eabi/5.4.1/../../../../arm-none-eabi/lib/armv7-m\libg_nano.a(lib_a-impure.o)
                0x00004ea4                . = ALIGN (0x4)
 *fill*         0x00004ea2        0x2 
 *(.init)
 .init          0x00004ea4        0x4 c:/program files (x86)/cypress/psoc creator/4.2/psoc creator/import/gnu/arm/5.4.1/bin/../lib/gcc/arm-none-eabi/5.4.1/armv7-m/crti.o
                0x00004ea4                _init
 .init          0x00004ea8        0x8 c:/program files (x86)/cypress/psoc creator/4.2/psoc creator/import/gnu/arm/5.4.1/bin/../lib/gcc/arm-none-eabi/5.4.1/armv7-m/crtn.o
                0x00004eb0                . = ALIGN (0x4)
                0x00004eb0                __preinit_array_start = .
 *(.preinit_array)
                0x00004eb0                __preinit_array_end = .
                0x00004eb0                . = ALIGN (0x4)
                0x00004eb0                __init_array_start = .
 *(SORT(.init_array.*))
 *(.init_array)
 .init_array    0x00004eb0        0x4 c:/program files (x86)/cypress/psoc creator/4.2/psoc creator/import/gnu/arm/5.4.1/bin/../lib/gcc/arm-none-eabi/5.4.1/armv7-m/crtbegin.o
 .init_array    0x00004eb4        0x4 .\CortexM3\ARM_GCC_541\Debug\Cm3Start.o
                0x00004eb8                __init_array_end = .
                0x00004eb8                . = ALIGN (0x4)
 *(.fini)
 .fini          0x00004eb8        0x4 c:/program files (x86)/cypress/psoc creator/4.2/psoc creator/import/gnu/arm/5.4.1/bin/../lib/gcc/arm-none-eabi/5.4.1/armv7-m/crti.o
                0x00004eb8                _fini
 .fini          0x00004ebc        0x8 c:/program files (x86)/cypress/psoc creator/4.2/psoc creator/import/gnu/arm/5.4.1/bin/../lib/gcc/arm-none-eabi/5.4.1/armv7-m/crtn.o
                0x00004ec4                . = ALIGN (0x4)
                0x00004ec4                __fini_array_start = .
 *(.fini_array)
 .fini_array    0x00004ec4        0x4 c:/program files (x86)/cypress/psoc creator/4.2/psoc creator/import/gnu/arm/5.4.1/bin/../lib/gcc/arm-none-eabi/5.4.1/armv7-m/crtbegin.o
 *(SORT(.fini_array.*))
                0x00004ec8                __fini_array_end = .
                0x00004ec8                . = ALIGN (0x4)
 *crtbegin.o(.ctors)
 *(EXCLUDE_FILE(*crtend.o) .ctors)
 *(SORT(.ctors.*))
 *crtend.o(.ctors)
                0x00004ec8                . = ALIGN (0x4)
 *crtbegin.o(.dtors)
 *(EXCLUDE_FILE(*crtend.o) .dtors)
 *(SORT(.dtors.*))
 *crtend.o(.dtors)
                0x00004ec8                . = ALIGN (0x4)
                0x00004ec8                __cy_regions = .
                0x00004ec8        0x4 LONG 0x4ed8 __cy_region_init_ram
                0x00004ecc        0x4 LONG 0x1fff80c8 __cy_region_start_data
                0x00004ed0        0x4 LONG 0xf0 __cy_region_init_size_ram
                0x00004ed4        0x4 LONG 0x138 __cy_region_zero_size_ram
                0x00004ed8                __cy_regions_end = .
                0x00004ed8                . = ALIGN (0x8)
                0x00004ed8                _etext = .

.cy_checksum_exclude
                0x00004ed8        0x0
 *(.cy_checksum_exclude)

.ramvectors     0x1fff8000       0xc0
                0x1fff8000                __cy_region_start_ram = .
 *(.ramvectors)
 .ramvectors    0x1fff8000       0xc0 .\CortexM3\ARM_GCC_541\Debug\Cm3Start.o
                0x1fff8000                CyRamVectors

.noinit         0x1fff80c0        0x5
 *(.noinit)
 .noinit        0x1fff80c0        0x4 .\CortexM3\ARM_GCC_541\Debug\Cm3Start.o
 .noinit        0x1fff80c4        0x1 .\CortexM3\ARM_GCC_541\Debug\CS301_Class.a(CyLib.o)
                0x1fff80c4                CyResetStatus

.data           0x1fff80c8       0xf0 load address 0x00004ed8
                0x1fff80c8                __cy_region_start_data = .
 *(.jcr)
 .jcr           0x1fff80c8        0x0 c:/program files (x86)/cypress/psoc creator/4.2/psoc creator/import/gnu/arm/5.4.1/bin/../lib/gcc/arm-none-eabi/5.4.1/armv7-m/crtbegin.o
 .jcr           0x1fff80c8        0x4 c:/program files (x86)/cypress/psoc creator/4.2/psoc creator/import/gnu/arm/5.4.1/bin/../lib/gcc/arm-none-eabi/5.4.1/armv7-m/crtend.o
 *(.got.plt)
 *(.got)
 *(.shdata)
 *(.data .data.* .gnu.linkonce.d.*)
 .data          0x1fff80cc       0x4c .\CortexM3\ARM_GCC_541\Debug\main.o
                0x1fff80cc                flag_rf_transmission_active
                0x1fff80d0                displaystring
                0x1fff8110                currentDirection
                0x1fff8114                previousDirection
 .data          0x1fff8118        0xa .\CortexM3\ARM_GCC_541\Debug\movement.o
                0x1fff8118                rangeMovementMultiplier
                0x1fff811c                minMovementMultiplier
                0x1fff8120                maxTurnCount
 *fill*         0x1fff8122        0x2 
 .data          0x1fff8124       0x10 .\CortexM3\ARM_GCC_541\Debug\CS301_Class.a(CyLib.o)
                0x1fff8124                cydelay_freq_hz
                0x1fff8128                cydelay_freq_khz
                0x1fff812c                cydelay_freq_mhz
                0x1fff8130                cydelay_32k_ms
 .data          0x1fff8134       0x1a .\CortexM3\ARM_GCC_541\Debug\CS301_Class.a(USBUART_cdc.o)
                0x1fff8134                USBUART_linesCoding
 *fill*         0x1fff814e        0x2 
 .data.impure_data
                0x1fff8150       0x60 c:/program files (x86)/cypress/psoc creator/4.2/psoc creator/import/gnu/arm/5.4.1/bin/../lib/gcc/arm-none-eabi/5.4.1/../../../../arm-none-eabi/lib/armv7-m\libg_nano.a(lib_a-impure.o)
 .data._impure_ptr
                0x1fff81b0        0x4 c:/program files (x86)/cypress/psoc creator/4.2/psoc creator/import/gnu/arm/5.4.1/bin/../lib/gcc/arm-none-eabi/5.4.1/../../../../arm-none-eabi/lib/armv7-m\libg_nano.a(lib_a-impure.o)
                0x1fff81b0                _impure_ptr
                0x1fff81b8                . = ALIGN (0x8)
 *fill*         0x1fff81b4        0x4 
 *(.ram)
                0x1fff81b8                _edata = .

.igot.plt       0x1fff81b8        0x0 load address 0x00004fc8
 .igot.plt      0x1fff81b8        0x0 c:/program files (x86)/cypress/psoc creator/4.2/psoc creator/import/gnu/arm/5.4.1/bin/../lib/gcc/arm-none-eabi/5.4.1/armv7-m/crtbegin.o

.bss            0x1fff81b8      0x138 load address 0x00004fc8
                0x1fff81b8                PROVIDE (__bss_start__, .)
 *(.shbss)
 *(.bss .bss.* .gnu.linkonce.b.*)
 .bss           0x1fff81b8       0x1c c:/program files (x86)/cypress/psoc creator/4.2/psoc creator/import/gnu/arm/5.4.1/bin/../lib/gcc/arm-none-eabi/5.4.1/armv7-m/crtbegin.o
 .bss           0x1fff81d4       0x30 .\CortexM3\ARM_GCC_541\Debug\main.o
                0x1fff81d4                ts
                0x1fff81d6                ts_enc
                0x1fff81d8                ts_update
                0x1fff81da                ts_speed
                0x1fff81dc                ts_display
                0x1fff81de                flag_ts_enc
                0x1fff81df                flag_ts_update
                0x1fff81e0                flag_ts_speed
                0x1fff81e1                flag_ts_display
                0x1fff81e2                flag_rx
                0x1fff81e3                flag_packet
                0x1fff81e4                flag_KB_string
                0x1fff81e5                dataready_flag
                0x1fff81e6                s1
                0x1fff81e7                s2
                0x1fff81e8                s3
                0x1fff81e9                s4
                0x1fff81ea                s5
                0x1fff81eb                s6
                0x1fff81ec                totalMilliseconds
                0x1fff81f0                totalDistance
                0x1fff81f4                quadDec2Count
                0x1fff81f8                timerInt
                0x1fff81fc                keepLedOn
                0x1fff8200                stopBuffer
 .bss           0x1fff8204        0x1 .\CortexM3\ARM_GCC_541\Debug\usbUART.o
                0x1fff8204                USBUART_initVar
 *fill*         0x1fff8205        0x3 
 .bss           0x1fff8208        0x2 .\CortexM3\ARM_GCC_541\Debug\CS301_Class.a(USBUART_std.o)
 .bss           0x1fff820a        0x1 .\CortexM3\ARM_GCC_541\Debug\CS301_Class.a(PWM_1.o)
                0x1fff820a                PWM_1_initVar
 .bss           0x1fff820b        0x1 .\CortexM3\ARM_GCC_541\Debug\CS301_Class.a(PWM_2.o)
                0x1fff820b                PWM_2_initVar
 .bss           0x1fff820c        0x1 .\CortexM3\ARM_GCC_541\Debug\CS301_Class.a(QuadDec_M1.o)
                0x1fff820c                QuadDec_M1_initVar
 .bss           0x1fff820d        0x1 .\CortexM3\ARM_GCC_541\Debug\CS301_Class.a(QuadDec_M2.o)
                0x1fff820d                QuadDec_M2_initVar
 .bss           0x1fff820e        0x1 .\CortexM3\ARM_GCC_541\Debug\CS301_Class.a(QuadDec_M1_Cnt16.o)
                0x1fff820e                QuadDec_M1_Cnt16_initVar
 .bss           0x1fff820f        0x1 .\CortexM3\ARM_GCC_541\Debug\CS301_Class.a(QuadDec_M2_Cnt16.o)
                0x1fff820f                QuadDec_M2_Cnt16_initVar
 .bss           0x1fff8210        0x1 .\CortexM3\ARM_GCC_541\Debug\CS301_Class.a(SpeedTimer.o)
                0x1fff8210                SpeedTimer_initVar
 .bss           0x1fff8211        0x1 .\CortexM3\ARM_GCC_541\Debug\CS301_Class.a(Timer_LED.o)
                0x1fff8211                Timer_LED_initVar
 *(COMMON)
 *fill*         0x1fff8212        0x2 
 COMMON         0x1fff8214       0x9a .\CortexM3\ARM_GCC_541\Debug\CS301_Class.a(USBUART_drv.o)
                0x1fff8214                USBUART_lastPacketSize
                0x1fff8215                USBUART_device
                0x1fff8216                USBUART_transferByteCount
                0x1fff8218                USBUART_transferState
                0x1fff821c                USBUART_interfaceSettingLast
                0x1fff8220                USBUART_currentTD
                0x1fff822c                USBUART_interfaceNumber
                0x1fff8230                USBUART_interfaceClass
                0x1fff8234                USBUART_configurationChanged
                0x1fff8235                USBUART_ep0Mode
                0x1fff8236                USBUART_deviceAddress
                0x1fff8237                USBUART_configuration
                0x1fff8238                USBUART_ep0Count
                0x1fff8239                USBUART_deviceStatus
                0x1fff823c                USBUART_EP
                0x1fff82a8                USBUART_interfaceSetting
                0x1fff82aa                USBUART_ep0Toggle
                0x1fff82ac                USBUART_interfaceStatus
 *fill*         0x1fff82ae        0x2 
 COMMON         0x1fff82b0       0x18 .\CortexM3\ARM_GCC_541\Debug\CS301_Class.a(USBUART_cdc.o)
                0x1fff82b0                USBUART_linesChanged
                0x1fff82b4                USBUART_cdcDataInEp
                0x1fff82b8                USBUART_cdcCommInInterruptEp
                0x1fff82bc                USBUART_cdcDataOutEp
                0x1fff82c0                USBUART_serialStateBitmap
                0x1fff82c4                USBUART_linesControlBitmap
 COMMON         0x1fff82c8       0x22 .\CortexM3\ARM_GCC_541\Debug\CS301_Class.a(USBUART_descr.o)
                0x1fff82c8                USBUART_idSerialNumberStringDescriptor
                0x1fff82f0                . = ALIGN (0x8)
 *fill*         0x1fff82ea        0x6 
 *(.ram.b)
                0x1fff82f0                _end = .
                0x1fff82f0                __end = .
                0x1fff82f0                PROVIDE (end, .)
                0x1fff82f0                PROVIDE (__bss_end__, .)
                0x00004ed8                __cy_region_init_ram = LOADADDR (.data)
                0x000000f0                __cy_region_init_size_ram = (_edata - ADDR (.data))
                0x00000138                __cy_region_zero_size_ram = (_end - _edata)

.heap           0x1fff82f0       0x80 load address 0x00004fc8
                0x1fff82f0                . = _end
                0x1fff8370                . = (. + 0x80)
 *fill*         0x1fff82f0       0x80 
                0x1fff8370                __cy_heap_limit = .

.stack          0x20007800      0x800
                0x20007800                __cy_stack_limit = .
                0x20008000                . = (. + 0x800)
 *fill*         0x20007800      0x800 
                0x00000001                ASSERT ((__cy_stack_limit >= __cy_heap_limit), region RAM overflowed with stack)
                0x00000000                cy_checksum_exclude_size = (CY_APPL_LOADABLE == 0x1)?SIZEOF (.cy_checksum_exclude):0x0
                0x00000001                ASSERT ((cy_checksum_exclude_size <= CY_CHECKSUM_EXCLUDE_SIZE), CY_BOOT: Section .cy_checksum_exclude size exceedes specified limit.)

.cyloadermeta
 *(.cyloadermeta)

.cyloadablemeta
 *(.cyloadablemeta)

.cyconfigecc    0x80000000      0xd18
 *(.cyconfigecc)
 .cyconfigecc   0x80000000      0xd18 .\CortexM3\ARM_GCC_541\Debug\cymetadata.o
                0x80000000                cy_meta_configecc

.cycustnvl      0x90000000        0x4
 *(.cycustnvl)
 .cycustnvl     0x90000000        0x4 .\CortexM3\ARM_GCC_541\Debug\cymetadata.o
                0x90000000                cy_meta_custnvl

.cywolatch      0x90100000        0x4
 *(.cywolatch)
 .cywolatch     0x90100000        0x4 .\CortexM3\ARM_GCC_541\Debug\cymetadata.o
                0x90100000                cy_meta_wonvl

.cyeeprom       0x90200000        0x0
 *(.cyeeprom)
                0x00000001                ASSERT ((. <= ((0x90200000 + ee_offset) + ee_size)), .cyeeprom data will not fit in EEPROM)

.cyflashprotect
                0x90400000      0x100
 *(.cyflashprotect)
 .cyflashprotect
                0x90400000      0x100 .\CortexM3\ARM_GCC_541\Debug\cymetadata.o
                0x90400000                cy_meta_flashprotect

.cymeta         0x90500000        0xc
 *(.cymeta)
 .cymeta        0x90500000        0xc .\CortexM3\ARM_GCC_541\Debug\cymetadata.o
                0x90500000                cy_metadata

.rel.dyn        0x00004fc8        0x0 load address 0x9050000c
 .rel.iplt      0x00004fc8        0x0 c:/program files (x86)/cypress/psoc creator/4.2/psoc creator/import/gnu/arm/5.4.1/bin/../lib/gcc/arm-none-eabi/5.4.1/armv7-m/crtbegin.o

.stab
 *(.stab)

.stabstr
 *(.stabstr)

.debug
 *(.debug)

.line
 *(.line)

.debug_srcinfo
 *(.debug_srcinfo)

.debug_sfnames
 *(.debug_sfnames)

.debug_aranges  0x00000000     0x1330
 *(.debug_aranges)
 .debug_aranges
                0x00000000       0x80 .\CortexM3\ARM_GCC_541\Debug\main.o
 .debug_aranges
                0x00000080       0x28 .\CortexM3\ARM_GCC_541\Debug\tacho.o
 .debug_aranges
                0x000000a8       0x20 .\CortexM3\ARM_GCC_541\Debug\initialise.o
 .debug_aranges
                0x000000c8       0x18 .\CortexM3\ARM_GCC_541\Debug\pathfinding.o
 .debug_aranges
                0x000000e0       0x50 .\CortexM3\ARM_GCC_541\Debug\movement.o
 .debug_aranges
                0x00000130       0xc8 .\CortexM3\ARM_GCC_541\Debug\usbUART.o
 .debug_aranges
                0x000001f8       0x60 .\CortexM3\ARM_GCC_541\Debug\cyfitter_cfg.o
 .debug_aranges
                0x00000258       0x18 .\CortexM3\ARM_GCC_541\Debug\cymetadata.o
 .debug_aranges
                0x00000270       0x48 .\CortexM3\ARM_GCC_541\Debug\Cm3Start.o
 .debug_aranges
                0x000002b8       0x98 .\CortexM3\ARM_GCC_541\Debug\CS301_Class.a(USBUART_drv.o)
 .debug_aranges
                0x00000350       0x40 .\CortexM3\ARM_GCC_541\Debug\CS301_Class.a(USBUART_episr.o)
 .debug_aranges
                0x00000390       0x40 .\CortexM3\ARM_GCC_541\Debug\CS301_Class.a(USBUART_pm.o)
 .debug_aranges
                0x000003d0       0x80 .\CortexM3\ARM_GCC_541\Debug\CS301_Class.a(USBUART_std.o)
 .debug_aranges
                0x00000450       0x20 .\CortexM3\ARM_GCC_541\Debug\CS301_Class.a(USBUART_vnd.o)
 .debug_aranges
                0x00000470       0x48 .\CortexM3\ARM_GCC_541\Debug\CS301_Class.a(USBUART_Dp.o)
 .debug_aranges
                0x000004b8      0x2a0 .\CortexM3\ARM_GCC_541\Debug\CS301_Class.a(CyLib.o)
 .debug_aranges
                0x00000758       0x98 .\CortexM3\ARM_GCC_541\Debug\CS301_Class.a(cyPm.o)
 .debug_aranges
                0x000007f0       0x78 .\CortexM3\ARM_GCC_541\Debug\CS301_Class.a(PWM_1.o)
 .debug_aranges
                0x00000868       0x70 .\CortexM3\ARM_GCC_541\Debug\CS301_Class.a(Clock_PWM.o)
 .debug_aranges
                0x000008d8       0x78 .\CortexM3\ARM_GCC_541\Debug\CS301_Class.a(PWM_2.o)
 .debug_aranges
                0x00000950       0x60 .\CortexM3\ARM_GCC_541\Debug\CS301_Class.a(QuadDec_M1.o)
 .debug_aranges
                0x000009b0       0x60 .\CortexM3\ARM_GCC_541\Debug\CS301_Class.a(QuadDec_M2.o)
 .debug_aranges
                0x00000a10       0x98 .\CortexM3\ARM_GCC_541\Debug\CS301_Class.a(QuadDec_M1_Cnt16.o)
 .debug_aranges
                0x00000aa8       0x98 .\CortexM3\ARM_GCC_541\Debug\CS301_Class.a(QuadDec_M2_Cnt16.o)
 .debug_aranges
                0x00000b40       0x28 .\CortexM3\ARM_GCC_541\Debug\CS301_Class.a(RF_BT_SELECT.o)
 .debug_aranges
                0x00000b68       0x88 .\CortexM3\ARM_GCC_541\Debug\CS301_Class.a(SpeedTimer.o)
 .debug_aranges
                0x00000bf0       0x80 .\CortexM3\ARM_GCC_541\Debug\CS301_Class.a(isr_speed.o)
 .debug_aranges
                0x00000c70       0x70 .\CortexM3\ARM_GCC_541\Debug\CS301_Class.a(SpeedClock.o)
 .debug_aranges
                0x00000ce0       0x88 .\CortexM3\ARM_GCC_541\Debug\CS301_Class.a(Timer_LED.o)
 .debug_aranges
                0x00000d68       0x80 .\CortexM3\ARM_GCC_541\Debug\CS301_Class.a(isr_Timer_LED.o)
 .debug_aranges
                0x00000de8       0x80 .\CortexM3\ARM_GCC_541\Debug\CS301_Class.a(S1_detected.o)
 .debug_aranges
                0x00000e68       0x80 .\CortexM3\ARM_GCC_541\Debug\CS301_Class.a(S2_detected.o)
 .debug_aranges
                0x00000ee8       0x80 .\CortexM3\ARM_GCC_541\Debug\CS301_Class.a(S3_detected.o)
 .debug_aranges
                0x00000f68       0x80 .\CortexM3\ARM_GCC_541\Debug\CS301_Class.a(S4_detected.o)
 .debug_aranges
                0x00000fe8       0x80 .\CortexM3\ARM_GCC_541\Debug\CS301_Class.a(S5_detected.o)
 .debug_aranges
                0x00001068       0x80 .\CortexM3\ARM_GCC_541\Debug\CS301_Class.a(S6_detected.o)
 .debug_aranges
                0x000010e8       0x20 .\CortexM3\ARM_GCC_541\Debug\CS301_Class.a(CyBootAsmGnu.o)
 .debug_aranges
                0x00001108       0xe8 .\CortexM3\ARM_GCC_541\Debug\CS301_Class.a(USBUART_cdc.o)
 .debug_aranges
                0x000011f0       0x20 .\CortexM3\ARM_GCC_541\Debug\CS301_Class.a(USBUART_cls.o)
 .debug_aranges
                0x00001210       0x18 .\CortexM3\ARM_GCC_541\Debug\CS301_Class.a(USBUART_descr.o)
 .debug_aranges
                0x00001228       0x88 .\CortexM3\ARM_GCC_541\Debug\CS301_Class.a(CyFlash.o)
 .debug_aranges
                0x000012b0       0x80 .\CortexM3\ARM_GCC_541\Debug\CS301_Class.a(CySpc.o)

.debug_pubnames
 *(.debug_pubnames)

.debug_info     0x00000000     0x849d
 *(.debug_info .gnu.linkonce.wi.*)
 .debug_info    0x00000000      0x5d2 .\CortexM3\ARM_GCC_541\Debug\main.o
 .debug_info    0x000005d2      0x14e .\CortexM3\ARM_GCC_541\Debug\tacho.o
 .debug_info    0x00000720       0xc7 .\CortexM3\ARM_GCC_541\Debug\initialise.o
 .debug_info    0x000007e7       0x79 .\CortexM3\ARM_GCC_541\Debug\pathfinding.o
 .debug_info    0x00000860      0x24c .\CortexM3\ARM_GCC_541\Debug\movement.o
 .debug_info    0x00000aac      0x717 .\CortexM3\ARM_GCC_541\Debug\usbUART.o
 .debug_info    0x000011c3      0x463 .\CortexM3\ARM_GCC_541\Debug\cyfitter_cfg.o
 .debug_info    0x00001626      0x139 .\CortexM3\ARM_GCC_541\Debug\cymetadata.o
 .debug_info    0x0000175f      0x32b .\CortexM3\ARM_GCC_541\Debug\Cm3Start.o
 .debug_info    0x00001a8a      0x52d .\CortexM3\ARM_GCC_541\Debug\CS301_Class.a(USBUART_drv.o)
 .debug_info    0x00001fb7      0x23b .\CortexM3\ARM_GCC_541\Debug\CS301_Class.a(USBUART_episr.o)
 .debug_info    0x000021f2      0x18d .\CortexM3\ARM_GCC_541\Debug\CS301_Class.a(USBUART_pm.o)
 .debug_info    0x0000237f      0x961 .\CortexM3\ARM_GCC_541\Debug\CS301_Class.a(USBUART_std.o)
 .debug_info    0x00002ce0      0x1a9 .\CortexM3\ARM_GCC_541\Debug\CS301_Class.a(USBUART_vnd.o)
 .debug_info    0x00002e89      0x171 .\CortexM3\ARM_GCC_541\Debug\CS301_Class.a(USBUART_Dp.o)
 .debug_info    0x00002ffa      0xe51 .\CortexM3\ARM_GCC_541\Debug\CS301_Class.a(CyLib.o)
 .debug_info    0x00003e4b      0x57a .\CortexM3\ARM_GCC_541\Debug\CS301_Class.a(cyPm.o)
 .debug_info    0x000043c5      0x235 .\CortexM3\ARM_GCC_541\Debug\CS301_Class.a(PWM_1.o)
 .debug_info    0x000045fa      0x25d .\CortexM3\ARM_GCC_541\Debug\CS301_Class.a(Clock_PWM.o)
 .debug_info    0x00004857      0x235 .\CortexM3\ARM_GCC_541\Debug\CS301_Class.a(PWM_2.o)
 .debug_info    0x00004a8c      0x208 .\CortexM3\ARM_GCC_541\Debug\CS301_Class.a(QuadDec_M1.o)
 .debug_info    0x00004c94      0x208 .\CortexM3\ARM_GCC_541\Debug\CS301_Class.a(QuadDec_M2.o)
 .debug_info    0x00004e9c      0x291 .\CortexM3\ARM_GCC_541\Debug\CS301_Class.a(QuadDec_M1_Cnt16.o)
 .debug_info    0x0000512d      0x291 .\CortexM3\ARM_GCC_541\Debug\CS301_Class.a(QuadDec_M2_Cnt16.o)
 .debug_info    0x000053be       0xd7 .\CortexM3\ARM_GCC_541\Debug\CS301_Class.a(RF_BT_SELECT.o)
 .debug_info    0x00005495      0x245 .\CortexM3\ARM_GCC_541\Debug\CS301_Class.a(SpeedTimer.o)
 .debug_info    0x000056da      0x241 .\CortexM3\ARM_GCC_541\Debug\CS301_Class.a(isr_speed.o)
 .debug_info    0x0000591b      0x25d .\CortexM3\ARM_GCC_541\Debug\CS301_Class.a(SpeedClock.o)
 .debug_info    0x00005b78      0x245 .\CortexM3\ARM_GCC_541\Debug\CS301_Class.a(Timer_LED.o)
 .debug_info    0x00005dbd      0x241 .\CortexM3\ARM_GCC_541\Debug\CS301_Class.a(isr_Timer_LED.o)
 .debug_info    0x00005ffe      0x241 .\CortexM3\ARM_GCC_541\Debug\CS301_Class.a(S1_detected.o)
 .debug_info    0x0000623f      0x241 .\CortexM3\ARM_GCC_541\Debug\CS301_Class.a(S2_detected.o)
 .debug_info    0x00006480      0x241 .\CortexM3\ARM_GCC_541\Debug\CS301_Class.a(S3_detected.o)
 .debug_info    0x000066c1      0x241 .\CortexM3\ARM_GCC_541\Debug\CS301_Class.a(S4_detected.o)
 .debug_info    0x00006902      0x241 .\CortexM3\ARM_GCC_541\Debug\CS301_Class.a(S5_detected.o)
 .debug_info    0x00006b43      0x241 .\CortexM3\ARM_GCC_541\Debug\CS301_Class.a(S6_detected.o)
 .debug_info    0x00006d84       0xd3 .\CortexM3\ARM_GCC_541\Debug\CS301_Class.a(CyBootAsmGnu.o)
 .debug_info    0x00006e57      0x924 .\CortexM3\ARM_GCC_541\Debug\CS301_Class.a(USBUART_cdc.o)
 .debug_info    0x0000777b      0x1c8 .\CortexM3\ARM_GCC_541\Debug\CS301_Class.a(USBUART_cls.o)
 .debug_info    0x00007943      0x2e1 .\CortexM3\ARM_GCC_541\Debug\CS301_Class.a(USBUART_descr.o)
 .debug_info    0x00007c24      0x3b9 .\CortexM3\ARM_GCC_541\Debug\CS301_Class.a(CyFlash.o)
 .debug_info    0x00007fdd      0x4c0 .\CortexM3\ARM_GCC_541\Debug\CS301_Class.a(CySpc.o)

.debug_abbrev   0x00000000     0x30ba
 *(.debug_abbrev)
 .debug_abbrev  0x00000000      0x1c2 .\CortexM3\ARM_GCC_541\Debug\main.o
 .debug_abbrev  0x000001c2       0x96 .\CortexM3\ARM_GCC_541\Debug\tacho.o
 .debug_abbrev  0x00000258       0x65 .\CortexM3\ARM_GCC_541\Debug\initialise.o
 .debug_abbrev  0x000002bd       0x26 .\CortexM3\ARM_GCC_541\Debug\pathfinding.o
 .debug_abbrev  0x000002e3       0xaa .\CortexM3\ARM_GCC_541\Debug\movement.o
 .debug_abbrev  0x0000038d      0x1f3 .\CortexM3\ARM_GCC_541\Debug\usbUART.o
 .debug_abbrev  0x00000580      0x1b7 .\CortexM3\ARM_GCC_541\Debug\cyfitter_cfg.o
 .debug_abbrev  0x00000737       0x77 .\CortexM3\ARM_GCC_541\Debug\cymetadata.o
 .debug_abbrev  0x000007ae      0x1d6 .\CortexM3\ARM_GCC_541\Debug\Cm3Start.o
 .debug_abbrev  0x00000984      0x161 .\CortexM3\ARM_GCC_541\Debug\CS301_Class.a(USBUART_drv.o)
 .debug_abbrev  0x00000ae5       0xfd .\CortexM3\ARM_GCC_541\Debug\CS301_Class.a(USBUART_episr.o)
 .debug_abbrev  0x00000be2       0xd1 .\CortexM3\ARM_GCC_541\Debug\CS301_Class.a(USBUART_pm.o)
 .debug_abbrev  0x00000cb3      0x1c2 .\CortexM3\ARM_GCC_541\Debug\CS301_Class.a(USBUART_std.o)
 .debug_abbrev  0x00000e75       0xc5 .\CortexM3\ARM_GCC_541\Debug\CS301_Class.a(USBUART_vnd.o)
 .debug_abbrev  0x00000f3a       0x90 .\CortexM3\ARM_GCC_541\Debug\CS301_Class.a(USBUART_Dp.o)
 .debug_abbrev  0x00000fca      0x217 .\CortexM3\ARM_GCC_541\Debug\CS301_Class.a(CyLib.o)
 .debug_abbrev  0x000011e1      0x161 .\CortexM3\ARM_GCC_541\Debug\CS301_Class.a(cyPm.o)
 .debug_abbrev  0x00001342      0x116 .\CortexM3\ARM_GCC_541\Debug\CS301_Class.a(PWM_1.o)
 .debug_abbrev  0x00001458      0x11d .\CortexM3\ARM_GCC_541\Debug\CS301_Class.a(Clock_PWM.o)
 .debug_abbrev  0x00001575      0x116 .\CortexM3\ARM_GCC_541\Debug\CS301_Class.a(PWM_2.o)
 .debug_abbrev  0x0000168b      0x130 .\CortexM3\ARM_GCC_541\Debug\CS301_Class.a(QuadDec_M1.o)
 .debug_abbrev  0x000017bb      0x130 .\CortexM3\ARM_GCC_541\Debug\CS301_Class.a(QuadDec_M2.o)
 .debug_abbrev  0x000018eb      0x12c .\CortexM3\ARM_GCC_541\Debug\CS301_Class.a(QuadDec_M1_Cnt16.o)
 .debug_abbrev  0x00001a17      0x12c .\CortexM3\ARM_GCC_541\Debug\CS301_Class.a(QuadDec_M2_Cnt16.o)
 .debug_abbrev  0x00001b43       0x81 .\CortexM3\ARM_GCC_541\Debug\CS301_Class.a(RF_BT_SELECT.o)
 .debug_abbrev  0x00001bc4       0xe9 .\CortexM3\ARM_GCC_541\Debug\CS301_Class.a(SpeedTimer.o)
 .debug_abbrev  0x00001cad      0x172 .\CortexM3\ARM_GCC_541\Debug\CS301_Class.a(isr_speed.o)
 .debug_abbrev  0x00001e1f      0x11d .\CortexM3\ARM_GCC_541\Debug\CS301_Class.a(SpeedClock.o)
 .debug_abbrev  0x00001f3c       0xe9 .\CortexM3\ARM_GCC_541\Debug\CS301_Class.a(Timer_LED.o)
 .debug_abbrev  0x00002025      0x172 .\CortexM3\ARM_GCC_541\Debug\CS301_Class.a(isr_Timer_LED.o)
 .debug_abbrev  0x00002197      0x172 .\CortexM3\ARM_GCC_541\Debug\CS301_Class.a(S1_detected.o)
 .debug_abbrev  0x00002309      0x172 .\CortexM3\ARM_GCC_541\Debug\CS301_Class.a(S2_detected.o)
 .debug_abbrev  0x0000247b      0x172 .\CortexM3\ARM_GCC_541\Debug\CS301_Class.a(S3_detected.o)
 .debug_abbrev  0x000025ed      0x172 .\CortexM3\ARM_GCC_541\Debug\CS301_Class.a(S4_detected.o)
 .debug_abbrev  0x0000275f      0x172 .\CortexM3\ARM_GCC_541\Debug\CS301_Class.a(S5_detected.o)
 .debug_abbrev  0x000028d1      0x172 .\CortexM3\ARM_GCC_541\Debug\CS301_Class.a(S6_detected.o)
 .debug_abbrev  0x00002a43       0x14 .\CortexM3\ARM_GCC_541\Debug\CS301_Class.a(CyBootAsmGnu.o)
 .debug_abbrev  0x00002a57      0x233 .\CortexM3\ARM_GCC_541\Debug\CS301_Class.a(USBUART_cdc.o)
 .debug_abbrev  0x00002c8a       0xc5 .\CortexM3\ARM_GCC_541\Debug\CS301_Class.a(USBUART_cls.o)
 .debug_abbrev  0x00002d4f       0xb4 .\CortexM3\ARM_GCC_541\Debug\CS301_Class.a(USBUART_descr.o)
 .debug_abbrev  0x00002e03      0x14b .\CortexM3\ARM_GCC_541\Debug\CS301_Class.a(CyFlash.o)
 .debug_abbrev  0x00002f4e      0x16c .\CortexM3\ARM_GCC_541\Debug\CS301_Class.a(CySpc.o)

.debug_line     0x00000000     0x4811
 *(.debug_line)
 .debug_line    0x00000000      0x372 .\CortexM3\ARM_GCC_541\Debug\main.o
 .debug_line    0x00000372      0x183 .\CortexM3\ARM_GCC_541\Debug\tacho.o
 .debug_line    0x000004f5      0x168 .\CortexM3\ARM_GCC_541\Debug\initialise.o
 .debug_line    0x0000065d       0x1d .\CortexM3\ARM_GCC_541\Debug\pathfinding.o
 .debug_line    0x0000067a      0x1e8 .\CortexM3\ARM_GCC_541\Debug\movement.o
 .debug_line    0x00000862      0x307 .\CortexM3\ARM_GCC_541\Debug\usbUART.o
 .debug_line    0x00000b69      0x224 .\CortexM3\ARM_GCC_541\Debug\cyfitter_cfg.o
 .debug_line    0x00000d8d      0x141 .\CortexM3\ARM_GCC_541\Debug\cymetadata.o
 .debug_line    0x00000ece      0x1dc .\CortexM3\ARM_GCC_541\Debug\Cm3Start.o
 .debug_line    0x000010aa      0x21f .\CortexM3\ARM_GCC_541\Debug\CS301_Class.a(USBUART_drv.o)
 .debug_line    0x000012c9       0xf2 .\CortexM3\ARM_GCC_541\Debug\CS301_Class.a(USBUART_episr.o)
 .debug_line    0x000013bb       0xe6 .\CortexM3\ARM_GCC_541\Debug\CS301_Class.a(USBUART_pm.o)
 .debug_line    0x000014a1      0x470 .\CortexM3\ARM_GCC_541\Debug\CS301_Class.a(USBUART_std.o)
 .debug_line    0x00001911       0x8f .\CortexM3\ARM_GCC_541\Debug\CS301_Class.a(USBUART_vnd.o)
 .debug_line    0x000019a0       0xbf .\CortexM3\ARM_GCC_541\Debug\CS301_Class.a(USBUART_Dp.o)
 .debug_line    0x00001a5f      0x883 .\CortexM3\ARM_GCC_541\Debug\CS301_Class.a(CyLib.o)
 .debug_line    0x000022e2      0x38e .\CortexM3\ARM_GCC_541\Debug\CS301_Class.a(cyPm.o)
 .debug_line    0x00002670      0x140 .\CortexM3\ARM_GCC_541\Debug\CS301_Class.a(PWM_1.o)
 .debug_line    0x000027b0      0x1a8 .\CortexM3\ARM_GCC_541\Debug\CS301_Class.a(Clock_PWM.o)
 .debug_line    0x00002958      0x140 .\CortexM3\ARM_GCC_541\Debug\CS301_Class.a(PWM_2.o)
 .debug_line    0x00002a98      0x10a .\CortexM3\ARM_GCC_541\Debug\CS301_Class.a(QuadDec_M1.o)
 .debug_line    0x00002ba2      0x10a .\CortexM3\ARM_GCC_541\Debug\CS301_Class.a(QuadDec_M2.o)
 .debug_line    0x00002cac      0x18e .\CortexM3\ARM_GCC_541\Debug\CS301_Class.a(QuadDec_M1_Cnt16.o)
 .debug_line    0x00002e3a      0x18e .\CortexM3\ARM_GCC_541\Debug\CS301_Class.a(QuadDec_M2_Cnt16.o)
 .debug_line    0x00002fc8       0x75 .\CortexM3\ARM_GCC_541\Debug\CS301_Class.a(RF_BT_SELECT.o)
 .debug_line    0x0000303d      0x162 .\CortexM3\ARM_GCC_541\Debug\CS301_Class.a(SpeedTimer.o)
 .debug_line    0x0000319f      0x154 .\CortexM3\ARM_GCC_541\Debug\CS301_Class.a(isr_speed.o)
 .debug_line    0x000032f3      0x1a9 .\CortexM3\ARM_GCC_541\Debug\CS301_Class.a(SpeedClock.o)
 .debug_line    0x0000349c      0x161 .\CortexM3\ARM_GCC_541\Debug\CS301_Class.a(Timer_LED.o)
 .debug_line    0x000035fd      0x158 .\CortexM3\ARM_GCC_541\Debug\CS301_Class.a(isr_Timer_LED.o)
 .debug_line    0x00003755      0x146 .\CortexM3\ARM_GCC_541\Debug\CS301_Class.a(S1_detected.o)
 .debug_line    0x0000389b      0x156 .\CortexM3\ARM_GCC_541\Debug\CS301_Class.a(S2_detected.o)
 .debug_line    0x000039f1      0x156 .\CortexM3\ARM_GCC_541\Debug\CS301_Class.a(S3_detected.o)
 .debug_line    0x00003b47      0x156 .\CortexM3\ARM_GCC_541\Debug\CS301_Class.a(S4_detected.o)
 .debug_line    0x00003c9d      0x156 .\CortexM3\ARM_GCC_541\Debug\CS301_Class.a(S5_detected.o)
 .debug_line    0x00003df3      0x156 .\CortexM3\ARM_GCC_541\Debug\CS301_Class.a(S6_detected.o)
 .debug_line    0x00003f49       0x66 .\CortexM3\ARM_GCC_541\Debug\CS301_Class.a(CyBootAsmGnu.o)
 .debug_line    0x00003faf      0x30c .\CortexM3\ARM_GCC_541\Debug\CS301_Class.a(USBUART_cdc.o)
 .debug_line    0x000042bb       0x95 .\CortexM3\ARM_GCC_541\Debug\CS301_Class.a(USBUART_cls.o)
 .debug_line    0x00004350       0x61 .\CortexM3\ARM_GCC_541\Debug\CS301_Class.a(USBUART_descr.o)
 .debug_line    0x000043b1      0x22f .\CortexM3\ARM_GCC_541\Debug\CS301_Class.a(CyFlash.o)
 .debug_line    0x000045e0      0x231 .\CortexM3\ARM_GCC_541\Debug\CS301_Class.a(CySpc.o)

.debug_frame    0x00000000     0x49e0
 *(.debug_frame)
 .debug_frame   0x00000000      0x1dc .\CortexM3\ARM_GCC_541\Debug\main.o
 .debug_frame   0x000001dc       0x60 .\CortexM3\ARM_GCC_541\Debug\tacho.o
 .debug_frame   0x0000023c       0x2c .\CortexM3\ARM_GCC_541\Debug\initialise.o
 .debug_frame   0x00000268      0x110 .\CortexM3\ARM_GCC_541\Debug\movement.o
 .debug_frame   0x00000378      0x37c .\CortexM3\ARM_GCC_541\Debug\usbUART.o
 .debug_frame   0x000006f4      0x16c .\CortexM3\ARM_GCC_541\Debug\cyfitter_cfg.o
 .debug_frame   0x00000860       0xd8 .\CortexM3\ARM_GCC_541\Debug\Cm3Start.o
 .debug_frame   0x00000938      0x23c .\CortexM3\ARM_GCC_541\Debug\CS301_Class.a(USBUART_drv.o)
 .debug_frame   0x00000b74       0xbc .\CortexM3\ARM_GCC_541\Debug\CS301_Class.a(USBUART_episr.o)
 .debug_frame   0x00000c30       0xbc .\CortexM3\ARM_GCC_541\Debug\CS301_Class.a(USBUART_pm.o)
 .debug_frame   0x00000cec      0x224 .\CortexM3\ARM_GCC_541\Debug\CS301_Class.a(USBUART_std.o)
 .debug_frame   0x00000f10       0x38 .\CortexM3\ARM_GCC_541\Debug\CS301_Class.a(USBUART_vnd.o)
 .debug_frame   0x00000f48       0xf4 .\CortexM3\ARM_GCC_541\Debug\CS301_Class.a(USBUART_Dp.o)
 .debug_frame   0x0000103c      0xc0c .\CortexM3\ARM_GCC_541\Debug\CS301_Class.a(CyLib.o)
 .debug_frame   0x00001c48      0x234 .\CortexM3\ARM_GCC_541\Debug\CS301_Class.a(cyPm.o)
 .debug_frame   0x00001e7c      0x1d0 .\CortexM3\ARM_GCC_541\Debug\CS301_Class.a(PWM_1.o)
 .debug_frame   0x0000204c      0x1b4 .\CortexM3\ARM_GCC_541\Debug\CS301_Class.a(Clock_PWM.o)
 .debug_frame   0x00002200      0x1d0 .\CortexM3\ARM_GCC_541\Debug\CS301_Class.a(PWM_2.o)
 .debug_frame   0x000023d0      0x160 .\CortexM3\ARM_GCC_541\Debug\CS301_Class.a(QuadDec_M1.o)
 .debug_frame   0x00002530      0x160 .\CortexM3\ARM_GCC_541\Debug\CS301_Class.a(QuadDec_M2.o)
 .debug_frame   0x00002690      0x258 .\CortexM3\ARM_GCC_541\Debug\CS301_Class.a(QuadDec_M1_Cnt16.o)
 .debug_frame   0x000028e8      0x258 .\CortexM3\ARM_GCC_541\Debug\CS301_Class.a(QuadDec_M2_Cnt16.o)
 .debug_frame   0x00002b40       0x5c .\CortexM3\ARM_GCC_541\Debug\CS301_Class.a(RF_BT_SELECT.o)
 .debug_frame   0x00002b9c      0x208 .\CortexM3\ARM_GCC_541\Debug\CS301_Class.a(SpeedTimer.o)
 .debug_frame   0x00002da4      0x1e8 .\CortexM3\ARM_GCC_541\Debug\CS301_Class.a(isr_speed.o)
 .debug_frame   0x00002f8c      0x1b4 .\CortexM3\ARM_GCC_541\Debug\CS301_Class.a(SpeedClock.o)
 .debug_frame   0x00003140      0x208 .\CortexM3\ARM_GCC_541\Debug\CS301_Class.a(Timer_LED.o)
 .debug_frame   0x00003348      0x1e8 .\CortexM3\ARM_GCC_541\Debug\CS301_Class.a(isr_Timer_LED.o)
 .debug_frame   0x00003530      0x1e8 .\CortexM3\ARM_GCC_541\Debug\CS301_Class.a(S1_detected.o)
 .debug_frame   0x00003718      0x1e8 .\CortexM3\ARM_GCC_541\Debug\CS301_Class.a(S2_detected.o)
 .debug_frame   0x00003900      0x1e8 .\CortexM3\ARM_GCC_541\Debug\CS301_Class.a(S3_detected.o)
 .debug_frame   0x00003ae8      0x1e8 .\CortexM3\ARM_GCC_541\Debug\CS301_Class.a(S4_detected.o)
 .debug_frame   0x00003cd0      0x1e8 .\CortexM3\ARM_GCC_541\Debug\CS301_Class.a(S5_detected.o)
 .debug_frame   0x00003eb8      0x1e8 .\CortexM3\ARM_GCC_541\Debug\CS301_Class.a(S6_detected.o)
 .debug_frame   0x000040a0      0x3ec .\CortexM3\ARM_GCC_541\Debug\CS301_Class.a(USBUART_cdc.o)
 .debug_frame   0x0000448c       0x38 .\CortexM3\ARM_GCC_541\Debug\CS301_Class.a(USBUART_cls.o)
 .debug_frame   0x000044c4      0x238 .\CortexM3\ARM_GCC_541\Debug\CS301_Class.a(CyFlash.o)
 .debug_frame   0x000046fc      0x228 .\CortexM3\ARM_GCC_541\Debug\CS301_Class.a(CySpc.o)
 .debug_frame   0x00004924       0x20 c:/program files (x86)/cypress/psoc creator/4.2/psoc creator/import/gnu/arm/5.4.1/bin/../lib/gcc/arm-none-eabi/5.4.1/../../../../arm-none-eabi/lib/armv7-m\libg_nano.a(lib_a-errno.o)
 .debug_frame   0x00004944       0x28 c:/program files (x86)/cypress/psoc creator/4.2/psoc creator/import/gnu/arm/5.4.1/bin/../lib/gcc/arm-none-eabi/5.4.1/../../../../arm-none-eabi/lib/armv7-m\libg_nano.a(lib_a-exit.o)
 .debug_frame   0x0000496c       0x2c c:/program files (x86)/cypress/psoc creator/4.2/psoc creator/import/gnu/arm/5.4.1/bin/../lib/gcc/arm-none-eabi/5.4.1/../../../../arm-none-eabi/lib/armv7-m\libg_nano.a(lib_a-init.o)
 .debug_frame   0x00004998       0x28 c:/program files (x86)/cypress/psoc creator/4.2/psoc creator/import/gnu/arm/5.4.1/bin/../lib/gcc/arm-none-eabi/5.4.1/../../../../arm-none-eabi/lib/armv7-m\libg_nano.a(lib_a-memcpy-stub.o)
 .debug_frame   0x000049c0       0x20 c:/program files (x86)/cypress/psoc creator/4.2/psoc creator/import/gnu/arm/5.4.1/bin/../lib/gcc/arm-none-eabi/5.4.1/../../../../arm-none-eabi/lib/armv7-m\libg_nano.a(lib_a-memset.o)

.debug_str      0x00000000     0x4166
 *(.debug_str)
 .debug_str     0x00000000      0x4c7 .\CortexM3\ARM_GCC_541\Debug\main.o
                                0x55a (size before relaxing)
 .debug_str     0x000004c7       0x37 .\CortexM3\ARM_GCC_541\Debug\tacho.o
                                0x21a (size before relaxing)
 .debug_str     0x000004fe       0x12 .\CortexM3\ARM_GCC_541\Debug\initialise.o
                                0x1ef (size before relaxing)
 .debug_str     0x00000510        0xe .\CortexM3\ARM_GCC_541\Debug\pathfinding.o
                                0x1bf (size before relaxing)
 .debug_str     0x0000051e       0xbc .\CortexM3\ARM_GCC_541\Debug\movement.o
                                0x2a0 (size before relaxing)
 .debug_str     0x000005da      0x43f .\CortexM3\ARM_GCC_541\Debug\usbUART.o
                                0x62e (size before relaxing)
 .debug_str     0x00000a19      0x191 .\CortexM3\ARM_GCC_541\Debug\cyfitter_cfg.o
                                0x381 (size before relaxing)
 .debug_str     0x00000baa       0xde .\CortexM3\ARM_GCC_541\Debug\cymetadata.o
                                0x201 (size before relaxing)
 .debug_str     0x00000c88      0x118 .\CortexM3\ARM_GCC_541\Debug\Cm3Start.o
                                0x31a (size before relaxing)
 .debug_str     0x00000da0      0x30c .\CortexM3\ARM_GCC_541\Debug\CS301_Class.a(USBUART_drv.o)
                                0x63d (size before relaxing)
 .debug_str     0x000010ac       0x80 .\CortexM3\ARM_GCC_541\Debug\CS301_Class.a(USBUART_episr.o)
                                0x30a (size before relaxing)
 .debug_str     0x0000112c       0xac .\CortexM3\ARM_GCC_541\Debug\CS301_Class.a(USBUART_pm.o)
                                0x2ae (size before relaxing)
 .debug_str     0x000011d8      0x30b .\CortexM3\ARM_GCC_541\Debug\CS301_Class.a(USBUART_std.o)
                                0x79d (size before relaxing)
 .debug_str     0x000014e3       0x5f .\CortexM3\ARM_GCC_541\Debug\CS301_Class.a(USBUART_vnd.o)
                                0x2ba (size before relaxing)
 .debug_str     0x00001542       0xb5 .\CortexM3\ARM_GCC_541\Debug\CS301_Class.a(USBUART_Dp.o)
                                0x284 (size before relaxing)
 .debug_str     0x000015f7      0x7e9 .\CortexM3\ARM_GCC_541\Debug\CS301_Class.a(CyLib.o)
                                0xa2d (size before relaxing)
 .debug_str     0x00001de0      0x371 .\CortexM3\ARM_GCC_541\Debug\CS301_Class.a(cyPm.o)
                                0x586 (size before relaxing)
 .debug_str     0x00002151      0x133 .\CortexM3\ARM_GCC_541\Debug\CS301_Class.a(PWM_1.o)
                                0x310 (size before relaxing)
 .debug_str     0x00002284      0x17a .\CortexM3\ARM_GCC_541\Debug\CS301_Class.a(Clock_PWM.o)
                                0x349 (size before relaxing)
 .debug_str     0x000023fe      0x109 .\CortexM3\ARM_GCC_541\Debug\CS301_Class.a(PWM_2.o)
                                0x310 (size before relaxing)
 .debug_str     0x00002507       0xfa .\CortexM3\ARM_GCC_541\Debug\CS301_Class.a(QuadDec_M1.o)
                                0x2f8 (size before relaxing)
 .debug_str     0x00002601       0xf3 .\CortexM3\ARM_GCC_541\Debug\CS301_Class.a(QuadDec_M2.o)
                                0x2f8 (size before relaxing)
 .debug_str     0x000026f4      0x24d .\CortexM3\ARM_GCC_541\Debug\CS301_Class.a(QuadDec_M1_Cnt16.o)
                                0x43f (size before relaxing)
 .debug_str     0x00002941      0x236 .\CortexM3\ARM_GCC_541\Debug\CS301_Class.a(QuadDec_M2_Cnt16.o)
                                0x43f (size before relaxing)
 .debug_str     0x00002b77       0x4b .\CortexM3\ARM_GCC_541\Debug\CS301_Class.a(RF_BT_SELECT.o)
                                0x207 (size before relaxing)
 .debug_str     0x00002bc2      0x18d .\CortexM3\ARM_GCC_541\Debug\CS301_Class.a(SpeedTimer.o)
                                0x388 (size before relaxing)
 .debug_str     0x00002d4f      0x11e .\CortexM3\ARM_GCC_541\Debug\CS301_Class.a(isr_speed.o)
                                0x321 (size before relaxing)
 .debug_str     0x00002e6d      0x13b .\CortexM3\ARM_GCC_541\Debug\CS301_Class.a(SpeedClock.o)
                                0x355 (size before relaxing)
 .debug_str     0x00002fa8      0x141 .\CortexM3\ARM_GCC_541\Debug\CS301_Class.a(Timer_LED.o)
                                0x378 (size before relaxing)
 .debug_str     0x000030e9      0x156 .\CortexM3\ARM_GCC_541\Debug\CS301_Class.a(isr_Timer_LED.o)
                                0x359 (size before relaxing)
 .debug_str     0x0000323f      0x13a .\CortexM3\ARM_GCC_541\Debug\CS301_Class.a(S1_detected.o)
                                0x33d (size before relaxing)
 .debug_str     0x00003379      0x13a .\CortexM3\ARM_GCC_541\Debug\CS301_Class.a(S2_detected.o)
                                0x33d (size before relaxing)
 .debug_str     0x000034b3      0x13a .\CortexM3\ARM_GCC_541\Debug\CS301_Class.a(S3_detected.o)
                                0x33d (size before relaxing)
 .debug_str     0x000035ed      0x13a .\CortexM3\ARM_GCC_541\Debug\CS301_Class.a(S4_detected.o)
                                0x33d (size before relaxing)
 .debug_str     0x00003727      0x13a .\CortexM3\ARM_GCC_541\Debug\CS301_Class.a(S5_detected.o)
                                0x33d (size before relaxing)
 .debug_str     0x00003861      0x13a .\CortexM3\ARM_GCC_541\Debug\CS301_Class.a(S6_detected.o)
                                0x33d (size before relaxing)
 .debug_str     0x0000399b      0x40c .\CortexM3\ARM_GCC_541\Debug\CS301_Class.a(USBUART_cdc.o)
                                0x75d (size before relaxing)
 .debug_str     0x00003da7       0x3f .\CortexM3\ARM_GCC_541\Debug\CS301_Class.a(USBUART_cls.o)
                                0x2d2 (size before relaxing)
 .debug_str     0x00003de6      0x104 .\CortexM3\ARM_GCC_541\Debug\CS301_Class.a(USBUART_descr.o)
                                0x3d5 (size before relaxing)
 .debug_str     0x00003eea      0x14f .\CortexM3\ARM_GCC_541\Debug\CS301_Class.a(CyFlash.o)
                                0x34a (size before relaxing)
 .debug_str     0x00004039      0x12d .\CortexM3\ARM_GCC_541\Debug\CS301_Class.a(CySpc.o)
                                0x344 (size before relaxing)

.debug_loc
 *(.debug_loc)

.debug_macinfo
 *(.debug_macinfo)

.debug_ranges   0x00000000     0x1068
 *(.debug_ranges)
 .debug_ranges  0x00000000       0x70 .\CortexM3\ARM_GCC_541\Debug\main.o
 .debug_ranges  0x00000070       0x18 .\CortexM3\ARM_GCC_541\Debug\tacho.o
 .debug_ranges  0x00000088       0x10 .\CortexM3\ARM_GCC_541\Debug\initialise.o
 .debug_ranges  0x00000098       0x40 .\CortexM3\ARM_GCC_541\Debug\movement.o
 .debug_ranges  0x000000d8       0xb8 .\CortexM3\ARM_GCC_541\Debug\usbUART.o
 .debug_ranges  0x00000190       0x50 .\CortexM3\ARM_GCC_541\Debug\cyfitter_cfg.o
 .debug_ranges  0x000001e0       0x38 .\CortexM3\ARM_GCC_541\Debug\Cm3Start.o
 .debug_ranges  0x00000218       0x88 .\CortexM3\ARM_GCC_541\Debug\CS301_Class.a(USBUART_drv.o)
 .debug_ranges  0x000002a0       0x30 .\CortexM3\ARM_GCC_541\Debug\CS301_Class.a(USBUART_episr.o)
 .debug_ranges  0x000002d0       0x30 .\CortexM3\ARM_GCC_541\Debug\CS301_Class.a(USBUART_pm.o)
 .debug_ranges  0x00000300       0x70 .\CortexM3\ARM_GCC_541\Debug\CS301_Class.a(USBUART_std.o)
 .debug_ranges  0x00000370       0x10 .\CortexM3\ARM_GCC_541\Debug\CS301_Class.a(USBUART_vnd.o)
 .debug_ranges  0x00000380       0x38 .\CortexM3\ARM_GCC_541\Debug\CS301_Class.a(USBUART_Dp.o)
 .debug_ranges  0x000003b8      0x290 .\CortexM3\ARM_GCC_541\Debug\CS301_Class.a(CyLib.o)
 .debug_ranges  0x00000648       0x88 .\CortexM3\ARM_GCC_541\Debug\CS301_Class.a(cyPm.o)
 .debug_ranges  0x000006d0       0x68 .\CortexM3\ARM_GCC_541\Debug\CS301_Class.a(PWM_1.o)
 .debug_ranges  0x00000738       0x60 .\CortexM3\ARM_GCC_541\Debug\CS301_Class.a(Clock_PWM.o)
 .debug_ranges  0x00000798       0x68 .\CortexM3\ARM_GCC_541\Debug\CS301_Class.a(PWM_2.o)
 .debug_ranges  0x00000800       0x50 .\CortexM3\ARM_GCC_541\Debug\CS301_Class.a(QuadDec_M1.o)
 .debug_ranges  0x00000850       0x50 .\CortexM3\ARM_GCC_541\Debug\CS301_Class.a(QuadDec_M2.o)
 .debug_ranges  0x000008a0       0x88 .\CortexM3\ARM_GCC_541\Debug\CS301_Class.a(QuadDec_M1_Cnt16.o)
 .debug_ranges  0x00000928       0x88 .\CortexM3\ARM_GCC_541\Debug\CS301_Class.a(QuadDec_M2_Cnt16.o)
 .debug_ranges  0x000009b0       0x18 .\CortexM3\ARM_GCC_541\Debug\CS301_Class.a(RF_BT_SELECT.o)
 .debug_ranges  0x000009c8       0x78 .\CortexM3\ARM_GCC_541\Debug\CS301_Class.a(SpeedTimer.o)
 .debug_ranges  0x00000a40       0x70 .\CortexM3\ARM_GCC_541\Debug\CS301_Class.a(isr_speed.o)
 .debug_ranges  0x00000ab0       0x60 .\CortexM3\ARM_GCC_541\Debug\CS301_Class.a(SpeedClock.o)
 .debug_ranges  0x00000b10       0x78 .\CortexM3\ARM_GCC_541\Debug\CS301_Class.a(Timer_LED.o)
 .debug_ranges  0x00000b88       0x70 .\CortexM3\ARM_GCC_541\Debug\CS301_Class.a(isr_Timer_LED.o)
 .debug_ranges  0x00000bf8       0x70 .\CortexM3\ARM_GCC_541\Debug\CS301_Class.a(S1_detected.o)
 .debug_ranges  0x00000c68       0x70 .\CortexM3\ARM_GCC_541\Debug\CS301_Class.a(S2_detected.o)
 .debug_ranges  0x00000cd8       0x70 .\CortexM3\ARM_GCC_541\Debug\CS301_Class.a(S3_detected.o)
 .debug_ranges  0x00000d48       0x70 .\CortexM3\ARM_GCC_541\Debug\CS301_Class.a(S4_detected.o)
 .debug_ranges  0x00000db8       0x70 .\CortexM3\ARM_GCC_541\Debug\CS301_Class.a(S5_detected.o)
 .debug_ranges  0x00000e28       0x70 .\CortexM3\ARM_GCC_541\Debug\CS301_Class.a(S6_detected.o)
 .debug_ranges  0x00000e98       0xd8 .\CortexM3\ARM_GCC_541\Debug\CS301_Class.a(USBUART_cdc.o)
 .debug_ranges  0x00000f70       0x10 .\CortexM3\ARM_GCC_541\Debug\CS301_Class.a(USBUART_cls.o)
 .debug_ranges  0x00000f80       0x78 .\CortexM3\ARM_GCC_541\Debug\CS301_Class.a(CyFlash.o)
 .debug_ranges  0x00000ff8       0x70 .\CortexM3\ARM_GCC_541\Debug\CS301_Class.a(CySpc.o)

.comment        0x00000000       0x6e
 .comment       0x00000000       0x6e .\CortexM3\ARM_GCC_541\Debug\main.o
                                 0x6f (size before relaxing)
 .comment       0x0000006e       0x6f .\CortexM3\ARM_GCC_541\Debug\tacho.o
 .comment       0x0000006e       0x6f .\CortexM3\ARM_GCC_541\Debug\initialise.o
 .comment       0x0000006e       0x6f .\CortexM3\ARM_GCC_541\Debug\pathfinding.o
 .comment       0x0000006e       0x6f .\CortexM3\ARM_GCC_541\Debug\movement.o
 .comment       0x0000006e       0x6f .\CortexM3\ARM_GCC_541\Debug\usbUART.o
 .comment       0x0000006e       0x6f .\CortexM3\ARM_GCC_541\Debug\cyfitter_cfg.o
 .comment       0x0000006e       0x6f .\CortexM3\ARM_GCC_541\Debug\cymetadata.o
 .comment       0x0000006e       0x6f .\CortexM3\ARM_GCC_541\Debug\Cm3Start.o
 .comment       0x0000006e       0x6f .\CortexM3\ARM_GCC_541\Debug\CS301_Class.a(USBUART_drv.o)
 .comment       0x0000006e       0x6f .\CortexM3\ARM_GCC_541\Debug\CS301_Class.a(USBUART_episr.o)
 .comment       0x0000006e       0x6f .\CortexM3\ARM_GCC_541\Debug\CS301_Class.a(USBUART_pm.o)
 .comment       0x0000006e       0x6f .\CortexM3\ARM_GCC_541\Debug\CS301_Class.a(USBUART_std.o)
 .comment       0x0000006e       0x6f .\CortexM3\ARM_GCC_541\Debug\CS301_Class.a(USBUART_vnd.o)
 .comment       0x0000006e       0x6f .\CortexM3\ARM_GCC_541\Debug\CS301_Class.a(USBUART_Dp.o)
 .comment       0x0000006e       0x6f .\CortexM3\ARM_GCC_541\Debug\CS301_Class.a(CyLib.o)
 .comment       0x0000006e       0x6f .\CortexM3\ARM_GCC_541\Debug\CS301_Class.a(cyPm.o)
 .comment       0x0000006e       0x6f .\CortexM3\ARM_GCC_541\Debug\CS301_Class.a(PWM_1.o)
 .comment       0x0000006e       0x6f .\CortexM3\ARM_GCC_541\Debug\CS301_Class.a(Clock_PWM.o)
 .comment       0x0000006e       0x6f .\CortexM3\ARM_GCC_541\Debug\CS301_Class.a(PWM_2.o)
 .comment       0x0000006e       0x6f .\CortexM3\ARM_GCC_541\Debug\CS301_Class.a(QuadDec_M1.o)
 .comment       0x0000006e       0x6f .\CortexM3\ARM_GCC_541\Debug\CS301_Class.a(QuadDec_M2.o)