Archive member included to satisfy reference by file (symbol)

.\CortexM3\ARM_GCC_541\Debug\CS301_Class.a(ADC.o)
                              .\CortexM3\ARM_GCC_541\Debug\main.o (ADC_Start)
.\CortexM3\ARM_GCC_541\Debug\CS301_Class.a(ADC_INT.o)
                              .\CortexM3\ARM_GCC_541\Debug\CS301_Class.a(ADC.o) (ADC_ISR)
.\CortexM3\ARM_GCC_541\Debug\CS301_Class.a(USBUART.o)
                              .\CortexM3\ARM_GCC_541\Debug\main.o (USBUART_Start)
.\CortexM3\ARM_GCC_541\Debug\CS301_Class.a(USBUART_drv.o)
                              .\CortexM3\ARM_GCC_541\Debug\CS301_Class.a(USBUART.o) (USBUART_EP)
.\CortexM3\ARM_GCC_541\Debug\CS301_Class.a(USBUART_episr.o)
                              .\CortexM3\ARM_GCC_541\Debug\CS301_Class.a(USBUART.o) (USBUART_EP_1_ISR)
.\CortexM3\ARM_GCC_541\Debug\CS301_Class.a(USBUART_pm.o)
                              .\CortexM3\ARM_GCC_541\Debug\CS301_Class.a(USBUART.o) (USBUART_DP_ISR)
.\CortexM3\ARM_GCC_541\Debug\CS301_Class.a(USBUART_std.o)
                              .\CortexM3\ARM_GCC_541\Debug\CS301_Class.a(USBUART_drv.o) (USBUART_HandleStandardRqst)
.\CortexM3\ARM_GCC_541\Debug\CS301_Class.a(USBUART_vnd.o)
                              .\CortexM3\ARM_GCC_541\Debug\CS301_Class.a(USBUART_drv.o) (USBUART_HandleVendorRqst)
.\CortexM3\ARM_GCC_541\Debug\CS301_Class.a(ADC_SAR.o)
                              .\CortexM3\ARM_GCC_541\Debug\CS301_Class.a(ADC.o) (ADC_SAR_shift)
.\CortexM3\ARM_GCC_541\Debug\CS301_Class.a(ADC_TempBuf_dma.o)
                              .\CortexM3\ARM_GCC_541\Debug\CS301_Class.a(ADC.o) (ADC_TempBuf_DmaInitialize)
.\CortexM3\ARM_GCC_541\Debug\CS301_Class.a(ADC_FinalBuf_dma.o)
                              .\CortexM3\ARM_GCC_541\Debug\CS301_Class.a(ADC.o) (ADC_FinalBuf_DmaInitialize)
.\CortexM3\ARM_GCC_541\Debug\CS301_Class.a(ADC_IRQ.o)
                              .\CortexM3\ARM_GCC_541\Debug\CS301_Class.a(ADC.o) (ADC_IRQ_SetVector)
.\CortexM3\ARM_GCC_541\Debug\CS301_Class.a(USBUART_Dp.o)
                              .\CortexM3\ARM_GCC_541\Debug\CS301_Class.a(USBUART.o) (USBUART_Dp_ClearInterrupt)
.\CortexM3\ARM_GCC_541\Debug\CS301_Class.a(CyDmac.o)
                              .\CortexM3\ARM_GCC_541\Debug\Cm3Start.o (CyDmacConfigure)
.\CortexM3\ARM_GCC_541\Debug\CS301_Class.a(CyLib.o)
                              .\CortexM3\ARM_GCC_541\Debug\Cm3Start.o (CyResetStatus)
.\CortexM3\ARM_GCC_541\Debug\CS301_Class.a(cyPm.o)
                              .\CortexM3\ARM_GCC_541\Debug\CS301_Class.a(CyLib.o) (CyPmReadStatus)
.\CortexM3\ARM_GCC_541\Debug\CS301_Class.a(PWM_1.o)
                              .\CortexM3\ARM_GCC_541\Debug\initialise.o (PWM_1_Start)
.\CortexM3\ARM_GCC_541\Debug\CS301_Class.a(Clock_PWM.o)
                              .\CortexM3\ARM_GCC_541\Debug\initialise.o (Clock_PWM_Start)
.\CortexM3\ARM_GCC_541\Debug\CS301_Class.a(isr_eoc.o)
                              .\CortexM3\ARM_GCC_541\Debug\main.o (isr_eoc_StartEx)
.\CortexM3\ARM_GCC_541\Debug\CS301_Class.a(PWM_2.o)
                              .\CortexM3\ARM_GCC_541\Debug\initialise.o (PWM_2_Start)
.\CortexM3\ARM_GCC_541\Debug\CS301_Class.a(LED.o)
                              .\CortexM3\ARM_GCC_541\Debug\main.o (LED_Write)
.\CortexM3\ARM_GCC_541\Debug\CS301_Class.a(QuadDec_M1.o)
                              .\CortexM3\ARM_GCC_541\Debug\initialise.o (QuadDec_M1_Start)
.\CortexM3\ARM_GCC_541\Debug\CS301_Class.a(QuadDec_M2.o)
                              .\CortexM3\ARM_GCC_541\Debug\main.o (QuadDec_M2_Start)
.\CortexM3\ARM_GCC_541\Debug\CS301_Class.a(QuadDec_M1_Cnt16.o)
                              .\CortexM3\ARM_GCC_541\Debug\CS301_Class.a(QuadDec_M1.o) (QuadDec_M1_Cnt16_WriteCounter)
.\CortexM3\ARM_GCC_541\Debug\CS301_Class.a(QuadDec_M2_Cnt16.o)
                              .\CortexM3\ARM_GCC_541\Debug\CS301_Class.a(QuadDec_M2.o) (QuadDec_M2_Cnt16_WriteCounter)
.\CortexM3\ARM_GCC_541\Debug\CS301_Class.a(RF_BT_SELECT.o)
                              .\CortexM3\ARM_GCC_541\Debug\main.o (RF_BT_SELECT_Write)
.\CortexM3\ARM_GCC_541\Debug\CS301_Class.a(SpeedTimer.o)
                              .\CortexM3\ARM_GCC_541\Debug\initialise.o (SpeedTimer_Start)
.\CortexM3\ARM_GCC_541\Debug\CS301_Class.a(isr_speed.o)
                              .\CortexM3\ARM_GCC_541\Debug\main.o (isr_speed_StartEx)
.\CortexM3\ARM_GCC_541\Debug\CS301_Class.a(SpeedClock.o)
                              .\CortexM3\ARM_GCC_541\Debug\initialise.o (SpeedClock_Start)
.\CortexM3\ARM_GCC_541\Debug\CS301_Class.a(CyBootAsmGnu.o)
                              .\CortexM3\ARM_GCC_541\Debug\cyfitter_cfg.o (CyDelayCycles)
.\CortexM3\ARM_GCC_541\Debug\CS301_Class.a(USBUART_cdc.o)
                              .\CortexM3\ARM_GCC_541\Debug\CS301_Class.a(USBUART_std.o) (USBUART_Cdc_EpInit)
.\CortexM3\ARM_GCC_541\Debug\CS301_Class.a(USBUART_cls.o)
                              .\CortexM3\ARM_GCC_541\Debug\CS301_Class.a(USBUART_drv.o) (USBUART_DispatchClassRqst)
[...]
Memory Configuration

Name             Origin             Length             Attributes
rom              0x00000000         0x00040000         xr
ram              0x1fff8000         0x00010000         xrw
*default*        0x00000000         0xffffffff

Linker script and memory map

LOAD c:/program files (x86)/cypress/psoc creator/4.2/psoc creator/import/gnu/arm/5.4.1/bin/../lib/gcc/arm-none-eabi/5.4.1/armv7-m/crti.o
LOAD c:/program files (x86)/cypress/psoc creator/4.2/psoc creator/import/gnu/arm/5.4.1/bin/../lib/gcc/arm-none-eabi/5.4.1/armv7-m/crtbegin.o
LOAD c:/program files (x86)/cypress/psoc creator/4.2/psoc creator/import/gnu/arm/5.4.1/bin/../lib/gcc/arm-none-eabi/5.4.1/../../../../arm-none-eabi/lib/armv7-m/crt0.o
START GROUP
LOAD .\CortexM3\ARM_GCC_541\Debug\main.o
LOAD .\CortexM3\ARM_GCC_541\Debug\tacho.o
LOAD .\CortexM3\ARM_GCC_541\Debug\initialise.o
LOAD .\CortexM3\ARM_GCC_541\Debug\pathfinding.o
LOAD .\CortexM3\ARM_GCC_541\Debug\movement.o
LOAD .\CortexM3\ARM_GCC_541\Debug\cyfitter_cfg.o
LOAD .\CortexM3\ARM_GCC_541\Debug\cymetadata.o
LOAD .\CortexM3\ARM_GCC_541\Debug\Cm3Start.o
LOAD .\CortexM3\ARM_GCC_541\Debug\CS301_Class.a
LOAD C:\Program Files (x86)\Cypress\PSoC Creator\4.2\PSoC Creator\psoc\content\cycomponentlibrary\CyComponentLibrary.cylib\CortexM3\ARM_GCC_541\Debug\CyComponentLibrary.a
END GROUP
START GROUP
LOAD c:/program files (x86)/cypress/psoc creator/4.2/psoc creator/import/gnu/arm/5.4.1/bin/../lib/gcc/arm-none-eabi/5.4.1/armv7-m\libgcc.a
LOAD c:/program files (x86)/cypress/psoc creator/4.2/psoc creator/import/gnu/arm/5.4.1/bin/../lib/gcc/arm-none-eabi/5.4.1/../../../../arm-none-eabi/lib/armv7-m\libg_nano.a
LOAD c:/program files (x86)/cypress/psoc creator/4.2/psoc creator/import/gnu/arm/5.4.1/bin/../lib/gcc/arm-none-eabi/5.4.1/../../../../arm-none-eabi/lib/armv7-m\libc_nano.a
END GROUP
START GROUP
LOAD c:/program files (x86)/cypress/psoc creator/4.2/psoc creator/import/gnu/arm/5.4.1/bin/../lib/gcc/arm-none-eabi/5.4.1/armv7-m\libgcc.a
LOAD c:/program files (x86)/cypress/psoc creator/4.2/psoc creator/import/gnu/arm/5.4.1/bin/../lib/gcc/arm-none-eabi/5.4.1/../../../../arm-none-eabi/lib/armv7-m\libc_nano.a
END GROUP
LOAD c:/program files (x86)/cypress/psoc creator/4.2/psoc creator/import/gnu/arm/5.4.1/bin/../lib/gcc/arm-none-eabi/5.4.1/armv7-m/crtend.o
LOAD c:/program files (x86)/cypress/psoc creator/4.2/psoc creator/import/gnu/arm/5.4.1/bin/../lib/gcc/arm-none-eabi/5.4.1/armv7-m/crtn.o
START GROUP
LOAD c:/program files (x86)/cypress/psoc creator/4.2/psoc creator/import/gnu/arm/5.4.1/bin/../lib/gcc/arm-none-eabi/5.4.1/armv7-m\libgcc.a
LOAD c:/program files (x86)/cypress/psoc creator/4.2/psoc creator/import/gnu/arm/5.4.1/bin/../lib/gcc/arm-none-eabi/5.4.1/../../../../arm-none-eabi/lib/armv7-m\libc.a
LOAD c:/program files (x86)/cypress/psoc creator/4.2/psoc creator/import/gnu/arm/5.4.1/bin/../lib/gcc/arm-none-eabi/5.4.1/../../../../arm-none-eabi/lib/armv7-m\libnosys.a
END GROUP
                0x00000000                CY_APPL_ORIGIN = 0x0
                0x00000100                CY_FLASH_ROW_SIZE = 0x100
                0x00000020                CY_ECC_ROW_SIZE = 0x20
                0x00000000                CY_EE_IN_BTLDR = 0x0
                0x00000000                CY_APPL_LOADABLE = 0x0
                0x00000800                CY_EE_SIZE = 0x800
                0x00000001                CY_APPL_NUM = 0x1
                0x00000001                CY_APPL_MAX = 0x1
                0x00000040                CY_METADATA_SIZE = 0x40
                0x00000000                CY_APPL_LOADABLE = 0x0
                0x00000000                CY_CHECKSUM_EXCLUDE_SIZE = ALIGN (0x0, CY_FLASH_ROW_SIZE)
                [!provide]                PROVIDE (__cy_heap_start, _end)
                0x00000001                PROVIDE (__cy_region_num, ((__cy_regions_end - __cy_regions) / 0x10))
                0x20008000                PROVIDE (__cy_stack, (ORIGIN (ram) + LENGTH (ram)))
                [!provide]                PROVIDE (__cy_heap_end, (__cy_stack - 0x800))

.cybootloader   0x00000000        0x0
 *(.cybootloader)
                0x00000000                appl1_start = CY_APPL_ORIGIN?CY_APPL_ORIGIN:ALIGN (CY_FLASH_ROW_SIZE)
                0x0001ff00                appl2_start = (appl1_start + ALIGN ((((LENGTH (rom) - appl1_start) - (0x2 * CY_FLASH_ROW_SIZE)) / 0x2), CY_FLASH_ROW_SIZE))
                0x00000000                appl_start = (CY_APPL_NUM == 0x1)?appl1_start:appl2_start
                0x00000000                ecc_offset = ((appl_start / CY_FLASH_ROW_SIZE) * CY_ECC_ROW_SIZE)
                0x00000000                ee_offset = (CY_APPL_LOADABLE && ! (CY_EE_IN_BTLDR))?((CY_EE_SIZE / CY_APPL_MAX) * (CY_APPL_NUM - 0x1)):0x0
                0x00000800                ee_size = (CY_APPL_LOADABLE && ! (CY_EE_IN_BTLDR))?(CY_EE_SIZE / CY_APPL_MAX):CY_EE_SIZE
                [!provide]                PROVIDE (CY_ECC_OFFSET, ecc_offset)

.text           0x00000000     0x3cae
 CREATE_OBJECT_SYMBOLS
                0x00000000                PROVIDE (__cy_interrupt_vector, RomVectors)
 *(.romvectors)
 .romvectors    0x00000000       0x10 .\CortexM3\ARM_GCC_541\Debug\Cm3Start.o
                0x00000000                RomVectors
                0x00000001                ASSERT ((. != __cy_interrupt_vector), No interrupt vector)
                0x00000001                ASSERT (CY_APPL_ORIGIN?(SIZEOF (.cybootloader) <= CY_APPL_ORIGIN):0x1, Wrong image location)
                0x00000010                PROVIDE (__cy_reset, Reset)
 *(.text.Reset)
 .text.Reset    0x00000010       0x18 .\CortexM3\ARM_GCC_541\Debug\Cm3Start.o
                0x00000010                Reset
                0x00000001                ASSERT ((. != __cy_reset), No reset code)
 *(.dma_init)
                0x00000001                ASSERT ((((appl_start + .) <= 0x10000) || 0x1), DMA Init must be within the first 64k of flash)
 *(.text .text.* .gnu.linkonce.t.*)
 .text          0x00000028       0x5c c:/program files (x86)/cypress/psoc creator/4.2/psoc creator/import/gnu/arm/5.4.1/bin/../lib/gcc/arm-none-eabi/5.4.1/armv7-m/crtbegin.o
 .text.speedTimer
                0x00000084       0x30 .\CortexM3\ARM_GCC_541\Debug\main.o
                0x00000084                speedTimer
 .text.ADC_CONV_FINISH
                0x000000b4       0x34 .\CortexM3\ARM_GCC_541\Debug\main.o
                0x000000b4                ADC_CONV_FINISH
 .text.main     0x000000e8       0x48 .\CortexM3\ARM_GCC_541\Debug\main.o
                0x000000e8                main
 .text.init     0x00000130       0x30 .\CortexM3\ARM_GCC_541\Debug\initialise.o
                0x00000130                init
 .text.CYMEMZERO
                0x00000160       0x1c .\CortexM3\ARM_GCC_541\Debug\cyfitter_cfg.o
 .text.CYCONFIGCPY
                0x0000017c       0x20 .\CortexM3\ARM_GCC_541\Debug\cyfitter_cfg.o
 .text.CyClockStartupError
                0x0000019c        0xc .\CortexM3\ARM_GCC_541\Debug\cyfitter_cfg.o
 .text.cfg_write_bytes32
                0x000001a8       0x74 .\CortexM3\ARM_GCC_541\Debug\cyfitter_cfg.o
 .text.ClockSetup
                0x0000021c      0x16c .\CortexM3\ARM_GCC_541\Debug\cyfitter_cfg.o
 .text.AnalogSetDefault
                0x00000388       0xd8 .\CortexM3\ARM_GCC_541\Debug\cyfitter_cfg.o
 .text.cyfitter_cfg
                0x00000460      0x1e4 .\CortexM3\ARM_GCC_541\Debug\cyfitter_cfg.o
                0x00000460                cyfitter_cfg
 .text.IntDefaultHandler
                0x00000644       0x14 .\CortexM3\ARM_GCC_541\Debug\Cm3Start.o
                0x00000644                IntDefaultHandler
 .text.Start_c  0x00000658       0x98 .\CortexM3\ARM_GCC_541\Debug\Cm3Start.o
                0x00000658                Start_c
 .text.initialize_psoc
                0x000006f0       0x94 .\CortexM3\ARM_GCC_541\Debug\Cm3Start.o
                0x000006f0                initialize_psoc
 .text.ADC_Init
                0x00000784       0x50 .\CortexM3\ARM_GCC_541\Debug\CS301_Class.a(ADC.o)
                0x00000784                ADC_Init
 .text.ADC_Enable
                0x000007d4      0x130 .\CortexM3\ARM_GCC_541\Debug\CS301_Class.a(ADC.o)
                0x000007d4                ADC_Enable
 .text.ADC_Start
                0x00000904       0x30 .\CortexM3\ARM_GCC_541\Debug\CS301_Class.a(ADC.o)
                0x00000904                ADC_Start
 .text.ADC_StartConvert
                0x00000934       0x20 .\CortexM3\ARM_GCC_541\Debug\CS301_Class.a(ADC.o)
                0x00000934                ADC_StartConvert
 .text.ADC_GetResult16
                0x00000954       0x38 .\CortexM3\ARM_GCC_541\Debug\CS301_Class.a(ADC.o)
                0x00000954                ADC_GetResult16
 .text.ADC_CountsTo_mVolts
                0x0000098c       0x20 .\CortexM3\ARM_GCC_541\Debug\CS301_Class.a(ADC.o)
                0x0000098c                ADC_CountsTo_mVolts
 .text.ADC_ISR  0x000009ac        0xc .\CortexM3\ARM_GCC_541\Debug\CS301_Class.a(ADC_INT.o)
                0x000009ac                ADC_ISR
 .text.USBUART_Start
                0x000009b8       0x3c .\CortexM3\ARM_GCC_541\Debug\CS301_Class.a(USBUART.o)
                0x000009b8                USBUART_Start
 .text.USBUART_Init
                0x000009f4      0x1a4 .\CortexM3\ARM_GCC_541\Debug\CS301_Class.a(USBUART.o)
                0x000009f4                USBUART_Init
 .text.USBUART_InitComponent
                0x00000b98      0x100 .\CortexM3\ARM_GCC_541\Debug\CS301_Class.a(USBUART.o)
                0x00000b98                USBUART_InitComponent
 .text.USBUART_ReInitComponent
                0x00000c98       0x68 .\CortexM3\ARM_GCC_541\Debug\CS301_Class.a(USBUART.o)
                0x00000c98                USBUART_ReInitComponent
 .text.USBUART_EP_0_ISR
                0x00000d00       0xf8 .\CortexM3\ARM_GCC_541\Debug\CS301_Class.a(USBUART_drv.o)
                0x00000d00                USBUART_EP_0_ISR
 .text.USBUART_HandleSetup
                0x00000df8       0x88 .\CortexM3\ARM_GCC_541\Debug\CS301_Class.a(USBUART_drv.o)
                0x00000df8                USBUART_HandleSetup
 .text.USBUART_HandleIN
                0x00000e80       0x4c .\CortexM3\ARM_GCC_541\Debug\CS301_Class.a(USBUART_drv.o)
                0x00000e80                USBUART_HandleIN
 .text.USBUART_HandleOUT
                0x00000ecc       0x58 .\CortexM3\ARM_GCC_541\Debug\CS301_Class.a(USBUART_drv.o)
                0x00000ecc                USBUART_HandleOUT
 .text.USBUART_LoadEP0
                0x00000f24       0xd0 .\CortexM3\ARM_GCC_541\Debug\CS301_Class.a(USBUART_drv.o)
                0x00000f24                USBUART_LoadEP0
 .text.USBUART_InitControlRead
                0x00000ff4       0x70 .\CortexM3\ARM_GCC_541\Debug\CS301_Class.a(USBUART_drv.o)
                0x00000ff4                USBUART_InitControlRead
 .text.USBUART_InitZeroLengthControlTransfer
                0x00001064       0x40 .\CortexM3\ARM_GCC_541\Debug\CS301_Class.a(USBUART_drv.o)
                0x00001064                USBUART_InitZeroLengthControlTransfer
 .text.USBUART_ControlReadDataStage
                0x000010a4        0xc .\CortexM3\ARM_GCC_541\Debug\CS301_Class.a(USBUART_drv.o)
                0x000010a4                USBUART_ControlReadDataStage
 .text.USBUART_ControlReadStatusStage
                0x000010b0       0x40 .\CortexM3\ARM_GCC_541\Debug\CS301_Class.a(USBUART_drv.o)
                0x000010b0                USBUART_ControlReadStatusStage
 .text.USBUART_InitControlWrite
                0x000010f0       0x64 .\CortexM3\ARM_GCC_541\Debug\CS301_Class.a(USBUART_drv.o)
                0x000010f0                USBUART_InitControlWrite
 .text.USBUART_ControlWriteDataStage
                0x00001154       0xb4 .\CortexM3\ARM_GCC_541\Debug\CS301_Class.a(USBUART_drv.o)
                0x00001154                USBUART_ControlWriteDataStage
 .text.USBUART_ControlWriteStatusStage
                0x00001208       0x24 .\CortexM3\ARM_GCC_541\Debug\CS301_Class.a(USBUART_drv.o)
                0x00001208                USBUART_ControlWriteStatusStage
 .text.USBUART_InitNoDataControlTransfer
                0x0000122c       0x38 .\CortexM3\ARM_GCC_541\Debug\CS301_Class.a(USBUART_drv.o)
                0x0000122c                USBUART_InitNoDataControlTransfer
 .text.USBUART_NoDataControlStatusStage
                0x00001264       0x4c .\CortexM3\ARM_GCC_541\Debug\CS301_Class.a(USBUART_drv.o)
                0x00001264                USBUART_NoDataControlStatusStage
 .text.USBUART_UpdateStatusBlock
                0x000012b0       0x40 .\CortexM3\ARM_GCC_541\Debug\CS301_Class.a(USBUART_drv.o)
                0x000012b0                USBUART_UpdateStatusBlock
 .text.USBUART_InitializeStatusBlock
                0x000012f0       0x34 .\CortexM3\ARM_GCC_541\Debug\CS301_Class.a(USBUART_drv.o)
                0x000012f0                USBUART_InitializeStatusBlock
 .text.USBUART_EP_1_ISR
                0x00001324       0x48 .\CortexM3\ARM_GCC_541\Debug\CS301_Class.a(USBUART_episr.o)
                0x00001324                USBUART_EP_1_ISR
 .text.USBUART_EP_2_ISR
                0x0000136c       0x4c .\CortexM3\ARM_GCC_541\Debug\CS301_Class.a(USBUART_episr.o)
                0x0000136c                USBUART_EP_2_ISR
 .text.USBUART_EP_3_ISR
                0x000013b8       0x54 .\CortexM3\ARM_GCC_541\Debug\CS301_Class.a(USBUART_episr.o)
                0x000013b8                USBUART_EP_3_ISR
 .text.USBUART_SOF_ISR
                0x0000140c        0xc .\CortexM3\ARM_GCC_541\Debug\CS301_Class.a(USBUART_episr.o)
                0x0000140c                USBUART_SOF_ISR
 .text.USBUART_BUS_RESET_ISR
                0x00001418        0xc .\CortexM3\ARM_GCC_541\Debug\CS301_Class.a(USBUART_episr.o)
                0x00001418                USBUART_BUS_RESET_ISR
 .text.USBUART_DP_ISR
                0x00001424        0xc .\CortexM3\ARM_GCC_541\Debug\CS301_Class.a(USBUART_pm.o)
                0x00001424                USBUART_DP_ISR
 .text.USBUART_HandleStandardRqst
                0x00001430      0x4a4 .\CortexM3\ARM_GCC_541\Debug\CS301_Class.a(USBUART_std.o)
                0x00001430                USBUART_HandleStandardRqst
 .text.USBUART_ReadDieID
                0x000018d4       0xd8 .\CortexM3\ARM_GCC_541\Debug\CS301_Class.a(USBUART_std.o)
                0x000018d4                USBUART_ReadDieID
 .text.USBUART_ConfigReg
                0x000019ac      0x138 .\CortexM3\ARM_GCC_541\Debug\CS301_Class.a(USBUART_std.o)
                0x000019ac                USBUART_ConfigReg
 .text.USBUART_Config
                0x00001ae4      0x3a4 .\CortexM3\ARM_GCC_541\Debug\CS301_Class.a(USBUART_std.o)
                0x00001ae4                USBUART_Config
 .text.USBUART_ConfigAltChanged
                0x00001e88      0x25c .\CortexM3\ARM_GCC_541\Debug\CS301_Class.a(USBUART_std.o)
                0x00001e88                USBUART_ConfigAltChanged
 .text.USBUART_GetConfigTablePtr
                0x000020e4       0x50 .\CortexM3\ARM_GCC_541\Debug\CS301_Class.a(USBUART_std.o)
                0x000020e4                USBUART_GetConfigTablePtr
 .text.USBUART_GetDeviceTablePtr
                0x00002134       0x24 .\CortexM3\ARM_GCC_541\Debug\CS301_Class.a(USBUART_std.o)
                0x00002134                USBUART_GetDeviceTablePtr
 .text.USBUART_GetInterfaceClassTablePtr
                0x00002158       0x4c .\CortexM3\ARM_GCC_541\Debug\CS301_Class.a(USBUART_std.o)
                0x00002158                USBUART_GetInterfaceClassTablePtr
 .text.USBUART_SetEndpointHalt
                0x000021a4       0xe8 .\CortexM3\ARM_GCC_541\Debug\CS301_Class.a(USBUART_std.o)
                0x000021a4                USBUART_SetEndpointHalt
 .text.USBUART_ClearEndpointHalt
                0x0000228c      0x158 .\CortexM3\ARM_GCC_541\Debug\CS301_Class.a(USBUART_std.o)
                0x0000228c                USBUART_ClearEndpointHalt
 .text.USBUART_ValidateAlternateSetting
                0x000023e4       0x70 .\CortexM3\ARM_GCC_541\Debug\CS301_Class.a(USBUART_std.o)
                0x000023e4                USBUART_ValidateAlternateSetting
 .text.USBUART_HandleVendorRqst
                0x00002454       0x54 .\CortexM3\ARM_GCC_541\Debug\CS301_Class.a(USBUART_vnd.o)
                0x00002454                USBUART_HandleVendorRqst
 .text.ADC_SAR_Start
                0x000024a8       0x24 .\CortexM3\ARM_GCC_541\Debug\CS301_Class.a(ADC_SAR.o)
                0x000024a8                ADC_SAR_Start
 .text.ADC_SAR_Init
                0x000024cc       0x2c .\CortexM3\ARM_GCC_541\Debug\CS301_Class.a(ADC_SAR.o)
                0x000024cc                ADC_SAR_Init
 .text.ADC_SAR_Enable
                0x000024f8       0xc4 .\CortexM3\ARM_GCC_541\Debug\CS301_Class.a(ADC_SAR.o)
                0x000024f8                ADC_SAR_Enable
 .text.ADC_SAR_SetResolution
                0x000025bc       0x54 .\CortexM3\ARM_GCC_541\Debug\CS301_Class.a(ADC_SAR.o)
                0x000025bc                ADC_SAR_SetResolution
 .text.ADC_SAR_CalcGain
                0x00002610       0x80 .\CortexM3\ARM_GCC_541\Debug\CS301_Class.a(ADC_SAR.o)
 .text.ADC_SAR_CountsTo_mVolts
                0x00002690       0x8c .\CortexM3\ARM_GCC_541\Debug\CS301_Class.a(ADC_SAR.o)
                0x00002690                ADC_SAR_CountsTo_mVolts
 .text.ADC_TempBuf_DmaInitialize
                0x0000271c       0x64 .\CortexM3\ARM_GCC_541\Debug\CS301_Class.a(ADC_TempBuf_dma.o)
                0x0000271c                ADC_TempBuf_DmaInitialize
 .text.ADC_FinalBuf_DmaInitialize
                0x00002780       0x64 .\CortexM3\ARM_GCC_541\Debug\CS301_Class.a(ADC_FinalBuf_dma.o)
                0x00002780                ADC_FinalBuf_DmaInitialize
 .text.ADC_IRQ_SetVector
                0x000027e4       0x24 .\CortexM3\ARM_GCC_541\Debug\CS301_Class.a(ADC_IRQ.o)
                0x000027e4                ADC_IRQ_SetVector
 .text.ADC_IRQ_SetPriority
                0x00002808       0x24 .\CortexM3\ARM_GCC_541\Debug\CS301_Class.a(ADC_IRQ.o)
                0x00002808                ADC_IRQ_SetPriority
 .text.USBUART_Dp_ClearInterrupt
                0x0000282c       0x20 .\CortexM3\ARM_GCC_541\Debug\CS301_Class.a(USBUART_Dp.o)
                0x0000282c                USBUART_Dp_ClearInterrupt
 .text.CyDmacConfigure
                0x0000284c       0x5c .\CortexM3\ARM_GCC_541\Debug\CS301_Class.a(CyDmac.o)
                0x0000284c                CyDmacConfigure
 .text.CyDmaChEnable
                0x000028a8       0x8c .\CortexM3\ARM_GCC_541\Debug\CS301_Class.a(CyDmac.o)
                0x000028a8                CyDmaChEnable
 .text.CyDmaClearPendingDrq
                0x00002934       0x60 .\CortexM3\ARM_GCC_541\Debug\CS301_Class.a(CyDmac.o)
                0x00002934                CyDmaClearPendingDrq
 .text.CyDmaChPriority
                0x00002994       0x64 .\CortexM3\ARM_GCC_541\Debug\CS301_Class.a(CyDmac.o)
                0x00002994                CyDmaChPriority
 .text.CyDmaChSetExtendedAddress
                0x000029f8       0x78 .\CortexM3\ARM_GCC_541\Debug\CS301_Class.a(CyDmac.o)
                0x000029f8                CyDmaChSetExtendedAddress
 .text.CyDmaChSetInitialTd
                0x00002a70       0x3c .\CortexM3\ARM_GCC_541\Debug\CS301_Class.a(CyDmac.o)
                0x00002a70                CyDmaChSetInitialTd
 .text.CyDmaChSetConfiguration
                0x00002aac       0xa0 .\CortexM3\ARM_GCC_541\Debug\CS301_Class.a(CyDmac.o)
                0x00002aac                CyDmaChSetConfiguration
 .text.CyDmaTdAllocate
                0x00002b4c       0x5c .\CortexM3\ARM_GCC_541\Debug\CS301_Class.a(CyDmac.o)
                0x00002b4c                CyDmaTdAllocate
 .text.CyDmaTdSetConfiguration
                0x00002ba8       0x80 .\CortexM3\ARM_GCC_541\Debug\CS301_Class.a(CyDmac.o)
                0x00002ba8                CyDmaTdSetConfiguration
 .text.CyDmaTdSetAddress
                0x00002c28       0x5c .\CortexM3\ARM_GCC_541\Debug\CS301_Class.a(CyDmac.o)
                0x00002c28                CyDmaTdSetAddress
 .text.CyHalt   0x00002c84       0x18 .\CortexM3\ARM_GCC_541\Debug\CS301_Class.a(CyLib.o)
                0x00002c84                CyHalt
 .text.CyDelayUs
                0x00002c9c       0x28 .\CortexM3\ARM_GCC_541\Debug\CS301_Class.a(CyLib.o)
                0x00002c9c                CyDelayUs
 .text.CyIntSetVector
                0x00002cc4       0x50 .\CortexM3\ARM_GCC_541\Debug\CS301_Class.a(CyLib.o)
                0x00002cc4                CyIntSetVector
 .text.CyIntSetPriority
                0x00002d14       0x48 .\CortexM3\ARM_GCC_541\Debug\CS301_Class.a(CyLib.o)
                0x00002d14                CyIntSetPriority
 .text.CyGetUniqueId
                0x00002d5c       0xc4 .\CortexM3\ARM_GCC_541\Debug\CS301_Class.a(CyLib.o)
                0x00002d5c                CyGetUniqueId
 .text.PWM_1_Start
                0x00002e20       0x24 .\CortexM3\ARM_GCC_541\Debug\CS301_Class.a(PWM_1.o)
                0x00002e20                PWM_1_Start
 .text.PWM_1_Init
                0x00002e44       0xbc .\CortexM3\ARM_GCC_541\Debug\CS301_Class.a(PWM_1.o)
                0x00002e44                PWM_1_Init
 .text.PWM_1_Enable
                0x00002f00       0x48 .\CortexM3\ARM_GCC_541\Debug\CS301_Class.a(PWM_1.o)
                0x00002f00                PWM_1_Enable
 .text.PWM_1_WritePeriod
                0x00002f48       0x20 .\CortexM3\ARM_GCC_541\Debug\CS301_Class.a(PWM_1.o)
                0x00002f48                PWM_1_WritePeriod
 .text.PWM_1_WriteCompare
                0x00002f68       0x20 .\CortexM3\ARM_GCC_541\Debug\CS301_Class.a(PWM_1.o)
                0x00002f68                PWM_1_WriteCompare
 .text.PWM_1_SetInterruptMode
                0x00002f88       0x20 .\CortexM3\ARM_GCC_541\Debug\CS301_Class.a(PWM_1.o)
                0x00002f88                PWM_1_SetInterruptMode
 .text.Clock_PWM_Start
                0x00002fa8       0x34 .\CortexM3\ARM_GCC_541\Debug\CS301_Class.a(Clock_PWM.o)
                0x00002fa8                Clock_PWM_Start
 .text.isr_eoc_StartEx
                0x00002fdc       0x24 .\CortexM3\ARM_GCC_541\Debug\CS301_Class.a(isr_eoc.o)
                0x00002fdc                isr_eoc_StartEx
 .text.isr_eoc_SetVector
                0x00003000       0x24 .\CortexM3\ARM_GCC_541\Debug\CS301_Class.a(isr_eoc.o)
                0x00003000                isr_eoc_SetVector
 .text.isr_eoc_SetPriority
                0x00003024       0x24 .\CortexM3\ARM_GCC_541\Debug\CS301_Class.a(isr_eoc.o)
                0x00003024                isr_eoc_SetPriority
 .text.isr_eoc_Enable
                0x00003048       0x18 .\CortexM3\ARM_GCC_541\Debug\CS301_Class.a(isr_eoc.o)
                0x00003048                isr_eoc_Enable
 .text.isr_eoc_Disable
                0x00003060       0x18 .\CortexM3\ARM_GCC_541\Debug\CS301_Class.a(isr_eoc.o)
                0x00003060                isr_eoc_Disable
 .text.PWM_2_Start
                0x00003078       0x24 .\CortexM3\ARM_GCC_541\Debug\CS301_Class.a(PWM_2.o)
                0x00003078                PWM_2_Start
 .text.PWM_2_Init
                0x0000309c       0xbc .\CortexM3\ARM_GCC_541\Debug\CS301_Class.a(PWM_2.o)
                0x0000309c                PWM_2_Init
 .text.PWM_2_Enable
                0x00003158       0x48 .\CortexM3\ARM_GCC_541\Debug\CS301_Class.a(PWM_2.o)
                0x00003158                PWM_2_Enable
 .text.PWM_2_WritePeriod
                0x000031a0       0x20 .\CortexM3\ARM_GCC_541\Debug\CS301_Class.a(PWM_2.o)
                0x000031a0                PWM_2_WritePeriod
 .text.PWM_2_WriteCompare
                0x000031c0       0x20 .\CortexM3\ARM_GCC_541\Debug\CS301_Class.a(PWM_2.o)
                0x000031c0                PWM_2_WriteCompare
 .text.PWM_2_SetInterruptMode
                0x000031e0       0x20 .\CortexM3\ARM_GCC_541\Debug\CS301_Class.a(PWM_2.o)
                0x000031e0                PWM_2_SetInterruptMode
 .text.LED_Write
                0x00003200       0x3c .\CortexM3\ARM_GCC_541\Debug\CS301_Class.a(LED.o)
                0x00003200                LED_Write
 .text.QuadDec_M1_Init
                0x0000323c        0xc .\CortexM3\ARM_GCC_541\Debug\CS301_Class.a(QuadDec_M1.o)
                0x0000323c                QuadDec_M1_Init
 .text.QuadDec_M1_Enable
                0x00003248       0x3c .\CortexM3\ARM_GCC_541\Debug\CS301_Class.a(QuadDec_M1.o)
                0x00003248                QuadDec_M1_Enable
 .text.QuadDec_M1_Start
                0x00003284       0x30 .\CortexM3\ARM_GCC_541\Debug\CS301_Class.a(QuadDec_M1.o)
                0x00003284                QuadDec_M1_Start
 .text.QuadDec_M1_GetEvents
                0x000032b4       0x1c .\CortexM3\ARM_GCC_541\Debug\CS301_Class.a(QuadDec_M1.o)
                0x000032b4                QuadDec_M1_GetEvents
 .text.QuadDec_M1_SetInterruptMask
                0x000032d0       0x20 .\CortexM3\ARM_GCC_541\Debug\CS301_Class.a(QuadDec_M1.o)
                0x000032d0                QuadDec_M1_SetInterruptMask
 .text.QuadDec_M2_Init
                0x000032f0        0xc .\CortexM3\ARM_GCC_541\Debug\CS301_Class.a(QuadDec_M2.o)
                0x000032f0                QuadDec_M2_Init
 .text.QuadDec_M2_Enable
                0x000032fc       0x3c .\CortexM3\ARM_GCC_541\Debug\CS301_Class.a(QuadDec_M2.o)
                0x000032fc                QuadDec_M2_Enable
 .text.QuadDec_M2_Start
                0x00003338       0x30 .\CortexM3\ARM_GCC_541\Debug\CS301_Class.a(QuadDec_M2.o)
                0x00003338                QuadDec_M2_Start
 .text.QuadDec_M2_GetCounter
                0x00003368       0x24 .\CortexM3\ARM_GCC_541\Debug\CS301_Class.a(QuadDec_M2.o)
                0x00003368                QuadDec_M2_GetCounter
 .text.QuadDec_M2_SetCounter
                0x0000338c       0x34 .\CortexM3\ARM_GCC_541\Debug\CS301_Class.a(QuadDec_M2.o)
                0x0000338c                QuadDec_M2_SetCounter
 .text.QuadDec_M2_GetEvents
                0x000033c0       0x1c .\CortexM3\ARM_GCC_541\Debug\CS301_Class.a(QuadDec_M2.o)
                0x000033c0                QuadDec_M2_GetEvents
 .text.QuadDec_M2_SetInterruptMask
                0x000033dc       0x20 .\CortexM3\ARM_GCC_541\Debug\CS301_Class.a(QuadDec_M2.o)
                0x000033dc                QuadDec_M2_SetInterruptMask
 .text.QuadDec_M1_Cnt16_Init
                0x000033fc       0x80 .\CortexM3\ARM_GCC_541\Debug\CS301_Class.a(QuadDec_M1_Cnt16.o)
                0x000033fc                QuadDec_M1_Cnt16_Init
 .text.QuadDec_M1_Cnt16_Enable
                0x0000347c       0x20 .\CortexM3\ARM_GCC_541\Debug\CS301_Class.a(QuadDec_M1_Cnt16.o)
                0x0000347c                QuadDec_M1_Cnt16_Enable
 .text.QuadDec_M1_Cnt16_Start
                0x0000349c       0x24 .\CortexM3\ARM_GCC_541\Debug\CS301_Class.a(QuadDec_M1_Cnt16.o)
                0x0000349c                QuadDec_M1_Cnt16_Start
 .text.QuadDec_M1_Cnt16_SetInterruptMode
                0x000034c0       0x20 .\CortexM3\ARM_GCC_541\Debug\CS301_Class.a(QuadDec_M1_Cnt16.o)
                0x000034c0                QuadDec_M1_Cnt16_SetInterruptMode
 .text.QuadDec_M1_Cnt16_ReadStatusRegister
                0x000034e0       0x18 .\CortexM3\ARM_GCC_541\Debug\CS301_Class.a(QuadDec_M1_Cnt16.o)
                0x000034e0                QuadDec_M1_Cnt16_ReadStatusRegister
 .text.QuadDec_M1_Cnt16_WriteCounter
                0x000034f8       0x20 .\CortexM3\ARM_GCC_541\Debug\CS301_Class.a(QuadDec_M1_Cnt16.o)
                0x000034f8                QuadDec_M1_Cnt16_WriteCounter
 .text.QuadDec_M1_Cnt16_ReadCapture
                0x00003518       0x18 .\CortexM3\ARM_GCC_541\Debug\CS301_Class.a(QuadDec_M1_Cnt16.o)
                0x00003518                QuadDec_M1_Cnt16_ReadCapture
 .text.QuadDec_M1_Cnt16_WritePeriod
                0x00003530       0x20 .\CortexM3\ARM_GCC_541\Debug\CS301_Class.a(QuadDec_M1_Cnt16.o)
                0x00003530                QuadDec_M1_Cnt16_WritePeriod
 .text.QuadDec_M1_Cnt16_WriteCompare
                0x00003550       0x20 .\CortexM3\ARM_GCC_541\Debug\CS301_Class.a(QuadDec_M1_Cnt16.o)
                0x00003550                QuadDec_M1_Cnt16_WriteCompare
 .text.QuadDec_M1_Cnt16_ClearFIFO
                0x00003570       0x1c .\CortexM3\ARM_GCC_541\Debug\CS301_Class.a(QuadDec_M1_Cnt16.o)
                0x00003570                QuadDec_M1_Cnt16_ClearFIFO
 .text.QuadDec_M2_Cnt16_Init
                0x0000358c       0x80 .\CortexM3\ARM_GCC_541\Debug\CS301_Class.a(QuadDec_M2_Cnt16.o)
                0x0000358c                QuadDec_M2_Cnt16_Init
 .text.QuadDec_M2_Cnt16_Enable
                0x0000360c       0x20 .\CortexM3\ARM_GCC_541\Debug\CS301_Class.a(QuadDec_M2_Cnt16.o)
                0x0000360c                QuadDec_M2_Cnt16_Enable
 .text.QuadDec_M2_Cnt16_Start
                0x0000362c       0x24 .\CortexM3\ARM_GCC_541\Debug\CS301_Class.a(QuadDec_M2_Cnt16.o)
                0x0000362c                QuadDec_M2_Cnt16_Start
 .text.QuadDec_M2_Cnt16_SetInterruptMode
                0x00003650       0x20 .\CortexM3\ARM_GCC_541\Debug\CS301_Class.a(QuadDec_M2_Cnt16.o)
                0x00003650                QuadDec_M2_Cnt16_SetInterruptMode
 .text.QuadDec_M2_Cnt16_ReadStatusRegister
                0x00003670       0x18 .\CortexM3\ARM_GCC_541\Debug\CS301_Class.a(QuadDec_M2_Cnt16.o)
                0x00003670                QuadDec_M2_Cnt16_ReadStatusRegister
 .text.QuadDec_M2_Cnt16_WriteCounter
                0x00003688       0x20 .\CortexM3\ARM_GCC_541\Debug\CS301_Class.a(QuadDec_M2_Cnt16.o)
                0x00003688                QuadDec_M2_Cnt16_WriteCounter
 .text.QuadDec_M2_Cnt16_ReadCounter
                0x000036a8       0x20 .\CortexM3\ARM_GCC_541\Debug\CS301_Class.a(QuadDec_M2_Cnt16.o)
                0x000036a8                QuadDec_M2_Cnt16_ReadCounter
 .text.QuadDec_M2_Cnt16_ReadCapture
                0x000036c8       0x18 .\CortexM3\ARM_GCC_541\Debug\CS301_Class.a(QuadDec_M2_Cnt16.o)
                0x000036c8                QuadDec_M2_Cnt16_ReadCapture
 .text.QuadDec_M2_Cnt16_WritePeriod
                0x000036e0       0x20 .\CortexM3\ARM_GCC_541\Debug\CS301_Class.a(QuadDec_M2_Cnt16.o)
                0x000036e0                QuadDec_M2_Cnt16_WritePeriod
 .text.QuadDec_M2_Cnt16_WriteCompare
                0x00003700       0x20 .\CortexM3\ARM_GCC_541\Debug\CS301_Class.a(QuadDec_M2_Cnt16.o)
                0x00003700                QuadDec_M2_Cnt16_WriteCompare
 .text.QuadDec_M2_Cnt16_ClearFIFO
                0x00003720       0x1c .\CortexM3\ARM_GCC_541\Debug\CS301_Class.a(QuadDec_M2_Cnt16.o)
                0x00003720                QuadDec_M2_Cnt16_ClearFIFO
 .text.RF_BT_SELECT_Write
                0x0000373c       0x20 .\CortexM3\ARM_GCC_541\Debug\CS301_Class.a(RF_BT_SELECT.o)
                0x0000373c                RF_BT_SELECT_Write
 .text.SpeedTimer_Init
                0x0000375c       0xa0 .\CortexM3\ARM_GCC_541\Debug\CS301_Class.a(SpeedTimer.o)
                0x0000375c                SpeedTimer_Init
 .text.SpeedTimer_Enable
                0x000037fc       0x48 .\CortexM3\ARM_GCC_541\Debug\CS301_Class.a(SpeedTimer.o)
                0x000037fc                SpeedTimer_Enable
 .text.SpeedTimer_Start
                0x00003844       0x24 .\CortexM3\ARM_GCC_541\Debug\CS301_Class.a(SpeedTimer.o)
                0x00003844                SpeedTimer_Start
 .text.SpeedTimer_SetInterruptMode
                0x00003868       0x20 .\CortexM3\ARM_GCC_541\Debug\CS301_Class.a(SpeedTimer.o)
                0x00003868                SpeedTimer_SetInterruptMode
 .text.SpeedTimer_ReadStatusRegister
                0x00003888       0x18 .\CortexM3\ARM_GCC_541\Debug\CS301_Class.a(SpeedTimer.o)
                0x00003888                SpeedTimer_ReadStatusRegister
 .text.SpeedTimer_WritePeriod
                0x000038a0       0x24 .\CortexM3\ARM_GCC_541\Debug\CS301_Class.a(SpeedTimer.o)
                0x000038a0                SpeedTimer_WritePeriod
 .text.SpeedTimer_WriteCounter
                0x000038c4       0x20 .\CortexM3\ARM_GCC_541\Debug\CS301_Class.a(SpeedTimer.o)
                0x000038c4                SpeedTimer_WriteCounter
 .text.isr_speed_StartEx
                0x000038e4       0x24 .\CortexM3\ARM_GCC_541\Debug\CS301_Class.a(isr_speed.o)
                0x000038e4                isr_speed_StartEx
 .text.isr_speed_SetVector
                0x00003908       0x24 .\CortexM3\ARM_GCC_541\Debug\CS301_Class.a(isr_speed.o)
                0x00003908                isr_speed_SetVector
 .text.isr_speed_SetPriority
                0x0000392c       0x24 .\CortexM3\ARM_GCC_541\Debug\CS301_Class.a(isr_speed.o)
                0x0000392c                isr_speed_SetPriority
 .text.isr_speed_Enable
                0x00003950       0x18 .\CortexM3\ARM_GCC_541\Debug\CS301_Class.a(isr_speed.o)
                0x00003950                isr_speed_Enable
 .text.isr_speed_Disable
                0x00003968       0x18 .\CortexM3\ARM_GCC_541\Debug\CS301_Class.a(isr_speed.o)
                0x00003968                isr_speed_Disable
 .text.SpeedClock_Start
                0x00003980       0x34 .\CortexM3\ARM_GCC_541\Debug\CS301_Class.a(SpeedClock.o)
                0x00003980                SpeedClock_Start
 *fill*         0x000039b4        0x4 
 .text          0x000039b8       0x20 .\CortexM3\ARM_GCC_541\Debug\CS301_Class.a(CyBootAsmGnu.o)
                0x000039b8                CyDelayCycles
                0x000039c8                CyEnterCriticalSection
                0x000039d0                CyExitCriticalSection
 .text.USBUART_DispatchCDCClassRqst
                0x000039d8       0xe4 .\CortexM3\ARM_GCC_541\Debug\CS301_Class.a(USBUART_cdc.o)
                0x000039d8                USBUART_DispatchCDCClassRqst
 .text.USBUART_GetInterfaceComPort
                0x00003abc       0x60 .\CortexM3\ARM_GCC_541\Debug\CS301_Class.a(USBUART_cdc.o)
                0x00003abc                USBUART_GetInterfaceComPort
 .text.USBUART_Cdc_EpInit
                0x00003b1c       0x90 .\CortexM3\ARM_GCC_541\Debug\CS301_Class.a(USBUART_cdc.o)
                0x00003b1c                USBUART_Cdc_EpInit
 .text.USBUART_DispatchClassRqst
                0x00003bac       0x84 .\CortexM3\ARM_GCC_541\Debug\CS301_Class.a(USBUART_cls.o)
                0x00003bac                USBUART_DispatchClassRqst
 .text.__errno  0x00003c30        0xc c:/program files (x86)/cypress/psoc creator/4.2/psoc creator/import/gnu/arm/5.4.1/bin/../lib/gcc/arm-none-eabi/5.4.1/../../../../arm-none-eabi/lib/armv7-m\libg_nano.a(lib_a-errno.o)
                0x00003c30                __errno
 .text.__libc_init_array
                0x00003c3c       0x4c c:/program files (x86)/cypress/psoc creator/4.2/psoc creator/import/gnu/arm/5.4.1/bin/../lib/gcc/arm-none-eabi/5.4.1/../../../../arm-none-eabi/lib/armv7-m\libg_nano.a(lib_a-init.o)
                0x00003c3c                __libc_init_array
 .text.memcpy   0x00003c88       0x16 c:/program files (x86)/cypress/psoc creator/4.2/psoc creator/import/gnu/arm/5.4.1/bin/../lib/gcc/arm-none-eabi/5.4.1/../../../../arm-none-eabi/lib/armv7-m\libg_nano.a(lib_a-memcpy-stub.o)
                0x00003c88                memcpy
 .text.memset   0x00003c9e       0x10 c:/program files (x86)/cypress/psoc creator/4.2/psoc creator/import/gnu/arm/5.4.1/bin/../lib/gcc/arm-none-eabi/5.4.1/../../../../arm-none-eabi/lib/armv7-m\libg_nano.a(lib_a-memset.o)
                0x00003c9e                memset
 *(.plt)
 *(.gnu.warning)
 *(.glue_7t)
 .glue_7t       0x00003cae        0x0 linker stubs
 *(.glue_7)
 .glue_7        0x00003cae        0x0 linker stubs
 *(.vfp11_veneer)
 .vfp11_veneer  0x00003cae        0x0 linker stubs
 *(.bootloader)
 *(.ARM.extab* .gnu.linkonce.armextab.*)
 *(.gcc_except_table)

.v4_bx          0x00003cb0        0x0
 .v4_bx         0x00003cb0        0x0 linker stubs

.iplt           0x00003cb0        0x0
 .iplt          0x00003cb0        0x0 c:/program files (x86)/cypress/psoc creator/4.2/psoc creator/import/gnu/arm/5.4.1/bin/../lib/gcc/arm-none-eabi/5.4.1/armv7-m/crtbegin.o

.eh_frame_hdr
 *(.eh_frame_hdr)

.eh_frame       0x00003cb0        0x4
 *(.eh_frame)
 .eh_frame      0x00003cb0        0x0 c:/program files (x86)/cypress/psoc creator/4.2/psoc creator/import/gnu/arm/5.4.1/bin/../lib/gcc/arm-none-eabi/5.4.1/armv7-m/crtbegin.o
 .eh_frame      0x00003cb0        0x4 c:/program files (x86)/cypress/psoc creator/4.2/psoc creator/import/gnu/arm/5.4.1/bin/../lib/gcc/arm-none-eabi/5.4.1/armv7-m/crtend.o
                [!provide]                PROVIDE (__exidx_start, .)

.ARM.exidx
 *(.ARM.exidx* .gnu.linkonce.armexidx.*)
                0x00003cb4                __exidx_end = .

.rodata         0x00003cb4      0x284
 *(.rodata .rodata.* .gnu.linkonce.r.*)
 .rodata        0x00003cb4       0x36 .\CortexM3\ARM_GCC_541\Debug\cyfitter_cfg.o
 *fill*         0x00003cea        0x2 
 .rodata        0x00003cec       0x11 .\CortexM3\ARM_GCC_541\Debug\CS301_Class.a(USBUART_std.o)
 *fill*         0x00003cfd        0x3 
 .rodata        0x00003d00      0x19c .\CortexM3\ARM_GCC_541\Debug\CS301_Class.a(USBUART_descr.o)
                0x00003d00                USBUART_DEVICE0_DESCR
                0x00003d14                USBUART_DEVICE0_CONFIGURATION0_DESCR
                0x00003d58                USBUART_STRING_DESCRIPTORS
                0x00003df8                USBUART_SN_STRING_DESCRIPTOR
                0x00003dfc                USBUART_DEVICE0_CONFIGURATION0_EP_SETTINGS_TABLE
                0x00003e14                USBUART_DEVICE0_CONFIGURATION0_INTERFACE_CLASS
                0x00003e18                USBUART_DEVICE0_CONFIGURATION0_TABLE
                0x00003e40                USBUART_DEVICE0_TABLE
                0x00003e58                USBUART_TABLE
                0x00003e60                USBUART_MSOS_DESCRIPTOR
                0x00003e74                USBUART_MSOS_CONFIGURATION_DESCR
 .rodata.__sf_fake_stdin
                0x00003e9c       0x20 c:/program files (x86)/cypress/psoc creator/4.2/psoc creator/import/gnu/arm/5.4.1/bin/../lib/gcc/arm-none-eabi/5.4.1/../../../../arm-none-eabi/lib/armv7-m\libg_nano.a(lib_a-findfp.o)
                0x00003e9c                __sf_fake_stdin
 .rodata.__sf_fake_stdout
                0x00003ebc       0x20 c:/program files (x86)/cypress/psoc creator/4.2/psoc creator/import/gnu/arm/5.4.1/bin/../lib/gcc/arm-none-eabi/5.4.1/../../../../arm-none-eabi/lib/armv7-m\libg_nano.a(lib_a-findfp.o)
                0x00003ebc                __sf_fake_stdout
 .rodata.__sf_fake_stderr
                0x00003edc       0x20 c:/program files (x86)/cypress/psoc creator/4.2/psoc creator/import/gnu/arm/5.4.1/bin/../lib/gcc/arm-none-eabi/5.4.1/../../../../arm-none-eabi/lib/armv7-m\libg_nano.a(lib_a-findfp.o)
                0x00003edc                __sf_fake_stderr
 .rodata.str1.1
                0x00003efc        0x2 c:/program files (x86)/cypress/psoc creator/4.2/psoc creator/import/gnu/arm/5.4.1/bin/../lib/gcc/arm-none-eabi/5.4.1/../../../../arm-none-eabi/lib/armv7-m\libg_nano.a(lib_a-impure.o)
                0x00003f00                . = ALIGN (0x4)
 *fill*         0x00003efe        0x2 
 *(.init)
 .init          0x00003f00        0x4 c:/program files (x86)/cypress/psoc creator/4.2/psoc creator/import/gnu/arm/5.4.1/bin/../lib/gcc/arm-none-eabi/5.4.1/armv7-m/crti.o
                0x00003f00                _init
 .init          0x00003f04        0x8 c:/program files (x86)/cypress/psoc creator/4.2/psoc creator/import/gnu/arm/5.4.1/bin/../lib/gcc/arm-none-eabi/5.4.1/armv7-m/crtn.o
                0x00003f0c                . = ALIGN (0x4)
                0x00003f0c                __preinit_array_start = .
 *(.preinit_array)
                0x00003f0c                __preinit_array_end = .
                0x00003f0c                . = ALIGN (0x4)
                0x00003f0c                __init_array_start = .
 *(SORT(.init_array.*))
 *(.init_array)
 .init_array    0x00003f0c        0x4 c:/program files (x86)/cypress/psoc creator/4.2/psoc creator/import/gnu/arm/5.4.1/bin/../lib/gcc/arm-none-eabi/5.4.1/armv7-m/crtbegin.o
 .init_array    0x00003f10        0x4 .\CortexM3\ARM_GCC_541\Debug\Cm3Start.o
                0x00003f14                __init_array_end = .
                0x00003f14                . = ALIGN (0x4)
 *(.fini)
 .fini          0x00003f14        0x4 c:/program files (x86)/cypress/psoc creator/4.2/psoc creator/import/gnu/arm/5.4.1/bin/../lib/gcc/arm-none-eabi/5.4.1/armv7-m/crti.o
                0x00003f14                _fini
 .fini          0x00003f18        0x8 c:/program files (x86)/cypress/psoc creator/4.2/psoc creator/import/gnu/arm/5.4.1/bin/../lib/gcc/arm-none-eabi/5.4.1/armv7-m/crtn.o
                0x00003f20                . = ALIGN (0x4)
                0x00003f20                __fini_array_start = .
 *(.fini_array)
 .fini_array    0x00003f20        0x4 c:/program files (x86)/cypress/psoc creator/4.2/psoc creator/import/gnu/arm/5.4.1/bin/../lib/gcc/arm-none-eabi/5.4.1/armv7-m/crtbegin.o
 *(SORT(.fini_array.*))
                0x00003f24                __fini_array_end = .
                0x00003f24                . = ALIGN (0x4)
 *crtbegin.o(.ctors)
 *(EXCLUDE_FILE(*crtend.o) .ctors)
 *(SORT(.ctors.*))
 *crtend.o(.ctors)
                0x00003f24                . = ALIGN (0x4)
 *crtbegin.o(.dtors)
 *(EXCLUDE_FILE(*crtend.o) .dtors)
 *(SORT(.dtors.*))
 *crtend.o(.dtors)
                0x00003f24                . = ALIGN (0x4)
                0x00003f24                __cy_regions = .
                0x00003f24        0x4 LONG 0x3f38 __cy_region_init_ram
                0x00003f28        0x4 LONG 0x1fff80c8 __cy_region_start_data
                0x00003f2c        0x4 LONG 0xa0 __cy_region_init_size_ram
                0x00003f30        0x4 LONG 0x158 __cy_region_zero_size_ram
                0x00003f34                __cy_regions_end = .
                0x00003f38                . = ALIGN (0x8)
 *fill*         0x00003f34        0x4 
                0x00003f38                _etext = .

.cy_checksum_exclude
                0x00003f38        0x0
 *(.cy_checksum_exclude)

.ramvectors     0x1fff8000       0xc0
                0x1fff8000                __cy_region_start_ram = .
 *(.ramvectors)
 .ramvectors    0x1fff8000       0xc0 .\CortexM3\ARM_GCC_541\Debug\Cm3Start.o
                0x1fff8000                CyRamVectors

.noinit         0x1fff80c0        0x5
 *(.noinit)
 .noinit        0x1fff80c0        0x4 .\CortexM3\ARM_GCC_541\Debug\Cm3Start.o
 .noinit        0x1fff80c4        0x1 .\CortexM3\ARM_GCC_541\Debug\CS301_Class.a(CyLib.o)
                0x1fff80c4                CyResetStatus

.data           0x1fff80c8       0xa0 load address 0x00003f38
                0x1fff80c8                __cy_region_start_data = .
 *(.jcr)
 .jcr           0x1fff80c8        0x0 c:/program files (x86)/cypress/psoc creator/4.2/psoc creator/import/gnu/arm/5.4.1/bin/../lib/gcc/arm-none-eabi/5.4.1/armv7-m/crtbegin.o
 .jcr           0x1fff80c8        0x4 c:/program files (x86)/cypress/psoc creator/4.2/psoc creator/import/gnu/arm/5.4.1/bin/../lib/gcc/arm-none-eabi/5.4.1/armv7-m/crtend.o
 *(.got.plt)
 *(.got)
 *(.shdata)
 *(.data .data.* .gnu.linkonce.d.*)
 .data          0x1fff80cc        0x2 .\CortexM3\ARM_GCC_541\Debug\CS301_Class.a(ADC.o)
 .data          0x1fff80ce        0x1 .\CortexM3\ARM_GCC_541\Debug\CS301_Class.a(ADC_TempBuf_dma.o)
                0x1fff80ce                ADC_TempBuf_DmaHandle
 .data          0x1fff80cf        0x1 .\CortexM3\ARM_GCC_541\Debug\CS301_Class.a(ADC_FinalBuf_dma.o)
                0x1fff80cf                ADC_FinalBuf_DmaHandle
 .data          0x1fff80d0        0x8 .\CortexM3\ARM_GCC_541\Debug\CS301_Class.a(CyDmac.o)
 .data          0x1fff80d8       0x10 .\CortexM3\ARM_GCC_541\Debug\CS301_Class.a(CyLib.o)
                0x1fff80d8                cydelay_freq_hz
                0x1fff80dc                cydelay_freq_khz
                0x1fff80e0                cydelay_freq_mhz
                0x1fff80e4                cydelay_32k_ms
 .data          0x1fff80e8       0x1a .\CortexM3\ARM_GCC_541\Debug\CS301_Class.a(USBUART_cdc.o)
                0x1fff80e8                USBUART_linesCoding
 *fill*         0x1fff8102        0x2 
 .data.impure_data
                0x1fff8104       0x60 c:/program files (x86)/cypress/psoc creator/4.2/psoc creator/import/gnu/arm/5.4.1/bin/../lib/gcc/arm-none-eabi/5.4.1/../../../../arm-none-eabi/lib/armv7-m\libg_nano.a(lib_a-impure.o)
 .data._impure_ptr
                0x1fff8164        0x4 c:/program files (x86)/cypress/psoc creator/4.2/psoc creator/import/gnu/arm/5.4.1/bin/../lib/gcc/arm-none-eabi/5.4.1/../../../../arm-none-eabi/lib/armv7-m\libg_nano.a(lib_a-impure.o)
                0x1fff8164                _impure_ptr
                0x1fff8168                . = ALIGN (0x8)
 *(.ram)
                0x1fff8168                _edata = .

.igot.plt       0x1fff8168        0x0 load address 0x00003fd8
 .igot.plt      0x1fff8168        0x0 c:/program files (x86)/cypress/psoc creator/4.2/psoc creator/import/gnu/arm/5.4.1/bin/../lib/gcc/arm-none-eabi/5.4.1/armv7-m/crtbegin.o

.bss            0x1fff8168      0x158 load address 0x00003fd8
                0x1fff8168                PROVIDE (__bss_start__, .)
 *(.shbss)
 *(.bss .bss.* .gnu.linkonce.b.*)
 .bss           0x1fff8168       0x1c c:/program files (x86)/cypress/psoc creator/4.2/psoc creator/import/gnu/arm/5.4.1/bin/../lib/gcc/arm-none-eabi/5.4.1/armv7-m/crtbegin.o
 .bss           0x1fff8184       0x1c .\CortexM3\ARM_GCC_541\Debug\main.o
                0x1fff8184                ts
                0x1fff8186                ts_enc
                0x1fff8188                ts_update
                0x1fff818a                ts_speed
                0x1fff818c                ts_display
                0x1fff818e                flag_ts_enc
                0x1fff818f                flag_ts_update
                0x1fff8190                flag_ts_speed
                0x1fff8191                flag_ts_display
                0x1fff8192                flag_rx
                0x1fff8193                flag_packet
                0x1fff8194                flag_KB_string
                0x1fff8195                dataready_flag
                0x1fff8198                quadDec2Count
                0x1fff819c                timerInt
 .bss           0x1fff81a0       0x18 .\CortexM3\ARM_GCC_541\Debug\CS301_Class.a(ADC.o)
                0x1fff81a0                ADC_initVar
 .bss           0x1fff81b8        0x1 .\CortexM3\ARM_GCC_541\Debug\CS301_Class.a(USBUART.o)
                0x1fff81b8                USBUART_initVar
 *fill*         0x1fff81b9        0x3 
 .bss           0x1fff81bc        0x2 .\CortexM3\ARM_GCC_541\Debug\CS301_Class.a(USBUART_std.o)
 .bss           0x1fff81be        0x1 .\CortexM3\ARM_GCC_541\Debug\CS301_Class.a(ADC_SAR.o)
                0x1fff81be                ADC_SAR_initVar
 .bss           0x1fff81bf        0x1 .\CortexM3\ARM_GCC_541\Debug\CS301_Class.a(PWM_1.o)
                0x1fff81bf                PWM_1_initVar
 .bss           0x1fff81c0        0x1 .\CortexM3\ARM_GCC_541\Debug\CS301_Class.a(PWM_2.o)
                0x1fff81c0                PWM_2_initVar
 .bss           0x1fff81c1        0x1 .\CortexM3\ARM_GCC_541\Debug\CS301_Class.a(QuadDec_M1.o)
                0x1fff81c1                QuadDec_M1_initVar
 .bss           0x1fff81c2        0x1 .\CortexM3\ARM_GCC_541\Debug\CS301_Class.a(QuadDec_M2.o)
                0x1fff81c2                QuadDec_M2_initVar
 .bss           0x1fff81c3        0x1 .\CortexM3\ARM_GCC_541\Debug\CS301_Class.a(QuadDec_M1_Cnt16.o)
                0x1fff81c3                QuadDec_M1_Cnt16_initVar
 .bss           0x1fff81c4        0x1 .\CortexM3\ARM_GCC_541\Debug\CS301_Class.a(QuadDec_M2_Cnt16.o)
                0x1fff81c4                QuadDec_M2_Cnt16_initVar
 .bss           0x1fff81c5        0x1 .\CortexM3\ARM_GCC_541\Debug\CS301_Class.a(SpeedTimer.o)
                0x1fff81c5                SpeedTimer_initVar
 *(COMMON)
 *fill*         0x1fff81c6        0x2 
 COMMON         0x1fff81c8       0x10 .\CortexM3\ARM_GCC_541\Debug\CS301_Class.a(ADC.o)
                0x1fff81c8                ADC_finalArray
 COMMON         0x1fff81d8       0x9a .\CortexM3\ARM_GCC_541\Debug\CS301_Class.a(USBUART_drv.o)
                0x1fff81d8                USBUART_lastPacketSize
                0x1fff81d9                USBUART_device
                0x1fff81da                USBUART_transferByteCount
                0x1fff81dc                USBUART_transferState
                0x1fff81e0                USBUART_interfaceSettingLast
                0x1fff81e4                USBUART_currentTD
                0x1fff81f0                USBUART_interfaceNumber
                0x1fff81f4                USBUART_interfaceClass
                0x1fff81f8                USBUART_configurationChanged
                0x1fff81f9                USBUART_ep0Mode
                0x1fff81fa                USBUART_deviceAddress
                0x1fff81fb                USBUART_configuration
                0x1fff81fc                USBUART_ep0Count
                0x1fff81fd                USBUART_deviceStatus
                0x1fff8200                USBUART_EP
                0x1fff826c                USBUART_interfaceSetting
                0x1fff826e                USBUART_ep0Toggle
                0x1fff8270                USBUART_interfaceStatus
 *fill*         0x1fff8272        0x2 
 COMMON         0x1fff8274        0xa .\CortexM3\ARM_GCC_541\Debug\CS301_Class.a(ADC_SAR.o)
                0x1fff8274                ADC_SAR_countsPerVolt
                0x1fff8276                ADC_SAR_shift
                0x1fff8278                ADC_SAR_countsPer10Volt
                0x1fff827c                ADC_SAR_offset
 *fill*         0x1fff827e        0x2 
 COMMON         0x1fff8280       0x18 .\CortexM3\ARM_GCC_541\Debug\CS301_Class.a(USBUART_cdc.o)
                0x1fff8280                USBUART_linesChanged
                0x1fff8284                USBUART_cdcDataInEp
                0x1fff8288                USBUART_cdcCommInInterruptEp
                0x1fff828c                USBUART_cdcDataOutEp
                0x1fff8290                USBUART_serialStateBitmap
                0x1fff8294                USBUART_linesControlBitmap
 COMMON         0x1fff8298       0x22 .\CortexM3\ARM_GCC_541\Debug\CS301_Class.a(USBUART_descr.o)
                0x1fff8298                USBUART_idSerialNumberStringDescriptor
                0x1fff82c0                . = ALIGN (0x8)
 *fill*         0x1fff82ba        0x6 
 *(.ram.b)
                0x1fff82c0                _end = .
                0x1fff82c0                __end = .
                0x1fff82c0                PROVIDE (end, .)
                0x1fff82c0                PROVIDE (__bss_end__, .)
                0x00003f38                __cy_region_init_ram = LOADADDR (.data)
                0x000000a0                __cy_region_init_size_ram = (_edata - ADDR (.data))
                0x00000158                __cy_region_zero_size_ram = (_end - _edata)

.heap           0x1fff82c0       0x80 load address 0x00003fd8
                0x1fff82c0                . = _end
                0x1fff8340                . = (. + 0x80)
 *fill*         0x1fff82c0       0x80 
                0x1fff8340                __cy_heap_limit = .

.stack          0x20007800      0x800
                0x20007800                __cy_stack_limit = .
                0x20008000                . = (. + 0x800)
 *fill*         0x20007800      0x800 
                0x00000001                ASSERT ((__cy_stack_limit >= __cy_heap_limit), region RAM overflowed with stack)
                0x00000000                cy_checksum_exclude_size = (CY_APPL_LOADABLE == 0x1)?SIZEOF (.cy_checksum_exclude):0x0
                0x00000001                ASSERT ((cy_checksum_exclude_size <= CY_CHECKSUM_EXCLUDE_SIZE), CY_BOOT: Section .cy_checksum_exclude size exceedes specified limit.)

.cyloadermeta
 *(.cyloadermeta)

.cyloadablemeta
 *(.cyloadablemeta)

.cyconfigecc    0x80000000     0x1008
 *(.cyconfigecc)
 .cyconfigecc   0x80000000     0x1008 .\CortexM3\ARM_GCC_541\Debug\cymetadata.o
                0x80000000                cy_meta_configecc

.cycustnvl      0x90000000        0x4
 *(.cycustnvl)
 .cycustnvl     0x90000000        0x4 .\CortexM3\ARM_GCC_541\Debug\cymetadata.o
                0x90000000                cy_meta_custnvl

.cywolatch      0x90100000        0x4
 *(.cywolatch)
 .cywolatch     0x90100000        0x4 .\CortexM3\ARM_GCC_541\Debug\cymetadata.o
                0x90100000                cy_meta_wonvl

.cyeeprom       0x90200000        0x0
 *(.cyeeprom)
                0x00000001                ASSERT ((. <= ((0x90200000 + ee_offset) + ee_size)), .cyeeprom data will not fit in EEPROM)

.cyflashprotect
                0x90400000      0x100
 *(.cyflashprotect)
 .cyflashprotect
                0x90400000      0x100 .\CortexM3\ARM_GCC_541\Debug\cymetadata.o
                0x90400000                cy_meta_flashprotect

.cymeta         0x90500000        0xc
 *(.cymeta)
 .cymeta        0x90500000        0xc .\CortexM3\ARM_GCC_541\Debug\cymetadata.o
                0x90500000                cy_metadata

.rel.dyn        0x00003fd8        0x0 load address 0x9050000c
 .rel.iplt      0x00003fd8        0x0 c:/program files (x86)/cypress/psoc creator/4.2/psoc creator/import/gnu/arm/5.4.1/bin/../lib/gcc/arm-none-eabi/5.4.1/armv7-m/crtbegin.o

.stab           0x00000000       0xb4
 *(.stab)
 .stab          0x00000000       0x24 c:/program files (x86)/cypress/psoc creator/4.2/psoc creator/import/gnu/arm/5.4.1/bin/../lib/gcc/arm-none-eabi/5.4.1/../../../../arm-none-eabi/lib/armv7-m\libnosys.a(close.o)
 .stab          0x00000024       0x18 c:/program files (x86)/cypress/psoc creator/4.2/psoc creator/import/gnu/arm/5.4.1/bin/../lib/gcc/arm-none-eabi/5.4.1/../../../../arm-none-eabi/lib/armv7-m\libnosys.a(fstat.o)
                                 0x24 (size before relaxing)
 .stab          0x0000003c       0x18 c:/program files (x86)/cypress/psoc creator/4.2/psoc creator/import/gnu/arm/5.4.1/bin/../lib/gcc/arm-none-eabi/5.4.1/../../../../arm-none-eabi/lib/armv7-m\libnosys.a(isatty.o)
                                 0x24 (size before relaxing)
 .stab          0x00000054       0x18 c:/program files (x86)/cypress/psoc creator/4.2/psoc creator/import/gnu/arm/5.4.1/bin/../lib/gcc/arm-none-eabi/5.4.1/../../../../arm-none-eabi/lib/armv7-m\libnosys.a(lseek.o)
                                 0x24 (size before relaxing)
 .stab          0x0000006c       0x18 c:/program files (x86)/cypress/psoc creator/4.2/psoc creator/import/gnu/arm/5.4.1/bin/../lib/gcc/arm-none-eabi/5.4.1/../../../../arm-none-eabi/lib/armv7-m\libnosys.a(open.o)
                                 0x24 (size before relaxing)
 .stab          0x00000084       0x18 c:/program files (x86)/cypress/psoc creator/4.2/psoc creator/import/gnu/arm/5.4.1/bin/../lib/gcc/arm-none-eabi/5.4.1/../../../../arm-none-eabi/lib/armv7-m\libnosys.a(read.o)
                                 0x24 (size before relaxing)
 .stab          0x0000009c       0x18 c:/program files (x86)/cypress/psoc creator/4.2/psoc creator/import/gnu/arm/5.4.1/bin/../lib/gcc/arm-none-eabi/5.4.1/../../../../arm-none-eabi/lib/armv7-m\libnosys.a(write.o)
                                 0x24 (size before relaxing)

.stabstr        0x00000000      0x181
 *(.stabstr)
 .stabstr       0x00000000      0x181 c:/program files (x86)/cypress/psoc creator/4.2/psoc creator/import/gnu/arm/5.4.1/bin/../lib/gcc/arm-none-eabi/5.4.1/../../../../arm-none-eabi/lib/armv7-m\libnosys.a(close.o)

.debug
 *(.debug)

.line
 *(.line)

.debug_srcinfo
 *(.debug_srcinfo)

.debug_sfnames
 *(.debug_sfnames)

.debug_aranges  0x00000000     0x12c8
 *(.debug_aranges)
 .debug_aranges
                0x00000000       0x38 .\CortexM3\ARM_GCC_541\Debug\main.o
 .debug_aranges
                0x00000038       0x28 .\CortexM3\ARM_GCC_541\Debug\tacho.o
 .debug_aranges
                0x00000060       0x20 .\CortexM3\ARM_GCC_541\Debug\initialise.o
 .debug_aranges
                0x00000080       0x50 .\CortexM3\ARM_GCC_541\Debug\pathfinding.o
 .debug_aranges
                0x000000d0       0x38 .\CortexM3\ARM_GCC_541\Debug\movement.o
 .debug_aranges
                0x00000108       0x60 .\CortexM3\ARM_GCC_541\Debug\cyfitter_cfg.o
 .debug_aranges
                0x00000168       0x18 .\CortexM3\ARM_GCC_541\Debug\cymetadata.o
 .debug_aranges
                0x00000180       0x48 .\CortexM3\ARM_GCC_541\Debug\Cm3Start.o
 .debug_aranges
                0x000001c8       0xa0 .\CortexM3\ARM_GCC_541\Debug\CS301_Class.a(ADC.o)
 .debug_aranges
                0x00000268       0x20 .\CortexM3\ARM_GCC_541\Debug\CS301_Class.a(ADC_INT.o)
 .debug_aranges
                0x00000288       0xc8 .\CortexM3\ARM_GCC_541\Debug\CS301_Class.a(USBUART.o)
 .debug_aranges
                0x00000350       0x98 .\CortexM3\ARM_GCC_541\Debug\CS301_Class.a(USBUART_drv.o)
 .debug_aranges
                0x000003e8       0x40 .\CortexM3\ARM_GCC_541\Debug\CS301_Class.a(USBUART_episr.o)
 .debug_aranges
                0x00000428       0x40 .\CortexM3\ARM_GCC_541\Debug\CS301_Class.a(USBUART_pm.o)
 .debug_aranges
                0x00000468       0x80 .\CortexM3\ARM_GCC_541\Debug\CS301_Class.a(USBUART_std.o)
 .debug_aranges
                0x000004e8       0x20 .\CortexM3\ARM_GCC_541\Debug\CS301_Class.a(USBUART_vnd.o)
 .debug_aranges
                0x00000508       0xa8 .\CortexM3\ARM_GCC_541\Debug\CS301_Class.a(ADC_SAR.o)
 .debug_aranges
                0x000005b0       0x28 .\CortexM3\ARM_GCC_541\Debug\CS301_Class.a(ADC_TempBuf_dma.o)
 .debug_aranges
                0x000005d8       0x28 .\CortexM3\ARM_GCC_541\Debug\CS301_Class.a(ADC_FinalBuf_dma.o)
 .debug_aranges
                0x00000600       0x80 .\CortexM3\ARM_GCC_541\Debug\CS301_Class.a(ADC_IRQ.o)
 .debug_aranges
                0x00000680       0x48 .\CortexM3\ARM_GCC_541\Debug\CS301_Class.a(USBUART_Dp.o)
 .debug_aranges
                0x000006c8       0xd8 .\CortexM3\ARM_GCC_541\Debug\CS301_Class.a(CyDmac.o)
 .debug_aranges
                0x000007a0      0x2a0 .\CortexM3\ARM_GCC_541\Debug\CS301_Class.a(CyLib.o)
 .debug_aranges
                0x00000a40       0x98 .\CortexM3\ARM_GCC_541\Debug\CS301_Class.a(cyPm.o)
 .debug_aranges
                0x00000ad8       0x78 .\CortexM3\ARM_GCC_541\Debug\CS301_Class.a(PWM_1.o)
 .debug_aranges
                0x00000b50       0x70 .\CortexM3\ARM_GCC_541\Debug\CS301_Class.a(Clock_PWM.o)
 .debug_aranges
                0x00000bc0       0x80 .\CortexM3\ARM_GCC_541\Debug\CS301_Class.a(isr_eoc.o)
 .debug_aranges
                0x00000c40       0x78 .\CortexM3\ARM_GCC_541\Debug\CS301_Class.a(PWM_2.o)
 .debug_aranges
                0x00000cb8       0x38 .\CortexM3\ARM_GCC_541\Debug\CS301_Class.a(LED.o)
 .debug_aranges
                0x00000cf0       0x60 .\CortexM3\ARM_GCC_541\Debug\CS301_Class.a(QuadDec_M1.o)
 .debug_aranges
                0x00000d50       0x60 .\CortexM3\ARM_GCC_541\Debug\CS301_Class.a(QuadDec_M2.o)
 .debug_aranges
                0x00000db0       0x98 .\CortexM3\ARM_GCC_541\Debug\CS301_Class.a(QuadDec_M1_Cnt16.o)
 .debug_aranges
                0x00000e48       0x98 .\CortexM3\ARM_GCC_541\Debug\CS301_Class.a(QuadDec_M2_Cnt16.o)
 .debug_aranges
                0x00000ee0       0x28 .\CortexM3\ARM_GCC_541\Debug\CS301_Class.a(RF_BT_SELECT.o)
 .debug_aranges
                0x00000f08       0x88 .\CortexM3\ARM_GCC_541\Debug\CS301_Class.a(SpeedTimer.o)
 .debug_aranges
                0x00000f90       0x80 .\CortexM3\ARM_GCC_541\Debug\CS301_Class.a(isr_speed.o)
 .debug_aranges
                0x00001010       0x70 .\CortexM3\ARM_GCC_541\Debug\CS301_Class.a(SpeedClock.o)
 .debug_aranges
                0x00001080       0x20 .\CortexM3\ARM_GCC_541\Debug\CS301_Class.a(CyBootAsmGnu.o)
 .debug_aranges
                0x000010a0       0xe8 .\CortexM3\ARM_GCC_541\Debug\CS301_Class.a(USBUART_cdc.o)
 .debug_aranges
                0x00001188       0x20 .\CortexM3\ARM_GCC_541\Debug\CS301_Class.a(USBUART_cls.o)
 .debug_aranges
                0x000011a8       0x18 .\CortexM3\ARM_GCC_541\Debug\CS301_Class.a(USBUART_descr.o)
 .debug_aranges
                0x000011c0       0x88 .\CortexM3\ARM_GCC_541\Debug\CS301_Class.a(CyFlash.o)
 .debug_aranges
                0x00001248       0x80 .\CortexM3\ARM_GCC_541\Debug\CS301_Class.a(CySpc.o)

.debug_pubnames
 *(.debug_pubnames)

.debug_info     0x00000000     0x9757
 *(.debug_info .gnu.linkonce.wi.*)
 .debug_info    0x00000000      0x402 .\CortexM3\ARM_GCC_541\Debug\main.o
 .debug_info    0x00000402      0x14e .\CortexM3\ARM_GCC_541\Debug\tacho.o
 .debug_info    0x00000550       0xc7 .\CortexM3\ARM_GCC_541\Debug\initialise.o
 .debug_info    0x00000617      0xe4d .\CortexM3\ARM_GCC_541\Debug\pathfinding.o
 .debug_info    0x00001464      0x14e .\CortexM3\ARM_GCC_541\Debug\movement.o
 .debug_info    0x000015b2      0x481 .\CortexM3\ARM_GCC_541\Debug\cyfitter_cfg.o
 .debug_info    0x00001a33      0x139 .\CortexM3\ARM_GCC_541\Debug\cymetadata.o
 .debug_info    0x00001b6c      0x32b .\CortexM3\ARM_GCC_541\Debug\Cm3Start.o
 .debug_info    0x00001e97      0x3ab .\CortexM3\ARM_GCC_541\Debug\CS301_Class.a(ADC.o)
 .debug_info    0x00002242       0xa0 .\CortexM3\ARM_GCC_541\Debug\CS301_Class.a(ADC_INT.o)
 .debug_info    0x000022e2      0x717 .\CortexM3\ARM_GCC_541\Debug\CS301_Class.a(USBUART.o)
 .debug_info    0x000029f9      0x52d .\CortexM3\ARM_GCC_541\Debug\CS301_Class.a(USBUART_drv.o)
 .debug_info    0x00002f26      0x23b .\CortexM3\ARM_GCC_541\Debug\CS301_Class.a(USBUART_episr.o)
 .debug_info    0x00003161      0x18d .\CortexM3\ARM_GCC_541\Debug\CS301_Class.a(USBUART_pm.o)
 .debug_info    0x000032ee      0x961 .\CortexM3\ARM_GCC_541\Debug\CS301_Class.a(USBUART_std.o)
 .debug_info    0x00003c4f      0x1a9 .\CortexM3\ARM_GCC_541\Debug\CS301_Class.a(USBUART_vnd.o)
 .debug_info    0x00003df8      0x462 .\CortexM3\ARM_GCC_541\Debug\CS301_Class.a(ADC_SAR.o)
 .debug_info    0x0000425a      0x11b .\CortexM3\ARM_GCC_541\Debug\CS301_Class.a(ADC_TempBuf_dma.o)
 .debug_info    0x00004375      0x11b .\CortexM3\ARM_GCC_541\Debug\CS301_Class.a(ADC_FinalBuf_dma.o)
 .debug_info    0x00004490      0x241 .\CortexM3\ARM_GCC_541\Debug\CS301_Class.a(ADC_IRQ.o)
 .debug_info    0x000046d1      0x171 .\CortexM3\ARM_GCC_541\Debug\CS301_Class.a(USBUART_Dp.o)
 .debug_info    0x00004842      0x8c0 .\CortexM3\ARM_GCC_541\Debug\CS301_Class.a(CyDmac.o)
 .debug_info    0x00005102      0xe51 .\CortexM3\ARM_GCC_541\Debug\CS301_Class.a(CyLib.o)
 .debug_info    0x00005f53      0x57a .\CortexM3\ARM_GCC_541\Debug\CS301_Class.a(cyPm.o)
 .debug_info    0x000064cd      0x235 .\CortexM3\ARM_GCC_541\Debug\CS301_Class.a(PWM_1.o)
 .debug_info    0x00006702      0x25d .\CortexM3\ARM_GCC_541\Debug\CS301_Class.a(Clock_PWM.o)
 .debug_info    0x0000695f      0x29a .\CortexM3\ARM_GCC_541\Debug\CS301_Class.a(isr_eoc.o)
 .debug_info    0x00006bf9      0x235 .\CortexM3\ARM_GCC_541\Debug\CS301_Class.a(PWM_2.o)
 .debug_info    0x00006e2e      0x11e .\CortexM3\ARM_GCC_541\Debug\CS301_Class.a(LED.o)
 .debug_info    0x00006f4c      0x208 .\CortexM3\ARM_GCC_541\Debug\CS301_Class.a(QuadDec_M1.o)
 .debug_info    0x00007154      0x208 .\CortexM3\ARM_GCC_541\Debug\CS301_Class.a(QuadDec_M2.o)
 .debug_info    0x0000735c      0x291 .\CortexM3\ARM_GCC_541\Debug\CS301_Class.a(QuadDec_M1_Cnt16.o)
 .debug_info    0x000075ed      0x291 .\CortexM3\ARM_GCC_541\Debug\CS301_Class.a(QuadDec_M2_Cnt16.o)
 .debug_info    0x0000787e       0xd7 .\CortexM3\ARM_GCC_541\Debug\CS301_Class.a(RF_BT_SELECT.o)
 .debug_info    0x00007955      0x245 .\CortexM3\ARM_GCC_541\Debug\CS301_Class.a(SpeedTimer.o)
 .debug_info    0x00007b9a      0x241 .\CortexM3\ARM_GCC_541\Debug\CS301_Class.a(isr_speed.o)
 .debug_info    0x00007ddb      0x25d .\CortexM3\ARM_GCC_541\Debug\CS301_Class.a(SpeedClock.o)
 .debug_info    0x00008038       0xd9 .\CortexM3\ARM_GCC_541\Debug\CS301_Class.a(CyBootAsmGnu.o)
 .debug_info    0x00008111      0x924 .\CortexM3\ARM_GCC_541\Debug\CS301_Class.a(USBUART_cdc.o)
 .debug_info    0x00008a35      0x1c8 .\CortexM3\ARM_GCC_541\Debug\CS301_Class.a(USBUART_cls.o)
 .debug_info    0x00008bfd      0x2e1 .\CortexM3\ARM_GCC_541\Debug\CS301_Class.a(USBUART_descr.o)
 .debug_info    0x00008ede      0x3b9 .\CortexM3\ARM_GCC_541\Debug\CS301_Class.a(CyFlash.o)
 .debug_info    0x00009297      0x4c0 .\CortexM3\ARM_GCC_541\Debug\CS301_Class.a(CySpc.o)

.debug_abbrev   0x00000000     0x30c5
 *(.debug_abbrev)
 .debug_abbrev  0x00000000      0x116 .\CortexM3\ARM_GCC_541\Debug\main.o
 .debug_abbrev  0x00000116       0x96 .\CortexM3\ARM_GCC_541\Debug\tacho.o
 .debug_abbrev  0x000001ac       0x65 .\CortexM3\ARM_GCC_541\Debug\initialise.o
 .debug_abbrev  0x00000211      0x27b .\CortexM3\ARM_GCC_541\Debug\pathfinding.o
 .debug_abbrev  0x0000048c       0xaa .\CortexM3\ARM_GCC_541\Debug\movement.o
 .debug_abbrev  0x00000536      0x1b7 .\CortexM3\ARM_GCC_541\Debug\cyfitter_cfg.o
 .debug_abbrev  0x000006ed       0x77 .\CortexM3\ARM_GCC_541\Debug\cymetadata.o
 .debug_abbrev  0x00000764      0x1d6 .\CortexM3\ARM_GCC_541\Debug\Cm3Start.o
 .debug_abbrev  0x0000093a      0x16d .\CortexM3\ARM_GCC_541\Debug\CS301_Class.a(ADC.o)
 .debug_abbrev  0x00000aa7       0x42 .\CortexM3\ARM_GCC_541\Debug\CS301_Class.a(ADC_INT.o)
 .debug_abbrev  0x00000ae9      0x1f3 .\CortexM3\ARM_GCC_541\Debug\CS301_Class.a(USBUART.o)
 .debug_abbrev  0x00000cdc      0x161 .\CortexM3\ARM_GCC_541\Debug\CS301_Class.a(USBUART_drv.o)
 .debug_abbrev  0x00000e3d       0xfd .\CortexM3\ARM_GCC_541\Debug\CS301_Class.a(USBUART_episr.o)
 .debug_abbrev  0x00000f3a       0xd1 .\CortexM3\ARM_GCC_541\Debug\CS301_Class.a(USBUART_pm.o)
 .debug_abbrev  0x0000100b      0x1c2 .\CortexM3\ARM_GCC_541\Debug\CS301_Class.a(USBUART_std.o)
 .debug_abbrev  0x000011cd       0xc5 .\CortexM3\ARM_GCC_541\Debug\CS301_Class.a(USBUART_vnd.o)
 .debug_abbrev  0x00001292      0x173 .\CortexM3\ARM_GCC_541\Debug\CS301_Class.a(ADC_SAR.o)
 .debug_abbrev  0x00001405       0x8b .\CortexM3\ARM_GCC_541\Debug\CS301_Class.a(ADC_TempBuf_dma.o)
 .debug_abbrev  0x00001490       0x8b .\CortexM3\ARM_GCC_541\Debug\CS301_Class.a(ADC_FinalBuf_dma.o)
 .debug_abbrev  0x0000151b      0x172 .\CortexM3\ARM_GCC_541\Debug\CS301_Class.a(ADC_IRQ.o)
 .debug_abbrev  0x0000168d       0x90 .\CortexM3\ARM_GCC_541\Debug\CS301_Class.a(USBUART_Dp.o)
 .debug_abbrev  0x0000171d      0x194 .\CortexM3\ARM_GCC_541\Debug\CS301_Class.a(CyDmac.o)
 .debug_abbrev  0x000018b1      0x217 .\CortexM3\ARM_GCC_541\Debug\CS301_Class.a(CyLib.o)
 .debug_abbrev  0x00001ac8      0x161 .\CortexM3\ARM_GCC_541\Debug\CS301_Class.a(cyPm.o)
 .debug_abbrev  0x00001c29      0x116 .\CortexM3\ARM_GCC_541\Debug\CS301_Class.a(PWM_1.o)
 .debug_abbrev  0x00001d3f      0x11d .\CortexM3\ARM_GCC_541\Debug\CS301_Class.a(Clock_PWM.o)
 .debug_abbrev  0x00001e5c      0x19b .\CortexM3\ARM_GCC_541\Debug\CS301_Class.a(isr_eoc.o)
 .debug_abbrev  0x00001ff7      0x116 .\CortexM3\ARM_GCC_541\Debug\CS301_Class.a(PWM_2.o)
 .debug_abbrev  0x0000210d       0x90 .\CortexM3\ARM_GCC_541\Debug\CS301_Class.a(LED.o)
 .debug_abbrev  0x0000219d      0x130 .\CortexM3\ARM_GCC_541\Debug\CS301_Class.a(QuadDec_M1.o)
 .debug_abbrev  0x000022cd      0x130 .\CortexM3\ARM_GCC_541\Debug\CS301_Class.a(QuadDec_M2.o)
 .debug_abbrev  0x000023fd      0x12c .\CortexM3\ARM_GCC_541\Debug\CS301_Class.a(QuadDec_M1_Cnt16.o)
 .debug_abbrev  0x00002529      0x12c .\CortexM3\ARM_GCC_541\Debug\CS301_Class.a(QuadDec_M2_Cnt16.o)
 .debug_abbrev  0x00002655       0x81 .\CortexM3\ARM_GCC_541\Debug\CS301_Class.a(RF_BT_SELECT.o)
 .debug_abbrev  0x000026d6       0xe9 .\CortexM3\ARM_GCC_541\Debug\CS301_Class.a(SpeedTimer.o)
 .debug_abbrev  0x000027bf      0x172 .\CortexM3\ARM_GCC_541\Debug\CS301_Class.a(isr_speed.o)
 .debug_abbrev  0x00002931      0x11d .\CortexM3\ARM_GCC_541\Debug\CS301_Class.a(SpeedClock.o)
 .debug_abbrev  0x00002a4e       0x14 .\CortexM3\ARM_GCC_541\Debug\CS301_Class.a(CyBootAsmGnu.o)
 .debug_abbrev  0x00002a62      0x233 .\CortexM3\ARM_GCC_541\Debug\CS301_Class.a(USBUART_cdc.o)
 .debug_abbrev  0x00002c95       0xc5 .\CortexM3\ARM_GCC_541\Debug\CS301_Class.a(USBUART_cls.o)
 .debug_abbrev  0x00002d5a       0xb4 .\CortexM3\ARM_GCC_541\Debug\CS301_Class.a(USBUART_descr.o)
 .debug_abbrev  0x00002e0e      0x14b .\CortexM3\ARM_GCC_541\Debug\CS301_Class.a(CyFlash.o)
 .debug_abbrev  0x00002f59      0x16c .\CortexM3\ARM_GCC_541\Debug\CS301_Class.a(CySpc.o)

.debug_line     0x00000000     0x4b7f
 *(.debug_line)
 .debug_line    0x00000000      0x1ba .\CortexM3\ARM_GCC_541\Debug\main.o
 .debug_line    0x000001ba      0x183 .\CortexM3\ARM_GCC_541\Debug\tacho.o
 .debug_line    0x0000033d      0x168 .\CortexM3\ARM_GCC_541\Debug\initialise.o
 .debug_line    0x000004a5      0x40b .\CortexM3\ARM_GCC_541\Debug\pathfinding.o
 .debug_line    0x000008b0      0x1ae .\CortexM3\ARM_GCC_541\Debug\movement.o
 .debug_line    0x00000a5e      0x23a .\CortexM3\ARM_GCC_541\Debug\cyfitter_cfg.o
 .debug_line    0x00000c98      0x141 .\CortexM3\ARM_GCC_541\Debug\cymetadata.o
 .debug_line    0x00000dd9      0x1db .\CortexM3\ARM_GCC_541\Debug\Cm3Start.o
 .debug_line    0x00000fb4      0x1c1 .\CortexM3\ARM_GCC_541\Debug\CS301_Class.a(ADC.o)
 .debug_line    0x00001175       0x53 .\CortexM3\ARM_GCC_541\Debug\CS301_Class.a(ADC_INT.o)
 .debug_line    0x000011c8      0x307 .\CortexM3\ARM_GCC_541\Debug\CS301_Class.a(USBUART.o)
 .debug_line    0x000014cf      0x21f .\CortexM3\ARM_GCC_541\Debug\CS301_Class.a(USBUART_drv.o)
 .debug_line    0x000016ee       0xf2 .\CortexM3\ARM_GCC_541\Debug\CS301_Class.a(USBUART_episr.o)
 .debug_line    0x000017e0       0xe6 .\CortexM3\ARM_GCC_541\Debug\CS301_Class.a(USBUART_pm.o)
 .debug_line    0x000018c6      0x470 .\CortexM3\ARM_GCC_541\Debug\CS301_Class.a(USBUART_std.o)
 .debug_line    0x00001d36       0x8f .\CortexM3\ARM_GCC_541\Debug\CS301_Class.a(USBUART_vnd.o)
 .debug_line    0x00001dc5      0x209 .\CortexM3\ARM_GCC_541\Debug\CS301_Class.a(ADC_SAR.o)
 .debug_line    0x00001fce       0x7e .\CortexM3\ARM_GCC_541\Debug\CS301_Class.a(ADC_TempBuf_dma.o)
 .debug_line    0x0000204c       0x7f .\CortexM3\ARM_GCC_541\Debug\CS301_Class.a(ADC_FinalBuf_dma.o)
 .debug_line    0x000020cb      0x142 .\CortexM3\ARM_GCC_541\Debug\CS301_Class.a(ADC_IRQ.o)
 .debug_line    0x0000220d       0xbf .\CortexM3\ARM_GCC_541\Debug\CS301_Class.a(USBUART_Dp.o)
 .debug_line    0x000022cc      0x2b6 .\CortexM3\ARM_GCC_541\Debug\CS301_Class.a(CyDmac.o)
 .debug_line    0x00002582      0x883 .\CortexM3\ARM_GCC_541\Debug\CS301_Class.a(CyLib.o)
 .debug_line    0x00002e05      0x38e .\CortexM3\ARM_GCC_541\Debug\CS301_Class.a(cyPm.o)
 .debug_line    0x00003193      0x140 .\CortexM3\ARM_GCC_541\Debug\CS301_Class.a(PWM_1.o)
 .debug_line    0x000032d3      0x1a8 .\CortexM3\ARM_GCC_541\Debug\CS301_Class.a(Clock_PWM.o)
 .debug_line    0x0000347b      0x265 .\CortexM3\ARM_GCC_541\Debug\CS301_Class.a(isr_eoc.o)
 .debug_line    0x000036e0      0x140 .\CortexM3\ARM_GCC_541\Debug\CS301_Class.a(PWM_2.o)
 .debug_line    0x00003820       0x93 .\CortexM3\ARM_GCC_541\Debug\CS301_Class.a(LED.o)
 .debug_line    0x000038b3      0x10a .\CortexM3\ARM_GCC_541\Debug\CS301_Class.a(QuadDec_M1.o)
 .debug_line    0x000039bd      0x10a .\CortexM3\ARM_GCC_541\Debug\CS301_Class.a(QuadDec_M2.o)
 .debug_line    0x00003ac7      0x18e .\CortexM3\ARM_GCC_541\Debug\CS301_Class.a(QuadDec_M1_Cnt16.o)
 .debug_line    0x00003c55      0x18e .\CortexM3\ARM_GCC_541\Debug\CS301_Class.a(QuadDec_M2_Cnt16.o)
 .debug_line    0x00003de3       0x75 .\CortexM3\ARM_GCC_541\Debug\CS301_Class.a(RF_BT_SELECT.o)
 .debug_line    0x00003e58      0x162 .\CortexM3\ARM_GCC_541\Debug\CS301_Class.a(SpeedTimer.o)
 .debug_line    0x00003fba      0x154 .\CortexM3\ARM_GCC_541\Debug\CS301_Class.a(isr_speed.o)
 .debug_line    0x0000410e      0x1a9 .\CortexM3\ARM_GCC_541\Debug\CS301_Class.a(SpeedClock.o)
 .debug_line    0x000042b7       0x66 .\CortexM3\ARM_GCC_541\Debug\CS301_Class.a(CyBootAsmGnu.o)
 .debug_line    0x0000431d      0x30c .\CortexM3\ARM_GCC_541\Debug\CS301_Class.a(USBUART_cdc.o)
 .debug_line    0x00004629       0x95 .\CortexM3\ARM_GCC_541\Debug\CS301_Class.a(USBUART_cls.o)
 .debug_line    0x000046be       0x61 .\CortexM3\ARM_GCC_541\Debug\CS301_Class.a(USBUART_descr.o)
 .debug_line    0x0000471f      0x22f .\CortexM3\ARM_GCC_541\Debug\CS301_Class.a(CyFlash.o)
 .debug_line    0x0000494e      0x231 .\CortexM3\ARM_GCC_541\Debug\CS301_Class.a(CySpc.o)

.debug_frame    0x00000000     0x5534
 *(.debug_frame)
 .debug_frame   0x00000000       0x8c .\CortexM3\ARM_GCC_541\Debug\main.o
 .debug_frame   0x0000008c       0x60 .\CortexM3\ARM_GCC_541\Debug\tacho.o
 .debug_frame   0x000000ec       0x2c .\CortexM3\ARM_GCC_541\Debug\initialise.o
 .debug_frame   0x00000118      0x150 .\CortexM3\ARM_GCC_541\Debug\pathfinding.o
 .debug_frame   0x00000268       0x98 .\CortexM3\ARM_GCC_541\Debug\movement.o
 .debug_frame   0x00000300      0x16c .\CortexM3\ARM_GCC_541\Debug\cyfitter_cfg.o
 .debug_frame   0x0000046c       0xd8 .\CortexM3\ARM_GCC_541\Debug\Cm3Start.o
 .debug_frame   0x00000544      0x26c .\CortexM3\ARM_GCC_541\Debug\CS301_Class.a(ADC.o)
 .debug_frame   0x000007b0       0x34 .\CortexM3\ARM_GCC_541\Debug\CS301_Class.a(ADC_INT.o)
 .debug_frame   0x000007e4      0x37c .\CortexM3\ARM_GCC_541\Debug\CS301_Class.a(USBUART.o)
 .debug_frame   0x00000b60      0x23c .\CortexM3\ARM_GCC_541\Debug\CS301_Class.a(USBUART_drv.o)
 .debug_frame   0x00000d9c       0xbc .\CortexM3\ARM_GCC_541\Debug\CS301_Class.a(USBUART_episr.o)
 .debug_frame   0x00000e58       0xbc .\CortexM3\ARM_GCC_541\Debug\CS301_Class.a(USBUART_pm.o)
 .debug_frame   0x00000f14      0x224 .\CortexM3\ARM_GCC_541\Debug\CS301_Class.a(USBUART_std.o)
 .debug_frame   0x00001138       0x38 .\CortexM3\ARM_GCC_541\Debug\CS301_Class.a(USBUART_vnd.o)
 .debug_frame   0x00001170      0x2bc .\CortexM3\ARM_GCC_541\Debug\CS301_Class.a(ADC_SAR.o)
 .debug_frame   0x0000142c       0x58 .\CortexM3\ARM_GCC_541\Debug\CS301_Class.a(ADC_TempBuf_dma.o)
 .debug_frame   0x00001484       0x58 .\CortexM3\ARM_GCC_541\Debug\CS301_Class.a(ADC_FinalBuf_dma.o)
 .debug_frame   0x000014dc      0x1e8 .\CortexM3\ARM_GCC_541\Debug\CS301_Class.a(ADC_IRQ.o)
 .debug_frame   0x000016c4       0xf4 .\CortexM3\ARM_GCC_541\Debug\CS301_Class.a(USBUART_Dp.o)
 .debug_frame   0x000017b8      0x3d0 .\CortexM3\ARM_GCC_541\Debug\CS301_Class.a(CyDmac.o)
 .debug_frame   0x00001b88      0xc0c .\CortexM3\ARM_GCC_541\Debug\CS301_Class.a(CyLib.o)
 .debug_frame   0x00002794      0x234 .\CortexM3\ARM_GCC_541\Debug\CS301_Class.a(cyPm.o)
 .debug_frame   0x000029c8      0x1d0 .\CortexM3\ARM_GCC_541\Debug\CS301_Class.a(PWM_1.o)
 .debug_frame   0x00002b98      0x1b4 .\CortexM3\ARM_GCC_541\Debug\CS301_Class.a(Clock_PWM.o)
 .debug_frame   0x00002d4c      0x1e0 .\CortexM3\ARM_GCC_541\Debug\CS301_Class.a(isr_eoc.o)
 .debug_frame   0x00002f2c      0x1d0 .\CortexM3\ARM_GCC_541\Debug\CS301_Class.a(PWM_2.o)
 .debug_frame   0x000030fc       0xa8 .\CortexM3\ARM_GCC_541\Debug\CS301_Class.a(LED.o)
 .debug_frame   0x000031a4      0x160 .\CortexM3\ARM_GCC_541\Debug\CS301_Class.a(QuadDec_M1.o)
 .debug_frame   0x00003304      0x160 .\CortexM3\ARM_GCC_541\Debug\CS301_Class.a(QuadDec_M2.o)
 .debug_frame   0x00003464      0x258 .\CortexM3\ARM_GCC_541\Debug\CS301_Class.a(QuadDec_M1_Cnt16.o)
 .debug_frame   0x000036bc      0x258 .\CortexM3\ARM_GCC_541\Debug\CS301_Class.a(QuadDec_M2_Cnt16.o)
 .debug_frame   0x00003914       0x5c .\CortexM3\ARM_GCC_541\Debug\CS301_Class.a(RF_BT_SELECT.o)
 .debug_frame   0x00003970      0x208 .\CortexM3\ARM_GCC_541\Debug\CS301_Class.a(SpeedTimer.o)
 .debug_frame   0x00003b78      0x1e8 .\CortexM3\ARM_GCC_541\Debug\CS301_Class.a(isr_speed.o)
 .debug_frame   0x00003d60      0x1b4 .\CortexM3\ARM_GCC_541\Debug\CS301_Class.a(SpeedClock.o)
 .debug_frame   0x00003f14      0x3ec .\CortexM3\ARM_GCC_541\Debug\CS301_Class.a(USBUART_cdc.o)
 .debug_frame   0x00004300       0x38 .\CortexM3\ARM_GCC_541\Debug\CS301_Class.a(USBUART_cls.o)
 .debug_frame   0x00004338      0x238 .\CortexM3\ARM_GCC_541\Debug\CS301_Class.a(CyFlash.o)
 .debug_frame   0x00004570      0x228 .\CortexM3\ARM_GCC_541\Debug\CS301_Class.a(CySpc.o)
 .debug_frame   0x00004798       0x44 c:/program files (x86)/cypress/psoc creator/4.2/psoc creator/import/gnu/arm/5.4.1/bin/../lib/gcc/arm-none-eabi/5.4.1/armv7-m\libgcc.a(_aeabi_ldivmod.o)
 .debug_frame   0x000047dc       0x38 c:/program files (x86)/cypress/psoc creator/4.2/psoc creator/import/gnu/arm/5.4.1/bin/../lib/gcc/arm-none-eabi/5.4.1/armv7-m\libgcc.a(_udivmoddi4.o)
 .debug_frame   0x00004814       0x20 c:/program files (x86)/cypress/psoc creator/4.2/psoc creator/import/gnu/arm/5.4.1/bin/../lib/gcc/arm-none-eabi/5.4.1/../../../../arm-none-eabi/lib/armv7-m\libg_nano.a(lib_a-errno.o)
 .debug_frame   0x00004834       0x28 c:/program files (x86)/cypress/psoc creator/4.2/psoc creator/import/gnu/arm/5.4.1/bin/../lib/gcc/arm-none-eabi/5.4.1/../../../../arm-none-eabi/lib/armv7-m\libg_nano.a(lib_a-exit.o)
 .debug_frame   0x0000485c       0x3c c:/program files (x86)/cypress/psoc creator/4.2/psoc creator/import/gnu/arm/5.4.1/bin/../lib/gcc/arm-none-eabi/5.4.1/../../../../arm-none-eabi/lib/armv7-m\libg_nano.a(lib_a-fclose.o)
 .debug_frame   0x00004898       0x68 c:/program files (x86)/cypress/psoc creator/4.2/psoc creator/import/gnu/arm/5.4.1/bin/../lib/gcc/arm-none-eabi/5.4.1/../../../../arm-none-eabi/lib/armv7-m\libg_nano.a(lib_a-fflush.o)
 .debug_frame   0x00004900       0x48 c:/program files (x86)/cypress/psoc creator/4.2/psoc creator/import/gnu/arm/5.4.1/bin/../lib/gcc/arm-none-eabi/5.4.1/../../../../arm-none-eabi/lib/armv7-m\libg_nano.a(lib_a-fgetc.o)
 .debug_frame   0x00004948      0x11c c:/program files (x86)/cypress/psoc creator/4.2/psoc creator/import/gnu/arm/5.4.1/bin/../lib/gcc/arm-none-eabi/5.4.1/../../../../arm-none-eabi/lib/armv7-m\libg_nano.a(lib_a-findfp.o)
 .debug_frame   0x00004a64       0x40 c:/program files (x86)/cypress/psoc creator/4.2/psoc creator/import/gnu/arm/5.4.1/bin/../lib/gcc/arm-none-eabi/5.4.1/../../../../arm-none-eabi/lib/armv7-m\libg_nano.a(lib_a-fopen.o)
 .debug_frame   0x00004aa4       0x30 c:/program files (x86)/cypress/psoc creator/4.2/psoc creator/import/gnu/arm/5.4.1/bin/../lib/gcc/arm-none-eabi/5.4.1/../../../../arm-none-eabi/lib/armv7-m\libg_nano.a(lib_a-fseek.o)
 .debug_frame   0x00004ad4       0x44 c:/program files (x86)/cypress/psoc creator/4.2/psoc creator/import/gnu/arm/5.4.1/bin/../lib/gcc/arm-none-eabi/5.4.1/../../../../arm-none-eabi/lib/armv7-m\libg_nano.a(lib_a-fseeko.o)
 .debug_frame   0x00004b18       0x54 c:/program files (x86)/cypress/psoc creator/4.2/psoc creator/import/gnu/arm/5.4.1/bin/../lib/gcc/arm-none-eabi/5.4.1/../../../../arm-none-eabi/lib/armv7-m\libg_nano.a(lib_a-fwalk.o)
 .debug_frame   0x00004b6c       0x2c c:/program files (x86)/cypress/psoc creator/4.2/psoc creator/import/gnu/arm/5.4.1/bin/../lib/gcc/arm-none-eabi/5.4.1/../../../../arm-none-eabi/lib/armv7-m\libg_nano.a(lib_a-init.o)
 .debug_frame   0x00004b98       0x54 c:/program files (x86)/cypress/psoc creator/4.2/psoc creator/import/gnu/arm/5.4.1/bin/../lib/gcc/arm-none-eabi/5.4.1/../../../../arm-none-eabi/lib/armv7-m\libg_nano.a(lib_a-makebuf.o)
 .debug_frame   0x00004bec       0x28 c:/program files (x86)/cypress/psoc creator/4.2/psoc creator/import/gnu/arm/5.4.1/bin/../lib/gcc/arm-none-eabi/5.4.1/../../../../arm-none-eabi/lib/armv7-m\libg_nano.a(lib_a-memcpy-stub.o)
 .debug_frame   0x00004c14       0x20 c:/program files (x86)/cypress/psoc creator/4.2/psoc creator/import/gnu/arm/5.4.1/bin/../lib/gcc/arm-none-eabi/5.4.1/../../../../arm-none-eabi/lib/armv7-m\libg_nano.a(lib_a-memset.o)
 .debug_frame   0x00004c34       0x38 c:/program files (x86)/cypress/psoc creator/4.2/psoc creator/import/gnu/arm/5.4.1/bin/../lib/gcc/arm-none-eabi/5.4.1/../../../../arm-none-eabi/lib/armv7-m\libg_nano.a(lib_a-nano-freer.o)
 .debug_frame   0x00004c6c       0x2c c:/program files (x86)/cypress/psoc creator/4.2/psoc creator/import/gnu/arm/5.4.1/bin/../lib/gcc/arm-none-eabi/5.4.1/../../../../arm-none-eabi/lib/armv7-m\libg_nano.a(lib_a-nano-mallocr.o)
 .debug_frame   0x00004c98       0x2c c:/program files (x86)/cypress/psoc creator/4.2/psoc creator/import/gnu/arm/5.4.1/bin/../lib/gcc/arm-none-eabi/5.4.1/../../../../arm-none-eabi/lib/armv7-m\libg_nano.a(lib_a-openr.o)
 .debug_frame   0x00004cc4       0x3c c:/program files (x86)/cypress/psoc creator/4.2/psoc creator/import/gnu/arm/5.4.1/bin/../lib/gcc/arm-none-eabi/5.4.1/../../../../arm-none-eabi/lib/armv7-m\libg_nano.a(lib_a-perror.o)
 .debug_frame   0x00004d00       0x58 c:/program files (x86)/cypress/psoc creator/4.2/psoc creator/import/gnu/arm/5.4.1/bin/../lib/gcc/arm-none-eabi/5.4.1/../../../../arm-none-eabi/lib/armv7-m\libg_nano.a(lib_a-putchar.o)
 .debug_frame   0x00004d58       0x44 c:/program files (x86)/cypress/psoc creator/4.2/psoc creator/import/gnu/arm/5.4.1/bin/../lib/gcc/arm-none-eabi/5.4.1/../../../../arm-none-eabi/lib/armv7-m\libg_nano.a(lib_a-rand.o)
 .debug_frame   0x00004d9c       0x5c c:/program files (x86)/cypress/psoc creator/4.2/psoc creator/import/gnu/arm/5.4.1/bin/../lib/gcc/arm-none-eabi/5.4.1/../../../../arm-none-eabi/lib/armv7-m\libg_nano.a(lib_a-reent.o)
 .debug_frame   0x00004df8       0x3c c:/program files (x86)/cypress/psoc creator/4.2/psoc creator/import/gnu/arm/5.4.1/bin/../lib/gcc/arm-none-eabi/5.4.1/../../../../arm-none-eabi/lib/armv7-m\libg_nano.a(lib_a-rget.o)
 .debug_frame   0x00004e34       0x2c c:/program files (x86)/cypress/psoc creator/4.2/psoc creator/import/gnu/arm/5.4.1/bin/../lib/gcc/arm-none-eabi/5.4.1/../../../../arm-none-eabi/lib/armv7-m\libg_nano.a(lib_a-sbrkr.o)
 .debug_frame   0x00004e60       0x70 c:/program files (x86)/cypress/psoc creator/4.2/psoc creator/import/gnu/arm/5.4.1/bin/../lib/gcc/arm-none-eabi/5.4.1/../../../../arm-none-eabi/lib/armv7-m\libg_nano.a(lib_a-sprintf.o)
 .debug_frame   0x00004ed0       0x88 c:/program files (x86)/cypress/psoc creator/4.2/psoc creator/import/gnu/arm/5.4.1/bin/../lib/gcc/arm-none-eabi/5.4.1/../../../../arm-none-eabi/lib/armv7-m\libg_nano.a(lib_a-stdio.o)
 .debug_frame   0x00004f58       0x38 c:/program files (x86)/cypress/psoc creator/4.2/psoc creator/import/gnu/arm/5.4.1/bin/../lib/gcc/arm-none-eabi/5.4.1/../../../../arm-none-eabi/lib/armv7-m\libg_nano.a(lib_a-strerror.o)
 .debug_frame   0x00004f90       0x20 c:/program files (x86)/cypress/psoc creator/4.2/psoc creator/import/gnu/arm/5.4.1/bin/../lib/gcc/arm-none-eabi/5.4.1/../../../../arm-none-eabi/lib/armv7-m\libg_nano.a(lib_a-u_strerr.o)
 .debug_frame   0x00004fb0       0x2c c:/program files (x86)/cypress/psoc creator/4.2/psoc creator/import/gnu/arm/5.4.1/bin/../lib/gcc/arm-none-eabi/5.4.1/../../../../arm-none-eabi/lib/armv7-m\libg_nano.a(lib_a-writer.o)
 .debug_frame   0x00004fdc       0x2c c:/program files (x86)/cypress/psoc creator/4.2/psoc creator/import/gnu/arm/5.4.1/bin/../lib/gcc/arm-none-eabi/5.4.1/../../../../arm-none-eabi/lib/armv7-m\libg_nano.a(lib_a-closer.o)
 .debug_frame   0x00005008       0x2c c:/program files (x86)/cypress/psoc creator/4.2/psoc creator/import/gnu/arm/5.4.1/bin/../lib/gcc/arm-none-eabi/5.4.1/../../../../arm-none-eabi/lib/armv7-m\libg_nano.a(lib_a-flags.o)
 .debug_frame   0x00005034       0x44 c:/program files (x86)/cypress/psoc creator/4.2/psoc creator/import/gnu/arm/5.4.1/bin/../lib/gcc/arm-none-eabi/5.4.1/../../../../arm-none-eabi/lib/armv7-m\libg_nano.a(lib_a-fputc.o)
 .debug_frame   0x00005078       0x3c c:/program files (x86)/cypress/psoc creator/4.2/psoc creator/import/gnu/arm/5.4.1/bin/../lib/gcc/arm-none-eabi/5.4.1/../../../../arm-none-eabi/lib/armv7-m\libg_nano.a(lib_a-fputs.o)
 .debug_frame   0x000050b4       0x2c c:/program files (x86)/cypress/psoc creator/4.2/psoc creator/import/gnu/arm/5.4.1/bin/../lib/gcc/arm-none-eabi/5.4.1/../../../../arm-none-eabi/lib/armv7-m\libg_nano.a(lib_a-fstatr.o)
 .debug_frame   0x000050e0       0x2c c:/program files (x86)/cypress/psoc creator/4.2/psoc creator/import/gnu/arm/5.4.1/bin/../lib/gcc/arm-none-eabi/5.4.1/../../../../arm-none-eabi/lib/armv7-m\libg_nano.a(lib_a-isattyr.o)
 .debug_frame   0x0000510c       0x2c c:/program files (x86)/cypress/psoc creator/4.2/psoc creator/import/gnu/arm/5.4.1/bin/../lib/gcc/arm-none-eabi/5.4.1/../../../../arm-none-eabi/lib/armv7-m\libg_nano.a(lib_a-lseekr.o)
 .debug_frame   0x00005138       0x30 c:/program files (x86)/cypress/psoc creator/4.2/psoc creator/import/gnu/arm/5.4.1/bin/../lib/gcc/arm-none-eabi/5.4.1/../../../../arm-none-eabi/lib/armv7-m\libg_nano.a(lib_a-malloc.o)
 .debug_frame   0x00005168       0x30 c:/program files (x86)/cypress/psoc creator/4.2/psoc creator/import/gnu/arm/5.4.1/bin/../lib/gcc/arm-none-eabi/5.4.1/../../../../arm-none-eabi/lib/armv7-m\libg_nano.a(lib_a-mlock.o)
 .debug_frame   0x00005198       0x90 c:/program files (x86)/cypress/psoc creator/4.2/psoc creator/import/gnu/arm/5.4.1/bin/../lib/gcc/arm-none-eabi/5.4.1/../../../../arm-none-eabi/lib/armv7-m\libg_nano.a(lib_a-nano-svfprintf.o)
 .debug_frame   0x00005228       0x60 c:/program files (x86)/cypress/psoc creator/4.2/psoc creator/import/gnu/arm/5.4.1/bin/../lib/gcc/arm-none-eabi/5.4.1/../../../../arm-none-eabi/lib/armv7-m\libg_nano.a(lib_a-nano-vfprintf_i.o)
 .debug_frame   0x00005288       0x48 c:/program files (x86)/cypress/psoc creator/4.2/psoc creator/import/gnu/arm/5.4.1/bin/../lib/gcc/arm-none-eabi/5.4.1/../../../../arm-none-eabi/lib/armv7-m\libg_nano.a(lib_a-putc.o)
 .debug_frame   0x000052d0       0x2c c:/program files (x86)/cypress/psoc creator/4.2/psoc creator/import/gnu/arm/5.4.1/bin/../lib/gcc/arm-none-eabi/5.4.1/../../../../arm-none-eabi/lib/armv7-m\libg_nano.a(lib_a-readr.o)
 .debug_frame   0x000052fc       0x40 c:/program files (x86)/cypress/psoc creator/4.2/psoc creator/import/gnu/arm/5.4.1/bin/../lib/gcc/arm-none-eabi/5.4.1/../../../../arm-none-eabi/lib/armv7-m\libg_nano.a(lib_a-refill.o)
 .debug_frame   0x0000533c       0x40 c:/program files (x86)/cypress/psoc creator/4.2/psoc creator/import/gnu/arm/5.4.1/bin/../lib/gcc/arm-none-eabi/5.4.1/../../../../arm-none-eabi/lib/armv7-m\libg_nano.a(lib_a-wbuf.o)
 .debug_frame   0x0000537c       0x2c c:/program files (x86)/cypress/psoc creator/4.2/psoc creator/import/gnu/arm/5.4.1/bin/../lib/gcc/arm-none-eabi/5.4.1/../../../../arm-none-eabi/lib/armv7-m\libg_nano.a(lib_a-wsetup.o)
 .debug_frame   0x000053a8       0x28 c:/program files (x86)/cypress/psoc creator/4.2/psoc creator/import/gnu/arm/5.4.1/bin/../lib/gcc/arm-none-eabi/5.4.1/../../../../arm-none-eabi/lib/armv7-m\libg_nano.a(lib_a-memchr-stub.o)
 .debug_frame   0x000053d0       0x28 c:/program files (x86)/cypress/psoc creator/4.2/psoc creator/import/gnu/arm/5.4.1/bin/../lib/gcc/arm-none-eabi/5.4.1/../../../../arm-none-eabi/lib/armv7-m\libg_nano.a(lib_a-memmove.o)
 .debug_frame   0x000053f8       0x3c c:/program files (x86)/cypress/psoc creator/4.2/psoc creator/import/gnu/arm/5.4.1/bin/../lib/gcc/arm-none-eabi/5.4.1/../../../../arm-none-eabi/lib/armv7-m\libg_nano.a(lib_a-nano-reallocr.o)
 .debug_frame   0x00005434       0x20 c:/program files (x86)/cypress/psoc creator/4.2/psoc creator/import/gnu/arm/5.4.1/bin/../lib/gcc/arm-none-eabi/5.4.1/../../../../arm-none-eabi/lib/armv7-m\libg_nano.a(lib_a-nano-msizer.o)
 .debug_frame   0x00005454       0x20 c:/program files (x86)/cypress/psoc creator/4.2/psoc creator/import/gnu/arm/5.4.1/bin/../lib/gcc/arm-none-eabi/5.4.1/../../../../arm-none-eabi/lib/armv7-m\libnosys.a(close.o)
 .debug_frame   0x00005474       0x20 c:/program files (x86)/cypress/psoc creator/4.2/psoc creator/import/gnu/arm/5.4.1/bin/../lib/gcc/arm-none-eabi/5.4.1/../../../../arm-none-eabi/lib/armv7-m\libnosys.a(fstat.o)
 .debug_frame   0x00005494       0x20 c:/program files (x86)/cypress/psoc creator/4.2/psoc creator/import/gnu/arm/5.4.1/bin/../lib/gcc/arm-none-eabi/5.4.1/../../../../arm-none-eabi/lib/armv7-m\libnosys.a(isatty.o)
 .debug_frame   0x000054b4       0x20 c:/program files (x86)/cypress/psoc creator/4.2/psoc creator/import/gnu/arm/5.4.1/bin/../lib/gcc/arm-none-eabi/5.4.1/../../../../arm-none-eabi/lib/armv7-m\libnosys.a(lseek.o)
 .debug_frame   0x000054d4       0x20 c:/program files (x86)/cypress/psoc creator/4.2/psoc creator/import/gnu/arm/5.4.1/bin/../lib/gcc/arm-none-eabi/5.4.1/../../../../arm-none-eabi/lib/armv7-m\libnosys.a(open.o)
 .debug_frame   0x000054f4       0x20 c:/program files (x86)/cypress/psoc creator/4.2/psoc creator/import/gnu/arm/5.4.1/bin/../lib/gcc/arm-none-eabi/5.4.1/../../../../arm-none-eabi/lib/armv7-m\libnosys.a(read.o)
 .debug_frame   0x00005514       0x20 c:/program files (x86)/cypress/psoc creator/4.2/psoc creator/import/gnu/arm/5.4.1/bin/../lib/gcc/arm-none-eabi/5.4.1/../../../../arm-none-eabi/lib/armv7-m\libnosys.a(write.o)

.debug_str      0x00000000     0x44c8
 *(.debug_str)
 .debug_str     0x00000000      0x35d .\CortexM3\ARM_GCC_541\Debug\main.o
                                0x3e0 (size before relaxing)
 .debug_str     0x0000035d       0x37 .\CortexM3\ARM_GCC_541\Debug\tacho.o
                                0x220 (size before relaxing)
 .debug_str     0x00000394        0xd .\CortexM3\ARM_GCC_541\Debug\initialise.o
                                0x1f5 (size before relaxing)
 .debug_str     0x000003a1      0x524 .\CortexM3\ARM_GCC_541\Debug\pathfinding.o
                                0x712 (size before relaxing)
 .debug_str     0x000008c5       0x70 .\CortexM3\ARM_GCC_541\Debug\movement.o
                                0x25a (size before relaxing)
 .debug_str     0x00000935      0x196 .\CortexM3\ARM_GCC_541\Debug\cyfitter_cfg.o
                                0x387 (size before relaxing)
 .debug_str     0x00000acb       0x7f .\CortexM3\ARM_GCC_541\Debug\cymetadata.o
                                0x22d (size before relaxing)
 .debug_str     0x00000b4a      0x118 .\CortexM3\ARM_GCC_541\Debug\Cm3Start.o
                                0x320 (size before relaxing)
 .debug_str     0x00000c62      0x1cb .\CortexM3\ARM_GCC_541\Debug\CS301_Class.a(ADC.o)
                                0x3c8 (size before relaxing)
 .debug_str     0x00000e2d       0x29 .\CortexM3\ARM_GCC_541\Debug\CS301_Class.a(ADC_INT.o)
                                0x1ed (size before relaxing)
 .debug_str     0x00000e56      0x41c .\CortexM3\ARM_GCC_541\Debug\CS301_Class.a(USBUART.o)
                                0x634 (size before relaxing)
 .debug_str     0x00001272      0x30c .\CortexM3\ARM_GCC_541\Debug\CS301_Class.a(USBUART_drv.o)
                                0x643 (size before relaxing)
 .debug_str     0x0000157e       0x80 .\CortexM3\ARM_GCC_541\Debug\CS301_Class.a(USBUART_episr.o)
                                0x310 (size before relaxing)
 .debug_str     0x000015fe       0xac .\CortexM3\ARM_GCC_541\Debug\CS301_Class.a(USBUART_pm.o)
                                0x2b4 (size before relaxing)
 .debug_str     0x000016aa      0x30b .\CortexM3\ARM_GCC_541\Debug\CS301_Class.a(USBUART_std.o)
                                0x7a3 (size before relaxing)
 .debug_str     0x000019b5       0x5f .\CortexM3\ARM_GCC_541\Debug\CS301_Class.a(USBUART_vnd.o)
                                0x2c0 (size before relaxing)
 .debug_str     0x00001a14      0x1e4 .\CortexM3\ARM_GCC_541\Debug\CS301_Class.a(ADC_SAR.o)
                                0x449 (size before relaxing)
 .debug_str     0x00001bf8       0xab .\CortexM3\ARM_GCC_541\Debug\CS301_Class.a(ADC_TempBuf_dma.o)
                                0x27c (size before relaxing)
 .debug_str     0x00001ca3       0x74 .\CortexM3\ARM_GCC_541\Debug\CS301_Class.a(ADC_FinalBuf_dma.o)
                                0x280 (size before relaxing)
 .debug_str     0x00001d17      0x11a .\CortexM3\ARM_GCC_541\Debug\CS301_Class.a(ADC_IRQ.o)
                                0x30b (size before relaxing)
 .debug_str     0x00001e31       0xb5 .\CortexM3\ARM_GCC_541\Debug\CS301_Class.a(USBUART_Dp.o)
                                0x28a (size before relaxing)
 .debug_str     0x00001ee6      0x340 .\CortexM3\ARM_GCC_541\Debug\CS301_Class.a(CyDmac.o)
                                0x566 (size before relaxing)
 .debug_str     0x00002226      0x7b9 .\CortexM3\ARM_GCC_541\Debug\CS301_Class.a(CyLib.o)
                                0xa33 (size before relaxing)
 .debug_str     0x000029df      0x371 .\CortexM3\ARM_GCC_541\Debug\CS301_Class.a(cyPm.o)
                                0x58c (size before relaxing)
 .debug_str     0x00002d50      0x133 .\CortexM3\ARM_GCC_541\Debug\CS301_Class.a(PWM_1.o)
                                0x316 (size before relaxing)
 .debug_str     0x00002e83      0x17a .\CortexM3\ARM_GCC_541\Debug\CS301_Class.a(Clock_PWM.o)
                                0x34f (size before relaxing)
 .debug_str     0x00002ffd      0x10b .\CortexM3\ARM_GCC_541\Debug\CS301_Class.a(isr_eoc.o)
                                0x349 (size before relaxing)
 .debug_str     0x00003108      0x109 .\CortexM3\ARM_GCC_541\Debug\CS301_Class.a(PWM_2.o)
                                0x316 (size before relaxing)
 .debug_str     0x00003211       0x51 .\CortexM3\ARM_GCC_541\Debug\CS301_Class.a(LED.o)
                                0x221 (size before relaxing)
 .debug_str     0x00003262       0xfa .\CortexM3\ARM_GCC_541\Debug\CS301_Class.a(QuadDec_M1.o)
                                0x2fe (size before relaxing)
 .debug_str     0x0000335c       0xf3 .\CortexM3\ARM_GCC_541\Debug\CS301_Class.a(QuadDec_M2.o)
                                0x2fe (size before relaxing)
 .debug_str     0x0000344f      0x24d .\CortexM3\ARM_GCC_541\Debug\CS301_Class.a(QuadDec_M1_Cnt16.o)
                                0x445 (size before relaxing)
 .debug_str     0x0000369c      0x236 .\CortexM3\ARM_GCC_541\Debug\CS301_Class.a(QuadDec_M2_Cnt16.o)
                                0x445 (size before relaxing)
 .debug_str     0x000038d2       0x4b .\CortexM3\ARM_GCC_541\Debug\CS301_Class.a(RF_BT_SELECT.o)
                                0x20d (size before relaxing)
 .debug_str     0x0000391d      0x18d .\CortexM3\ARM_GCC_541\Debug\CS301_Class.a(SpeedTimer.o)
                                0x38e (size before relaxing)
 .debug_str     0x00003aaa      0x11e .\CortexM3\ARM_GCC_541\Debug\CS301_Class.a(isr_speed.o)
                                0x327 (size before relaxing)
 .debug_str     0x00003bc8      0x13b .\CortexM3\ARM_GCC_541\Debug\CS301_Class.a(SpeedClock.o)
                                0x35b (size before relaxing)
 .debug_str     0x00003d03      0x406 .\CortexM3\ARM_GCC_541\Debug\CS301_Class.a(USBUART_cdc.o)
                                0x763 (size before relaxing)
 .debug_str     0x00004109       0x3f .\CortexM3\ARM_GCC_541\Debug\CS301_Class.a(USBUART_cls.o)
                                0x2d8 (size before relaxing)
 .debug_str     0x00004148      0x104 .\CortexM3\ARM_GCC_541\Debug\CS301_Class.a(USBUART_descr.o)
                                0x3db (size before relaxing)
 .debug_str     0x0000424c      0x14f .\CortexM3\ARM_GCC_541\Debug\CS301_Class.a(CyFlash.o)